running egg_info
creating ../../build/half_humanoid_control_actions/half_humanoid_control_actions.egg-info
writing ../../build/half_humanoid_control_actions/half_humanoid_control_actions.egg-info/PKG-INFO
writing dependency_links to ../../build/half_humanoid_control_actions/half_humanoid_control_actions.egg-info/dependency_links.txt
writing entry points to ../../build/half_humanoid_control_actions/half_humanoid_control_actions.egg-info/entry_points.txt
writing requirements to ../../build/half_humanoid_control_actions/half_humanoid_control_actions.egg-info/requires.txt
writing top-level names to ../../build/half_humanoid_control_actions/half_humanoid_control_actions.egg-info/top_level.txt
writing manifest file '../../build/half_humanoid_control_actions/half_humanoid_control_actions.egg-info/SOURCES.txt'
reading manifest file '../../build/half_humanoid_control_actions/half_humanoid_control_actions.egg-info/SOURCES.txt'
writing manifest file '../../build/half_humanoid_control_actions/half_humanoid_control_actions.egg-info/SOURCES.txt'
running build
running build_py
creating /home/kptal/humanoid_ws/build/half_humanoid_control_actions/build
creating /home/kptal/humanoid_ws/build/half_humanoid_control_actions/build/lib
creating /home/kptal/humanoid_ws/build/half_humanoid_control_actions/build/lib/half_humanoid_control_actions
copying half_humanoid_control_actions/obstacle_publisher.py -> /home/kptal/humanoid_ws/build/half_humanoid_control_actions/build/lib/half_humanoid_control_actions
copying half_humanoid_control_actions/humanoid_command_listener.py -> /home/kptal/humanoid_ws/build/half_humanoid_control_actions/build/lib/half_humanoid_control_actions
copying half_humanoid_control_actions/humanoid_action_client.py -> /home/kptal/humanoid_ws/build/half_humanoid_control_actions/build/lib/half_humanoid_control_actions
copying half_humanoid_control_actions/humanoid_command_publisher.py -> /home/kptal/humanoid_ws/build/half_humanoid_control_actions/build/lib/half_humanoid_control_actions
copying half_humanoid_control_actions/__init__.py -> /home/kptal/humanoid_ws/build/half_humanoid_control_actions/build/lib/half_humanoid_control_actions
running install
running install_lib
creating /home/kptal/humanoid_ws/install/half_humanoid_control_actions/lib/python3.10/site-packages/half_humanoid_control_actions
copying /home/kptal/humanoid_ws/build/half_humanoid_control_actions/build/lib/half_humanoid_control_actions/obstacle_publisher.py -> /home/kptal/humanoid_ws/install/half_humanoid_control_actions/lib/python3.10/site-packages/half_humanoid_control_actions
copying /home/kptal/humanoid_ws/build/half_humanoid_control_actions/build/lib/half_humanoid_control_actions/humanoid_command_listener.py -> /home/kptal/humanoid_ws/install/half_humanoid_control_actions/lib/python3.10/site-packages/half_humanoid_control_actions
copying /home/kptal/humanoid_ws/build/half_humanoid_control_actions/build/lib/half_humanoid_control_actions/humanoid_action_client.py -> /home/kptal/humanoid_ws/install/half_humanoid_control_actions/lib/python3.10/site-packages/half_humanoid_control_actions
copying /home/kptal/humanoid_ws/build/half_humanoid_control_actions/build/lib/half_humanoid_control_actions/humanoid_command_publisher.py -> /home/kptal/humanoid_ws/install/half_humanoid_control_actions/lib/python3.10/site-packages/half_humanoid_control_actions
copying /home/kptal/humanoid_ws/build/half_humanoid_control_actions/build/lib/half_humanoid_control_actions/__init__.py -> /home/kptal/humanoid_ws/install/half_humanoid_control_actions/lib/python3.10/site-packages/half_humanoid_control_actions
byte-compiling /home/kptal/humanoid_ws/install/half_humanoid_control_actions/lib/python3.10/site-packages/half_humanoid_control_actions/obstacle_publisher.py to obstacle_publisher.cpython-310.pyc
byte-compiling /home/kptal/humanoid_ws/install/half_humanoid_control_actions/lib/python3.10/site-packages/half_humanoid_control_actions/humanoid_command_listener.py to humanoid_command_listener.cpython-310.pyc
byte-compiling /home/kptal/humanoid_ws/install/half_humanoid_control_actions/lib/python3.10/site-packages/half_humanoid_control_actions/humanoid_action_client.py to humanoid_action_client.cpython-310.pyc
byte-compiling /home/kptal/humanoid_ws/install/half_humanoid_control_actions/lib/python3.10/site-packages/half_humanoid_control_actions/humanoid_command_publisher.py to humanoid_command_publisher.cpython-310.pyc
byte-compiling /home/kptal/humanoid_ws/install/half_humanoid_control_actions/lib/python3.10/site-packages/half_humanoid_control_actions/__init__.py to __init__.cpython-310.pyc
running install_data
creating /home/kptal/humanoid_ws/install/half_humanoid_control_actions/share/ament_index
creating /home/kptal/humanoid_ws/install/half_humanoid_control_actions/share/ament_index/resource_index
creating /home/kptal/humanoid_ws/install/half_humanoid_control_actions/share/ament_index/resource_index/packages
copying resource/half_humanoid_control_actions -> /home/kptal/humanoid_ws/install/half_humanoid_control_actions/share/ament_index/resource_index/packages
copying package.xml -> /home/kptal/humanoid_ws/install/half_humanoid_control_actions/share/half_humanoid_control_actions
running install_egg_info
Copying ../../build/half_humanoid_control_actions/half_humanoid_control_actions.egg-info to /home/kptal/humanoid_ws/install/half_humanoid_control_actions/lib/python3.10/site-packages/half_humanoid_control_actions-0.0.0-py3.10.egg-info
running install_scripts
Installing humanoid_action_client script to /home/kptal/humanoid_ws/install/half_humanoid_control_actions/lib/half_humanoid_control_actions
Installing humanoid_command_listener script to /home/kptal/humanoid_ws/install/half_humanoid_control_actions/lib/half_humanoid_control_actions
Installing humanoid_command_publisher script to /home/kptal/humanoid_ws/install/half_humanoid_control_actions/lib/half_humanoid_control_actions
Installing obstacle_publisher script to /home/kptal/humanoid_ws/install/half_humanoid_control_actions/lib/half_humanoid_control_actions
writing list of installed files to '/home/kptal/humanoid_ws/build/half_humanoid_control_actions/install.log'
