[0.716s] Invoking command in '/home/kptal/humanoid_ws/src/half_humanoid_control_actions': PYTHONPATH=/home/kptal/humanoid_ws/build/half_humanoid_control_actions/prefix_override:/usr/lib/python3/dist-packages/colcon_core/task/python/colcon_distutils_commands:/home/kptal/humanoid_ws/install/half_humanoid_control_actions/lib/python3.10/site-packages:${PYTHONPATH} /usr/bin/python3 -W ignore:setup.py install is deprecated -W ignore:easy_install command is deprecated setup.py egg_info --egg-base ../../build/half_humanoid_control_actions build --build-base /home/kptal/humanoid_ws/build/half_humanoid_control_actions/build install --record /home/kptal/humanoid_ws/build/half_humanoid_control_actions/install.log --single-version-externally-managed install_data
[1.006s] running egg_info
[1.006s] creating ../../build/half_humanoid_control_actions/half_humanoid_control_actions.egg-info
[1.006s] writing ../../build/half_humanoid_control_actions/half_humanoid_control_actions.egg-info/PKG-INFO
[1.007s] writing dependency_links to ../../build/half_humanoid_control_actions/half_humanoid_control_actions.egg-info/dependency_links.txt
[1.007s] writing entry points to ../../build/half_humanoid_control_actions/half_humanoid_control_actions.egg-info/entry_points.txt
[1.007s] writing requirements to ../../build/half_humanoid_control_actions/half_humanoid_control_actions.egg-info/requires.txt
[1.007s] writing top-level names to ../../build/half_humanoid_control_actions/half_humanoid_control_actions.egg-info/top_level.txt
[1.007s] writing manifest file '../../build/half_humanoid_control_actions/half_humanoid_control_actions.egg-info/SOURCES.txt'
[1.010s] reading manifest file '../../build/half_humanoid_control_actions/half_humanoid_control_actions.egg-info/SOURCES.txt'
[1.011s] writing manifest file '../../build/half_humanoid_control_actions/half_humanoid_control_actions.egg-info/SOURCES.txt'
[1.011s] running build
[1.011s] running build_py
[1.012s] creating /home/kptal/humanoid_ws/build/half_humanoid_control_actions/build
[1.012s] creating /home/kptal/humanoid_ws/build/half_humanoid_control_actions/build/lib
[1.012s] creating /home/kptal/humanoid_ws/build/half_humanoid_control_actions/build/lib/half_humanoid_control_actions
[1.012s] copying half_humanoid_control_actions/obstacle_publisher.py -> /home/kptal/humanoid_ws/build/half_humanoid_control_actions/build/lib/half_humanoid_control_actions
[1.014s] copying half_humanoid_control_actions/humanoid_command_listener.py -> /home/kptal/humanoid_ws/build/half_humanoid_control_actions/build/lib/half_humanoid_control_actions
[1.015s] copying half_humanoid_control_actions/humanoid_action_client.py -> /home/kptal/humanoid_ws/build/half_humanoid_control_actions/build/lib/half_humanoid_control_actions
[1.015s] copying half_humanoid_control_actions/humanoid_command_publisher.py -> /home/kptal/humanoid_ws/build/half_humanoid_control_actions/build/lib/half_humanoid_control_actions
[1.016s] copying half_humanoid_control_actions/__init__.py -> /home/kptal/humanoid_ws/build/half_humanoid_control_actions/build/lib/half_humanoid_control_actions
[1.016s] running install
[1.016s] running install_lib
[1.017s] creating /home/kptal/humanoid_ws/install/half_humanoid_control_actions/lib/python3.10/site-packages/half_humanoid_control_actions
[1.017s] copying /home/kptal/humanoid_ws/build/half_humanoid_control_actions/build/lib/half_humanoid_control_actions/obstacle_publisher.py -> /home/kptal/humanoid_ws/install/half_humanoid_control_actions/lib/python3.10/site-packages/half_humanoid_control_actions
[1.017s] copying /home/kptal/humanoid_ws/build/half_humanoid_control_actions/build/lib/half_humanoid_control_actions/humanoid_command_listener.py -> /home/kptal/humanoid_ws/install/half_humanoid_control_actions/lib/python3.10/site-packages/half_humanoid_control_actions
[1.017s] copying /home/kptal/humanoid_ws/build/half_humanoid_control_actions/build/lib/half_humanoid_control_actions/humanoid_action_client.py -> /home/kptal/humanoid_ws/install/half_humanoid_control_actions/lib/python3.10/site-packages/half_humanoid_control_actions
[1.017s] copying /home/kptal/humanoid_ws/build/half_humanoid_control_actions/build/lib/half_humanoid_control_actions/humanoid_command_publisher.py -> /home/kptal/humanoid_ws/install/half_humanoid_control_actions/lib/python3.10/site-packages/half_humanoid_control_actions
[1.017s] copying /home/kptal/humanoid_ws/build/half_humanoid_control_actions/build/lib/half_humanoid_control_actions/__init__.py -> /home/kptal/humanoid_ws/install/half_humanoid_control_actions/lib/python3.10/site-packages/half_humanoid_control_actions
[1.018s] byte-compiling /home/kptal/humanoid_ws/install/half_humanoid_control_actions/lib/python3.10/site-packages/half_humanoid_control_actions/obstacle_publisher.py to obstacle_publisher.cpython-310.pyc
[1.019s] byte-compiling /home/kptal/humanoid_ws/install/half_humanoid_control_actions/lib/python3.10/site-packages/half_humanoid_control_actions/humanoid_command_listener.py to humanoid_command_listener.cpython-310.pyc
[1.021s] byte-compiling /home/kptal/humanoid_ws/install/half_humanoid_control_actions/lib/python3.10/site-packages/half_humanoid_control_actions/humanoid_action_client.py to humanoid_action_client.cpython-310.pyc
[1.022s] byte-compiling /home/kptal/humanoid_ws/install/half_humanoid_control_actions/lib/python3.10/site-packages/half_humanoid_control_actions/humanoid_command_publisher.py to humanoid_command_publisher.cpython-310.pyc
[1.022s] byte-compiling /home/kptal/humanoid_ws/install/half_humanoid_control_actions/lib/python3.10/site-packages/half_humanoid_control_actions/__init__.py to __init__.cpython-310.pyc
[1.022s] running install_data
[1.022s] creating /home/kptal/humanoid_ws/install/half_humanoid_control_actions/share/ament_index
[1.022s] creating /home/kptal/humanoid_ws/install/half_humanoid_control_actions/share/ament_index/resource_index
[1.022s] creating /home/kptal/humanoid_ws/install/half_humanoid_control_actions/share/ament_index/resource_index/packages
[1.022s] copying resource/half_humanoid_control_actions -> /home/kptal/humanoid_ws/install/half_humanoid_control_actions/share/ament_index/resource_index/packages
[1.023s] copying package.xml -> /home/kptal/humanoid_ws/install/half_humanoid_control_actions/share/half_humanoid_control_actions
[1.023s] running install_egg_info
[1.025s] Copying ../../build/half_humanoid_control_actions/half_humanoid_control_actions.egg-info to /home/kptal/humanoid_ws/install/half_humanoid_control_actions/lib/python3.10/site-packages/half_humanoid_control_actions-0.0.0-py3.10.egg-info
[1.025s] running install_scripts
[1.050s] Installing humanoid_action_client script to /home/kptal/humanoid_ws/install/half_humanoid_control_actions/lib/half_humanoid_control_actions
[1.050s] Installing humanoid_command_listener script to /home/kptal/humanoid_ws/install/half_humanoid_control_actions/lib/half_humanoid_control_actions
[1.050s] Installing humanoid_command_publisher script to /home/kptal/humanoid_ws/install/half_humanoid_control_actions/lib/half_humanoid_control_actions
[1.050s] Installing obstacle_publisher script to /home/kptal/humanoid_ws/install/half_humanoid_control_actions/lib/half_humanoid_control_actions
[1.051s] writing list of installed files to '/home/kptal/humanoid_ws/build/half_humanoid_control_actions/install.log'
[1.076s] Invoked command in '/home/kptal/humanoid_ws/src/half_humanoid_control_actions' returned '0': PYTHONPATH=/home/kptal/humanoid_ws/build/half_humanoid_control_actions/prefix_override:/usr/lib/python3/dist-packages/colcon_core/task/python/colcon_distutils_commands:/home/kptal/humanoid_ws/install/half_humanoid_control_actions/lib/python3.10/site-packages:${PYTHONPATH} /usr/bin/python3 -W ignore:setup.py install is deprecated -W ignore:easy_install command is deprecated setup.py egg_info --egg-base ../../build/half_humanoid_control_actions build --build-base /home/kptal/humanoid_ws/build/half_humanoid_control_actions/build install --record /home/kptal/humanoid_ws/build/half_humanoid_control_actions/install.log --single-version-externally-managed install_data
