-- Install configuration: ""
-- Up-to-date: /home/kptal/humanoid_ws/install/reachy_description/share/reachy_description/config
-- Up-to-date: /home/kptal/humanoid_ws/install/reachy_description/share/reachy_description/config/reachy.rviz
-- Up-to-date: /home/kptal/humanoid_ws/install/reachy_description/share/reachy_description/launch
-- Up-to-date: /home/kptal/humanoid_ws/install/reachy_description/share/reachy_description/launch/display.launch.py
-- Up-to-date: /home/kptal/humanoid_ws/install/reachy_description/share/reachy_description/meshes
-- Up-to-date: /home/kptal/humanoid_ws/install/reachy_description/share/reachy_description/meshes/torso.dae
-- Up-to-date: /home/kptal/humanoid_ws/install/reachy_description/share/reachy_description/meshes/r_gripper_thumb.dae
-- Up-to-date: /home/kptal/humanoid_ws/install/reachy_description/share/reachy_description/meshes/shoulder-pitch-right.dae
-- Up-to-date: /home/kptal/humanoid_ws/install/reachy_description/share/reachy_description/meshes/forearm.dae
-- Up-to-date: /home/kptal/humanoid_ws/install/reachy_description/share/reachy_description/meshes/shoulder_x.dae
-- Up-to-date: /home/kptal/humanoid_ws/install/reachy_description/share/reachy_description/meshes/l_gripper_thumb.dae
-- Up-to-date: /home/kptal/humanoid_ws/install/reachy_description/share/reachy_description/meshes/r_gripper_finger.dae
-- Up-to-date: /home/kptal/humanoid_ws/install/reachy_description/share/reachy_description/meshes/upper_arm.dae
-- Up-to-date: /home/kptal/humanoid_ws/install/reachy_description/share/reachy_description/meshes/wrist.dae
-- Up-to-date: /home/kptal/humanoid_ws/install/reachy_description/share/reachy_description/meshes/head.dae
-- Up-to-date: /home/kptal/humanoid_ws/install/reachy_description/share/reachy_description/meshes/orbita_arm.dae
-- Up-to-date: /home/kptal/humanoid_ws/install/reachy_description/share/reachy_description/meshes/shoulder.dae
-- Up-to-date: /home/kptal/humanoid_ws/install/reachy_description/share/reachy_description/meshes/antenna.dae
-- Up-to-date: /home/kptal/humanoid_ws/install/reachy_description/share/reachy_description/meshes/wrist2hand.dae
-- Up-to-date: /home/kptal/humanoid_ws/install/reachy_description/share/reachy_description/meshes/l_gripper_finger.dae
-- Up-to-date: /home/kptal/humanoid_ws/install/reachy_description/share/reachy_description/urdf
-- Up-to-date: /home/kptal/humanoid_ws/install/reachy_description/share/reachy_description/urdf/reachy.urdf.xacro
-- Up-to-date: /home/kptal/humanoid_ws/install/reachy_description/share/reachy_description/urdf/head.urdf.xacro
-- Up-to-date: /home/kptal/humanoid_ws/install/reachy_description/share/reachy_description/urdf/reachy.urdf
-- Up-to-date: /home/kptal/humanoid_ws/install/reachy_description/share/reachy_description/urdf/arm.urdf.xacro
-- Up-to-date: /home/kptal/humanoid_ws/install/reachy_description/share/reachy_description/ros2_control
-- Up-to-date: /home/kptal/humanoid_ws/install/reachy_description/share/reachy_description/ros2_control/joint.ros2_control.xacro
-- Up-to-date: /home/kptal/humanoid_ws/install/reachy_description/share/reachy_description/ros2_control/arm.ros2_control.xacro
-- Up-to-date: /home/kptal/humanoid_ws/install/reachy_description/share/reachy_description/ros2_control/head.ros2_control.xacro
-- Up-to-date: /home/kptal/humanoid_ws/install/reachy_description/share/ament_index/resource_index/package_run_dependencies/reachy_description
-- Up-to-date: /home/kptal/humanoid_ws/install/reachy_description/share/ament_index/resource_index/parent_prefix_path/reachy_description
-- Up-to-date: /home/kptal/humanoid_ws/install/reachy_description/share/reachy_description/environment/ament_prefix_path.sh
-- Up-to-date: /home/kptal/humanoid_ws/install/reachy_description/share/reachy_description/environment/ament_prefix_path.dsv
-- Up-to-date: /home/kptal/humanoid_ws/install/reachy_description/share/reachy_description/environment/path.sh
-- Up-to-date: /home/kptal/humanoid_ws/install/reachy_description/share/reachy_description/environment/path.dsv
-- Up-to-date: /home/kptal/humanoid_ws/install/reachy_description/share/reachy_description/local_setup.bash
-- Up-to-date: /home/kptal/humanoid_ws/install/reachy_description/share/reachy_description/local_setup.sh
-- Up-to-date: /home/kptal/humanoid_ws/install/reachy_description/share/reachy_description/local_setup.zsh
-- Up-to-date: /home/kptal/humanoid_ws/install/reachy_description/share/reachy_description/local_setup.dsv
-- Installing: /home/kptal/humanoid_ws/install/reachy_description/share/reachy_description/package.dsv
-- Up-to-date: /home/kptal/humanoid_ws/install/reachy_description/share/ament_index/resource_index/packages/reachy_description
-- Up-to-date: /home/kptal/humanoid_ws/install/reachy_description/share/reachy_description/cmake/reachy_descriptionConfig.cmake
-- Up-to-date: /home/kptal/humanoid_ws/install/reachy_description/share/reachy_description/cmake/reachy_descriptionConfig-version.cmake
-- Up-to-date: /home/kptal/humanoid_ws/install/reachy_description/share/reachy_description/package.xml
