[0.391s] Invoking command in '/home/kptal/humanoid_ws/build/reachy_description': CMAKE_PREFIX_PATH=${CMAKE_PREFIX_PATH}:/home/kptal/humanoid_ws/install/moveit_configs_utils:/home/kptal/humanoid_ws/install/launch_param_builder:/home/kptal/humanoid_ws/install/ik_pick_place:/home/kptal/humanoid_ws/install/half_humanoid_control_actions:/home/kptal/humanoid_ws/install/dynamixel_test_utils:/home/kptal/ws_moveit2/install/moveit_configs_utils:/home/kptal/ws_moveit2/install/launch_param_builder:/opt/ros/humble /usr/bin/cmake --build /home/kptal/humanoid_ws/build/reachy_description -- -j18 -l18
[1.254s] Invoked command in '/home/kptal/humanoid_ws/build/reachy_description' returned '0': CMAKE_PREFIX_PATH=${CMAKE_PREFIX_PATH}:/home/kptal/humanoid_ws/install/moveit_configs_utils:/home/kptal/humanoid_ws/install/launch_param_builder:/home/kptal/humanoid_ws/install/ik_pick_place:/home/kptal/humanoid_ws/install/half_humanoid_control_actions:/home/kptal/humanoid_ws/install/dynamixel_test_utils:/home/kptal/ws_moveit2/install/moveit_configs_utils:/home/kptal/ws_moveit2/install/launch_param_builder:/opt/ros/humble /usr/bin/cmake --build /home/kptal/humanoid_ws/build/reachy_description -- -j18 -l18
[1.256s] Invoking command in '/home/kptal/humanoid_ws/build/reachy_description': CMAKE_PREFIX_PATH=${CMAKE_PREFIX_PATH}:/home/kptal/humanoid_ws/install/moveit_configs_utils:/home/kptal/humanoid_ws/install/launch_param_builder:/home/kptal/humanoid_ws/install/ik_pick_place:/home/kptal/humanoid_ws/install/half_humanoid_control_actions:/home/kptal/humanoid_ws/install/dynamixel_test_utils:/home/kptal/ws_moveit2/install/moveit_configs_utils:/home/kptal/ws_moveit2/install/launch_param_builder:/opt/ros/humble /usr/bin/cmake --install /home/kptal/humanoid_ws/build/reachy_description
[1.358s] -- Install configuration: ""
[1.358s] -- Up-to-date: /home/kptal/humanoid_ws/install/reachy_description/share/reachy_description/config
[1.358s] -- Up-to-date: /home/kptal/humanoid_ws/install/reachy_description/share/reachy_description/config/reachy.rviz
[1.358s] -- Up-to-date: /home/kptal/humanoid_ws/install/reachy_description/share/reachy_description/launch
[1.358s] -- Up-to-date: /home/kptal/humanoid_ws/install/reachy_description/share/reachy_description/launch/display.launch.py
[1.359s] -- Up-to-date: /home/kptal/humanoid_ws/install/reachy_description/share/reachy_description/meshes
[1.359s] -- Up-to-date: /home/kptal/humanoid_ws/install/reachy_description/share/reachy_description/meshes/torso.dae
[1.359s] -- Up-to-date: /home/kptal/humanoid_ws/install/reachy_description/share/reachy_description/meshes/r_gripper_thumb.dae
[1.359s] -- Up-to-date: /home/kptal/humanoid_ws/install/reachy_description/share/reachy_description/meshes/shoulder-pitch-right.dae
[1.359s] -- Up-to-date: /home/kptal/humanoid_ws/install/reachy_description/share/reachy_description/meshes/forearm.dae
[1.359s] -- Up-to-date: /home/kptal/humanoid_ws/install/reachy_description/share/reachy_description/meshes/shoulder_x.dae
[1.359s] -- Up-to-date: /home/kptal/humanoid_ws/install/reachy_description/share/reachy_description/meshes/l_gripper_thumb.dae
[1.359s] -- Up-to-date: /home/kptal/humanoid_ws/install/reachy_description/share/reachy_description/meshes/r_gripper_finger.dae
[1.360s] -- Up-to-date: /home/kptal/humanoid_ws/install/reachy_description/share/reachy_description/meshes/upper_arm.dae
[1.360s] -- Up-to-date: /home/kptal/humanoid_ws/install/reachy_description/share/reachy_description/meshes/wrist.dae
[1.360s] -- Up-to-date: /home/kptal/humanoid_ws/install/reachy_description/share/reachy_description/meshes/head.dae
[1.360s] -- Up-to-date: /home/kptal/humanoid_ws/install/reachy_description/share/reachy_description/meshes/orbita_arm.dae
[1.360s] -- Up-to-date: /home/kptal/humanoid_ws/install/reachy_description/share/reachy_description/meshes/shoulder.dae
[1.361s] -- Up-to-date: /home/kptal/humanoid_ws/install/reachy_description/share/reachy_description/meshes/antenna.dae
[1.362s] -- Up-to-date: /home/kptal/humanoid_ws/install/reachy_description/share/reachy_description/meshes/wrist2hand.dae
[1.362s] -- Up-to-date: /home/kptal/humanoid_ws/install/reachy_description/share/reachy_description/meshes/l_gripper_finger.dae
[1.363s] -- Up-to-date: /home/kptal/humanoid_ws/install/reachy_description/share/reachy_description/urdf
[1.364s] -- Up-to-date: /home/kptal/humanoid_ws/install/reachy_description/share/reachy_description/urdf/reachy.urdf.xacro
[1.365s] -- Up-to-date: /home/kptal/humanoid_ws/install/reachy_description/share/reachy_description/urdf/head.urdf.xacro
[1.365s] -- Up-to-date: /home/kptal/humanoid_ws/install/reachy_description/share/reachy_description/urdf/reachy.urdf
[1.365s] -- Up-to-date: /home/kptal/humanoid_ws/install/reachy_description/share/reachy_description/urdf/arm.urdf.xacro
[1.366s] -- Up-to-date: /home/kptal/humanoid_ws/install/reachy_description/share/reachy_description/ros2_control
[1.366s] -- Up-to-date: /home/kptal/humanoid_ws/install/reachy_description/share/reachy_description/ros2_control/joint.ros2_control.xacro
[1.366s] -- Up-to-date: /home/kptal/humanoid_ws/install/reachy_description/share/reachy_description/ros2_control/arm.ros2_control.xacro
[1.367s] -- Up-to-date: /home/kptal/humanoid_ws/install/reachy_description/share/reachy_description/ros2_control/head.ros2_control.xacro
[1.367s] -- Up-to-date: /home/kptal/humanoid_ws/install/reachy_description/share/ament_index/resource_index/package_run_dependencies/reachy_description
[1.367s] -- Up-to-date: /home/kptal/humanoid_ws/install/reachy_description/share/ament_index/resource_index/parent_prefix_path/reachy_description
[1.367s] -- Up-to-date: /home/kptal/humanoid_ws/install/reachy_description/share/reachy_description/environment/ament_prefix_path.sh
[1.367s] -- Up-to-date: /home/kptal/humanoid_ws/install/reachy_description/share/reachy_description/environment/ament_prefix_path.dsv
[1.367s] -- Up-to-date: /home/kptal/humanoid_ws/install/reachy_description/share/reachy_description/environment/path.sh
[1.367s] -- Up-to-date: /home/kptal/humanoid_ws/install/reachy_description/share/reachy_description/environment/path.dsv
[1.367s] -- Up-to-date: /home/kptal/humanoid_ws/install/reachy_description/share/reachy_description/local_setup.bash
[1.367s] -- Up-to-date: /home/kptal/humanoid_ws/install/reachy_description/share/reachy_description/local_setup.sh
[1.367s] -- Up-to-date: /home/kptal/humanoid_ws/install/reachy_description/share/reachy_description/local_setup.zsh
[1.367s] -- Up-to-date: /home/kptal/humanoid_ws/install/reachy_description/share/reachy_description/local_setup.dsv
[1.367s] -- Installing: /home/kptal/humanoid_ws/install/reachy_description/share/reachy_description/package.dsv
[1.368s] -- Up-to-date: /home/kptal/humanoid_ws/install/reachy_description/share/ament_index/resource_index/packages/reachy_description
[1.368s] -- Up-to-date: /home/kptal/humanoid_ws/install/reachy_description/share/reachy_description/cmake/reachy_descriptionConfig.cmake
[1.368s] -- Up-to-date: /home/kptal/humanoid_ws/install/reachy_description/share/reachy_description/cmake/reachy_descriptionConfig-version.cmake
[1.368s] -- Up-to-date: /home/kptal/humanoid_ws/install/reachy_description/share/reachy_description/package.xml
[1.593s] Invoked command in '/home/kptal/humanoid_ws/build/reachy_description' returned '0': CMAKE_PREFIX_PATH=${CMAKE_PREFIX_PATH}:/home/kptal/humanoid_ws/install/moveit_configs_utils:/home/kptal/humanoid_ws/install/launch_param_builder:/home/kptal/humanoid_ws/install/ik_pick_place:/home/kptal/humanoid_ws/install/half_humanoid_control_actions:/home/kptal/humanoid_ws/install/dynamixel_test_utils:/home/kptal/ws_moveit2/install/moveit_configs_utils:/home/kptal/ws_moveit2/install/launch_param_builder:/opt/ros/humble /usr/bin/cmake --install /home/kptal/humanoid_ws/build/reachy_description
