[0.409s] Invoking command in '/home/kptal/humanoid_ws/build/moveit_resources_prbt_support': CMAKE_PREFIX_PATH=${CMAKE_PREFIX_PATH}:/home/kptal/humanoid_ws/install/moveit_configs_utils:/home/kptal/humanoid_ws/install/launch_param_builder:/home/kptal/humanoid_ws/install/ik_pick_place:/home/kptal/humanoid_ws/install/half_humanoid_control_actions:/home/kptal/humanoid_ws/install/dynamixel_test_utils:/home/kptal/ws_moveit2/install/moveit_configs_utils:/home/kptal/ws_moveit2/install/launch_param_builder:/opt/ros/humble /usr/bin/cmake --build /home/kptal/humanoid_ws/build/moveit_resources_prbt_support -- -j18 -l18
[1.311s] Invoked command in '/home/kptal/humanoid_ws/build/moveit_resources_prbt_support' returned '0': CMAKE_PREFIX_PATH=${CMAKE_PREFIX_PATH}:/home/kptal/humanoid_ws/install/moveit_configs_utils:/home/kptal/humanoid_ws/install/launch_param_builder:/home/kptal/humanoid_ws/install/ik_pick_place:/home/kptal/humanoid_ws/install/half_humanoid_control_actions:/home/kptal/humanoid_ws/install/dynamixel_test_utils:/home/kptal/ws_moveit2/install/moveit_configs_utils:/home/kptal/ws_moveit2/install/launch_param_builder:/opt/ros/humble /usr/bin/cmake --build /home/kptal/humanoid_ws/build/moveit_resources_prbt_support -- -j18 -l18
[1.313s] Invoking command in '/home/kptal/humanoid_ws/build/moveit_resources_prbt_support': CMAKE_PREFIX_PATH=${CMAKE_PREFIX_PATH}:/home/kptal/humanoid_ws/install/moveit_configs_utils:/home/kptal/humanoid_ws/install/launch_param_builder:/home/kptal/humanoid_ws/install/ik_pick_place:/home/kptal/humanoid_ws/install/half_humanoid_control_actions:/home/kptal/humanoid_ws/install/dynamixel_test_utils:/home/kptal/ws_moveit2/install/moveit_configs_utils:/home/kptal/ws_moveit2/install/launch_param_builder:/opt/ros/humble /usr/bin/cmake --install /home/kptal/humanoid_ws/build/moveit_resources_prbt_support
[1.446s] -- Install configuration: ""
[1.446s] -- Up-to-date: /home/kptal/humanoid_ws/install/moveit_resources_prbt_support/share/ament_index/resource_index/package_run_dependencies/moveit_resources_prbt_support
[1.447s] -- Up-to-date: /home/kptal/humanoid_ws/install/moveit_resources_prbt_support/share/ament_index/resource_index/parent_prefix_path/moveit_resources_prbt_support
[1.447s] -- Up-to-date: /home/kptal/humanoid_ws/install/moveit_resources_prbt_support/share/moveit_resources_prbt_support/environment/ament_prefix_path.sh
[1.447s] -- Up-to-date: /home/kptal/humanoid_ws/install/moveit_resources_prbt_support/share/moveit_resources_prbt_support/environment/ament_prefix_path.dsv
[1.449s] -- Up-to-date: /home/kptal/humanoid_ws/install/moveit_resources_prbt_support/share/moveit_resources_prbt_support/environment/path.sh
[1.449s] -- Up-to-date: /home/kptal/humanoid_ws/install/moveit_resources_prbt_support/share/moveit_resources_prbt_support/environment/path.dsv
[1.449s] -- Up-to-date: /home/kptal/humanoid_ws/install/moveit_resources_prbt_support/share/moveit_resources_prbt_support/local_setup.bash
[1.449s] -- Up-to-date: /home/kptal/humanoid_ws/install/moveit_resources_prbt_support/share/moveit_resources_prbt_support/local_setup.sh
[1.449s] -- Up-to-date: /home/kptal/humanoid_ws/install/moveit_resources_prbt_support/share/moveit_resources_prbt_support/local_setup.zsh
[1.450s] -- Up-to-date: /home/kptal/humanoid_ws/install/moveit_resources_prbt_support/share/moveit_resources_prbt_support/local_setup.dsv
[1.450s] -- Installing: /home/kptal/humanoid_ws/install/moveit_resources_prbt_support/share/moveit_resources_prbt_support/package.dsv
[1.451s] -- Up-to-date: /home/kptal/humanoid_ws/install/moveit_resources_prbt_support/share/ament_index/resource_index/packages/moveit_resources_prbt_support
[1.451s] -- Up-to-date: /home/kptal/humanoid_ws/install/moveit_resources_prbt_support/share/moveit_resources_prbt_support/cmake/moveit_resources_prbt_supportConfig.cmake
[1.451s] -- Up-to-date: /home/kptal/humanoid_ws/install/moveit_resources_prbt_support/share/moveit_resources_prbt_support/cmake/moveit_resources_prbt_supportConfig-version.cmake
[1.451s] -- Up-to-date: /home/kptal/humanoid_ws/install/moveit_resources_prbt_support/share/moveit_resources_prbt_support/package.xml
[1.451s] -- Up-to-date: /home/kptal/humanoid_ws/install/moveit_resources_prbt_support/share/moveit_resources_prbt_support/urdf
[1.451s] -- Up-to-date: /home/kptal/humanoid_ws/install/moveit_resources_prbt_support/share/moveit_resources_prbt_support/urdf/prbt.xacro
[1.452s] -- Up-to-date: /home/kptal/humanoid_ws/install/moveit_resources_prbt_support/share/moveit_resources_prbt_support/urdf/prbt_macro.xacro
[1.453s] -- Up-to-date: /home/kptal/humanoid_ws/install/moveit_resources_prbt_support/share/moveit_resources_prbt_support/urdf/prbt.ros2_control.xacro
[1.454s] -- Up-to-date: /home/kptal/humanoid_ws/install/moveit_resources_prbt_support/share/moveit_resources_prbt_support/urdf/simple_gripper_brackets.urdf.xacro
[1.454s] -- Up-to-date: /home/kptal/humanoid_ws/install/moveit_resources_prbt_support/share/moveit_resources_prbt_support/meshes
[1.454s] -- Up-to-date: /home/kptal/humanoid_ws/install/moveit_resources_prbt_support/share/moveit_resources_prbt_support/meshes/link_3.dae
[1.454s] -- Up-to-date: /home/kptal/humanoid_ws/install/moveit_resources_prbt_support/share/moveit_resources_prbt_support/meshes/link_5.stl
[1.454s] -- Up-to-date: /home/kptal/humanoid_ws/install/moveit_resources_prbt_support/share/moveit_resources_prbt_support/meshes/flange.stl
[1.454s] -- Up-to-date: /home/kptal/humanoid_ws/install/moveit_resources_prbt_support/share/moveit_resources_prbt_support/meshes/link_5.dae
[1.454s] -- Up-to-date: /home/kptal/humanoid_ws/install/moveit_resources_prbt_support/share/moveit_resources_prbt_support/meshes/link_4.dae
[1.454s] -- Up-to-date: /home/kptal/humanoid_ws/install/moveit_resources_prbt_support/share/moveit_resources_prbt_support/meshes/link_2.dae
[1.454s] -- Up-to-date: /home/kptal/humanoid_ws/install/moveit_resources_prbt_support/share/moveit_resources_prbt_support/meshes/link_3.stl
[1.454s] -- Up-to-date: /home/kptal/humanoid_ws/install/moveit_resources_prbt_support/share/moveit_resources_prbt_support/meshes/foot.dae
[1.460s] -- Up-to-date: /home/kptal/humanoid_ws/install/moveit_resources_prbt_support/share/moveit_resources_prbt_support/meshes/link_2.stl
[1.460s] -- Up-to-date: /home/kptal/humanoid_ws/install/moveit_resources_prbt_support/share/moveit_resources_prbt_support/meshes/flange.dae
[1.460s] -- Up-to-date: /home/kptal/humanoid_ws/install/moveit_resources_prbt_support/share/moveit_resources_prbt_support/meshes/link_1.dae
[1.460s] -- Up-to-date: /home/kptal/humanoid_ws/install/moveit_resources_prbt_support/share/moveit_resources_prbt_support/meshes/link_4.stl
[1.460s] -- Up-to-date: /home/kptal/humanoid_ws/install/moveit_resources_prbt_support/share/moveit_resources_prbt_support/meshes/link_1.stl
[1.460s] -- Up-to-date: /home/kptal/humanoid_ws/install/moveit_resources_prbt_support/share/moveit_resources_prbt_support/meshes/foot.stl
[1.461s] -- Up-to-date: /home/kptal/humanoid_ws/install/moveit_resources_prbt_support/share/moveit_resources_prbt_support/config
[1.461s] -- Up-to-date: /home/kptal/humanoid_ws/install/moveit_resources_prbt_support/share/moveit_resources_prbt_support/config/manipulator_controller.yaml
[1.461s] -- Up-to-date: /home/kptal/humanoid_ws/install/moveit_resources_prbt_support/share/moveit_resources_prbt_support/config/manipulator_driver.yaml
[1.461s] -- Up-to-date: /home/kptal/humanoid_ws/install/moveit_resources_prbt_support/share/moveit_resources_prbt_support/config/prbt_0_1.dcf
[1.645s] Invoked command in '/home/kptal/humanoid_ws/build/moveit_resources_prbt_support' returned '0': CMAKE_PREFIX_PATH=${CMAKE_PREFIX_PATH}:/home/kptal/humanoid_ws/install/moveit_configs_utils:/home/kptal/humanoid_ws/install/launch_param_builder:/home/kptal/humanoid_ws/install/ik_pick_place:/home/kptal/humanoid_ws/install/half_humanoid_control_actions:/home/kptal/humanoid_ws/install/dynamixel_test_utils:/home/kptal/ws_moveit2/install/moveit_configs_utils:/home/kptal/ws_moveit2/install/launch_param_builder:/opt/ros/humble /usr/bin/cmake --install /home/kptal/humanoid_ws/build/moveit_resources_prbt_support
