/home/kptal/humanoid_ws/install/launch_param_builder/lib/python3.10/site-packages/launch_param_builder/launch_param_builder.py
/home/kptal/humanoid_ws/install/launch_param_builder/lib/python3.10/site-packages/launch_param_builder/utils.py
/home/kptal/humanoid_ws/install/launch_param_builder/lib/python3.10/site-packages/launch_param_builder/__init__.py
/home/kptal/humanoid_ws/install/launch_param_builder/lib/python3.10/site-packages/launch_param_builder/__pycache__/launch_param_builder.cpython-310.pyc
/home/kptal/humanoid_ws/install/launch_param_builder/lib/python3.10/site-packages/launch_param_builder/__pycache__/utils.cpython-310.pyc
/home/kptal/humanoid_ws/install/launch_param_builder/lib/python3.10/site-packages/launch_param_builder/__pycache__/__init__.cpython-310.pyc
/home/kptal/humanoid_ws/install/launch_param_builder/share/ament_index/resource_index/packages/launch_param_builder
/home/kptal/humanoid_ws/install/launch_param_builder/share/launch_param_builder/launch/launch_param_builder_example.launch.py
/home/kptal/humanoid_ws/install/launch_param_builder/share/launch_param_builder/config/parameter.xacro
/home/kptal/humanoid_ws/install/launch_param_builder/share/launch_param_builder/config/parameters.yaml
/home/kptal/humanoid_ws/install/launch_param_builder/share/launch_param_builder/config/parameters_injection.yaml
/home/kptal/humanoid_ws/install/launch_param_builder/share/launch_param_builder/config/param_file_to_inject.yaml
/home/kptal/humanoid_ws/install/launch_param_builder/share/launch_param_builder/config/parameter_file
/home/kptal/humanoid_ws/install/launch_param_builder/share/launch_param_builder/package.xml
/home/kptal/humanoid_ws/install/launch_param_builder/lib/launch_param_builder/example_node.py
/home/kptal/humanoid_ws/install/launch_param_builder/lib/python3.10/site-packages/launch_param_builder-0.1.1-py3.10.egg-info/SOURCES.txt
/home/kptal/humanoid_ws/install/launch_param_builder/lib/python3.10/site-packages/launch_param_builder-0.1.1-py3.10.egg-info/requires.txt
/home/kptal/humanoid_ws/install/launch_param_builder/lib/python3.10/site-packages/launch_param_builder-0.1.1-py3.10.egg-info/PKG-INFO
/home/kptal/humanoid_ws/install/launch_param_builder/lib/python3.10/site-packages/launch_param_builder-0.1.1-py3.10.egg-info/dependency_links.txt
/home/kptal/humanoid_ws/install/launch_param_builder/lib/python3.10/site-packages/launch_param_builder-0.1.1-py3.10.egg-info/entry_points.txt
/home/kptal/humanoid_ws/install/launch_param_builder/lib/python3.10/site-packages/launch_param_builder-0.1.1-py3.10.egg-info/top_level.txt
/home/kptal/humanoid_ws/install/launch_param_builder/lib/python3.10/site-packages/launch_param_builder-0.1.1-py3.10.egg-info/zip-safe
