[0.010s] Invoking command in '/home/kptal/humanoid_ws/build/moveit_resources_pr2_description': CMAKE_PREFIX_PATH=${CMAKE_PREFIX_PATH}:/home/kptal/humanoid_ws/install/moveit_configs_utils:/home/kptal/humanoid_ws/install/launch_param_builder:/home/kptal/humanoid_ws/install/ik_pick_place:/home/kptal/humanoid_ws/install/half_humanoid_control_actions:/home/kptal/humanoid_ws/install/dynamixel_test_utils:/home/kptal/ws_moveit2/install/moveit_configs_utils:/home/kptal/ws_moveit2/install/launch_param_builder:/opt/ros/humble /usr/bin/cmake /home/kptal/humanoid_ws/src/moveit_resources/pr2_description -DCMAKE_INSTALL_PREFIX=/home/kptal/humanoid_ws/install/moveit_resources_pr2_description
[0.086s] -- The C compiler identification is GNU 11.4.0
[0.144s] -- The CXX compiler identification is GNU 11.4.0
[0.154s] -- Detecting C compiler ABI info
[0.236s] -- Detecting C compiler ABI info - done
[0.242s] -- Check for working C compiler: /usr/bin/cc - skipped
[0.242s] -- Detecting C compile features
[0.242s] -- Detecting C compile features - done
[0.245s] -- Detecting CXX compiler ABI info
[0.336s] -- Detecting CXX compiler ABI info - done
[0.342s] -- Check for working CXX compiler: /usr/bin/c++ - skipped
[0.342s] -- Detecting CXX compile features
[0.342s] -- Detecting CXX compile features - done
[0.347s] -- Found ament_cmake: 1.3.11 (/opt/ros/humble/share/ament_cmake/cmake)
[0.486s] -- Found Python3: /usr/bin/python3 (found version "3.10.12") found components: Interpreter 
[0.632s] -- Configuring done
[0.633s] -- Generating done
[0.634s] -- Build files have been written to: /home/kptal/humanoid_ws/build/moveit_resources_pr2_description
[0.637s] Invoked command in '/home/kptal/humanoid_ws/build/moveit_resources_pr2_description' returned '0': CMAKE_PREFIX_PATH=${CMAKE_PREFIX_PATH}:/home/kptal/humanoid_ws/install/moveit_configs_utils:/home/kptal/humanoid_ws/install/launch_param_builder:/home/kptal/humanoid_ws/install/ik_pick_place:/home/kptal/humanoid_ws/install/half_humanoid_control_actions:/home/kptal/humanoid_ws/install/dynamixel_test_utils:/home/kptal/ws_moveit2/install/moveit_configs_utils:/home/kptal/ws_moveit2/install/launch_param_builder:/opt/ros/humble /usr/bin/cmake /home/kptal/humanoid_ws/src/moveit_resources/pr2_description -DCMAKE_INSTALL_PREFIX=/home/kptal/humanoid_ws/install/moveit_resources_pr2_description
[0.640s] Invoking command in '/home/kptal/humanoid_ws/build/moveit_resources_pr2_description': CMAKE_PREFIX_PATH=${CMAKE_PREFIX_PATH}:/home/kptal/humanoid_ws/install/moveit_configs_utils:/home/kptal/humanoid_ws/install/launch_param_builder:/home/kptal/humanoid_ws/install/ik_pick_place:/home/kptal/humanoid_ws/install/half_humanoid_control_actions:/home/kptal/humanoid_ws/install/dynamixel_test_utils:/home/kptal/ws_moveit2/install/moveit_configs_utils:/home/kptal/ws_moveit2/install/launch_param_builder:/opt/ros/humble /usr/bin/cmake --build /home/kptal/humanoid_ws/build/moveit_resources_pr2_description -- -j18 -l18
[0.687s] Invoked command in '/home/kptal/humanoid_ws/build/moveit_resources_pr2_description' returned '0': CMAKE_PREFIX_PATH=${CMAKE_PREFIX_PATH}:/home/kptal/humanoid_ws/install/moveit_configs_utils:/home/kptal/humanoid_ws/install/launch_param_builder:/home/kptal/humanoid_ws/install/ik_pick_place:/home/kptal/humanoid_ws/install/half_humanoid_control_actions:/home/kptal/humanoid_ws/install/dynamixel_test_utils:/home/kptal/ws_moveit2/install/moveit_configs_utils:/home/kptal/ws_moveit2/install/launch_param_builder:/opt/ros/humble /usr/bin/cmake --build /home/kptal/humanoid_ws/build/moveit_resources_pr2_description -- -j18 -l18
[0.689s] Invoking command in '/home/kptal/humanoid_ws/build/moveit_resources_pr2_description': CMAKE_PREFIX_PATH=${CMAKE_PREFIX_PATH}:/home/kptal/humanoid_ws/install/moveit_configs_utils:/home/kptal/humanoid_ws/install/launch_param_builder:/home/kptal/humanoid_ws/install/ik_pick_place:/home/kptal/humanoid_ws/install/half_humanoid_control_actions:/home/kptal/humanoid_ws/install/dynamixel_test_utils:/home/kptal/ws_moveit2/install/moveit_configs_utils:/home/kptal/ws_moveit2/install/launch_param_builder:/opt/ros/humble /usr/bin/cmake --install /home/kptal/humanoid_ws/build/moveit_resources_pr2_description
[0.697s] -- Install configuration: ""
[0.697s] -- Installing: /home/kptal/humanoid_ws/install/moveit_resources_pr2_description/share/ament_index/resource_index/package_run_dependencies/moveit_resources_pr2_description
[0.697s] -- Installing: /home/kptal/humanoid_ws/install/moveit_resources_pr2_description/share/ament_index/resource_index/parent_prefix_path/moveit_resources_pr2_description
[0.697s] -- Installing: /home/kptal/humanoid_ws/install/moveit_resources_pr2_description/share/moveit_resources_pr2_description/environment/ament_prefix_path.sh
[0.697s] -- Installing: /home/kptal/humanoid_ws/install/moveit_resources_pr2_description/share/moveit_resources_pr2_description/environment/ament_prefix_path.dsv
[0.697s] -- Installing: /home/kptal/humanoid_ws/install/moveit_resources_pr2_description/share/moveit_resources_pr2_description/environment/path.sh
[0.697s] -- Installing: /home/kptal/humanoid_ws/install/moveit_resources_pr2_description/share/moveit_resources_pr2_description/environment/path.dsv
[0.697s] -- Installing: /home/kptal/humanoid_ws/install/moveit_resources_pr2_description/share/moveit_resources_pr2_description/local_setup.bash
[0.697s] -- Installing: /home/kptal/humanoid_ws/install/moveit_resources_pr2_description/share/moveit_resources_pr2_description/local_setup.sh
[0.698s] -- Installing: /home/kptal/humanoid_ws/install/moveit_resources_pr2_description/share/moveit_resources_pr2_description/local_setup.zsh
[0.698s] -- Installing: /home/kptal/humanoid_ws/install/moveit_resources_pr2_description/share/moveit_resources_pr2_description/local_setup.dsv
[0.698s] -- Installing: /home/kptal/humanoid_ws/install/moveit_resources_pr2_description/share/moveit_resources_pr2_description/package.dsv
[0.698s] -- Installing: /home/kptal/humanoid_ws/install/moveit_resources_pr2_description/share/ament_index/resource_index/packages/moveit_resources_pr2_description
[0.698s] -- Installing: /home/kptal/humanoid_ws/install/moveit_resources_pr2_description/share/moveit_resources_pr2_description/cmake/moveit_resources_pr2_descriptionConfig.cmake
[0.698s] -- Installing: /home/kptal/humanoid_ws/install/moveit_resources_pr2_description/share/moveit_resources_pr2_description/cmake/moveit_resources_pr2_descriptionConfig-version.cmake
[0.698s] -- Installing: /home/kptal/humanoid_ws/install/moveit_resources_pr2_description/share/moveit_resources_pr2_description/package.xml
[0.698s] -- Installing: /home/kptal/humanoid_ws/install/moveit_resources_pr2_description/share/moveit_resources_pr2_description/srdf
[0.698s] -- Installing: /home/kptal/humanoid_ws/install/moveit_resources_pr2_description/share/moveit_resources_pr2_description/srdf/robot.xml
[0.698s] -- Installing: /home/kptal/humanoid_ws/install/moveit_resources_pr2_description/share/moveit_resources_pr2_description/urdf
[0.698s] -- Installing: /home/kptal/humanoid_ws/install/moveit_resources_pr2_description/share/moveit_resources_pr2_description/urdf/robot.xml
[0.700s] -- Installing: /home/kptal/humanoid_ws/install/moveit_resources_pr2_description/share/moveit_resources_pr2_description/urdf/meshes
[0.700s] -- Installing: /home/kptal/humanoid_ws/install/moveit_resources_pr2_description/share/moveit_resources_pr2_description/urdf/meshes/upper_arm_v0
[0.700s] -- Installing: /home/kptal/humanoid_ws/install/moveit_resources_pr2_description/share/moveit_resources_pr2_description/urdf/meshes/upper_arm_v0/elbow_flex_color.tif
[0.700s] -- Installing: /home/kptal/humanoid_ws/install/moveit_resources_pr2_description/share/moveit_resources_pr2_description/urdf/meshes/upper_arm_v0/upper_arm.stl
[0.701s] -- Installing: /home/kptal/humanoid_ws/install/moveit_resources_pr2_description/share/moveit_resources_pr2_description/urdf/meshes/upper_arm_v0/forearm_roll.stl
[0.701s] -- Installing: /home/kptal/humanoid_ws/install/moveit_resources_pr2_description/share/moveit_resources_pr2_description/urdf/meshes/upper_arm_v0/upper_arm.jpg
[0.702s] -- Installing: /home/kptal/humanoid_ws/install/moveit_resources_pr2_description/share/moveit_resources_pr2_description/urdf/meshes/upper_arm_v0/elbow_flex_normals.tif
[0.704s] -- Installing: /home/kptal/humanoid_ws/install/moveit_resources_pr2_description/share/moveit_resources_pr2_description/urdf/meshes/upper_arm_v0/forearm_roll_L.stl
[0.704s] -- Installing: /home/kptal/humanoid_ws/install/moveit_resources_pr2_description/share/moveit_resources_pr2_description/urdf/meshes/upper_arm_v0/upper_arm_color.tif
[0.704s] -- Installing: /home/kptal/humanoid_ws/install/moveit_resources_pr2_description/share/moveit_resources_pr2_description/urdf/meshes/upper_arm_v0/upper_arm.dae
[0.705s] -- Installing: /home/kptal/humanoid_ws/install/moveit_resources_pr2_description/share/moveit_resources_pr2_description/urdf/meshes/upper_arm_v0/convex
[0.705s] -- Installing: /home/kptal/humanoid_ws/install/moveit_resources_pr2_description/share/moveit_resources_pr2_description/urdf/meshes/upper_arm_v0/convex/elbow_flex_convex.stla
[0.705s] -- Installing: /home/kptal/humanoid_ws/install/moveit_resources_pr2_description/share/moveit_resources_pr2_description/urdf/meshes/upper_arm_v0/convex/upper_arm_convex.stla
[0.706s] -- Installing: /home/kptal/humanoid_ws/install/moveit_resources_pr2_description/share/moveit_resources_pr2_description/urdf/meshes/upper_arm_v0/convex/upper_arm.xml
[0.706s] -- Installing: /home/kptal/humanoid_ws/install/moveit_resources_pr2_description/share/moveit_resources_pr2_description/urdf/meshes/upper_arm_v0/convex/forearm_roll_L_convex.stlb
[0.706s] -- Installing: /home/kptal/humanoid_ws/install/moveit_resources_pr2_description/share/moveit_resources_pr2_description/urdf/meshes/upper_arm_v0/convex/forearm_roll.xml
[0.706s] -- Installing: /home/kptal/humanoid_ws/install/moveit_resources_pr2_description/share/moveit_resources_pr2_description/urdf/meshes/upper_arm_v0/convex/forearm_roll_convex.stla
[0.707s] -- Installing: /home/kptal/humanoid_ws/install/moveit_resources_pr2_description/share/moveit_resources_pr2_description/urdf/meshes/upper_arm_v0/convex/elbow_flex_convex.stlb
[0.707s] -- Installing: /home/kptal/humanoid_ws/install/moveit_resources_pr2_description/share/moveit_resources_pr2_description/urdf/meshes/upper_arm_v0/convex/upper_arm_convex.stlb
[0.707s] -- Installing: /home/kptal/humanoid_ws/install/moveit_resources_pr2_description/share/moveit_resources_pr2_description/urdf/meshes/upper_arm_v0/convex/forearm_roll_L.dae
[0.707s] -- Installing: /home/kptal/humanoid_ws/install/moveit_resources_pr2_description/share/moveit_resources_pr2_description/urdf/meshes/upper_arm_v0/convex/forearm_roll_L.xml
[0.707s] -- Installing: /home/kptal/humanoid_ws/install/moveit_resources_pr2_description/share/moveit_resources_pr2_description/urdf/meshes/upper_arm_v0/convex/upper_arm.dae
[0.707s] -- Installing: /home/kptal/humanoid_ws/install/moveit_resources_pr2_description/share/moveit_resources_pr2_description/urdf/meshes/upper_arm_v0/convex/elbow_flex.xml
[0.707s] -- Installing: /home/kptal/humanoid_ws/install/moveit_resources_pr2_description/share/moveit_resources_pr2_description/urdf/meshes/upper_arm_v0/convex/elbow_flex.dae
[0.708s] -- Installing: /home/kptal/humanoid_ws/install/moveit_resources_pr2_description/share/moveit_resources_pr2_description/urdf/meshes/upper_arm_v0/convex/forearm_roll_L_convex.stla
[0.708s] -- Installing: /home/kptal/humanoid_ws/install/moveit_resources_pr2_description/share/moveit_resources_pr2_description/urdf/meshes/upper_arm_v0/convex/forearm_roll_convex.stlb
[0.708s] -- Installing: /home/kptal/humanoid_ws/install/moveit_resources_pr2_description/share/moveit_resources_pr2_description/urdf/meshes/upper_arm_v0/convex/forearm_roll.dae
[0.709s] -- Installing: /home/kptal/humanoid_ws/install/moveit_resources_pr2_description/share/moveit_resources_pr2_description/urdf/meshes/upper_arm_v0/upper_arm_normals.tif
[0.713s] -- Installing: /home/kptal/humanoid_ws/install/moveit_resources_pr2_description/share/moveit_resources_pr2_description/urdf/meshes/upper_arm_v0/elbow_flex.stl
[0.713s] -- Installing: /home/kptal/humanoid_ws/install/moveit_resources_pr2_description/share/moveit_resources_pr2_description/urdf/meshes/upper_arm_v0/elbow_flex.dae
[0.714s] -- Installing: /home/kptal/humanoid_ws/install/moveit_resources_pr2_description/share/moveit_resources_pr2_description/urdf/meshes/gripper_v0
[0.714s] -- Installing: /home/kptal/humanoid_ws/install/moveit_resources_pr2_description/share/moveit_resources_pr2_description/urdf/meshes/gripper_v0/float_H_Color_100430.tif
[0.714s] -- Installing: /home/kptal/humanoid_ws/install/moveit_resources_pr2_description/share/moveit_resources_pr2_description/urdf/meshes/gripper_v0/palm_H_UV_100430.dae
[0.716s] -- Installing: /home/kptal/humanoid_ws/install/moveit_resources_pr2_description/share/moveit_resources_pr2_description/urdf/meshes/gripper_v0/l_finger_tip.stl
[0.717s] -- Installing: /home/kptal/humanoid_ws/install/moveit_resources_pr2_description/share/moveit_resources_pr2_description/urdf/meshes/gripper_v0/l_float.dae
[0.717s] -- Installing: /home/kptal/humanoid_ws/install/moveit_resources_pr2_description/share/moveit_resources_pr2_description/urdf/meshes/gripper_v0/l_finger_tip.dae
[0.718s] -- Installing: /home/kptal/humanoid_ws/install/moveit_resources_pr2_description/share/moveit_resources_pr2_description/urdf/meshes/gripper_v0/gripper_palm_normals.tif
[0.720s] -- Installing: /home/kptal/humanoid_ws/install/moveit_resources_pr2_description/share/moveit_resources_pr2_description/urdf/meshes/gripper_v0/float_H_UV_100430.dae
[0.723s] -- Installing: /home/kptal/humanoid_ws/install/moveit_resources_pr2_description/share/moveit_resources_pr2_description/urdf/meshes/gripper_v0/l_float_normals.tif
[0.725s] -- Installing: /home/kptal/humanoid_ws/install/moveit_resources_pr2_description/share/moveit_resources_pr2_description/urdf/meshes/gripper_v0/finger_tip_pad2_r.stl
[0.725s] -- Installing: /home/kptal/humanoid_ws/install/moveit_resources_pr2_description/share/moveit_resources_pr2_description/urdf/meshes/gripper_v0/palm_H_Color_100430.tif
[0.726s] -- Installing: /home/kptal/humanoid_ws/install/moveit_resources_pr2_description/share/moveit_resources_pr2_description/urdf/meshes/gripper_v0/finger_tip_l.stl
[0.726s] -- Installing: /home/kptal/humanoid_ws/install/moveit_resources_pr2_description/share/moveit_resources_pr2_description/urdf/meshes/gripper_v0/finger_H_UV_100430.dae
[0.729s] -- Installing: /home/kptal/humanoid_ws/install/moveit_resources_pr2_description/share/moveit_resources_pr2_description/urdf/meshes/gripper_v0/l_finger.dae
[0.730s] -- Installing: /home/kptal/humanoid_ws/install/moveit_resources_pr2_description/share/moveit_resources_pr2_description/urdf/meshes/gripper_v0/l_finger_normals.tif
[0.731s] -- Installing: /home/kptal/humanoid_ws/install/moveit_resources_pr2_description/share/moveit_resources_pr2_description/urdf/meshes/gripper_v0/fingertip_H_Color_100430.tif
[0.732s] -- Installing: /home/kptal/humanoid_ws/install/moveit_resources_pr2_description/share/moveit_resources_pr2_description/urdf/meshes/gripper_v0/finger_tip_H_UV_100430.dae
[0.734s] -- Installing: /home/kptal/humanoid_ws/install/moveit_resources_pr2_description/share/moveit_resources_pr2_description/urdf/meshes/gripper_v0/finger_tip_pad2_l.stl
[0.735s] -- Installing: /home/kptal/humanoid_ws/install/moveit_resources_pr2_description/share/moveit_resources_pr2_description/urdf/meshes/gripper_v0/convex
[0.735s] -- Installing: /home/kptal/humanoid_ws/install/moveit_resources_pr2_description/share/moveit_resources_pr2_description/urdf/meshes/gripper_v0/convex/gripper_palm_convex.stlb
[0.735s] -- Installing: /home/kptal/humanoid_ws/install/moveit_resources_pr2_description/share/moveit_resources_pr2_description/urdf/meshes/gripper_v0/convex/upper_finger_l_convex.stlb
[0.736s] -- Installing: /home/kptal/humanoid_ws/install/moveit_resources_pr2_description/share/moveit_resources_pr2_description/urdf/meshes/gripper_v0/convex/upper_finger_r.xml
[0.736s] -- Installing: /home/kptal/humanoid_ws/install/moveit_resources_pr2_description/share/moveit_resources_pr2_description/urdf/meshes/gripper_v0/convex/l_floating.dae
[0.736s] -- Installing: /home/kptal/humanoid_ws/install/moveit_resources_pr2_description/share/moveit_resources_pr2_description/urdf/meshes/gripper_v0/convex/l_finger_tip.dae
[0.737s] -- Installing: /home/kptal/humanoid_ws/install/moveit_resources_pr2_description/share/moveit_resources_pr2_description/urdf/meshes/gripper_v0/convex/finger_tip_pad2_l.dae
[0.737s] -- Installing: /home/kptal/humanoid_ws/install/moveit_resources_pr2_description/share/moveit_resources_pr2_description/urdf/meshes/gripper_v0/convex/finger_tip_l.dae
[0.737s] -- Installing: /home/kptal/humanoid_ws/install/moveit_resources_pr2_description/share/moveit_resources_pr2_description/urdf/meshes/gripper_v0/convex/upper_finger_r.dae
[0.738s] -- Installing: /home/kptal/humanoid_ws/install/moveit_resources_pr2_description/share/moveit_resources_pr2_description/urdf/meshes/gripper_v0/convex/finger_tip_pad2_l_convex.stla
[0.738s] -- Installing: /home/kptal/humanoid_ws/install/moveit_resources_pr2_description/share/moveit_resources_pr2_description/urdf/meshes/gripper_v0/convex/l_floating_convex.stlb
[0.739s] -- Installing: /home/kptal/humanoid_ws/install/moveit_resources_pr2_description/share/moveit_resources_pr2_description/urdf/meshes/gripper_v0/convex/l_finger.dae
[0.739s] -- Installing: /home/kptal/humanoid_ws/install/moveit_resources_pr2_description/share/moveit_resources_pr2_description/urdf/meshes/gripper_v0/convex/l_finger_tip_convex.stla
[0.739s] -- Installing: /home/kptal/humanoid_ws/install/moveit_resources_pr2_description/share/moveit_resources_pr2_description/urdf/meshes/gripper_v0/convex/upper_finger_r_convex.stla
[0.739s] -- Installing: /home/kptal/humanoid_ws/install/moveit_resources_pr2_description/share/moveit_resources_pr2_description/urdf/meshes/gripper_v0/convex/finger_tip_r.dae
[0.739s] -- Installing: /home/kptal/humanoid_ws/install/moveit_resources_pr2_description/share/moveit_resources_pr2_description/urdf/meshes/gripper_v0/convex/finger_tip_pad2_r_convex.stla
[0.740s] -- Installing: /home/kptal/humanoid_ws/install/moveit_resources_pr2_description/share/moveit_resources_pr2_description/urdf/meshes/gripper_v0/convex/finger_tip_r_convex.stla
[0.740s] -- Installing: /home/kptal/humanoid_ws/install/moveit_resources_pr2_description/share/moveit_resources_pr2_description/urdf/meshes/gripper_v0/convex/l_finger_tip_convex.stlb
[0.740s] -- Installing: /home/kptal/humanoid_ws/install/moveit_resources_pr2_description/share/moveit_resources_pr2_description/urdf/meshes/gripper_v0/convex/finger_tip_l_convex.stla
[0.740s] -- Installing: /home/kptal/humanoid_ws/install/moveit_resources_pr2_description/share/moveit_resources_pr2_description/urdf/meshes/gripper_v0/convex/finger_tip_pad2_r.xml
[0.740s] -- Installing: /home/kptal/humanoid_ws/install/moveit_resources_pr2_description/share/moveit_resources_pr2_description/urdf/meshes/gripper_v0/convex/gripper_palm.dae
[0.740s] -- Installing: /home/kptal/humanoid_ws/install/moveit_resources_pr2_description/share/moveit_resources_pr2_description/urdf/meshes/gripper_v0/convex/finger_tip_l.xml
[0.740s] -- Installing: /home/kptal/humanoid_ws/install/moveit_resources_pr2_description/share/moveit_resources_pr2_description/urdf/meshes/gripper_v0/convex/finger_tip_pad2_l_convex.stlb
[0.740s] -- Installing: /home/kptal/humanoid_ws/install/moveit_resources_pr2_description/share/moveit_resources_pr2_description/urdf/meshes/gripper_v0/convex/finger_tip_r.xml
[0.740s] -- Installing: /home/kptal/humanoid_ws/install/moveit_resources_pr2_description/share/moveit_resources_pr2_description/urdf/meshes/gripper_v0/convex/finger_tip_l_convex.stlb
[0.741s] -- Installing: /home/kptal/humanoid_ws/install/moveit_resources_pr2_description/share/moveit_resources_pr2_description/urdf/meshes/gripper_v0/convex/upper_finger_l.dae
[0.741s] -- Installing: /home/kptal/humanoid_ws/install/moveit_resources_pr2_description/share/moveit_resources_pr2_description/urdf/meshes/gripper_v0/convex/upper_finger_l_convex.stla
[0.741s] -- Installing: /home/kptal/humanoid_ws/install/moveit_resources_pr2_description/share/moveit_resources_pr2_description/urdf/meshes/gripper_v0/convex/l_finger_convex.stla
[0.741s] -- Installing: /home/kptal/humanoid_ws/install/moveit_resources_pr2_description/share/moveit_resources_pr2_description/urdf/meshes/gripper_v0/convex/gripper_palm_convex.stla
[0.741s] -- Installing: /home/kptal/humanoid_ws/install/moveit_resources_pr2_description/share/moveit_resources_pr2_description/urdf/meshes/gripper_v0/convex/finger_tip_r_convex.stlb
[0.741s] -- Installing: /home/kptal/humanoid_ws/install/moveit_resources_pr2_description/share/moveit_resources_pr2_description/urdf/meshes/gripper_v0/convex/l_finger_convex.stlb
[0.741s] -- Installing: /home/kptal/humanoid_ws/install/moveit_resources_pr2_description/share/moveit_resources_pr2_description/urdf/meshes/gripper_v0/convex/l_finger_tip.xml
[0.741s] -- Installing: /home/kptal/humanoid_ws/install/moveit_resources_pr2_description/share/moveit_resources_pr2_description/urdf/meshes/gripper_v0/convex/gripper_palm.xml
[0.741s] -- Installing: /home/kptal/humanoid_ws/install/moveit_resources_pr2_description/share/moveit_resources_pr2_description/urdf/meshes/gripper_v0/convex/l_floating.xml
[0.741s] -- Installing: /home/kptal/humanoid_ws/install/moveit_resources_pr2_description/share/moveit_resources_pr2_description/urdf/meshes/gripper_v0/convex/upper_finger_l.xml
[0.741s] -- Installing: /home/kptal/humanoid_ws/install/moveit_resources_pr2_description/share/moveit_resources_pr2_description/urdf/meshes/gripper_v0/convex/l_floating_convex.stla
[0.741s] -- Installing: /home/kptal/humanoid_ws/install/moveit_resources_pr2_description/share/moveit_resources_pr2_description/urdf/meshes/gripper_v0/convex/finger_tip_pad2_r_convex.stlb
[0.741s] -- Installing: /home/kptal/humanoid_ws/install/moveit_resources_pr2_description/share/moveit_resources_pr2_description/urdf/meshes/gripper_v0/convex/upper_finger_r_convex.stlb
[0.741s] -- Installing: /home/kptal/humanoid_ws/install/moveit_resources_pr2_description/share/moveit_resources_pr2_description/urdf/meshes/gripper_v0/convex/finger_tip_pad2_l.xml
[0.741s] -- Installing: /home/kptal/humanoid_ws/install/moveit_resources_pr2_description/share/moveit_resources_pr2_description/urdf/meshes/gripper_v0/convex/finger_tip_pad2_r.dae
[0.742s] -- Installing: /home/kptal/humanoid_ws/install/moveit_resources_pr2_description/share/moveit_resources_pr2_description/urdf/meshes/gripper_v0/convex/l_finger.xml
[0.742s] -- Installing: /home/kptal/humanoid_ws/install/moveit_resources_pr2_description/share/moveit_resources_pr2_description/urdf/meshes/gripper_v0/upper_finger_l.stl
[0.742s] -- Installing: /home/kptal/humanoid_ws/install/moveit_resources_pr2_description/share/moveit_resources_pr2_description/urdf/meshes/gripper_v0/l_finger_tip_color.tif
[0.743s] -- Installing: /home/kptal/humanoid_ws/install/moveit_resources_pr2_description/share/moveit_resources_pr2_description/urdf/meshes/gripper_v0/gripper_palm.dae
[0.743s] -- Installing: /home/kptal/humanoid_ws/install/moveit_resources_pr2_description/share/moveit_resources_pr2_description/urdf/meshes/gripper_v0/l_finger_color.tif
[0.743s] -- Installing: /home/kptal/humanoid_ws/install/moveit_resources_pr2_description/share/moveit_resources_pr2_description/urdf/meshes/gripper_v0/upper_finger_r.stl
[0.744s] -- Installing: /home/kptal/humanoid_ws/install/moveit_resources_pr2_description/share/moveit_resources_pr2_description/urdf/meshes/gripper_v0/gripper_palm.stl
[0.744s] -- Installing: /home/kptal/humanoid_ws/install/moveit_resources_pr2_description/share/moveit_resources_pr2_description/urdf/meshes/gripper_v0/finger_H_Color_100430.tif
[0.745s] -- Installing: /home/kptal/humanoid_ws/install/moveit_resources_pr2_description/share/moveit_resources_pr2_description/urdf/meshes/gripper_v0/l_float_color.tif
[0.745s] -- Installing: /home/kptal/humanoid_ws/install/moveit_resources_pr2_description/share/moveit_resources_pr2_description/urdf/meshes/gripper_v0/gripper_palm_color.tif
[0.745s] -- Installing: /home/kptal/humanoid_ws/install/moveit_resources_pr2_description/share/moveit_resources_pr2_description/urdf/meshes/gripper_v0/l_floating.stl
[0.746s] -- Installing: /home/kptal/humanoid_ws/install/moveit_resources_pr2_description/share/moveit_resources_pr2_description/urdf/meshes/gripper_v0/l_finger.stl
[0.746s] -- Installing: /home/kptal/humanoid_ws/install/moveit_resources_pr2_description/share/moveit_resources_pr2_description/urdf/meshes/gripper_v0/l_finger_tip_normals.tif
[0.749s] -- Installing: /home/kptal/humanoid_ws/install/moveit_resources_pr2_description/share/moveit_resources_pr2_description/urdf/meshes/gripper_v0/finger_tip_r.stl
[0.749s] -- Installing: /home/kptal/humanoid_ws/install/moveit_resources_pr2_description/share/moveit_resources_pr2_description/urdf/meshes/forearm_v0
[0.749s] -- Installing: /home/kptal/humanoid_ws/install/moveit_resources_pr2_description/share/moveit_resources_pr2_description/urdf/meshes/forearm_v0/forearm_color.tif
[0.753s] -- Installing: /home/kptal/humanoid_ws/install/moveit_resources_pr2_description/share/moveit_resources_pr2_description/urdf/meshes/forearm_v0/wrist_color.tif
[0.754s] -- Installing: /home/kptal/humanoid_ws/install/moveit_resources_pr2_description/share/moveit_resources_pr2_description/urdf/meshes/forearm_v0/forearm.dae
[0.754s] -- Installing: /home/kptal/humanoid_ws/install/moveit_resources_pr2_description/share/moveit_resources_pr2_description/urdf/meshes/forearm_v0/forearm.stl
[0.754s] -- Installing: /home/kptal/humanoid_ws/install/moveit_resources_pr2_description/share/moveit_resources_pr2_description/urdf/meshes/forearm_v0/forearm.jpg
[0.755s] -- Installing: /home/kptal/humanoid_ws/install/moveit_resources_pr2_description/share/moveit_resources_pr2_description/urdf/meshes/forearm_v0/wrist_flex.dae
[0.755s] -- Installing: /home/kptal/humanoid_ws/install/moveit_resources_pr2_description/share/moveit_resources_pr2_description/urdf/meshes/forearm_v0/convex
[0.755s] -- Installing: /home/kptal/humanoid_ws/install/moveit_resources_pr2_description/share/moveit_resources_pr2_description/urdf/meshes/forearm_v0/convex/forearm_convex.stlb
[0.756s] -- Installing: /home/kptal/humanoid_ws/install/moveit_resources_pr2_description/share/moveit_resources_pr2_description/urdf/meshes/forearm_v0/convex/forearm.dae
[0.756s] -- Installing: /home/kptal/humanoid_ws/install/moveit_resources_pr2_description/share/moveit_resources_pr2_description/urdf/meshes/forearm_v0/convex/wrist_roll_convex.stla
[0.756s] -- Installing: /home/kptal/humanoid_ws/install/moveit_resources_pr2_description/share/moveit_resources_pr2_description/urdf/meshes/forearm_v0/convex/wrist_roll_L_convex.stlb
[0.756s] -- Installing: /home/kptal/humanoid_ws/install/moveit_resources_pr2_description/share/moveit_resources_pr2_description/urdf/meshes/forearm_v0/convex/forearm.xml
[0.756s] -- Installing: /home/kptal/humanoid_ws/install/moveit_resources_pr2_description/share/moveit_resources_pr2_description/urdf/meshes/forearm_v0/convex/forearm_convex.stla
[0.757s] -- Installing: /home/kptal/humanoid_ws/install/moveit_resources_pr2_description/share/moveit_resources_pr2_description/urdf/meshes/forearm_v0/convex/wrist_roll_convex.stlb
[0.757s] -- Installing: /home/kptal/humanoid_ws/install/moveit_resources_pr2_description/share/moveit_resources_pr2_description/urdf/meshes/forearm_v0/convex/wrist_flex.xml
[0.757s] -- Installing: /home/kptal/humanoid_ws/install/moveit_resources_pr2_description/share/moveit_resources_pr2_description/urdf/meshes/forearm_v0/convex/wrist_flex.dae
[0.757s] -- Installing: /home/kptal/humanoid_ws/install/moveit_resources_pr2_description/share/moveit_resources_pr2_description/urdf/meshes/forearm_v0/convex/wrist_roll_L.dae
[0.758s] -- Installing: /home/kptal/humanoid_ws/install/moveit_resources_pr2_description/share/moveit_resources_pr2_description/urdf/meshes/forearm_v0/convex/wrist_flex_convex.stlb
[0.758s] -- Installing: /home/kptal/humanoid_ws/install/moveit_resources_pr2_description/share/moveit_resources_pr2_description/urdf/meshes/forearm_v0/convex/wrist_roll_L.xml
[0.758s] -- Installing: /home/kptal/humanoid_ws/install/moveit_resources_pr2_description/share/moveit_resources_pr2_description/urdf/meshes/forearm_v0/convex/wrist_roll.dae
[0.758s] -- Installing: /home/kptal/humanoid_ws/install/moveit_resources_pr2_description/share/moveit_resources_pr2_description/urdf/meshes/forearm_v0/convex/wrist_roll.xml
[0.758s] -- Installing: /home/kptal/humanoid_ws/install/moveit_resources_pr2_description/share/moveit_resources_pr2_description/urdf/meshes/forearm_v0/convex/wrist_flex_convex.stla
[0.758s] -- Installing: /home/kptal/humanoid_ws/install/moveit_resources_pr2_description/share/moveit_resources_pr2_description/urdf/meshes/forearm_v0/convex/wrist_roll_L_convex.stla
[0.758s] -- Installing: /home/kptal/humanoid_ws/install/moveit_resources_pr2_description/share/moveit_resources_pr2_description/urdf/meshes/forearm_v0/wrist_roll.stl
[0.759s] -- Installing: /home/kptal/humanoid_ws/install/moveit_resources_pr2_description/share/moveit_resources_pr2_description/urdf/meshes/forearm_v0/forearm_normals.tif
[0.761s] -- Installing: /home/kptal/humanoid_ws/install/moveit_resources_pr2_description/share/moveit_resources_pr2_description/urdf/meshes/forearm_v0/wrist_normals.tif
[0.762s] -- Installing: /home/kptal/humanoid_ws/install/moveit_resources_pr2_description/share/moveit_resources_pr2_description/urdf/meshes/forearm_v0/wrist_flex.stl
[0.762s] -- Installing: /home/kptal/humanoid_ws/install/moveit_resources_pr2_description/share/moveit_resources_pr2_description/urdf/meshes/forearm_v0/wrist_roll_L.stl
[0.762s] -- Installing: /home/kptal/humanoid_ws/install/moveit_resources_pr2_description/share/moveit_resources_pr2_description/urdf/meshes/tilting_laser_v0
[0.763s] -- Installing: /home/kptal/humanoid_ws/install/moveit_resources_pr2_description/share/moveit_resources_pr2_description/urdf/meshes/tilting_laser_v0/tilting_hokuyo_L.stl
[0.763s] -- Installing: /home/kptal/humanoid_ws/install/moveit_resources_pr2_description/share/moveit_resources_pr2_description/urdf/meshes/tilting_laser_v0/tilting_hokuyo_color.tif
[0.763s] -- Installing: /home/kptal/humanoid_ws/install/moveit_resources_pr2_description/share/moveit_resources_pr2_description/urdf/meshes/tilting_laser_v0/tilting_hokuyo.stl
[0.764s] -- Installing: /home/kptal/humanoid_ws/install/moveit_resources_pr2_description/share/moveit_resources_pr2_description/urdf/meshes/tilting_laser_v0/tilting_hokuyo.dae
[0.764s] -- Installing: /home/kptal/humanoid_ws/install/moveit_resources_pr2_description/share/moveit_resources_pr2_description/urdf/meshes/tilting_laser_v0/tilting_hokuyo_normals.tif
[0.766s] -- Installing: /home/kptal/humanoid_ws/install/moveit_resources_pr2_description/share/moveit_resources_pr2_description/urdf/meshes/tilting_laser_v0/hok_tilt.stl
[0.766s] -- Installing: /home/kptal/humanoid_ws/install/moveit_resources_pr2_description/share/moveit_resources_pr2_description/urdf/meshes/tilting_laser_v0/convex
[0.766s] -- Installing: /home/kptal/humanoid_ws/install/moveit_resources_pr2_description/share/moveit_resources_pr2_description/urdf/meshes/tilting_laser_v0/convex/tilting_hokuyo_L.xml
[0.767s] -- Installing: /home/kptal/humanoid_ws/install/moveit_resources_pr2_description/share/moveit_resources_pr2_description/urdf/meshes/tilting_laser_v0/convex/hok_tilt.dae
[0.768s] -- Installing: /home/kptal/humanoid_ws/install/moveit_resources_pr2_description/share/moveit_resources_pr2_description/urdf/meshes/tilting_laser_v0/convex/tilting_hokuyo_L_convex.stlb
[0.769s] -- Installing: /home/kptal/humanoid_ws/install/moveit_resources_pr2_description/share/moveit_resources_pr2_description/urdf/meshes/tilting_laser_v0/convex/tilting_hokuyo_convex.stlb
[0.769s] -- Installing: /home/kptal/humanoid_ws/install/moveit_resources_pr2_description/share/moveit_resources_pr2_description/urdf/meshes/tilting_laser_v0/convex/tilting_hokuyo.dae
[0.769s] -- Installing: /home/kptal/humanoid_ws/install/moveit_resources_pr2_description/share/moveit_resources_pr2_description/urdf/meshes/tilting_laser_v0/convex/tilting_hokuyo_L_convex.stla
[0.769s] -- Installing: /home/kptal/humanoid_ws/install/moveit_resources_pr2_description/share/moveit_resources_pr2_description/urdf/meshes/tilting_laser_v0/convex/hok_tilt.xml
[0.770s] -- Installing: /home/kptal/humanoid_ws/install/moveit_resources_pr2_description/share/moveit_resources_pr2_description/urdf/meshes/tilting_laser_v0/convex/tilting_hokuyo.xml
[0.771s] -- Installing: /home/kptal/humanoid_ws/install/moveit_resources_pr2_description/share/moveit_resources_pr2_description/urdf/meshes/tilting_laser_v0/convex/hok_tilt_convex.stlb
[0.771s] -- Installing: /home/kptal/humanoid_ws/install/moveit_resources_pr2_description/share/moveit_resources_pr2_description/urdf/meshes/tilting_laser_v0/convex/tilting_hokuyo_convex.stla
[0.771s] -- Installing: /home/kptal/humanoid_ws/install/moveit_resources_pr2_description/share/moveit_resources_pr2_description/urdf/meshes/tilting_laser_v0/convex/tilting_hokuyo_L.dae
[0.772s] -- Installing: /home/kptal/humanoid_ws/install/moveit_resources_pr2_description/share/moveit_resources_pr2_description/urdf/meshes/tilting_laser_v0/convex/hok_tilt_convex.stla
[0.773s] -- Installing: /home/kptal/humanoid_ws/install/moveit_resources_pr2_description/share/moveit_resources_pr2_description/urdf/meshes/torso_v0
[0.773s] -- Installing: /home/kptal/humanoid_ws/install/moveit_resources_pr2_description/share/moveit_resources_pr2_description/urdf/meshes/torso_v0/torso_lift_color.tif
[0.774s] -- Installing: /home/kptal/humanoid_ws/install/moveit_resources_pr2_description/share/moveit_resources_pr2_description/urdf/meshes/torso_v0/convex
[0.774s] -- Installing: /home/kptal/humanoid_ws/install/moveit_resources_pr2_description/share/moveit_resources_pr2_description/urdf/meshes/torso_v0/convex/torso_lift.xml
[0.774s] -- Installing: /home/kptal/humanoid_ws/install/moveit_resources_pr2_description/share/moveit_resources_pr2_description/urdf/meshes/torso_v0/convex/torso.dae
[0.774s] -- Installing: /home/kptal/humanoid_ws/install/moveit_resources_pr2_description/share/moveit_resources_pr2_description/urdf/meshes/torso_v0/convex/torso_convex.stla
[0.775s] -- Installing: /home/kptal/humanoid_ws/install/moveit_resources_pr2_description/share/moveit_resources_pr2_description/urdf/meshes/torso_v0/convex/torso_lift_L_convex.stlb
[0.775s] -- Installing: /home/kptal/humanoid_ws/install/moveit_resources_pr2_description/share/moveit_resources_pr2_description/urdf/meshes/torso_v0/convex/torso_lift_convex.stla
[0.775s] -- Installing: /home/kptal/humanoid_ws/install/moveit_resources_pr2_description/share/moveit_resources_pr2_description/urdf/meshes/torso_v0/convex/torso_lift_L.xml
[0.776s] -- Installing: /home/kptal/humanoid_ws/install/moveit_resources_pr2_description/share/moveit_resources_pr2_description/urdf/meshes/torso_v0/convex/torso_lift_convex.stlb
[0.776s] -- Installing: /home/kptal/humanoid_ws/install/moveit_resources_pr2_description/share/moveit_resources_pr2_description/urdf/meshes/torso_v0/convex/torso_lift_L_convex.stla
[0.776s] -- Installing: /home/kptal/humanoid_ws/install/moveit_resources_pr2_description/share/moveit_resources_pr2_description/urdf/meshes/torso_v0/convex/torso_convex.stlb
[0.776s] -- Installing: /home/kptal/humanoid_ws/install/moveit_resources_pr2_description/share/moveit_resources_pr2_description/urdf/meshes/torso_v0/convex/torso_lift_L.dae
[0.777s] -- Installing: /home/kptal/humanoid_ws/install/moveit_resources_pr2_description/share/moveit_resources_pr2_description/urdf/meshes/torso_v0/convex/torso.xml
[0.777s] -- Installing: /home/kptal/humanoid_ws/install/moveit_resources_pr2_description/share/moveit_resources_pr2_description/urdf/meshes/torso_v0/convex/torso_lift.dae
[0.778s] -- Installing: /home/kptal/humanoid_ws/install/moveit_resources_pr2_description/share/moveit_resources_pr2_description/urdf/meshes/torso_v0/torso_lift_L.stl
[0.778s] -- Installing: /home/kptal/humanoid_ws/install/moveit_resources_pr2_description/share/moveit_resources_pr2_description/urdf/meshes/torso_v0/torso_lift_normals.tif
[0.780s] -- Installing: /home/kptal/humanoid_ws/install/moveit_resources_pr2_description/share/moveit_resources_pr2_description/urdf/meshes/torso_v0/torso.stl
[0.781s] -- Installing: /home/kptal/humanoid_ws/install/moveit_resources_pr2_description/share/moveit_resources_pr2_description/urdf/meshes/torso_v0/torso_lift.stl
[0.782s] -- Installing: /home/kptal/humanoid_ws/install/moveit_resources_pr2_description/share/moveit_resources_pr2_description/urdf/meshes/torso_v0/torso_lift.dae
[0.782s] -- Installing: /home/kptal/humanoid_ws/install/moveit_resources_pr2_description/share/moveit_resources_pr2_description/urdf/meshes/sensors
[0.782s] -- Installing: /home/kptal/humanoid_ws/install/moveit_resources_pr2_description/share/moveit_resources_pr2_description/urdf/meshes/sensors/kinect_prosilica_v0
[0.782s] -- Installing: /home/kptal/humanoid_ws/install/moveit_resources_pr2_description/share/moveit_resources_pr2_description/urdf/meshes/sensors/kinect_prosilica_v0/68-04546_Kinect_Sensor--coarse.STL
[0.783s] -- Installing: /home/kptal/humanoid_ws/install/moveit_resources_pr2_description/share/moveit_resources_pr2_description/urdf/meshes/sensors/kinect_prosilica_v0/115x100_swept_fwd--coarse.STL
[0.784s] -- Installing: /home/kptal/humanoid_ws/install/moveit_resources_pr2_description/share/moveit_resources_pr2_description/urdf/meshes/sensors/kinect_prosilica_v0/115x100_swept_back_no_sensors--coarse.STL
[0.786s] -- Installing: /home/kptal/humanoid_ws/install/moveit_resources_pr2_description/share/moveit_resources_pr2_description/urdf/meshes/sensors/kinect_prosilica_v0/115x100_swept_fwd_no_sensors--coarse.STL
[0.787s] -- Installing: /home/kptal/humanoid_ws/install/moveit_resources_pr2_description/share/moveit_resources_pr2_description/urdf/meshes/sensors/kinect_prosilica_v0/115x100_swept_back--coarse.STL
[0.789s] -- Installing: /home/kptal/humanoid_ws/install/moveit_resources_pr2_description/share/moveit_resources_pr2_description/urdf/meshes/sensors/kinect_prosilica_v0/Prosilica_w_Lens--coarse.STL
[0.792s] -- Installing: /home/kptal/humanoid_ws/install/moveit_resources_pr2_description/share/moveit_resources_pr2_description/urdf/meshes/sensors/kinect_v0
[0.792s] -- Installing: /home/kptal/humanoid_ws/install/moveit_resources_pr2_description/share/moveit_resources_pr2_description/urdf/meshes/sensors/kinect_v0/kinect_mount.stl
[0.792s] -- Installing: /home/kptal/humanoid_ws/install/moveit_resources_pr2_description/share/moveit_resources_pr2_description/urdf/meshes/sensors/kinect_v0/kinect_color.tga
[0.793s] -- Installing: /home/kptal/humanoid_ws/install/moveit_resources_pr2_description/share/moveit_resources_pr2_description/urdf/meshes/sensors/kinect_v0/kinect.tga
[0.793s] -- Installing: /home/kptal/humanoid_ws/install/moveit_resources_pr2_description/share/moveit_resources_pr2_description/urdf/meshes/sensors/kinect_v0/kinect.dae
[0.794s] -- Installing: /home/kptal/humanoid_ws/install/moveit_resources_pr2_description/share/moveit_resources_pr2_description/urdf/meshes/head_v0
[0.794s] -- Installing: /home/kptal/humanoid_ws/install/moveit_resources_pr2_description/share/moveit_resources_pr2_description/urdf/meshes/head_v0/head_tilt_color_red.tif
[0.794s] -- Installing: /home/kptal/humanoid_ws/install/moveit_resources_pr2_description/share/moveit_resources_pr2_description/urdf/meshes/head_v0/head_tilt_green.tif
[0.795s] -- Installing: /home/kptal/humanoid_ws/install/moveit_resources_pr2_description/share/moveit_resources_pr2_description/urdf/meshes/head_v0/head_pan.stl
[0.795s] -- Installing: /home/kptal/humanoid_ws/install/moveit_resources_pr2_description/share/moveit_resources_pr2_description/urdf/meshes/head_v0/head_pan_color.tif
[0.796s] -- Installing: /home/kptal/humanoid_ws/install/moveit_resources_pr2_description/share/moveit_resources_pr2_description/urdf/meshes/head_v0/convex
[0.796s] -- Installing: /home/kptal/humanoid_ws/install/moveit_resources_pr2_description/share/moveit_resources_pr2_description/urdf/meshes/head_v0/convex/head_pan_L.xml
[0.796s] -- Installing: /home/kptal/humanoid_ws/install/moveit_resources_pr2_description/share/moveit_resources_pr2_description/urdf/meshes/head_v0/convex/head_pan_convex.stlb
[0.796s] -- Installing: /home/kptal/humanoid_ws/install/moveit_resources_pr2_description/share/moveit_resources_pr2_description/urdf/meshes/head_v0/convex/head_pan_L_convex.stla
[0.796s] -- Installing: /home/kptal/humanoid_ws/install/moveit_resources_pr2_description/share/moveit_resources_pr2_description/urdf/meshes/head_v0/convex/head_pan_convex.stla
[0.797s] -- Installing: /home/kptal/humanoid_ws/install/moveit_resources_pr2_description/share/moveit_resources_pr2_description/urdf/meshes/head_v0/convex/head_tilt.xml
[0.797s] -- Installing: /home/kptal/humanoid_ws/install/moveit_resources_pr2_description/share/moveit_resources_pr2_description/urdf/meshes/head_v0/convex/head_pan_L_convex.stlb
[0.797s] -- Installing: /home/kptal/humanoid_ws/install/moveit_resources_pr2_description/share/moveit_resources_pr2_description/urdf/meshes/head_v0/convex/head_tilt_L_convex.stla
[0.797s] -- Installing: /home/kptal/humanoid_ws/install/moveit_resources_pr2_description/share/moveit_resources_pr2_description/urdf/meshes/head_v0/convex/head_tilt_convex.stla
[0.797s] -- Installing: /home/kptal/humanoid_ws/install/moveit_resources_pr2_description/share/moveit_resources_pr2_description/urdf/meshes/head_v0/convex/head_pan.xml
[0.797s] -- Installing: /home/kptal/humanoid_ws/install/moveit_resources_pr2_description/share/moveit_resources_pr2_description/urdf/meshes/head_v0/convex/head_pan_L.dae
[0.797s] -- Installing: /home/kptal/humanoid_ws/install/moveit_resources_pr2_description/share/moveit_resources_pr2_description/urdf/meshes/head_v0/convex/head_tilt_convex.stlb
[0.798s] -- Installing: /home/kptal/humanoid_ws/install/moveit_resources_pr2_description/share/moveit_resources_pr2_description/urdf/meshes/head_v0/convex/head_tilt_L.xml
[0.798s] -- Installing: /home/kptal/humanoid_ws/install/moveit_resources_pr2_description/share/moveit_resources_pr2_description/urdf/meshes/head_v0/convex/head_tilt_L.dae
[0.798s] -- Installing: /home/kptal/humanoid_ws/install/moveit_resources_pr2_description/share/moveit_resources_pr2_description/urdf/meshes/head_v0/convex/head_tilt.dae
[0.798s] -- Installing: /home/kptal/humanoid_ws/install/moveit_resources_pr2_description/share/moveit_resources_pr2_description/urdf/meshes/head_v0/convex/head_pan.dae
[0.798s] -- Installing: /home/kptal/humanoid_ws/install/moveit_resources_pr2_description/share/moveit_resources_pr2_description/urdf/meshes/head_v0/convex/head_tilt_L_convex.stlb
[0.798s] -- Installing: /home/kptal/humanoid_ws/install/moveit_resources_pr2_description/share/moveit_resources_pr2_description/urdf/meshes/head_v0/head_tilt.stl
[0.799s] -- Installing: /home/kptal/humanoid_ws/install/moveit_resources_pr2_description/share/moveit_resources_pr2_description/urdf/meshes/head_v0/head_pan_L.stl
[0.799s] -- Installing: /home/kptal/humanoid_ws/install/moveit_resources_pr2_description/share/moveit_resources_pr2_description/urdf/meshes/head_v0/head_tilt_color.tif
[0.803s] -- Installing: /home/kptal/humanoid_ws/install/moveit_resources_pr2_description/share/moveit_resources_pr2_description/urdf/meshes/head_v0/head_pan_normals.tif
[0.807s] -- Installing: /home/kptal/humanoid_ws/install/moveit_resources_pr2_description/share/moveit_resources_pr2_description/urdf/meshes/head_v0/head_tilt_color_yellow.tif
[0.808s] -- Installing: /home/kptal/humanoid_ws/install/moveit_resources_pr2_description/share/moveit_resources_pr2_description/urdf/meshes/head_v0/head_tilt_normals.tif
[0.809s] -- Installing: /home/kptal/humanoid_ws/install/moveit_resources_pr2_description/share/moveit_resources_pr2_description/urdf/meshes/head_v0/head_tilt.dae
[0.809s] -- Installing: /home/kptal/humanoid_ws/install/moveit_resources_pr2_description/share/moveit_resources_pr2_description/urdf/meshes/head_v0/head_tilt_L.stl
[0.810s] -- Installing: /home/kptal/humanoid_ws/install/moveit_resources_pr2_description/share/moveit_resources_pr2_description/urdf/meshes/head_v0/head_pan.dae
[0.810s] -- Installing: /home/kptal/humanoid_ws/install/moveit_resources_pr2_description/share/moveit_resources_pr2_description/urdf/meshes/base_v0
[0.810s] -- Installing: /home/kptal/humanoid_ws/install/moveit_resources_pr2_description/share/moveit_resources_pr2_description/urdf/meshes/base_v0/wheel_color.tif
[0.811s] -- Installing: /home/kptal/humanoid_ws/install/moveit_resources_pr2_description/share/moveit_resources_pr2_description/urdf/meshes/base_v0/caster_L.stl
[0.811s] -- Installing: /home/kptal/humanoid_ws/install/moveit_resources_pr2_description/share/moveit_resources_pr2_description/urdf/meshes/base_v0/base_normals.tif
[0.812s] -- Installing: /home/kptal/humanoid_ws/install/moveit_resources_pr2_description/share/moveit_resources_pr2_description/urdf/meshes/base_v0/base_color.tif
[0.813s] -- Installing: /home/kptal/humanoid_ws/install/moveit_resources_pr2_description/share/moveit_resources_pr2_description/urdf/meshes/base_v0/wheel.dae
[0.813s] -- Installing: /home/kptal/humanoid_ws/install/moveit_resources_pr2_description/share/moveit_resources_pr2_description/urdf/meshes/base_v0/base_L.stl
[0.814s] -- Installing: /home/kptal/humanoid_ws/install/moveit_resources_pr2_description/share/moveit_resources_pr2_description/urdf/meshes/base_v0/wheel_normals.tif
[0.816s] -- Installing: /home/kptal/humanoid_ws/install/moveit_resources_pr2_description/share/moveit_resources_pr2_description/urdf/meshes/base_v0/convex
[0.816s] -- Installing: /home/kptal/humanoid_ws/install/moveit_resources_pr2_description/share/moveit_resources_pr2_description/urdf/meshes/base_v0/convex/caster_convex.stla
[0.817s] -- Installing: /home/kptal/humanoid_ws/install/moveit_resources_pr2_description/share/moveit_resources_pr2_description/urdf/meshes/base_v0/convex/pr2_wheel.xml
[0.817s] -- Installing: /home/kptal/humanoid_ws/install/moveit_resources_pr2_description/share/moveit_resources_pr2_description/urdf/meshes/base_v0/convex/wheel_convex.stlb
[0.817s] -- Installing: /home/kptal/humanoid_ws/install/moveit_resources_pr2_description/share/moveit_resources_pr2_description/urdf/meshes/base_v0/convex/wheel.dae
[0.817s] -- Installing: /home/kptal/humanoid_ws/install/moveit_resources_pr2_description/share/moveit_resources_pr2_description/urdf/meshes/base_v0/convex/base_L.dae
[0.817s] -- Installing: /home/kptal/humanoid_ws/install/moveit_resources_pr2_description/share/moveit_resources_pr2_description/urdf/meshes/base_v0/convex/caster.dae
[0.817s] -- Installing: /home/kptal/humanoid_ws/install/moveit_resources_pr2_description/share/moveit_resources_pr2_description/urdf/meshes/base_v0/convex/base.xml
[0.818s] -- Installing: /home/kptal/humanoid_ws/install/moveit_resources_pr2_description/share/moveit_resources_pr2_description/urdf/meshes/base_v0/convex/base_L_convex.stla
[0.818s] -- Installing: /home/kptal/humanoid_ws/install/moveit_resources_pr2_description/share/moveit_resources_pr2_description/urdf/meshes/base_v0/convex/caster_L_convex.stla
[0.818s] -- Installing: /home/kptal/humanoid_ws/install/moveit_resources_pr2_description/share/moveit_resources_pr2_description/urdf/meshes/base_v0/convex/base_convex.stla
[0.818s] -- Installing: /home/kptal/humanoid_ws/install/moveit_resources_pr2_description/share/moveit_resources_pr2_description/urdf/meshes/base_v0/convex/pr2_wheel_convex.stla
[0.819s] -- Installing: /home/kptal/humanoid_ws/install/moveit_resources_pr2_description/share/moveit_resources_pr2_description/urdf/meshes/base_v0/convex/caster_L.dae
[0.819s] -- Installing: /home/kptal/humanoid_ws/install/moveit_resources_pr2_description/share/moveit_resources_pr2_description/urdf/meshes/base_v0/convex/base_L_convex.stlb
[0.819s] -- Installing: /home/kptal/humanoid_ws/install/moveit_resources_pr2_description/share/moveit_resources_pr2_description/urdf/meshes/base_v0/convex/wheel.xml
[0.819s] -- Installing: /home/kptal/humanoid_ws/install/moveit_resources_pr2_description/share/moveit_resources_pr2_description/urdf/meshes/base_v0/convex/pr2_wheel_convex.stlb
[0.819s] -- Installing: /home/kptal/humanoid_ws/install/moveit_resources_pr2_description/share/moveit_resources_pr2_description/urdf/meshes/base_v0/convex/caster.xml
[0.819s] -- Installing: /home/kptal/humanoid_ws/install/moveit_resources_pr2_description/share/moveit_resources_pr2_description/urdf/meshes/base_v0/convex/base_L.xml
[0.820s] -- Installing: /home/kptal/humanoid_ws/install/moveit_resources_pr2_description/share/moveit_resources_pr2_description/urdf/meshes/base_v0/convex/caster_L.xml
[0.820s] -- Installing: /home/kptal/humanoid_ws/install/moveit_resources_pr2_description/share/moveit_resources_pr2_description/urdf/meshes/base_v0/convex/base.dae
[0.820s] -- Installing: /home/kptal/humanoid_ws/install/moveit_resources_pr2_description/share/moveit_resources_pr2_description/urdf/meshes/base_v0/convex/wheel_convex.stla
[0.820s] -- Installing: /home/kptal/humanoid_ws/install/moveit_resources_pr2_description/share/moveit_resources_pr2_description/urdf/meshes/base_v0/convex/caster_L_convex.stlb
[0.820s] -- Installing: /home/kptal/humanoid_ws/install/moveit_resources_pr2_description/share/moveit_resources_pr2_description/urdf/meshes/base_v0/convex/base_convex.stlb
[0.820s] -- Installing: /home/kptal/humanoid_ws/install/moveit_resources_pr2_description/share/moveit_resources_pr2_description/urdf/meshes/base_v0/convex/pr2_wheel.dae
[0.821s] -- Installing: /home/kptal/humanoid_ws/install/moveit_resources_pr2_description/share/moveit_resources_pr2_description/urdf/meshes/base_v0/convex/caster_convex.stlb
[0.821s] -- Installing: /home/kptal/humanoid_ws/install/moveit_resources_pr2_description/share/moveit_resources_pr2_description/urdf/meshes/base_v0/wheel_h_color.tif
[0.821s] -- Installing: /home/kptal/humanoid_ws/install/moveit_resources_pr2_description/share/moveit_resources_pr2_description/urdf/meshes/base_v0/wheel.stl
[0.821s] -- Installing: /home/kptal/humanoid_ws/install/moveit_resources_pr2_description/share/moveit_resources_pr2_description/urdf/meshes/base_v0/base.stl
[0.822s] -- Installing: /home/kptal/humanoid_ws/install/moveit_resources_pr2_description/share/moveit_resources_pr2_description/urdf/meshes/base_v0/caster.stl
[0.822s] -- Installing: /home/kptal/humanoid_ws/install/moveit_resources_pr2_description/share/moveit_resources_pr2_description/urdf/meshes/base_v0/base.dae
[0.823s] -- Installing: /home/kptal/humanoid_ws/install/moveit_resources_pr2_description/share/moveit_resources_pr2_description/urdf/meshes/base_v0/pr2_wheel.stl
[0.823s] -- Installing: /home/kptal/humanoid_ws/install/moveit_resources_pr2_description/share/moveit_resources_pr2_description/urdf/meshes/base_v0/wheel_h.dae
[0.825s] -- Installing: /home/kptal/humanoid_ws/install/moveit_resources_pr2_description/share/moveit_resources_pr2_description/urdf/meshes/shoulder_v0
[0.825s] -- Installing: /home/kptal/humanoid_ws/install/moveit_resources_pr2_description/share/moveit_resources_pr2_description/urdf/meshes/shoulder_v0/upper_arm_roll_L.stl
[0.825s] -- Installing: /home/kptal/humanoid_ws/install/moveit_resources_pr2_description/share/moveit_resources_pr2_description/urdf/meshes/shoulder_v0/upper_arm_roll.dae
[0.826s] -- Installing: /home/kptal/humanoid_ws/install/moveit_resources_pr2_description/share/moveit_resources_pr2_description/urdf/meshes/shoulder_v0/upper_arm_roll_color.tif
[0.826s] -- Installing: /home/kptal/humanoid_ws/install/moveit_resources_pr2_description/share/moveit_resources_pr2_description/urdf/meshes/shoulder_v0/shoulder_pan.stl
[0.826s] -- Installing: /home/kptal/humanoid_ws/install/moveit_resources_pr2_description/share/moveit_resources_pr2_description/urdf/meshes/shoulder_v0/upper_arm_roll.stl
[0.827s] -- Installing: /home/kptal/humanoid_ws/install/moveit_resources_pr2_description/share/moveit_resources_pr2_description/urdf/meshes/shoulder_v0/convex
[0.827s] -- Installing: /home/kptal/humanoid_ws/install/moveit_resources_pr2_description/share/moveit_resources_pr2_description/urdf/meshes/shoulder_v0/convex/upper_arm_roll_convex.stlb
[0.827s] -- Installing: /home/kptal/humanoid_ws/install/moveit_resources_pr2_description/share/moveit_resources_pr2_description/urdf/meshes/shoulder_v0/convex/upper_arm_roll_convex.stla
[0.827s] -- Installing: /home/kptal/humanoid_ws/install/moveit_resources_pr2_description/share/moveit_resources_pr2_description/urdf/meshes/shoulder_v0/convex/upper_arm_roll_L.xml
[0.827s] -- Installing: /home/kptal/humanoid_ws/install/moveit_resources_pr2_description/share/moveit_resources_pr2_description/urdf/meshes/shoulder_v0/convex/upper_arm_roll.xml
[0.827s] -- Installing: /home/kptal/humanoid_ws/install/moveit_resources_pr2_description/share/moveit_resources_pr2_description/urdf/meshes/shoulder_v0/convex/upper_arm_roll_L.dae
[0.828s] -- Installing: /home/kptal/humanoid_ws/install/moveit_resources_pr2_description/share/moveit_resources_pr2_description/urdf/meshes/shoulder_v0/convex/upper_arm_roll.dae
[0.828s] -- Installing: /home/kptal/humanoid_ws/install/moveit_resources_pr2_description/share/moveit_resources_pr2_description/urdf/meshes/shoulder_v0/convex/shoulder_yaw.dae
[0.828s] -- Installing: /home/kptal/humanoid_ws/install/moveit_resources_pr2_description/share/moveit_resources_pr2_description/urdf/meshes/shoulder_v0/convex/shoulder_pan_convex.stlb
[0.828s] -- Installing: /home/kptal/humanoid_ws/install/moveit_resources_pr2_description/share/moveit_resources_pr2_description/urdf/meshes/shoulder_v0/convex/shoulder_pan.xml
[0.828s] -- Installing: /home/kptal/humanoid_ws/install/moveit_resources_pr2_description/share/moveit_resources_pr2_description/urdf/meshes/shoulder_v0/convex/shoulder_lift_convex.stla
[0.828s] -- Installing: /home/kptal/humanoid_ws/install/moveit_resources_pr2_description/share/moveit_resources_pr2_description/urdf/meshes/shoulder_v0/convex/upper_arm_roll_L_convex.stla
[0.829s] -- Installing: /home/kptal/humanoid_ws/install/moveit_resources_pr2_description/share/moveit_resources_pr2_description/urdf/meshes/shoulder_v0/convex/shoulder_lift.xml
[0.829s] -- Installing: /home/kptal/humanoid_ws/install/moveit_resources_pr2_description/share/moveit_resources_pr2_description/urdf/meshes/shoulder_v0/convex/shoulder_yaw.xml
[0.829s] -- Installing: /home/kptal/humanoid_ws/install/moveit_resources_pr2_description/share/moveit_resources_pr2_description/urdf/meshes/shoulder_v0/convex/shoulder_pan.dae
[0.829s] -- Installing: /home/kptal/humanoid_ws/install/moveit_resources_pr2_description/share/moveit_resources_pr2_description/urdf/meshes/shoulder_v0/convex/shoulder_yaw_convex.stlb
[0.829s] -- Installing: /home/kptal/humanoid_ws/install/moveit_resources_pr2_description/share/moveit_resources_pr2_description/urdf/meshes/shoulder_v0/convex/shoulder_yaw_convex.stla
[0.829s] -- Installing: /home/kptal/humanoid_ws/install/moveit_resources_pr2_description/share/moveit_resources_pr2_description/urdf/meshes/shoulder_v0/convex/shoulder_pan_convex.stla
[0.829s] -- Installing: /home/kptal/humanoid_ws/install/moveit_resources_pr2_description/share/moveit_resources_pr2_description/urdf/meshes/shoulder_v0/convex/upper_arm_roll_L_convex.stlb
[0.830s] -- Installing: /home/kptal/humanoid_ws/install/moveit_resources_pr2_description/share/moveit_resources_pr2_description/urdf/meshes/shoulder_v0/convex/shoulder_lift.dae
[0.830s] -- Installing: /home/kptal/humanoid_ws/install/moveit_resources_pr2_description/share/moveit_resources_pr2_description/urdf/meshes/shoulder_v0/convex/shoulder_lift_convex.stlb
[0.830s] -- Installing: /home/kptal/humanoid_ws/install/moveit_resources_pr2_description/share/moveit_resources_pr2_description/urdf/meshes/shoulder_v0/upper_arm_roll_normals.tif
[0.832s] -- Installing: /home/kptal/humanoid_ws/install/moveit_resources_pr2_description/share/moveit_resources_pr2_description/urdf/meshes/shoulder_v0/shoulder_lift_normals.tif
[0.833s] -- Installing: /home/kptal/humanoid_ws/install/moveit_resources_pr2_description/share/moveit_resources_pr2_description/urdf/meshes/shoulder_v0/shoulder_pan.dae
[0.833s] -- Installing: /home/kptal/humanoid_ws/install/moveit_resources_pr2_description/share/moveit_resources_pr2_description/urdf/meshes/shoulder_v0/shoulder_pan_color.tif
[0.837s] -- Installing: /home/kptal/humanoid_ws/install/moveit_resources_pr2_description/share/moveit_resources_pr2_description/urdf/meshes/shoulder_v0/shoulder_lift.stl
[0.837s] -- Installing: /home/kptal/humanoid_ws/install/moveit_resources_pr2_description/share/moveit_resources_pr2_description/urdf/meshes/shoulder_v0/shoulder_lift.dae
[0.838s] -- Installing: /home/kptal/humanoid_ws/install/moveit_resources_pr2_description/share/moveit_resources_pr2_description/urdf/meshes/shoulder_v0/shoulder_lift_color.tif
[0.838s] -- Installing: /home/kptal/humanoid_ws/install/moveit_resources_pr2_description/share/moveit_resources_pr2_description/urdf/meshes/shoulder_v0/shoulder_yaw.stl
[0.839s] -- Installing: /home/kptal/humanoid_ws/install/moveit_resources_pr2_description/share/moveit_resources_pr2_description/urdf/meshes/shoulder_v0/shoulder_pan_normals.tif
[0.840s] -- Installing: /home/kptal/humanoid_ws/install/moveit_resources_pr2_description/share/moveit_resources_pr2_description/urdf/materials
[0.841s] -- Installing: /home/kptal/humanoid_ws/install/moveit_resources_pr2_description/share/moveit_resources_pr2_description/urdf/materials/textures
[0.841s] -- Installing: /home/kptal/humanoid_ws/install/moveit_resources_pr2_description/share/moveit_resources_pr2_description/urdf/materials/textures/pr2_caster_texture.png
[0.841s] -- Installing: /home/kptal/humanoid_ws/install/moveit_resources_pr2_description/share/moveit_resources_pr2_description/urdf/materials/textures/pr2_wheel_left.png
[0.841s] -- Installing: /home/kptal/humanoid_ws/install/moveit_resources_pr2_description/share/moveit_resources_pr2_description/urdf/materials/textures/pr2_wheel_right.png
[0.841s] -- Installing: /home/kptal/humanoid_ws/install/moveit_resources_pr2_description/share/moveit_resources_pr2_description/kinect.dae
[0.846s] Invoked command in '/home/kptal/humanoid_ws/build/moveit_resources_pr2_description' returned '0': CMAKE_PREFIX_PATH=${CMAKE_PREFIX_PATH}:/home/kptal/humanoid_ws/install/moveit_configs_utils:/home/kptal/humanoid_ws/install/launch_param_builder:/home/kptal/humanoid_ws/install/ik_pick_place:/home/kptal/humanoid_ws/install/half_humanoid_control_actions:/home/kptal/humanoid_ws/install/dynamixel_test_utils:/home/kptal/ws_moveit2/install/moveit_configs_utils:/home/kptal/ws_moveit2/install/launch_param_builder:/opt/ros/humble /usr/bin/cmake --install /home/kptal/humanoid_ws/build/moveit_resources_pr2_description
