[0.024s] Invoking command in '/home/kptal/humanoid_ws/build/dual_panda_moveit2_interface': CMAKE_PREFIX_PATH=${CMAKE_PREFIX_PATH}:/home/kptal/humanoid_ws/install/moveit_configs_utils:/home/kptal/humanoid_ws/install/launch_param_builder:/home/kptal/humanoid_ws/install/ik_pick_place:/home/kptal/humanoid_ws/install/half_humanoid_control_actions:/home/kptal/humanoid_ws/install/dynamixel_test_utils:/home/kptal/ws_moveit2/install/moveit_configs_utils:/home/kptal/ws_moveit2/install/launch_param_builder:/opt/ros/humble /usr/bin/cmake --build /home/kptal/humanoid_ws/build/dual_panda_moveit2_interface -- -j18 -l18
[0.121s] [  1%] Built target dual_panda_moveit2_interface__cpp
[0.129s] [ 12%] Built target dual_panda_moveit2_interface__rosidl_generator_c
[0.146s] [ 12%] Built target ament_cmake_python_copy_dual_panda_moveit2_interface
[0.162s] [ 24%] Built target dual_panda_moveit2_interface__rosidl_typesupport_cpp
[0.167s] [ 35%] Built target dual_panda_moveit2_interface__rosidl_typesupport_introspection_cpp
[0.171s] [ 47%] Built target dual_panda_moveit2_interface__rosidl_typesupport_fastrtps_cpp
[0.181s] [ 70%] Built target dual_panda_moveit2_interface__rosidl_typesupport_introspection_c
[0.181s] [ 70%] Built target dual_panda_moveit2_interface__rosidl_typesupport_c
[0.183s] [ 82%] Built target dual_panda_moveit2_interface__rosidl_typesupport_fastrtps_c
[0.222s] [ 82%] Built target dual_panda_moveit2_interface
[0.265s] [ 83%] Built target dual_panda_moveit2_interface__py
[0.318s] [ 93%] Built target dual_panda_moveit2_interface__rosidl_generator_py
[0.358s] [ 95%] Built target dual_panda_moveit2_interface__rosidl_typesupport_fastrtps_c__pyext
[0.360s] [ 97%] Built target dual_panda_moveit2_interface__rosidl_typesupport_introspection_c__pyext
[0.362s] [100%] Built target dual_panda_moveit2_interface__rosidl_typesupport_c__pyext
[0.384s] running egg_info
[0.384s] writing dual_panda_moveit2_interface.egg-info/PKG-INFO
[0.384s] writing dependency_links to dual_panda_moveit2_interface.egg-info/dependency_links.txt
[0.384s] writing top-level names to dual_panda_moveit2_interface.egg-info/top_level.txt
[0.387s] reading manifest file 'dual_panda_moveit2_interface.egg-info/SOURCES.txt'
[0.388s] writing manifest file 'dual_panda_moveit2_interface.egg-info/SOURCES.txt'
[0.422s] [100%] Built target ament_cmake_python_build_dual_panda_moveit2_interface_egg
[0.451s] Invoked command in '/home/kptal/humanoid_ws/build/dual_panda_moveit2_interface' returned '0': CMAKE_PREFIX_PATH=${CMAKE_PREFIX_PATH}:/home/kptal/humanoid_ws/install/moveit_configs_utils:/home/kptal/humanoid_ws/install/launch_param_builder:/home/kptal/humanoid_ws/install/ik_pick_place:/home/kptal/humanoid_ws/install/half_humanoid_control_actions:/home/kptal/humanoid_ws/install/dynamixel_test_utils:/home/kptal/ws_moveit2/install/moveit_configs_utils:/home/kptal/ws_moveit2/install/launch_param_builder:/opt/ros/humble /usr/bin/cmake --build /home/kptal/humanoid_ws/build/dual_panda_moveit2_interface -- -j18 -l18
[0.453s] Invoking command in '/home/kptal/humanoid_ws/build/dual_panda_moveit2_interface': CMAKE_PREFIX_PATH=${CMAKE_PREFIX_PATH}:/home/kptal/humanoid_ws/install/moveit_configs_utils:/home/kptal/humanoid_ws/install/launch_param_builder:/home/kptal/humanoid_ws/install/ik_pick_place:/home/kptal/humanoid_ws/install/half_humanoid_control_actions:/home/kptal/humanoid_ws/install/dynamixel_test_utils:/home/kptal/ws_moveit2/install/moveit_configs_utils:/home/kptal/ws_moveit2/install/launch_param_builder:/opt/ros/humble /usr/bin/cmake --install /home/kptal/humanoid_ws/build/dual_panda_moveit2_interface
[0.468s] -- Install configuration: ""
[0.468s] -- Up-to-date: /home/kptal/humanoid_ws/install/dual_panda_moveit2_interface/share/ament_index/resource_index/rosidl_interfaces/dual_panda_moveit2_interface
[0.468s] -- Up-to-date: /home/kptal/humanoid_ws/install/dual_panda_moveit2_interface/include/dual_panda_moveit2_interface/dual_panda_moveit2_interface
[0.469s] -- Up-to-date: /home/kptal/humanoid_ws/install/dual_panda_moveit2_interface/include/dual_panda_moveit2_interface/dual_panda_moveit2_interface/msg
[0.469s] -- Up-to-date: /home/kptal/humanoid_ws/install/dual_panda_moveit2_interface/include/dual_panda_moveit2_interface/dual_panda_moveit2_interface/msg/spawn_batch.h
[0.469s] -- Up-to-date: /home/kptal/humanoid_ws/install/dual_panda_moveit2_interface/include/dual_panda_moveit2_interface/dual_panda_moveit2_interface/msg/robot_pose.h
[0.469s] -- Up-to-date: /home/kptal/humanoid_ws/install/dual_panda_moveit2_interface/include/dual_panda_moveit2_interface/dual_panda_moveit2_interface/msg/rosidl_generator_c__visibility_control.h
[0.470s] -- Up-to-date: /home/kptal/humanoid_ws/install/dual_panda_moveit2_interface/include/dual_panda_moveit2_interface/dual_panda_moveit2_interface/msg/object_spec.h
[0.470s] -- Up-to-date: /home/kptal/humanoid_ws/install/dual_panda_moveit2_interface/include/dual_panda_moveit2_interface/dual_panda_moveit2_interface/msg/detail
[0.470s] -- Up-to-date: /home/kptal/humanoid_ws/install/dual_panda_moveit2_interface/include/dual_panda_moveit2_interface/dual_panda_moveit2_interface/msg/detail/robot_pose__functions.c
[0.470s] -- Up-to-date: /home/kptal/humanoid_ws/install/dual_panda_moveit2_interface/include/dual_panda_moveit2_interface/dual_panda_moveit2_interface/msg/detail/object_spec__type_support.h
[0.470s] -- Up-to-date: /home/kptal/humanoid_ws/install/dual_panda_moveit2_interface/include/dual_panda_moveit2_interface/dual_panda_moveit2_interface/msg/detail/spawn_batch__type_support.h
[0.470s] -- Up-to-date: /home/kptal/humanoid_ws/install/dual_panda_moveit2_interface/include/dual_panda_moveit2_interface/dual_panda_moveit2_interface/msg/detail/spawn_batch__struct.h
[0.470s] -- Up-to-date: /home/kptal/humanoid_ws/install/dual_panda_moveit2_interface/include/dual_panda_moveit2_interface/dual_panda_moveit2_interface/msg/detail/object_spec__functions.h
[0.470s] -- Up-to-date: /home/kptal/humanoid_ws/install/dual_panda_moveit2_interface/include/dual_panda_moveit2_interface/dual_panda_moveit2_interface/msg/detail/robot_pose__type_support.h
[0.470s] -- Up-to-date: /home/kptal/humanoid_ws/install/dual_panda_moveit2_interface/include/dual_panda_moveit2_interface/dual_panda_moveit2_interface/msg/detail/robot_pose__struct.h
[0.471s] -- Up-to-date: /home/kptal/humanoid_ws/install/dual_panda_moveit2_interface/include/dual_panda_moveit2_interface/dual_panda_moveit2_interface/msg/detail/object_spec__struct.h
[0.471s] -- Up-to-date: /home/kptal/humanoid_ws/install/dual_panda_moveit2_interface/include/dual_panda_moveit2_interface/dual_panda_moveit2_interface/msg/detail/spawn_batch__functions.c
[0.471s] -- Up-to-date: /home/kptal/humanoid_ws/install/dual_panda_moveit2_interface/include/dual_panda_moveit2_interface/dual_panda_moveit2_interface/msg/detail/object_spec__functions.c
[0.471s] -- Up-to-date: /home/kptal/humanoid_ws/install/dual_panda_moveit2_interface/include/dual_panda_moveit2_interface/dual_panda_moveit2_interface/msg/detail/spawn_batch__functions.h
[0.471s] -- Up-to-date: /home/kptal/humanoid_ws/install/dual_panda_moveit2_interface/include/dual_panda_moveit2_interface/dual_panda_moveit2_interface/msg/detail/robot_pose__functions.h
[0.471s] -- Up-to-date: /home/kptal/humanoid_ws/install/dual_panda_moveit2_interface/include/dual_panda_moveit2_interface/dual_panda_moveit2_interface/action
[0.471s] -- Up-to-date: /home/kptal/humanoid_ws/install/dual_panda_moveit2_interface/include/dual_panda_moveit2_interface/dual_panda_moveit2_interface/action/move.h
[0.471s] -- Up-to-date: /home/kptal/humanoid_ws/install/dual_panda_moveit2_interface/include/dual_panda_moveit2_interface/dual_panda_moveit2_interface/action/detail
[0.471s] -- Up-to-date: /home/kptal/humanoid_ws/install/dual_panda_moveit2_interface/include/dual_panda_moveit2_interface/dual_panda_moveit2_interface/action/detail/move__struct.h
[0.471s] -- Up-to-date: /home/kptal/humanoid_ws/install/dual_panda_moveit2_interface/include/dual_panda_moveit2_interface/dual_panda_moveit2_interface/action/detail/move__functions.h
[0.471s] -- Up-to-date: /home/kptal/humanoid_ws/install/dual_panda_moveit2_interface/include/dual_panda_moveit2_interface/dual_panda_moveit2_interface/action/detail/move__type_support.h
[0.471s] -- Up-to-date: /home/kptal/humanoid_ws/install/dual_panda_moveit2_interface/include/dual_panda_moveit2_interface/dual_panda_moveit2_interface/action/detail/move__functions.c
[0.471s] -- Up-to-date: /home/kptal/humanoid_ws/install/dual_panda_moveit2_interface/include/dual_panda_moveit2_interface/dual_panda_moveit2_interface/srv
[0.471s] -- Up-to-date: /home/kptal/humanoid_ws/install/dual_panda_moveit2_interface/include/dual_panda_moveit2_interface/dual_panda_moveit2_interface/srv/gripper_control.h
[0.472s] -- Up-to-date: /home/kptal/humanoid_ws/install/dual_panda_moveit2_interface/include/dual_panda_moveit2_interface/dual_panda_moveit2_interface/srv/spawn_object.h
[0.472s] -- Up-to-date: /home/kptal/humanoid_ws/install/dual_panda_moveit2_interface/include/dual_panda_moveit2_interface/dual_panda_moveit2_interface/srv/attach_object.h
[0.472s] -- Up-to-date: /home/kptal/humanoid_ws/install/dual_panda_moveit2_interface/include/dual_panda_moveit2_interface/dual_panda_moveit2_interface/srv/detail
[0.472s] -- Up-to-date: /home/kptal/humanoid_ws/install/dual_panda_moveit2_interface/include/dual_panda_moveit2_interface/dual_panda_moveit2_interface/srv/detail/detach_object__functions.c
[0.472s] -- Up-to-date: /home/kptal/humanoid_ws/install/dual_panda_moveit2_interface/include/dual_panda_moveit2_interface/dual_panda_moveit2_interface/srv/detail/spawn_object__struct.h
[0.472s] -- Up-to-date: /home/kptal/humanoid_ws/install/dual_panda_moveit2_interface/include/dual_panda_moveit2_interface/dual_panda_moveit2_interface/srv/detail/gripper_control__functions.c
[0.472s] -- Up-to-date: /home/kptal/humanoid_ws/install/dual_panda_moveit2_interface/include/dual_panda_moveit2_interface/dual_panda_moveit2_interface/srv/detail/detach_object__functions.h
[0.472s] -- Up-to-date: /home/kptal/humanoid_ws/install/dual_panda_moveit2_interface/include/dual_panda_moveit2_interface/dual_panda_moveit2_interface/srv/detail/gripper_control__struct.h
[0.472s] -- Up-to-date: /home/kptal/humanoid_ws/install/dual_panda_moveit2_interface/include/dual_panda_moveit2_interface/dual_panda_moveit2_interface/srv/detail/gripper_control__functions.h
[0.472s] -- Up-to-date: /home/kptal/humanoid_ws/install/dual_panda_moveit2_interface/include/dual_panda_moveit2_interface/dual_panda_moveit2_interface/srv/detail/attach_object__functions.h
[0.473s] -- Up-to-date: /home/kptal/humanoid_ws/install/dual_panda_moveit2_interface/include/dual_panda_moveit2_interface/dual_panda_moveit2_interface/srv/detail/detach_object__struct.h
[0.473s] -- Up-to-date: /home/kptal/humanoid_ws/install/dual_panda_moveit2_interface/include/dual_panda_moveit2_interface/dual_panda_moveit2_interface/srv/detail/attach_object__functions.c
[0.473s] -- Up-to-date: /home/kptal/humanoid_ws/install/dual_panda_moveit2_interface/include/dual_panda_moveit2_interface/dual_panda_moveit2_interface/srv/detail/spawn_object__type_support.h
[0.473s] -- Up-to-date: /home/kptal/humanoid_ws/install/dual_panda_moveit2_interface/include/dual_panda_moveit2_interface/dual_panda_moveit2_interface/srv/detail/remove_object__type_support.h
[0.473s] -- Up-to-date: /home/kptal/humanoid_ws/install/dual_panda_moveit2_interface/include/dual_panda_moveit2_interface/dual_panda_moveit2_interface/srv/detail/attach_object__struct.h
[0.473s] -- Up-to-date: /home/kptal/humanoid_ws/install/dual_panda_moveit2_interface/include/dual_panda_moveit2_interface/dual_panda_moveit2_interface/srv/detail/gripper_control__type_support.h
[0.473s] -- Up-to-date: /home/kptal/humanoid_ws/install/dual_panda_moveit2_interface/include/dual_panda_moveit2_interface/dual_panda_moveit2_interface/srv/detail/spawn_object__functions.c
[0.473s] -- Up-to-date: /home/kptal/humanoid_ws/install/dual_panda_moveit2_interface/include/dual_panda_moveit2_interface/dual_panda_moveit2_interface/srv/detail/attach_object__type_support.h
[0.473s] -- Up-to-date: /home/kptal/humanoid_ws/install/dual_panda_moveit2_interface/include/dual_panda_moveit2_interface/dual_panda_moveit2_interface/srv/detail/remove_object__functions.h
[0.473s] -- Up-to-date: /home/kptal/humanoid_ws/install/dual_panda_moveit2_interface/include/dual_panda_moveit2_interface/dual_panda_moveit2_interface/srv/detail/remove_object__struct.h
[0.473s] -- Up-to-date: /home/kptal/humanoid_ws/install/dual_panda_moveit2_interface/include/dual_panda_moveit2_interface/dual_panda_moveit2_interface/srv/detail/detach_object__type_support.h
[0.473s] -- Up-to-date: /home/kptal/humanoid_ws/install/dual_panda_moveit2_interface/include/dual_panda_moveit2_interface/dual_panda_moveit2_interface/srv/detail/spawn_object__functions.h
[0.474s] -- Up-to-date: /home/kptal/humanoid_ws/install/dual_panda_moveit2_interface/include/dual_panda_moveit2_interface/dual_panda_moveit2_interface/srv/detail/remove_object__functions.c
[0.474s] -- Up-to-date: /home/kptal/humanoid_ws/install/dual_panda_moveit2_interface/include/dual_panda_moveit2_interface/dual_panda_moveit2_interface/srv/remove_object.h
[0.474s] -- Up-to-date: /home/kptal/humanoid_ws/install/dual_panda_moveit2_interface/include/dual_panda_moveit2_interface/dual_panda_moveit2_interface/srv/detach_object.h
[0.474s] -- Up-to-date: /home/kptal/humanoid_ws/install/dual_panda_moveit2_interface/share/dual_panda_moveit2_interface/environment/library_path.sh
[0.474s] -- Up-to-date: /home/kptal/humanoid_ws/install/dual_panda_moveit2_interface/share/dual_panda_moveit2_interface/environment/library_path.dsv
[0.474s] -- Up-to-date: /home/kptal/humanoid_ws/install/dual_panda_moveit2_interface/lib/libdual_panda_moveit2_interface__rosidl_generator_c.so
[0.474s] -- Up-to-date: /home/kptal/humanoid_ws/install/dual_panda_moveit2_interface/include/dual_panda_moveit2_interface/dual_panda_moveit2_interface
[0.474s] -- Up-to-date: /home/kptal/humanoid_ws/install/dual_panda_moveit2_interface/include/dual_panda_moveit2_interface/dual_panda_moveit2_interface/msg
[0.474s] -- Up-to-date: /home/kptal/humanoid_ws/install/dual_panda_moveit2_interface/include/dual_panda_moveit2_interface/dual_panda_moveit2_interface/msg/rosidl_typesupport_fastrtps_c__visibility_control.h
[0.474s] -- Up-to-date: /home/kptal/humanoid_ws/install/dual_panda_moveit2_interface/include/dual_panda_moveit2_interface/dual_panda_moveit2_interface/msg/detail
[0.474s] -- Up-to-date: /home/kptal/humanoid_ws/install/dual_panda_moveit2_interface/include/dual_panda_moveit2_interface/dual_panda_moveit2_interface/msg/detail/object_spec__rosidl_typesupport_fastrtps_c.h
[0.474s] -- Up-to-date: /home/kptal/humanoid_ws/install/dual_panda_moveit2_interface/include/dual_panda_moveit2_interface/dual_panda_moveit2_interface/msg/detail/spawn_batch__rosidl_typesupport_fastrtps_c.h
[0.474s] -- Up-to-date: /home/kptal/humanoid_ws/install/dual_panda_moveit2_interface/include/dual_panda_moveit2_interface/dual_panda_moveit2_interface/msg/detail/robot_pose__rosidl_typesupport_fastrtps_c.h
[0.474s] -- Up-to-date: /home/kptal/humanoid_ws/install/dual_panda_moveit2_interface/include/dual_panda_moveit2_interface/dual_panda_moveit2_interface/action
[0.474s] -- Up-to-date: /home/kptal/humanoid_ws/install/dual_panda_moveit2_interface/include/dual_panda_moveit2_interface/dual_panda_moveit2_interface/action/detail
[0.475s] -- Up-to-date: /home/kptal/humanoid_ws/install/dual_panda_moveit2_interface/include/dual_panda_moveit2_interface/dual_panda_moveit2_interface/action/detail/move__rosidl_typesupport_fastrtps_c.h
[0.475s] -- Up-to-date: /home/kptal/humanoid_ws/install/dual_panda_moveit2_interface/include/dual_panda_moveit2_interface/dual_panda_moveit2_interface/srv
[0.475s] -- Up-to-date: /home/kptal/humanoid_ws/install/dual_panda_moveit2_interface/include/dual_panda_moveit2_interface/dual_panda_moveit2_interface/srv/detail
[0.475s] -- Up-to-date: /home/kptal/humanoid_ws/install/dual_panda_moveit2_interface/include/dual_panda_moveit2_interface/dual_panda_moveit2_interface/srv/detail/spawn_object__rosidl_typesupport_fastrtps_c.h
[0.475s] -- Up-to-date: /home/kptal/humanoid_ws/install/dual_panda_moveit2_interface/include/dual_panda_moveit2_interface/dual_panda_moveit2_interface/srv/detail/detach_object__rosidl_typesupport_fastrtps_c.h
[0.475s] -- Up-to-date: /home/kptal/humanoid_ws/install/dual_panda_moveit2_interface/include/dual_panda_moveit2_interface/dual_panda_moveit2_interface/srv/detail/remove_object__rosidl_typesupport_fastrtps_c.h
[0.475s] -- Up-to-date: /home/kptal/humanoid_ws/install/dual_panda_moveit2_interface/include/dual_panda_moveit2_interface/dual_panda_moveit2_interface/srv/detail/attach_object__rosidl_typesupport_fastrtps_c.h
[0.475s] -- Up-to-date: /home/kptal/humanoid_ws/install/dual_panda_moveit2_interface/include/dual_panda_moveit2_interface/dual_panda_moveit2_interface/srv/detail/gripper_control__rosidl_typesupport_fastrtps_c.h
[0.475s] -- Up-to-date: /home/kptal/humanoid_ws/install/dual_panda_moveit2_interface/lib/libdual_panda_moveit2_interface__rosidl_typesupport_fastrtps_c.so
[0.475s] -- Up-to-date: /home/kptal/humanoid_ws/install/dual_panda_moveit2_interface/include/dual_panda_moveit2_interface/dual_panda_moveit2_interface
[0.475s] -- Up-to-date: /home/kptal/humanoid_ws/install/dual_panda_moveit2_interface/include/dual_panda_moveit2_interface/dual_panda_moveit2_interface/msg
[0.475s] -- Up-to-date: /home/kptal/humanoid_ws/install/dual_panda_moveit2_interface/include/dual_panda_moveit2_interface/dual_panda_moveit2_interface/msg/object_spec.hpp
[0.475s] -- Up-to-date: /home/kptal/humanoid_ws/install/dual_panda_moveit2_interface/include/dual_panda_moveit2_interface/dual_panda_moveit2_interface/msg/spawn_batch.hpp
[0.475s] -- Up-to-date: /home/kptal/humanoid_ws/install/dual_panda_moveit2_interface/include/dual_panda_moveit2_interface/dual_panda_moveit2_interface/msg/rosidl_generator_cpp__visibility_control.hpp
[0.475s] -- Up-to-date: /home/kptal/humanoid_ws/install/dual_panda_moveit2_interface/include/dual_panda_moveit2_interface/dual_panda_moveit2_interface/msg/detail
[0.475s] -- Up-to-date: /home/kptal/humanoid_ws/install/dual_panda_moveit2_interface/include/dual_panda_moveit2_interface/dual_panda_moveit2_interface/msg/detail/spawn_batch__type_support.hpp
[0.475s] -- Up-to-date: /home/kptal/humanoid_ws/install/dual_panda_moveit2_interface/include/dual_panda_moveit2_interface/dual_panda_moveit2_interface/msg/detail/spawn_batch__struct.hpp
[0.476s] -- Up-to-date: /home/kptal/humanoid_ws/install/dual_panda_moveit2_interface/include/dual_panda_moveit2_interface/dual_panda_moveit2_interface/msg/detail/spawn_batch__builder.hpp
[0.476s] -- Up-to-date: /home/kptal/humanoid_ws/install/dual_panda_moveit2_interface/include/dual_panda_moveit2_interface/dual_panda_moveit2_interface/msg/detail/robot_pose__builder.hpp
[0.476s] -- Up-to-date: /home/kptal/humanoid_ws/install/dual_panda_moveit2_interface/include/dual_panda_moveit2_interface/dual_panda_moveit2_interface/msg/detail/robot_pose__traits.hpp
[0.476s] -- Up-to-date: /home/kptal/humanoid_ws/install/dual_panda_moveit2_interface/include/dual_panda_moveit2_interface/dual_panda_moveit2_interface/msg/detail/object_spec__struct.hpp
[0.476s] -- Up-to-date: /home/kptal/humanoid_ws/install/dual_panda_moveit2_interface/include/dual_panda_moveit2_interface/dual_panda_moveit2_interface/msg/detail/object_spec__builder.hpp
[0.476s] -- Up-to-date: /home/kptal/humanoid_ws/install/dual_panda_moveit2_interface/include/dual_panda_moveit2_interface/dual_panda_moveit2_interface/msg/detail/robot_pose__struct.hpp
[0.476s] -- Up-to-date: /home/kptal/humanoid_ws/install/dual_panda_moveit2_interface/include/dual_panda_moveit2_interface/dual_panda_moveit2_interface/msg/detail/spawn_batch__traits.hpp
[0.476s] -- Up-to-date: /home/kptal/humanoid_ws/install/dual_panda_moveit2_interface/include/dual_panda_moveit2_interface/dual_panda_moveit2_interface/msg/detail/robot_pose__type_support.hpp
[0.476s] -- Up-to-date: /home/kptal/humanoid_ws/install/dual_panda_moveit2_interface/include/dual_panda_moveit2_interface/dual_panda_moveit2_interface/msg/detail/object_spec__traits.hpp
[0.476s] -- Up-to-date: /home/kptal/humanoid_ws/install/dual_panda_moveit2_interface/include/dual_panda_moveit2_interface/dual_panda_moveit2_interface/msg/detail/object_spec__type_support.hpp
[0.476s] -- Up-to-date: /home/kptal/humanoid_ws/install/dual_panda_moveit2_interface/include/dual_panda_moveit2_interface/dual_panda_moveit2_interface/msg/robot_pose.hpp
[0.476s] -- Up-to-date: /home/kptal/humanoid_ws/install/dual_panda_moveit2_interface/include/dual_panda_moveit2_interface/dual_panda_moveit2_interface/action
[0.476s] -- Up-to-date: /home/kptal/humanoid_ws/install/dual_panda_moveit2_interface/include/dual_panda_moveit2_interface/dual_panda_moveit2_interface/action/move.hpp
[0.476s] -- Up-to-date: /home/kptal/humanoid_ws/install/dual_panda_moveit2_interface/include/dual_panda_moveit2_interface/dual_panda_moveit2_interface/action/detail
[0.476s] -- Up-to-date: /home/kptal/humanoid_ws/install/dual_panda_moveit2_interface/include/dual_panda_moveit2_interface/dual_panda_moveit2_interface/action/detail/move__traits.hpp
[0.476s] -- Up-to-date: /home/kptal/humanoid_ws/install/dual_panda_moveit2_interface/include/dual_panda_moveit2_interface/dual_panda_moveit2_interface/action/detail/move__struct.hpp
[0.476s] -- Up-to-date: /home/kptal/humanoid_ws/install/dual_panda_moveit2_interface/include/dual_panda_moveit2_interface/dual_panda_moveit2_interface/action/detail/move__type_support.hpp
[0.477s] -- Up-to-date: /home/kptal/humanoid_ws/install/dual_panda_moveit2_interface/include/dual_panda_moveit2_interface/dual_panda_moveit2_interface/action/detail/move__builder.hpp
[0.477s] -- Up-to-date: /home/kptal/humanoid_ws/install/dual_panda_moveit2_interface/include/dual_panda_moveit2_interface/dual_panda_moveit2_interface/srv
[0.477s] -- Up-to-date: /home/kptal/humanoid_ws/install/dual_panda_moveit2_interface/include/dual_panda_moveit2_interface/dual_panda_moveit2_interface/srv/spawn_object.hpp
[0.477s] -- Up-to-date: /home/kptal/humanoid_ws/install/dual_panda_moveit2_interface/include/dual_panda_moveit2_interface/dual_panda_moveit2_interface/srv/gripper_control.hpp
[0.477s] -- Up-to-date: /home/kptal/humanoid_ws/install/dual_panda_moveit2_interface/include/dual_panda_moveit2_interface/dual_panda_moveit2_interface/srv/detail
[0.477s] -- Up-to-date: /home/kptal/humanoid_ws/install/dual_panda_moveit2_interface/include/dual_panda_moveit2_interface/dual_panda_moveit2_interface/srv/detail/attach_object__builder.hpp
[0.477s] -- Up-to-date: /home/kptal/humanoid_ws/install/dual_panda_moveit2_interface/include/dual_panda_moveit2_interface/dual_panda_moveit2_interface/srv/detail/remove_object__struct.hpp
[0.477s] -- Up-to-date: /home/kptal/humanoid_ws/install/dual_panda_moveit2_interface/include/dual_panda_moveit2_interface/dual_panda_moveit2_interface/srv/detail/gripper_control__type_support.hpp
[0.477s] -- Up-to-date: /home/kptal/humanoid_ws/install/dual_panda_moveit2_interface/include/dual_panda_moveit2_interface/dual_panda_moveit2_interface/srv/detail/spawn_object__struct.hpp
[0.477s] -- Up-to-date: /home/kptal/humanoid_ws/install/dual_panda_moveit2_interface/include/dual_panda_moveit2_interface/dual_panda_moveit2_interface/srv/detail/remove_object__traits.hpp
[0.477s] -- Up-to-date: /home/kptal/humanoid_ws/install/dual_panda_moveit2_interface/include/dual_panda_moveit2_interface/dual_panda_moveit2_interface/srv/detail/attach_object__traits.hpp
[0.477s] -- Up-to-date: /home/kptal/humanoid_ws/install/dual_panda_moveit2_interface/include/dual_panda_moveit2_interface/dual_panda_moveit2_interface/srv/detail/spawn_object__type_support.hpp
[0.477s] -- Up-to-date: /home/kptal/humanoid_ws/install/dual_panda_moveit2_interface/include/dual_panda_moveit2_interface/dual_panda_moveit2_interface/srv/detail/detach_object__traits.hpp
[0.477s] -- Up-to-date: /home/kptal/humanoid_ws/install/dual_panda_moveit2_interface/include/dual_panda_moveit2_interface/dual_panda_moveit2_interface/srv/detail/detach_object__type_support.hpp
[0.477s] -- Up-to-date: /home/kptal/humanoid_ws/install/dual_panda_moveit2_interface/include/dual_panda_moveit2_interface/dual_panda_moveit2_interface/srv/detail/attach_object__struct.hpp
[0.477s] -- Up-to-date: /home/kptal/humanoid_ws/install/dual_panda_moveit2_interface/include/dual_panda_moveit2_interface/dual_panda_moveit2_interface/srv/detail/detach_object__builder.hpp
[0.478s] -- Up-to-date: /home/kptal/humanoid_ws/install/dual_panda_moveit2_interface/include/dual_panda_moveit2_interface/dual_panda_moveit2_interface/srv/detail/gripper_control__builder.hpp
[0.478s] -- Up-to-date: /home/kptal/humanoid_ws/install/dual_panda_moveit2_interface/include/dual_panda_moveit2_interface/dual_panda_moveit2_interface/srv/detail/gripper_control__traits.hpp
[0.478s] -- Up-to-date: /home/kptal/humanoid_ws/install/dual_panda_moveit2_interface/include/dual_panda_moveit2_interface/dual_panda_moveit2_interface/srv/detail/attach_object__type_support.hpp
[0.478s] -- Up-to-date: /home/kptal/humanoid_ws/install/dual_panda_moveit2_interface/include/dual_panda_moveit2_interface/dual_panda_moveit2_interface/srv/detail/detach_object__struct.hpp
[0.478s] -- Up-to-date: /home/kptal/humanoid_ws/install/dual_panda_moveit2_interface/include/dual_panda_moveit2_interface/dual_panda_moveit2_interface/srv/detail/remove_object__builder.hpp
[0.478s] -- Up-to-date: /home/kptal/humanoid_ws/install/dual_panda_moveit2_interface/include/dual_panda_moveit2_interface/dual_panda_moveit2_interface/srv/detail/gripper_control__struct.hpp
[0.478s] -- Up-to-date: /home/kptal/humanoid_ws/install/dual_panda_moveit2_interface/include/dual_panda_moveit2_interface/dual_panda_moveit2_interface/srv/detail/remove_object__type_support.hpp
[0.478s] -- Up-to-date: /home/kptal/humanoid_ws/install/dual_panda_moveit2_interface/include/dual_panda_moveit2_interface/dual_panda_moveit2_interface/srv/detail/spawn_object__builder.hpp
[0.478s] -- Up-to-date: /home/kptal/humanoid_ws/install/dual_panda_moveit2_interface/include/dual_panda_moveit2_interface/dual_panda_moveit2_interface/srv/detail/spawn_object__traits.hpp
[0.478s] -- Up-to-date: /home/kptal/humanoid_ws/install/dual_panda_moveit2_interface/include/dual_panda_moveit2_interface/dual_panda_moveit2_interface/srv/remove_object.hpp
[0.478s] -- Up-to-date: /home/kptal/humanoid_ws/install/dual_panda_moveit2_interface/include/dual_panda_moveit2_interface/dual_panda_moveit2_interface/srv/attach_object.hpp
[0.478s] -- Up-to-date: /home/kptal/humanoid_ws/install/dual_panda_moveit2_interface/include/dual_panda_moveit2_interface/dual_panda_moveit2_interface/srv/detach_object.hpp
[0.478s] -- Up-to-date: /home/kptal/humanoid_ws/install/dual_panda_moveit2_interface/include/dual_panda_moveit2_interface/dual_panda_moveit2_interface
[0.478s] -- Up-to-date: /home/kptal/humanoid_ws/install/dual_panda_moveit2_interface/include/dual_panda_moveit2_interface/dual_panda_moveit2_interface/msg
[0.478s] -- Up-to-date: /home/kptal/humanoid_ws/install/dual_panda_moveit2_interface/include/dual_panda_moveit2_interface/dual_panda_moveit2_interface/msg/detail
[0.479s] -- Up-to-date: /home/kptal/humanoid_ws/install/dual_panda_moveit2_interface/include/dual_panda_moveit2_interface/dual_panda_moveit2_interface/msg/detail/object_spec__rosidl_typesupport_fastrtps_cpp.hpp
[0.479s] -- Up-to-date: /home/kptal/humanoid_ws/install/dual_panda_moveit2_interface/include/dual_panda_moveit2_interface/dual_panda_moveit2_interface/msg/detail/dds_fastrtps
[0.479s] -- Up-to-date: /home/kptal/humanoid_ws/install/dual_panda_moveit2_interface/include/dual_panda_moveit2_interface/dual_panda_moveit2_interface/msg/detail/robot_pose__rosidl_typesupport_fastrtps_cpp.hpp
[0.479s] -- Up-to-date: /home/kptal/humanoid_ws/install/dual_panda_moveit2_interface/include/dual_panda_moveit2_interface/dual_panda_moveit2_interface/msg/detail/spawn_batch__rosidl_typesupport_fastrtps_cpp.hpp
[0.479s] -- Up-to-date: /home/kptal/humanoid_ws/install/dual_panda_moveit2_interface/include/dual_panda_moveit2_interface/dual_panda_moveit2_interface/msg/rosidl_typesupport_fastrtps_cpp__visibility_control.h
[0.479s] -- Up-to-date: /home/kptal/humanoid_ws/install/dual_panda_moveit2_interface/include/dual_panda_moveit2_interface/dual_panda_moveit2_interface/action
[0.479s] -- Up-to-date: /home/kptal/humanoid_ws/install/dual_panda_moveit2_interface/include/dual_panda_moveit2_interface/dual_panda_moveit2_interface/action/detail
[0.479s] -- Up-to-date: /home/kptal/humanoid_ws/install/dual_panda_moveit2_interface/include/dual_panda_moveit2_interface/dual_panda_moveit2_interface/action/detail/dds_fastrtps
[0.479s] -- Up-to-date: /home/kptal/humanoid_ws/install/dual_panda_moveit2_interface/include/dual_panda_moveit2_interface/dual_panda_moveit2_interface/action/detail/move__rosidl_typesupport_fastrtps_cpp.hpp
[0.479s] -- Up-to-date: /home/kptal/humanoid_ws/install/dual_panda_moveit2_interface/include/dual_panda_moveit2_interface/dual_panda_moveit2_interface/srv
[0.479s] -- Up-to-date: /home/kptal/humanoid_ws/install/dual_panda_moveit2_interface/include/dual_panda_moveit2_interface/dual_panda_moveit2_interface/srv/detail
[0.479s] -- Up-to-date: /home/kptal/humanoid_ws/install/dual_panda_moveit2_interface/include/dual_panda_moveit2_interface/dual_panda_moveit2_interface/srv/detail/attach_object__rosidl_typesupport_fastrtps_cpp.hpp
[0.479s] -- Up-to-date: /home/kptal/humanoid_ws/install/dual_panda_moveit2_interface/include/dual_panda_moveit2_interface/dual_panda_moveit2_interface/srv/detail/gripper_control__rosidl_typesupport_fastrtps_cpp.hpp
[0.479s] -- Up-to-date: /home/kptal/humanoid_ws/install/dual_panda_moveit2_interface/include/dual_panda_moveit2_interface/dual_panda_moveit2_interface/srv/detail/detach_object__rosidl_typesupport_fastrtps_cpp.hpp
[0.479s] -- Up-to-date: /home/kptal/humanoid_ws/install/dual_panda_moveit2_interface/include/dual_panda_moveit2_interface/dual_panda_moveit2_interface/srv/detail/remove_object__rosidl_typesupport_fastrtps_cpp.hpp
[0.480s] -- Up-to-date: /home/kptal/humanoid_ws/install/dual_panda_moveit2_interface/include/dual_panda_moveit2_interface/dual_panda_moveit2_interface/srv/detail/spawn_object__rosidl_typesupport_fastrtps_cpp.hpp
[0.480s] -- Up-to-date: /home/kptal/humanoid_ws/install/dual_panda_moveit2_interface/include/dual_panda_moveit2_interface/dual_panda_moveit2_interface/srv/detail/dds_fastrtps
[0.480s] -- Up-to-date: /home/kptal/humanoid_ws/install/dual_panda_moveit2_interface/lib/libdual_panda_moveit2_interface__rosidl_typesupport_fastrtps_cpp.so
[0.480s] -- Up-to-date: /home/kptal/humanoid_ws/install/dual_panda_moveit2_interface/include/dual_panda_moveit2_interface/dual_panda_moveit2_interface
[0.480s] -- Up-to-date: /home/kptal/humanoid_ws/install/dual_panda_moveit2_interface/include/dual_panda_moveit2_interface/dual_panda_moveit2_interface/msg
[0.480s] -- Up-to-date: /home/kptal/humanoid_ws/install/dual_panda_moveit2_interface/include/dual_panda_moveit2_interface/dual_panda_moveit2_interface/msg/rosidl_typesupport_introspection_c__visibility_control.h
[0.480s] -- Up-to-date: /home/kptal/humanoid_ws/install/dual_panda_moveit2_interface/include/dual_panda_moveit2_interface/dual_panda_moveit2_interface/msg/detail
[0.480s] -- Up-to-date: /home/kptal/humanoid_ws/install/dual_panda_moveit2_interface/include/dual_panda_moveit2_interface/dual_panda_moveit2_interface/msg/detail/robot_pose__rosidl_typesupport_introspection_c.h
[0.480s] -- Up-to-date: /home/kptal/humanoid_ws/install/dual_panda_moveit2_interface/include/dual_panda_moveit2_interface/dual_panda_moveit2_interface/msg/detail/object_spec__rosidl_typesupport_introspection_c.h
[0.480s] -- Up-to-date: /home/kptal/humanoid_ws/install/dual_panda_moveit2_interface/include/dual_panda_moveit2_interface/dual_panda_moveit2_interface/msg/detail/spawn_batch__type_support.c
[0.480s] -- Up-to-date: /home/kptal/humanoid_ws/install/dual_panda_moveit2_interface/include/dual_panda_moveit2_interface/dual_panda_moveit2_interface/msg/detail/spawn_batch__rosidl_typesupport_introspection_c.h
[0.480s] -- Up-to-date: /home/kptal/humanoid_ws/install/dual_panda_moveit2_interface/include/dual_panda_moveit2_interface/dual_panda_moveit2_interface/msg/detail/object_spec__type_support.c
[0.480s] -- Up-to-date: /home/kptal/humanoid_ws/install/dual_panda_moveit2_interface/include/dual_panda_moveit2_interface/dual_panda_moveit2_interface/msg/detail/robot_pose__type_support.c
[0.480s] -- Up-to-date: /home/kptal/humanoid_ws/install/dual_panda_moveit2_interface/include/dual_panda_moveit2_interface/dual_panda_moveit2_interface/action
[0.480s] -- Up-to-date: /home/kptal/humanoid_ws/install/dual_panda_moveit2_interface/include/dual_panda_moveit2_interface/dual_panda_moveit2_interface/action/detail
[0.480s] -- Up-to-date: /home/kptal/humanoid_ws/install/dual_panda_moveit2_interface/include/dual_panda_moveit2_interface/dual_panda_moveit2_interface/action/detail/move__type_support.c
[0.480s] -- Up-to-date: /home/kptal/humanoid_ws/install/dual_panda_moveit2_interface/include/dual_panda_moveit2_interface/dual_panda_moveit2_interface/action/detail/move__rosidl_typesupport_introspection_c.h
[0.480s] -- Up-to-date: /home/kptal/humanoid_ws/install/dual_panda_moveit2_interface/include/dual_panda_moveit2_interface/dual_panda_moveit2_interface/srv
[0.480s] -- Up-to-date: /home/kptal/humanoid_ws/install/dual_panda_moveit2_interface/include/dual_panda_moveit2_interface/dual_panda_moveit2_interface/srv/detail
[0.480s] -- Up-to-date: /home/kptal/humanoid_ws/install/dual_panda_moveit2_interface/include/dual_panda_moveit2_interface/dual_panda_moveit2_interface/srv/detail/remove_object__type_support.c
[0.480s] -- Up-to-date: /home/kptal/humanoid_ws/install/dual_panda_moveit2_interface/include/dual_panda_moveit2_interface/dual_panda_moveit2_interface/srv/detail/gripper_control__rosidl_typesupport_introspection_c.h
[0.481s] -- Up-to-date: /home/kptal/humanoid_ws/install/dual_panda_moveit2_interface/include/dual_panda_moveit2_interface/dual_panda_moveit2_interface/srv/detail/detach_object__rosidl_typesupport_introspection_c.h
[0.481s] -- Up-to-date: /home/kptal/humanoid_ws/install/dual_panda_moveit2_interface/include/dual_panda_moveit2_interface/dual_panda_moveit2_interface/srv/detail/spawn_object__type_support.c
[0.481s] -- Up-to-date: /home/kptal/humanoid_ws/install/dual_panda_moveit2_interface/include/dual_panda_moveit2_interface/dual_panda_moveit2_interface/srv/detail/remove_object__rosidl_typesupport_introspection_c.h
[0.481s] -- Up-to-date: /home/kptal/humanoid_ws/install/dual_panda_moveit2_interface/include/dual_panda_moveit2_interface/dual_panda_moveit2_interface/srv/detail/gripper_control__type_support.c
[0.481s] -- Up-to-date: /home/kptal/humanoid_ws/install/dual_panda_moveit2_interface/include/dual_panda_moveit2_interface/dual_panda_moveit2_interface/srv/detail/attach_object__rosidl_typesupport_introspection_c.h
[0.481s] -- Up-to-date: /home/kptal/humanoid_ws/install/dual_panda_moveit2_interface/include/dual_panda_moveit2_interface/dual_panda_moveit2_interface/srv/detail/detach_object__type_support.c
[0.481s] -- Up-to-date: /home/kptal/humanoid_ws/install/dual_panda_moveit2_interface/include/dual_panda_moveit2_interface/dual_panda_moveit2_interface/srv/detail/spawn_object__rosidl_typesupport_introspection_c.h
[0.481s] -- Up-to-date: /home/kptal/humanoid_ws/install/dual_panda_moveit2_interface/include/dual_panda_moveit2_interface/dual_panda_moveit2_interface/srv/detail/attach_object__type_support.c
[0.481s] -- Up-to-date: /home/kptal/humanoid_ws/install/dual_panda_moveit2_interface/lib/libdual_panda_moveit2_interface__rosidl_typesupport_introspection_c.so
[0.481s] -- Up-to-date: /home/kptal/humanoid_ws/install/dual_panda_moveit2_interface/lib/libdual_panda_moveit2_interface__rosidl_typesupport_c.so
[0.481s] -- Up-to-date: /home/kptal/humanoid_ws/install/dual_panda_moveit2_interface/include/dual_panda_moveit2_interface/dual_panda_moveit2_interface
[0.481s] -- Up-to-date: /home/kptal/humanoid_ws/install/dual_panda_moveit2_interface/include/dual_panda_moveit2_interface/dual_panda_moveit2_interface/msg
[0.481s] -- Up-to-date: /home/kptal/humanoid_ws/install/dual_panda_moveit2_interface/include/dual_panda_moveit2_interface/dual_panda_moveit2_interface/msg/detail
[0.481s] -- Up-to-date: /home/kptal/humanoid_ws/install/dual_panda_moveit2_interface/include/dual_panda_moveit2_interface/dual_panda_moveit2_interface/msg/detail/object_spec__rosidl_typesupport_introspection_cpp.hpp
[0.481s] -- Up-to-date: /home/kptal/humanoid_ws/install/dual_panda_moveit2_interface/include/dual_panda_moveit2_interface/dual_panda_moveit2_interface/msg/detail/spawn_batch__type_support.cpp
[0.481s] -- Up-to-date: /home/kptal/humanoid_ws/install/dual_panda_moveit2_interface/include/dual_panda_moveit2_interface/dual_panda_moveit2_interface/msg/detail/robot_pose__rosidl_typesupport_introspection_cpp.hpp
[0.481s] -- Up-to-date: /home/kptal/humanoid_ws/install/dual_panda_moveit2_interface/include/dual_panda_moveit2_interface/dual_panda_moveit2_interface/msg/detail/spawn_batch__rosidl_typesupport_introspection_cpp.hpp
[0.481s] -- Up-to-date: /home/kptal/humanoid_ws/install/dual_panda_moveit2_interface/include/dual_panda_moveit2_interface/dual_panda_moveit2_interface/msg/detail/object_spec__type_support.cpp
[0.481s] -- Up-to-date: /home/kptal/humanoid_ws/install/dual_panda_moveit2_interface/include/dual_panda_moveit2_interface/dual_panda_moveit2_interface/msg/detail/robot_pose__type_support.cpp
[0.481s] -- Up-to-date: /home/kptal/humanoid_ws/install/dual_panda_moveit2_interface/include/dual_panda_moveit2_interface/dual_panda_moveit2_interface/action
[0.481s] -- Up-to-date: /home/kptal/humanoid_ws/install/dual_panda_moveit2_interface/include/dual_panda_moveit2_interface/dual_panda_moveit2_interface/action/detail
[0.481s] -- Up-to-date: /home/kptal/humanoid_ws/install/dual_panda_moveit2_interface/include/dual_panda_moveit2_interface/dual_panda_moveit2_interface/action/detail/move__rosidl_typesupport_introspection_cpp.hpp
[0.481s] -- Up-to-date: /home/kptal/humanoid_ws/install/dual_panda_moveit2_interface/include/dual_panda_moveit2_interface/dual_panda_moveit2_interface/action/detail/move__type_support.cpp
[0.481s] -- Up-to-date: /home/kptal/humanoid_ws/install/dual_panda_moveit2_interface/include/dual_panda_moveit2_interface/dual_panda_moveit2_interface/srv
[0.481s] -- Up-to-date: /home/kptal/humanoid_ws/install/dual_panda_moveit2_interface/include/dual_panda_moveit2_interface/dual_panda_moveit2_interface/srv/detail
[0.481s] -- Up-to-date: /home/kptal/humanoid_ws/install/dual_panda_moveit2_interface/include/dual_panda_moveit2_interface/dual_panda_moveit2_interface/srv/detail/spawn_object__rosidl_typesupport_introspection_cpp.hpp
[0.481s] -- Up-to-date: /home/kptal/humanoid_ws/install/dual_panda_moveit2_interface/include/dual_panda_moveit2_interface/dual_panda_moveit2_interface/srv/detail/attach_object__rosidl_typesupport_introspection_cpp.hpp
[0.481s] -- Up-to-date: /home/kptal/humanoid_ws/install/dual_panda_moveit2_interface/include/dual_panda_moveit2_interface/dual_panda_moveit2_interface/srv/detail/gripper_control__type_support.cpp
[0.481s] -- Up-to-date: /home/kptal/humanoid_ws/install/dual_panda_moveit2_interface/include/dual_panda_moveit2_interface/dual_panda_moveit2_interface/srv/detail/detach_object__rosidl_typesupport_introspection_cpp.hpp
[0.481s] -- Up-to-date: /home/kptal/humanoid_ws/install/dual_panda_moveit2_interface/include/dual_panda_moveit2_interface/dual_panda_moveit2_interface/srv/detail/spawn_object__type_support.cpp
[0.481s] -- Up-to-date: /home/kptal/humanoid_ws/install/dual_panda_moveit2_interface/include/dual_panda_moveit2_interface/dual_panda_moveit2_interface/srv/detail/attach_object__type_support.cpp
[0.481s] -- Up-to-date: /home/kptal/humanoid_ws/install/dual_panda_moveit2_interface/include/dual_panda_moveit2_interface/dual_panda_moveit2_interface/srv/detail/detach_object__type_support.cpp
[0.482s] -- Up-to-date: /home/kptal/humanoid_ws/install/dual_panda_moveit2_interface/include/dual_panda_moveit2_interface/dual_panda_moveit2_interface/srv/detail/remove_object__type_support.cpp
[0.482s] -- Up-to-date: /home/kptal/humanoid_ws/install/dual_panda_moveit2_interface/include/dual_panda_moveit2_interface/dual_panda_moveit2_interface/srv/detail/gripper_control__rosidl_typesupport_introspection_cpp.hpp
[0.482s] -- Up-to-date: /home/kptal/humanoid_ws/install/dual_panda_moveit2_interface/include/dual_panda_moveit2_interface/dual_panda_moveit2_interface/srv/detail/remove_object__rosidl_typesupport_introspection_cpp.hpp
[0.482s] -- Up-to-date: /home/kptal/humanoid_ws/install/dual_panda_moveit2_interface/lib/libdual_panda_moveit2_interface__rosidl_typesupport_introspection_cpp.so
[0.482s] -- Up-to-date: /home/kptal/humanoid_ws/install/dual_panda_moveit2_interface/lib/libdual_panda_moveit2_interface__rosidl_typesupport_cpp.so
[0.482s] -- Up-to-date: /home/kptal/humanoid_ws/install/dual_panda_moveit2_interface/share/dual_panda_moveit2_interface/environment/pythonpath.sh
[0.482s] -- Up-to-date: /home/kptal/humanoid_ws/install/dual_panda_moveit2_interface/share/dual_panda_moveit2_interface/environment/pythonpath.dsv
[0.482s] -- Up-to-date: /home/kptal/humanoid_ws/install/dual_panda_moveit2_interface/local/lib/python3.10/dist-packages/dual_panda_moveit2_interface-0.0.0-py3.10.egg-info
[0.482s] -- Installing: /home/kptal/humanoid_ws/install/dual_panda_moveit2_interface/local/lib/python3.10/dist-packages/dual_panda_moveit2_interface-0.0.0-py3.10.egg-info/SOURCES.txt
[0.482s] -- Installing: /home/kptal/humanoid_ws/install/dual_panda_moveit2_interface/local/lib/python3.10/dist-packages/dual_panda_moveit2_interface-0.0.0-py3.10.egg-info/PKG-INFO
[0.482s] -- Installing: /home/kptal/humanoid_ws/install/dual_panda_moveit2_interface/local/lib/python3.10/dist-packages/dual_panda_moveit2_interface-0.0.0-py3.10.egg-info/dependency_links.txt
[0.482s] -- Installing: /home/kptal/humanoid_ws/install/dual_panda_moveit2_interface/local/lib/python3.10/dist-packages/dual_panda_moveit2_interface-0.0.0-py3.10.egg-info/top_level.txt
[0.482s] -- Up-to-date: /home/kptal/humanoid_ws/install/dual_panda_moveit2_interface/local/lib/python3.10/dist-packages/dual_panda_moveit2_interface
[0.482s] -- Up-to-date: /home/kptal/humanoid_ws/install/dual_panda_moveit2_interface/local/lib/python3.10/dist-packages/dual_panda_moveit2_interface/msg
[0.482s] -- Up-to-date: /home/kptal/humanoid_ws/install/dual_panda_moveit2_interface/local/lib/python3.10/dist-packages/dual_panda_moveit2_interface/msg/_object_spec.py
[0.482s] -- Up-to-date: /home/kptal/humanoid_ws/install/dual_panda_moveit2_interface/local/lib/python3.10/dist-packages/dual_panda_moveit2_interface/msg/_robot_pose.py
[0.482s] -- Up-to-date: /home/kptal/humanoid_ws/install/dual_panda_moveit2_interface/local/lib/python3.10/dist-packages/dual_panda_moveit2_interface/msg/_robot_pose_s.c
[0.482s] -- Up-to-date: /home/kptal/humanoid_ws/install/dual_panda_moveit2_interface/local/lib/python3.10/dist-packages/dual_panda_moveit2_interface/msg/_object_spec_s.c
[0.482s] -- Up-to-date: /home/kptal/humanoid_ws/install/dual_panda_moveit2_interface/local/lib/python3.10/dist-packages/dual_panda_moveit2_interface/msg/_spawn_batch_s.c
[0.482s] -- Up-to-date: /home/kptal/humanoid_ws/install/dual_panda_moveit2_interface/local/lib/python3.10/dist-packages/dual_panda_moveit2_interface/msg/__init__.py
[0.482s] -- Up-to-date: /home/kptal/humanoid_ws/install/dual_panda_moveit2_interface/local/lib/python3.10/dist-packages/dual_panda_moveit2_interface/msg/_spawn_batch.py
[0.482s] -- Up-to-date: /home/kptal/humanoid_ws/install/dual_panda_moveit2_interface/local/lib/python3.10/dist-packages/dual_panda_moveit2_interface/_dual_panda_moveit2_interface_s.ep.rosidl_typesupport_c.c
[0.482s] -- Up-to-date: /home/kptal/humanoid_ws/install/dual_panda_moveit2_interface/local/lib/python3.10/dist-packages/dual_panda_moveit2_interface/_dual_panda_moveit2_interface_s.ep.rosidl_typesupport_fastrtps_c.c
[0.482s] -- Up-to-date: /home/kptal/humanoid_ws/install/dual_panda_moveit2_interface/local/lib/python3.10/dist-packages/dual_panda_moveit2_interface/_dual_panda_moveit2_interface_s.ep.rosidl_typesupport_introspection_c.c
[0.482s] -- Up-to-date: /home/kptal/humanoid_ws/install/dual_panda_moveit2_interface/local/lib/python3.10/dist-packages/dual_panda_moveit2_interface/dual_panda_moveit2_interface_s__rosidl_typesupport_c.cpython-310-x86_64-linux-gnu.so
[0.482s] -- Up-to-date: /home/kptal/humanoid_ws/install/dual_panda_moveit2_interface/local/lib/python3.10/dist-packages/dual_panda_moveit2_interface/dual_panda_moveit2_interface_s__rosidl_typesupport_fastrtps_c.cpython-310-x86_64-linux-gnu.so
[0.482s] -- Up-to-date: /home/kptal/humanoid_ws/install/dual_panda_moveit2_interface/local/lib/python3.10/dist-packages/dual_panda_moveit2_interface/dual_panda_moveit2_interface_s__rosidl_typesupport_introspection_c.cpython-310-x86_64-linux-gnu.so
[0.482s] -- Up-to-date: /home/kptal/humanoid_ws/install/dual_panda_moveit2_interface/local/lib/python3.10/dist-packages/dual_panda_moveit2_interface/action
[0.482s] -- Up-to-date: /home/kptal/humanoid_ws/install/dual_panda_moveit2_interface/local/lib/python3.10/dist-packages/dual_panda_moveit2_interface/action/_move.py
[0.482s] -- Up-to-date: /home/kptal/humanoid_ws/install/dual_panda_moveit2_interface/local/lib/python3.10/dist-packages/dual_panda_moveit2_interface/action/_move_s.c
[0.482s] -- Up-to-date: /home/kptal/humanoid_ws/install/dual_panda_moveit2_interface/local/lib/python3.10/dist-packages/dual_panda_moveit2_interface/action/__init__.py
[0.482s] -- Up-to-date: /home/kptal/humanoid_ws/install/dual_panda_moveit2_interface/local/lib/python3.10/dist-packages/dual_panda_moveit2_interface/libdual_panda_moveit2_interface__rosidl_generator_py.so
[0.483s] -- Up-to-date: /home/kptal/humanoid_ws/install/dual_panda_moveit2_interface/local/lib/python3.10/dist-packages/dual_panda_moveit2_interface/srv
[0.483s] -- Up-to-date: /home/kptal/humanoid_ws/install/dual_panda_moveit2_interface/local/lib/python3.10/dist-packages/dual_panda_moveit2_interface/srv/_attach_object.py
[0.483s] -- Up-to-date: /home/kptal/humanoid_ws/install/dual_panda_moveit2_interface/local/lib/python3.10/dist-packages/dual_panda_moveit2_interface/srv/_spawn_object.py
[0.483s] -- Up-to-date: /home/kptal/humanoid_ws/install/dual_panda_moveit2_interface/local/lib/python3.10/dist-packages/dual_panda_moveit2_interface/srv/_gripper_control_s.c
[0.483s] -- Up-to-date: /home/kptal/humanoid_ws/install/dual_panda_moveit2_interface/local/lib/python3.10/dist-packages/dual_panda_moveit2_interface/srv/_spawn_object_s.c
[0.483s] -- Up-to-date: /home/kptal/humanoid_ws/install/dual_panda_moveit2_interface/local/lib/python3.10/dist-packages/dual_panda_moveit2_interface/srv/_detach_object.py
[0.483s] -- Up-to-date: /home/kptal/humanoid_ws/install/dual_panda_moveit2_interface/local/lib/python3.10/dist-packages/dual_panda_moveit2_interface/srv/_remove_object_s.c
[0.483s] -- Up-to-date: /home/kptal/humanoid_ws/install/dual_panda_moveit2_interface/local/lib/python3.10/dist-packages/dual_panda_moveit2_interface/srv/_attach_object_s.c
[0.483s] -- Up-to-date: /home/kptal/humanoid_ws/install/dual_panda_moveit2_interface/local/lib/python3.10/dist-packages/dual_panda_moveit2_interface/srv/_gripper_control.py
[0.483s] -- Up-to-date: /home/kptal/humanoid_ws/install/dual_panda_moveit2_interface/local/lib/python3.10/dist-packages/dual_panda_moveit2_interface/srv/_detach_object_s.c
[0.483s] -- Up-to-date: /home/kptal/humanoid_ws/install/dual_panda_moveit2_interface/local/lib/python3.10/dist-packages/dual_panda_moveit2_interface/srv/_remove_object.py
[0.483s] -- Up-to-date: /home/kptal/humanoid_ws/install/dual_panda_moveit2_interface/local/lib/python3.10/dist-packages/dual_panda_moveit2_interface/srv/__init__.py
[0.483s] -- Up-to-date: /home/kptal/humanoid_ws/install/dual_panda_moveit2_interface/local/lib/python3.10/dist-packages/dual_panda_moveit2_interface/__init__.py
[0.529s] Listing '/home/kptal/humanoid_ws/install/dual_panda_moveit2_interface/local/lib/python3.10/dist-packages/dual_panda_moveit2_interface'...
[0.529s] Listing '/home/kptal/humanoid_ws/install/dual_panda_moveit2_interface/local/lib/python3.10/dist-packages/dual_panda_moveit2_interface/action'...
[0.529s] Listing '/home/kptal/humanoid_ws/install/dual_panda_moveit2_interface/local/lib/python3.10/dist-packages/dual_panda_moveit2_interface/msg'...
[0.529s] Listing '/home/kptal/humanoid_ws/install/dual_panda_moveit2_interface/local/lib/python3.10/dist-packages/dual_panda_moveit2_interface/srv'...
[0.535s] -- Up-to-date: /home/kptal/humanoid_ws/install/dual_panda_moveit2_interface/local/lib/python3.10/dist-packages/dual_panda_moveit2_interface/dual_panda_moveit2_interface_s__rosidl_typesupport_fastrtps_c.cpython-310-x86_64-linux-gnu.so
[0.535s] -- Up-to-date: /home/kptal/humanoid_ws/install/dual_panda_moveit2_interface/local/lib/python3.10/dist-packages/dual_panda_moveit2_interface/dual_panda_moveit2_interface_s__rosidl_typesupport_introspection_c.cpython-310-x86_64-linux-gnu.so
[0.535s] -- Up-to-date: /home/kptal/humanoid_ws/install/dual_panda_moveit2_interface/local/lib/python3.10/dist-packages/dual_panda_moveit2_interface/dual_panda_moveit2_interface_s__rosidl_typesupport_c.cpython-310-x86_64-linux-gnu.so
[0.536s] -- Up-to-date: /home/kptal/humanoid_ws/install/dual_panda_moveit2_interface/lib/libdual_panda_moveit2_interface__rosidl_generator_py.so
[0.536s] -- Up-to-date: /home/kptal/humanoid_ws/install/dual_panda_moveit2_interface/share/dual_panda_moveit2_interface/msg/ObjectSpec.idl
[0.536s] -- Up-to-date: /home/kptal/humanoid_ws/install/dual_panda_moveit2_interface/share/dual_panda_moveit2_interface/msg/RobotPose.idl
[0.536s] -- Up-to-date: /home/kptal/humanoid_ws/install/dual_panda_moveit2_interface/share/dual_panda_moveit2_interface/msg/SpawnBatch.idl
[0.536s] -- Up-to-date: /home/kptal/humanoid_ws/install/dual_panda_moveit2_interface/share/dual_panda_moveit2_interface/action/Move.idl
[0.536s] -- Up-to-date: /home/kptal/humanoid_ws/install/dual_panda_moveit2_interface/share/dual_panda_moveit2_interface/srv/GripperControl.idl
[0.536s] -- Up-to-date: /home/kptal/humanoid_ws/install/dual_panda_moveit2_interface/share/dual_panda_moveit2_interface/srv/SpawnObject.idl
[0.536s] -- Up-to-date: /home/kptal/humanoid_ws/install/dual_panda_moveit2_interface/share/dual_panda_moveit2_interface/srv/RemoveObject.idl
[0.536s] -- Up-to-date: /home/kptal/humanoid_ws/install/dual_panda_moveit2_interface/share/dual_panda_moveit2_interface/srv/AttachObject.idl
[0.536s] -- Up-to-date: /home/kptal/humanoid_ws/install/dual_panda_moveit2_interface/share/dual_panda_moveit2_interface/srv/DetachObject.idl
[0.537s] -- Up-to-date: /home/kptal/humanoid_ws/install/dual_panda_moveit2_interface/share/dual_panda_moveit2_interface/msg/ObjectSpec.msg
[0.537s] -- Up-to-date: /home/kptal/humanoid_ws/install/dual_panda_moveit2_interface/share/dual_panda_moveit2_interface/msg/RobotPose.msg
[0.537s] -- Up-to-date: /home/kptal/humanoid_ws/install/dual_panda_moveit2_interface/share/dual_panda_moveit2_interface/msg/SpawnBatch.msg
[0.537s] -- Up-to-date: /home/kptal/humanoid_ws/install/dual_panda_moveit2_interface/share/dual_panda_moveit2_interface/action/Move.action
[0.537s] -- Up-to-date: /home/kptal/humanoid_ws/install/dual_panda_moveit2_interface/share/dual_panda_moveit2_interface/srv/GripperControl.srv
[0.537s] -- Up-to-date: /home/kptal/humanoid_ws/install/dual_panda_moveit2_interface/share/dual_panda_moveit2_interface/srv/GripperControl_Request.msg
[0.537s] -- Up-to-date: /home/kptal/humanoid_ws/install/dual_panda_moveit2_interface/share/dual_panda_moveit2_interface/srv/GripperControl_Response.msg
[0.537s] -- Up-to-date: /home/kptal/humanoid_ws/install/dual_panda_moveit2_interface/share/dual_panda_moveit2_interface/srv/SpawnObject.srv
[0.537s] -- Up-to-date: /home/kptal/humanoid_ws/install/dual_panda_moveit2_interface/share/dual_panda_moveit2_interface/srv/SpawnObject_Request.msg
[0.537s] -- Up-to-date: /home/kptal/humanoid_ws/install/dual_panda_moveit2_interface/share/dual_panda_moveit2_interface/srv/SpawnObject_Response.msg
[0.537s] -- Up-to-date: /home/kptal/humanoid_ws/install/dual_panda_moveit2_interface/share/dual_panda_moveit2_interface/srv/RemoveObject.srv
[0.537s] -- Up-to-date: /home/kptal/humanoid_ws/install/dual_panda_moveit2_interface/share/dual_panda_moveit2_interface/srv/RemoveObject_Request.msg
[0.537s] -- Up-to-date: /home/kptal/humanoid_ws/install/dual_panda_moveit2_interface/share/dual_panda_moveit2_interface/srv/RemoveObject_Response.msg
[0.538s] -- Up-to-date: /home/kptal/humanoid_ws/install/dual_panda_moveit2_interface/share/dual_panda_moveit2_interface/srv/AttachObject.srv
[0.538s] -- Up-to-date: /home/kptal/humanoid_ws/install/dual_panda_moveit2_interface/share/dual_panda_moveit2_interface/srv/AttachObject_Request.msg
[0.538s] -- Up-to-date: /home/kptal/humanoid_ws/install/dual_panda_moveit2_interface/share/dual_panda_moveit2_interface/srv/AttachObject_Response.msg
[0.538s] -- Up-to-date: /home/kptal/humanoid_ws/install/dual_panda_moveit2_interface/share/dual_panda_moveit2_interface/srv/DetachObject.srv
[0.538s] -- Up-to-date: /home/kptal/humanoid_ws/install/dual_panda_moveit2_interface/share/dual_panda_moveit2_interface/srv/DetachObject_Request.msg
[0.538s] -- Up-to-date: /home/kptal/humanoid_ws/install/dual_panda_moveit2_interface/share/dual_panda_moveit2_interface/srv/DetachObject_Response.msg
[0.538s] -- Up-to-date: /home/kptal/humanoid_ws/install/dual_panda_moveit2_interface/share/ament_index/resource_index/package_run_dependencies/dual_panda_moveit2_interface
[0.538s] -- Up-to-date: /home/kptal/humanoid_ws/install/dual_panda_moveit2_interface/share/ament_index/resource_index/parent_prefix_path/dual_panda_moveit2_interface
[0.538s] -- Up-to-date: /home/kptal/humanoid_ws/install/dual_panda_moveit2_interface/share/dual_panda_moveit2_interface/environment/ament_prefix_path.sh
[0.538s] -- Up-to-date: /home/kptal/humanoid_ws/install/dual_panda_moveit2_interface/share/dual_panda_moveit2_interface/environment/ament_prefix_path.dsv
[0.538s] -- Up-to-date: /home/kptal/humanoid_ws/install/dual_panda_moveit2_interface/share/dual_panda_moveit2_interface/environment/path.sh
[0.538s] -- Up-to-date: /home/kptal/humanoid_ws/install/dual_panda_moveit2_interface/share/dual_panda_moveit2_interface/environment/path.dsv
[0.538s] -- Up-to-date: /home/kptal/humanoid_ws/install/dual_panda_moveit2_interface/share/dual_panda_moveit2_interface/local_setup.bash
[0.538s] -- Up-to-date: /home/kptal/humanoid_ws/install/dual_panda_moveit2_interface/share/dual_panda_moveit2_interface/local_setup.sh
[0.538s] -- Up-to-date: /home/kptal/humanoid_ws/install/dual_panda_moveit2_interface/share/dual_panda_moveit2_interface/local_setup.zsh
[0.538s] -- Up-to-date: /home/kptal/humanoid_ws/install/dual_panda_moveit2_interface/share/dual_panda_moveit2_interface/local_setup.dsv
[0.539s] -- Installing: /home/kptal/humanoid_ws/install/dual_panda_moveit2_interface/share/dual_panda_moveit2_interface/package.dsv
[0.539s] -- Up-to-date: /home/kptal/humanoid_ws/install/dual_panda_moveit2_interface/share/ament_index/resource_index/packages/dual_panda_moveit2_interface
[0.539s] -- Up-to-date: /home/kptal/humanoid_ws/install/dual_panda_moveit2_interface/share/dual_panda_moveit2_interface/cmake/export_dual_panda_moveit2_interface__rosidl_generator_cExport.cmake
[0.539s] -- Up-to-date: /home/kptal/humanoid_ws/install/dual_panda_moveit2_interface/share/dual_panda_moveit2_interface/cmake/export_dual_panda_moveit2_interface__rosidl_generator_cExport-noconfig.cmake
[0.539s] -- Up-to-date: /home/kptal/humanoid_ws/install/dual_panda_moveit2_interface/share/dual_panda_moveit2_interface/cmake/export_dual_panda_moveit2_interface__rosidl_typesupport_fastrtps_cExport.cmake
[0.539s] -- Up-to-date: /home/kptal/humanoid_ws/install/dual_panda_moveit2_interface/share/dual_panda_moveit2_interface/cmake/export_dual_panda_moveit2_interface__rosidl_typesupport_fastrtps_cExport-noconfig.cmake
[0.539s] -- Up-to-date: /home/kptal/humanoid_ws/install/dual_panda_moveit2_interface/share/dual_panda_moveit2_interface/cmake/export_dual_panda_moveit2_interface__rosidl_generator_cppExport.cmake
[0.539s] -- Up-to-date: /home/kptal/humanoid_ws/install/dual_panda_moveit2_interface/share/dual_panda_moveit2_interface/cmake/export_dual_panda_moveit2_interface__rosidl_typesupport_fastrtps_cppExport.cmake
[0.539s] -- Up-to-date: /home/kptal/humanoid_ws/install/dual_panda_moveit2_interface/share/dual_panda_moveit2_interface/cmake/export_dual_panda_moveit2_interface__rosidl_typesupport_fastrtps_cppExport-noconfig.cmake
[0.539s] -- Up-to-date: /home/kptal/humanoid_ws/install/dual_panda_moveit2_interface/share/dual_panda_moveit2_interface/cmake/dual_panda_moveit2_interface__rosidl_typesupport_introspection_cExport.cmake
[0.539s] -- Up-to-date: /home/kptal/humanoid_ws/install/dual_panda_moveit2_interface/share/dual_panda_moveit2_interface/cmake/dual_panda_moveit2_interface__rosidl_typesupport_introspection_cExport-noconfig.cmake
[0.539s] -- Up-to-date: /home/kptal/humanoid_ws/install/dual_panda_moveit2_interface/share/dual_panda_moveit2_interface/cmake/dual_panda_moveit2_interface__rosidl_typesupport_cExport.cmake
[0.539s] -- Up-to-date: /home/kptal/humanoid_ws/install/dual_panda_moveit2_interface/share/dual_panda_moveit2_interface/cmake/dual_panda_moveit2_interface__rosidl_typesupport_cExport-noconfig.cmake
[0.539s] -- Up-to-date: /home/kptal/humanoid_ws/install/dual_panda_moveit2_interface/share/dual_panda_moveit2_interface/cmake/dual_panda_moveit2_interface__rosidl_typesupport_introspection_cppExport.cmake
[0.540s] -- Up-to-date: /home/kptal/humanoid_ws/install/dual_panda_moveit2_interface/share/dual_panda_moveit2_interface/cmake/dual_panda_moveit2_interface__rosidl_typesupport_introspection_cppExport-noconfig.cmake
[0.540s] -- Up-to-date: /home/kptal/humanoid_ws/install/dual_panda_moveit2_interface/share/dual_panda_moveit2_interface/cmake/dual_panda_moveit2_interface__rosidl_typesupport_cppExport.cmake
[0.540s] -- Up-to-date: /home/kptal/humanoid_ws/install/dual_panda_moveit2_interface/share/dual_panda_moveit2_interface/cmake/dual_panda_moveit2_interface__rosidl_typesupport_cppExport-noconfig.cmake
[0.540s] -- Up-to-date: /home/kptal/humanoid_ws/install/dual_panda_moveit2_interface/share/dual_panda_moveit2_interface/cmake/export_dual_panda_moveit2_interface__rosidl_generator_pyExport.cmake
[0.540s] -- Up-to-date: /home/kptal/humanoid_ws/install/dual_panda_moveit2_interface/share/dual_panda_moveit2_interface/cmake/export_dual_panda_moveit2_interface__rosidl_generator_pyExport-noconfig.cmake
[0.540s] -- Up-to-date: /home/kptal/humanoid_ws/install/dual_panda_moveit2_interface/share/dual_panda_moveit2_interface/cmake/rosidl_cmake-extras.cmake
[0.540s] -- Up-to-date: /home/kptal/humanoid_ws/install/dual_panda_moveit2_interface/share/dual_panda_moveit2_interface/cmake/ament_cmake_export_dependencies-extras.cmake
[0.540s] -- Up-to-date: /home/kptal/humanoid_ws/install/dual_panda_moveit2_interface/share/dual_panda_moveit2_interface/cmake/ament_cmake_export_include_directories-extras.cmake
[0.540s] -- Up-to-date: /home/kptal/humanoid_ws/install/dual_panda_moveit2_interface/share/dual_panda_moveit2_interface/cmake/ament_cmake_export_libraries-extras.cmake
[0.540s] -- Up-to-date: /home/kptal/humanoid_ws/install/dual_panda_moveit2_interface/share/dual_panda_moveit2_interface/cmake/ament_cmake_export_targets-extras.cmake
[0.540s] -- Up-to-date: /home/kptal/humanoid_ws/install/dual_panda_moveit2_interface/share/dual_panda_moveit2_interface/cmake/rosidl_cmake_export_typesupport_targets-extras.cmake
[0.540s] -- Up-to-date: /home/kptal/humanoid_ws/install/dual_panda_moveit2_interface/share/dual_panda_moveit2_interface/cmake/rosidl_cmake_export_typesupport_libraries-extras.cmake
[0.540s] -- Up-to-date: /home/kptal/humanoid_ws/install/dual_panda_moveit2_interface/share/dual_panda_moveit2_interface/cmake/dual_panda_moveit2_interfaceConfig.cmake
[0.540s] -- Up-to-date: /home/kptal/humanoid_ws/install/dual_panda_moveit2_interface/share/dual_panda_moveit2_interface/cmake/dual_panda_moveit2_interfaceConfig-version.cmake
[0.540s] -- Up-to-date: /home/kptal/humanoid_ws/install/dual_panda_moveit2_interface/share/dual_panda_moveit2_interface/package.xml
[0.543s] Invoked command in '/home/kptal/humanoid_ws/build/dual_panda_moveit2_interface' returned '0': CMAKE_PREFIX_PATH=${CMAKE_PREFIX_PATH}:/home/kptal/humanoid_ws/install/moveit_configs_utils:/home/kptal/humanoid_ws/install/launch_param_builder:/home/kptal/humanoid_ws/install/ik_pick_place:/home/kptal/humanoid_ws/install/half_humanoid_control_actions:/home/kptal/humanoid_ws/install/dynamixel_test_utils:/home/kptal/ws_moveit2/install/moveit_configs_utils:/home/kptal/ws_moveit2/install/launch_param_builder:/opt/ros/humble /usr/bin/cmake --install /home/kptal/humanoid_ws/build/dual_panda_moveit2_interface
