[0.084s] Invoking command in '/home/kptal/humanoid_ws/build/pilz_industrial_motion_planner': AMENT_PREFIX_PATH=/home/kptal/humanoid_ws/install/moveit_resources_prbt_pg70_support:/home/kptal/humanoid_ws/install/moveit_ros_planning_interface:/home/kptal/humanoid_ws/install/moveit_resources_prbt_moveit_config:/home/kptal/humanoid_ws/install/moveit_ros_move_group:/home/kptal/humanoid_ws/install/moveit_ros_warehouse:/home/kptal/humanoid_ws/install/moveit_planners_ompl:/home/kptal/humanoid_ws/install/moveit_kinematics:/home/kptal/humanoid_ws/install/moveit_ros_planning:/home/kptal/humanoid_ws/install/pilz_industrial_motion_planner_testutils:/home/kptal/humanoid_ws/install/moveit_simple_controller_manager:/home/kptal/humanoid_ws/install/moveit_ros_occupancy_map_monitor:/home/kptal/humanoid_ws/install/moveit_resources_prbt_ikfast_manipulator_plugin:/home/kptal/humanoid_ws/install/moveit_core:/home/kptal/humanoid_ws/install/moveit_configs_utils:/home/kptal/humanoid_ws/install/moveit_resources_prbt_support:/home/kptal/humanoid_ws/install/moveit_common:/home/kptal/humanoid_ws/install/launch_param_builder:${AMENT_PREFIX_PATH} CMAKE_PREFIX_PATH=/home/kptal/humanoid_ws/install/moveit_resources_prbt_pg70_support:/home/kptal/humanoid_ws/install/moveit_ros_planning_interface:/home/kptal/humanoid_ws/install/moveit_resources_prbt_moveit_config:/home/kptal/humanoid_ws/install/moveit_ros_move_group:/home/kptal/humanoid_ws/install/moveit_ros_warehouse:/home/kptal/humanoid_ws/install/moveit_planners_ompl:/home/kptal/humanoid_ws/install/moveit_kinematics:/home/kptal/humanoid_ws/install/moveit_ros_planning:/home/kptal/humanoid_ws/install/pilz_industrial_motion_planner_testutils:/home/kptal/humanoid_ws/install/moveit_simple_controller_manager:/home/kptal/humanoid_ws/install/moveit_ros_occupancy_map_monitor:/home/kptal/humanoid_ws/install/moveit_resources_prbt_ikfast_manipulator_plugin:/home/kptal/humanoid_ws/install/moveit_core:/home/kptal/humanoid_ws/install/srdfdom:/home/kptal/humanoid_ws/install/moveit_resources_prbt_support:/home/kptal/humanoid_ws/install/moveit_common:/home/kptal/ws_moveit2/install/pilz_industrial_motion_planner_testutils:/home/kptal/ws_moveit2/install/moveit_runtime:/home/kptal/ws_moveit2/install/moveit2_tutorials:/home/kptal/ws_moveit2/install/moveit:/home/kptal/ws_moveit2/install/moveit_planners:/home/kptal/ws_moveit2/install/pilz_industrial_motion_planner:/home/kptal/ws_moveit2/install/moveit_visual_tools:/home/kptal/ws_moveit2/install/moveit_task_constructor_visualization:/home/kptal/ws_moveit2/install/moveit_task_constructor_demo:/home/kptal/ws_moveit2/install/moveit_task_constructor_capabilities:/home/kptal/ws_moveit2/install/moveit_task_constructor_core:/home/kptal/ws_moveit2/install/moveit_ros_control_interface:/home/kptal/ws_moveit2/install/moveit_plugins:/home/kptal/ws_moveit2/install/moveit_simple_controller_manager:/home/kptal/ws_moveit2/install/moveit_setup_assistant:/home/kptal/ws_moveit2/install/moveit_setup_srdf_plugins:/home/kptal/ws_moveit2/install/moveit_setup_core_plugins:/home/kptal/ws_moveit2/install/moveit_setup_controllers:/home/kptal/ws_moveit2/install/moveit_setup_app_plugins:/home/kptal/ws_moveit2/install/moveit_setup_framework:/home/kptal/ws_moveit2/install/moveit_servo:/home/kptal/ws_moveit2/install/moveit_ros:/home/kptal/ws_moveit2/install/moveit_ros_visualization:/home/kptal/ws_moveit2/install/moveit_hybrid_planning:/home/kptal/ws_moveit2/install/moveit_ros_planning_interface:/home/kptal/ws_moveit2/install/moveit_ros_benchmarks:/home/kptal/ws_moveit2/install/moveit_ros_warehouse:/home/kptal/ws_moveit2/install/moveit_ros_robot_interaction:/home/kptal/ws_moveit2/install/moveit_ros_perception:/home/kptal/ws_moveit2/install/moveit_resources_prbt_pg70_support:/home/kptal/ws_moveit2/install/moveit_resources_prbt_moveit_config:/home/kptal/ws_moveit2/install/moveit_ros_move_group:/home/kptal/ws_moveit2/install/moveit_planners_ompl:/home/kptal/ws_moveit2/install/moveit_ros_planning:/home/kptal/ws_moveit2/install/moveit_ros_occupancy_map_monitor:/home/kptal/ws_moveit2/install/moveit_resources_prbt_ikfast_manipulator_plugin:/home/kptal/ws_moveit2/install/moveit_planners_chomp:/home/kptal/ws_moveit2/install/moveit_kinematics:/home/kptal/ws_moveit2/install/moveit_chomp_optimizer_adapter:/home/kptal/ws_moveit2/install/chomp_motion_planner:/home/kptal/ws_moveit2/install/moveit_core:/home/kptal/ws_moveit2/install/srdfdom:/home/kptal/ws_moveit2/install/rviz_marker_tools:/home/kptal/ws_moveit2/install/rosparam_shortcuts:/home/kptal/ws_moveit2/install/moveit_task_constructor_msgs:/home/kptal/ws_moveit2/install/moveit_resources_prbt_support:/home/kptal/ws_moveit2/install/moveit_resources:/home/kptal/ws_moveit2/install/moveit_resources_pr2_description:/home/kptal/ws_moveit2/install/moveit_resources_panda_moveit_config:/home/kptal/ws_moveit2/install/moveit_resources_panda_description:/home/kptal/ws_moveit2/install/moveit_resources_fanuc_moveit_config:/home/kptal/ws_moveit2/install/moveit_resources_fanuc_description:/home/kptal/ws_moveit2/install/moveit_common:/home/kptal/ws_moveit2/install/moveit_configs_utils:/home/kptal/ws_moveit2/install/launch_param_builder:/opt/ros/humble LD_LIBRARY_PATH=/home/kptal/humanoid_ws/install/moveit_ros_planning_interface/lib:/home/kptal/humanoid_ws/install/moveit_ros_move_group/lib:/home/kptal/humanoid_ws/install/moveit_ros_warehouse/lib:/home/kptal/humanoid_ws/install/moveit_planners_ompl/lib:/home/kptal/humanoid_ws/install/moveit_kinematics/lib:/home/kptal/humanoid_ws/install/moveit_ros_planning/lib:/home/kptal/humanoid_ws/install/pilz_industrial_motion_planner_testutils/lib:/home/kptal/humanoid_ws/install/moveit_simple_controller_manager/lib:/home/kptal/humanoid_ws/install/moveit_ros_occupancy_map_monitor/lib:/home/kptal/humanoid_ws/install/moveit_resources_prbt_ikfast_manipulator_plugin/lib:/home/kptal/humanoid_ws/install/moveit_core/lib:${LD_LIBRARY_PATH} PATH=/home/kptal/humanoid_ws/install/moveit_core/bin:${PATH} PYTHONPATH=/home/kptal/humanoid_ws/install/moveit_configs_utils/lib/python3.10/site-packages:/home/kptal/humanoid_ws/install/launch_param_builder/lib/python3.10/site-packages:${PYTHONPATH} /usr/bin/cmake --build /home/kptal/humanoid_ws/build/pilz_industrial_motion_planner -- -j18 -l18
[0.168s] [  3%] Built target gmock
[0.169s] [  6%] Built target gtest_main
[0.170s] [  8%] Built target gtest
[0.172s] [ 10%] Built target gmock_main
[0.186s] [ 13%] Built target planning_context_loader_base
[0.187s] [ 21%] Built target joint_limits_common
[0.194s] [ 26%] Built target trajectory_generation_common
[0.232s] [ 28%] Built target unittest_joint_limit
[0.234s] [ 31%] Built target pilz_industrial_motion_planner
[0.235s] [ 33%] Built target unittest_joint_limits_container
[0.235s] [ 36%] Built target unittest_joint_limits_validator
[0.239s] [ 40%] Built target unittest_joint_limits_aggregator
[0.239s] [ 40%] Built target unittest_cartesian_limits_aggregator
[0.242s] [ 43%] Built target pilz_industrial_motion_planner_test_utils
[0.250s] [ 48%] Built target planning_context_loader_lin
[0.253s] [ 55%] Built target command_list_manager
[0.253s] [ 56%] Built target planning_context_loader_circ
[0.258s] [ 61%] Built target planning_context_loader_ptp
[0.282s] [ 65%] Built target unittest_velocity_profile_atrap
[0.287s] [ 67%] Built target unittest_pilz_industrial_motion_planner
[0.292s] [ 69%] Built target unittest_get_solver_tip_frame
[0.294s] [ 73%] Built target unittest_trajectory_generator
[0.309s] [ 78%] Built target unittest_trajectory_functions
[0.309s] [ 78%] Built target unittest_planning_context_loaders
[0.314s] [ 80%] Built target unittest_trajectory_generator_ptp
[0.314s] [ 83%] Built target unittest_pilz_industrial_motion_planner_direct
[0.316s] [ 86%] Built target unittest_trajectory_blender_transition_window
[0.317s] [ 89%] Built target unittest_trajectory_generator_lin
[0.317s] [ 91%] Built target unittest_trajectory_generator_circ
[0.323s] [ 93%] Built target unittest_planning_context
[0.323s] [ 97%] Built target sequence_capability
[0.327s] [100%] Built target unittest_trajectory_generator_common
[0.349s] Invoked command in '/home/kptal/humanoid_ws/build/pilz_industrial_motion_planner' returned '0': AMENT_PREFIX_PATH=/home/kptal/humanoid_ws/install/moveit_resources_prbt_pg70_support:/home/kptal/humanoid_ws/install/moveit_ros_planning_interface:/home/kptal/humanoid_ws/install/moveit_resources_prbt_moveit_config:/home/kptal/humanoid_ws/install/moveit_ros_move_group:/home/kptal/humanoid_ws/install/moveit_ros_warehouse:/home/kptal/humanoid_ws/install/moveit_planners_ompl:/home/kptal/humanoid_ws/install/moveit_kinematics:/home/kptal/humanoid_ws/install/moveit_ros_planning:/home/kptal/humanoid_ws/install/pilz_industrial_motion_planner_testutils:/home/kptal/humanoid_ws/install/moveit_simple_controller_manager:/home/kptal/humanoid_ws/install/moveit_ros_occupancy_map_monitor:/home/kptal/humanoid_ws/install/moveit_resources_prbt_ikfast_manipulator_plugin:/home/kptal/humanoid_ws/install/moveit_core:/home/kptal/humanoid_ws/install/moveit_configs_utils:/home/kptal/humanoid_ws/install/moveit_resources_prbt_support:/home/kptal/humanoid_ws/install/moveit_common:/home/kptal/humanoid_ws/install/launch_param_builder:${AMENT_PREFIX_PATH} CMAKE_PREFIX_PATH=/home/kptal/humanoid_ws/install/moveit_resources_prbt_pg70_support:/home/kptal/humanoid_ws/install/moveit_ros_planning_interface:/home/kptal/humanoid_ws/install/moveit_resources_prbt_moveit_config:/home/kptal/humanoid_ws/install/moveit_ros_move_group:/home/kptal/humanoid_ws/install/moveit_ros_warehouse:/home/kptal/humanoid_ws/install/moveit_planners_ompl:/home/kptal/humanoid_ws/install/moveit_kinematics:/home/kptal/humanoid_ws/install/moveit_ros_planning:/home/kptal/humanoid_ws/install/pilz_industrial_motion_planner_testutils:/home/kptal/humanoid_ws/install/moveit_simple_controller_manager:/home/kptal/humanoid_ws/install/moveit_ros_occupancy_map_monitor:/home/kptal/humanoid_ws/install/moveit_resources_prbt_ikfast_manipulator_plugin:/home/kptal/humanoid_ws/install/moveit_core:/home/kptal/humanoid_ws/install/srdfdom:/home/kptal/humanoid_ws/install/moveit_resources_prbt_support:/home/kptal/humanoid_ws/install/moveit_common:/home/kptal/ws_moveit2/install/pilz_industrial_motion_planner_testutils:/home/kptal/ws_moveit2/install/moveit_runtime:/home/kptal/ws_moveit2/install/moveit2_tutorials:/home/kptal/ws_moveit2/install/moveit:/home/kptal/ws_moveit2/install/moveit_planners:/home/kptal/ws_moveit2/install/pilz_industrial_motion_planner:/home/kptal/ws_moveit2/install/moveit_visual_tools:/home/kptal/ws_moveit2/install/moveit_task_constructor_visualization:/home/kptal/ws_moveit2/install/moveit_task_constructor_demo:/home/kptal/ws_moveit2/install/moveit_task_constructor_capabilities:/home/kptal/ws_moveit2/install/moveit_task_constructor_core:/home/kptal/ws_moveit2/install/moveit_ros_control_interface:/home/kptal/ws_moveit2/install/moveit_plugins:/home/kptal/ws_moveit2/install/moveit_simple_controller_manager:/home/kptal/ws_moveit2/install/moveit_setup_assistant:/home/kptal/ws_moveit2/install/moveit_setup_srdf_plugins:/home/kptal/ws_moveit2/install/moveit_setup_core_plugins:/home/kptal/ws_moveit2/install/moveit_setup_controllers:/home/kptal/ws_moveit2/install/moveit_setup_app_plugins:/home/kptal/ws_moveit2/install/moveit_setup_framework:/home/kptal/ws_moveit2/install/moveit_servo:/home/kptal/ws_moveit2/install/moveit_ros:/home/kptal/ws_moveit2/install/moveit_ros_visualization:/home/kptal/ws_moveit2/install/moveit_hybrid_planning:/home/kptal/ws_moveit2/install/moveit_ros_planning_interface:/home/kptal/ws_moveit2/install/moveit_ros_benchmarks:/home/kptal/ws_moveit2/install/moveit_ros_warehouse:/home/kptal/ws_moveit2/install/moveit_ros_robot_interaction:/home/kptal/ws_moveit2/install/moveit_ros_perception:/home/kptal/ws_moveit2/install/moveit_resources_prbt_pg70_support:/home/kptal/ws_moveit2/install/moveit_resources_prbt_moveit_config:/home/kptal/ws_moveit2/install/moveit_ros_move_group:/home/kptal/ws_moveit2/install/moveit_planners_ompl:/home/kptal/ws_moveit2/install/moveit_ros_planning:/home/kptal/ws_moveit2/install/moveit_ros_occupancy_map_monitor:/home/kptal/ws_moveit2/install/moveit_resources_prbt_ikfast_manipulator_plugin:/home/kptal/ws_moveit2/install/moveit_planners_chomp:/home/kptal/ws_moveit2/install/moveit_kinematics:/home/kptal/ws_moveit2/install/moveit_chomp_optimizer_adapter:/home/kptal/ws_moveit2/install/chomp_motion_planner:/home/kptal/ws_moveit2/install/moveit_core:/home/kptal/ws_moveit2/install/srdfdom:/home/kptal/ws_moveit2/install/rviz_marker_tools:/home/kptal/ws_moveit2/install/rosparam_shortcuts:/home/kptal/ws_moveit2/install/moveit_task_constructor_msgs:/home/kptal/ws_moveit2/install/moveit_resources_prbt_support:/home/kptal/ws_moveit2/install/moveit_resources:/home/kptal/ws_moveit2/install/moveit_resources_pr2_description:/home/kptal/ws_moveit2/install/moveit_resources_panda_moveit_config:/home/kptal/ws_moveit2/install/moveit_resources_panda_description:/home/kptal/ws_moveit2/install/moveit_resources_fanuc_moveit_config:/home/kptal/ws_moveit2/install/moveit_resources_fanuc_description:/home/kptal/ws_moveit2/install/moveit_common:/home/kptal/ws_moveit2/install/moveit_configs_utils:/home/kptal/ws_moveit2/install/launch_param_builder:/opt/ros/humble LD_LIBRARY_PATH=/home/kptal/humanoid_ws/install/moveit_ros_planning_interface/lib:/home/kptal/humanoid_ws/install/moveit_ros_move_group/lib:/home/kptal/humanoid_ws/install/moveit_ros_warehouse/lib:/home/kptal/humanoid_ws/install/moveit_planners_ompl/lib:/home/kptal/humanoid_ws/install/moveit_kinematics/lib:/home/kptal/humanoid_ws/install/moveit_ros_planning/lib:/home/kptal/humanoid_ws/install/pilz_industrial_motion_planner_testutils/lib:/home/kptal/humanoid_ws/install/moveit_simple_controller_manager/lib:/home/kptal/humanoid_ws/install/moveit_ros_occupancy_map_monitor/lib:/home/kptal/humanoid_ws/install/moveit_resources_prbt_ikfast_manipulator_plugin/lib:/home/kptal/humanoid_ws/install/moveit_core/lib:${LD_LIBRARY_PATH} PATH=/home/kptal/humanoid_ws/install/moveit_core/bin:${PATH} PYTHONPATH=/home/kptal/humanoid_ws/install/moveit_configs_utils/lib/python3.10/site-packages:/home/kptal/humanoid_ws/install/launch_param_builder/lib/python3.10/site-packages:${PYTHONPATH} /usr/bin/cmake --build /home/kptal/humanoid_ws/build/pilz_industrial_motion_planner -- -j18 -l18
[0.352s] Invoking command in '/home/kptal/humanoid_ws/build/pilz_industrial_motion_planner': AMENT_PREFIX_PATH=/home/kptal/humanoid_ws/install/moveit_resources_prbt_pg70_support:/home/kptal/humanoid_ws/install/moveit_ros_planning_interface:/home/kptal/humanoid_ws/install/moveit_resources_prbt_moveit_config:/home/kptal/humanoid_ws/install/moveit_ros_move_group:/home/kptal/humanoid_ws/install/moveit_ros_warehouse:/home/kptal/humanoid_ws/install/moveit_planners_ompl:/home/kptal/humanoid_ws/install/moveit_kinematics:/home/kptal/humanoid_ws/install/moveit_ros_planning:/home/kptal/humanoid_ws/install/pilz_industrial_motion_planner_testutils:/home/kptal/humanoid_ws/install/moveit_simple_controller_manager:/home/kptal/humanoid_ws/install/moveit_ros_occupancy_map_monitor:/home/kptal/humanoid_ws/install/moveit_resources_prbt_ikfast_manipulator_plugin:/home/kptal/humanoid_ws/install/moveit_core:/home/kptal/humanoid_ws/install/moveit_configs_utils:/home/kptal/humanoid_ws/install/moveit_resources_prbt_support:/home/kptal/humanoid_ws/install/moveit_common:/home/kptal/humanoid_ws/install/launch_param_builder:${AMENT_PREFIX_PATH} CMAKE_PREFIX_PATH=/home/kptal/humanoid_ws/install/moveit_resources_prbt_pg70_support:/home/kptal/humanoid_ws/install/moveit_ros_planning_interface:/home/kptal/humanoid_ws/install/moveit_resources_prbt_moveit_config:/home/kptal/humanoid_ws/install/moveit_ros_move_group:/home/kptal/humanoid_ws/install/moveit_ros_warehouse:/home/kptal/humanoid_ws/install/moveit_planners_ompl:/home/kptal/humanoid_ws/install/moveit_kinematics:/home/kptal/humanoid_ws/install/moveit_ros_planning:/home/kptal/humanoid_ws/install/pilz_industrial_motion_planner_testutils:/home/kptal/humanoid_ws/install/moveit_simple_controller_manager:/home/kptal/humanoid_ws/install/moveit_ros_occupancy_map_monitor:/home/kptal/humanoid_ws/install/moveit_resources_prbt_ikfast_manipulator_plugin:/home/kptal/humanoid_ws/install/moveit_core:/home/kptal/humanoid_ws/install/srdfdom:/home/kptal/humanoid_ws/install/moveit_resources_prbt_support:/home/kptal/humanoid_ws/install/moveit_common:/home/kptal/ws_moveit2/install/pilz_industrial_motion_planner_testutils:/home/kptal/ws_moveit2/install/moveit_runtime:/home/kptal/ws_moveit2/install/moveit2_tutorials:/home/kptal/ws_moveit2/install/moveit:/home/kptal/ws_moveit2/install/moveit_planners:/home/kptal/ws_moveit2/install/pilz_industrial_motion_planner:/home/kptal/ws_moveit2/install/moveit_visual_tools:/home/kptal/ws_moveit2/install/moveit_task_constructor_visualization:/home/kptal/ws_moveit2/install/moveit_task_constructor_demo:/home/kptal/ws_moveit2/install/moveit_task_constructor_capabilities:/home/kptal/ws_moveit2/install/moveit_task_constructor_core:/home/kptal/ws_moveit2/install/moveit_ros_control_interface:/home/kptal/ws_moveit2/install/moveit_plugins:/home/kptal/ws_moveit2/install/moveit_simple_controller_manager:/home/kptal/ws_moveit2/install/moveit_setup_assistant:/home/kptal/ws_moveit2/install/moveit_setup_srdf_plugins:/home/kptal/ws_moveit2/install/moveit_setup_core_plugins:/home/kptal/ws_moveit2/install/moveit_setup_controllers:/home/kptal/ws_moveit2/install/moveit_setup_app_plugins:/home/kptal/ws_moveit2/install/moveit_setup_framework:/home/kptal/ws_moveit2/install/moveit_servo:/home/kptal/ws_moveit2/install/moveit_ros:/home/kptal/ws_moveit2/install/moveit_ros_visualization:/home/kptal/ws_moveit2/install/moveit_hybrid_planning:/home/kptal/ws_moveit2/install/moveit_ros_planning_interface:/home/kptal/ws_moveit2/install/moveit_ros_benchmarks:/home/kptal/ws_moveit2/install/moveit_ros_warehouse:/home/kptal/ws_moveit2/install/moveit_ros_robot_interaction:/home/kptal/ws_moveit2/install/moveit_ros_perception:/home/kptal/ws_moveit2/install/moveit_resources_prbt_pg70_support:/home/kptal/ws_moveit2/install/moveit_resources_prbt_moveit_config:/home/kptal/ws_moveit2/install/moveit_ros_move_group:/home/kptal/ws_moveit2/install/moveit_planners_ompl:/home/kptal/ws_moveit2/install/moveit_ros_planning:/home/kptal/ws_moveit2/install/moveit_ros_occupancy_map_monitor:/home/kptal/ws_moveit2/install/moveit_resources_prbt_ikfast_manipulator_plugin:/home/kptal/ws_moveit2/install/moveit_planners_chomp:/home/kptal/ws_moveit2/install/moveit_kinematics:/home/kptal/ws_moveit2/install/moveit_chomp_optimizer_adapter:/home/kptal/ws_moveit2/install/chomp_motion_planner:/home/kptal/ws_moveit2/install/moveit_core:/home/kptal/ws_moveit2/install/srdfdom:/home/kptal/ws_moveit2/install/rviz_marker_tools:/home/kptal/ws_moveit2/install/rosparam_shortcuts:/home/kptal/ws_moveit2/install/moveit_task_constructor_msgs:/home/kptal/ws_moveit2/install/moveit_resources_prbt_support:/home/kptal/ws_moveit2/install/moveit_resources:/home/kptal/ws_moveit2/install/moveit_resources_pr2_description:/home/kptal/ws_moveit2/install/moveit_resources_panda_moveit_config:/home/kptal/ws_moveit2/install/moveit_resources_panda_description:/home/kptal/ws_moveit2/install/moveit_resources_fanuc_moveit_config:/home/kptal/ws_moveit2/install/moveit_resources_fanuc_description:/home/kptal/ws_moveit2/install/moveit_common:/home/kptal/ws_moveit2/install/moveit_configs_utils:/home/kptal/ws_moveit2/install/launch_param_builder:/opt/ros/humble LD_LIBRARY_PATH=/home/kptal/humanoid_ws/install/moveit_ros_planning_interface/lib:/home/kptal/humanoid_ws/install/moveit_ros_move_group/lib:/home/kptal/humanoid_ws/install/moveit_ros_warehouse/lib:/home/kptal/humanoid_ws/install/moveit_planners_ompl/lib:/home/kptal/humanoid_ws/install/moveit_kinematics/lib:/home/kptal/humanoid_ws/install/moveit_ros_planning/lib:/home/kptal/humanoid_ws/install/pilz_industrial_motion_planner_testutils/lib:/home/kptal/humanoid_ws/install/moveit_simple_controller_manager/lib:/home/kptal/humanoid_ws/install/moveit_ros_occupancy_map_monitor/lib:/home/kptal/humanoid_ws/install/moveit_resources_prbt_ikfast_manipulator_plugin/lib:/home/kptal/humanoid_ws/install/moveit_core/lib:${LD_LIBRARY_PATH} PATH=/home/kptal/humanoid_ws/install/moveit_core/bin:${PATH} PYTHONPATH=/home/kptal/humanoid_ws/install/moveit_configs_utils/lib/python3.10/site-packages:/home/kptal/humanoid_ws/install/launch_param_builder/lib/python3.10/site-packages:${PYTHONPATH} /usr/bin/cmake --install /home/kptal/humanoid_ws/build/pilz_industrial_motion_planner
[0.366s] -- Install configuration: "Release"
[0.367s] -- Up-to-date: /home/kptal/humanoid_ws/install/pilz_industrial_motion_planner/share/pilz_industrial_motion_planner/plugins/pilz_industrial_motion_planner_plugin_description.xml
[0.367s] -- Up-to-date: /home/kptal/humanoid_ws/install/pilz_industrial_motion_planner/share/pilz_industrial_motion_planner/plugins/sequence_capability_plugin_description.xml
[0.367s] -- Up-to-date: /home/kptal/humanoid_ws/install/pilz_industrial_motion_planner/share/pilz_industrial_motion_planner/plugins/planning_context_plugin_description.xml
[0.367s] -- Up-to-date: /home/kptal/humanoid_ws/install/pilz_industrial_motion_planner/lib/libpilz_industrial_motion_planner.so
[0.367s] -- Up-to-date: /home/kptal/humanoid_ws/install/pilz_industrial_motion_planner/lib/libjoint_limits_common.so
[0.367s] -- Up-to-date: /home/kptal/humanoid_ws/install/pilz_industrial_motion_planner/lib/libplanning_context_loader_base.so
[0.367s] -- Up-to-date: /home/kptal/humanoid_ws/install/pilz_industrial_motion_planner/lib/libplanning_context_loader_ptp.so
[0.368s] -- Up-to-date: /home/kptal/humanoid_ws/install/pilz_industrial_motion_planner/lib/libplanning_context_loader_lin.so
[0.368s] -- Up-to-date: /home/kptal/humanoid_ws/install/pilz_industrial_motion_planner/lib/libplanning_context_loader_circ.so
[0.368s] -- Up-to-date: /home/kptal/humanoid_ws/install/pilz_industrial_motion_planner/lib/libcommand_list_manager.so
[0.368s] -- Up-to-date: /home/kptal/humanoid_ws/install/pilz_industrial_motion_planner/lib/libsequence_capability.so
[0.368s] -- Up-to-date: /home/kptal/humanoid_ws/install/pilz_industrial_motion_planner/lib/libtrajectory_generation_common.so
[0.369s] -- Up-to-date: /home/kptal/humanoid_ws/install/pilz_industrial_motion_planner/include
[0.369s] -- Up-to-date: /home/kptal/humanoid_ws/install/pilz_industrial_motion_planner/include/joint_limits_copy
[0.369s] -- Up-to-date: /home/kptal/humanoid_ws/install/pilz_industrial_motion_planner/include/joint_limits_copy/joint_limits.hpp
[0.369s] -- Up-to-date: /home/kptal/humanoid_ws/install/pilz_industrial_motion_planner/include/joint_limits_copy/joint_limits_rosparam.hpp
[0.369s] -- Up-to-date: /home/kptal/humanoid_ws/install/pilz_industrial_motion_planner/include/pilz_industrial_motion_planner
[0.369s] -- Up-to-date: /home/kptal/humanoid_ws/install/pilz_industrial_motion_planner/include/pilz_industrial_motion_planner/planning_context_loader.h
[0.369s] -- Up-to-date: /home/kptal/humanoid_ws/install/pilz_industrial_motion_planner/include/pilz_industrial_motion_planner/trajectory_generator_circ.h
[0.370s] -- Up-to-date: /home/kptal/humanoid_ws/install/pilz_industrial_motion_planner/include/pilz_industrial_motion_planner/limits_container.h
[0.370s] -- Up-to-date: /home/kptal/humanoid_ws/install/pilz_industrial_motion_planner/include/pilz_industrial_motion_planner/planning_context_loader_lin.h
[0.370s] -- Up-to-date: /home/kptal/humanoid_ws/install/pilz_industrial_motion_planner/include/pilz_industrial_motion_planner/trajectory_generator_lin.h
[0.370s] -- Up-to-date: /home/kptal/humanoid_ws/install/pilz_industrial_motion_planner/include/pilz_industrial_motion_planner/trajectory_blender.h
[0.370s] -- Up-to-date: /home/kptal/humanoid_ws/install/pilz_industrial_motion_planner/include/pilz_industrial_motion_planner/joint_limits_aggregator.h
[0.370s] -- Up-to-date: /home/kptal/humanoid_ws/install/pilz_industrial_motion_planner/include/pilz_industrial_motion_planner/move_group_sequence_action.h
[0.370s] -- Up-to-date: /home/kptal/humanoid_ws/install/pilz_industrial_motion_planner/include/pilz_industrial_motion_planner/tip_frame_getter.h
[0.370s] -- Up-to-date: /home/kptal/humanoid_ws/install/pilz_industrial_motion_planner/include/pilz_industrial_motion_planner/planning_context_ptp.h
[0.370s] -- Up-to-date: /home/kptal/humanoid_ws/install/pilz_industrial_motion_planner/include/pilz_industrial_motion_planner/trajectory_blend_request.h
[0.370s] -- Up-to-date: /home/kptal/humanoid_ws/install/pilz_industrial_motion_planner/include/pilz_industrial_motion_planner/planning_context_lin.h
[0.370s] -- Up-to-date: /home/kptal/humanoid_ws/install/pilz_industrial_motion_planner/include/pilz_industrial_motion_planner/cartesian_limit.h
[0.370s] -- Up-to-date: /home/kptal/humanoid_ws/install/pilz_industrial_motion_planner/include/pilz_industrial_motion_planner/plan_components_builder.h
[0.370s] -- Up-to-date: /home/kptal/humanoid_ws/install/pilz_industrial_motion_planner/include/pilz_industrial_motion_planner/trajectory_blend_response.h
[0.370s] -- Up-to-date: /home/kptal/humanoid_ws/install/pilz_industrial_motion_planner/include/pilz_industrial_motion_planner/trajectory_generation_exceptions.h
[0.370s] -- Up-to-date: /home/kptal/humanoid_ws/install/pilz_industrial_motion_planner/include/pilz_industrial_motion_planner/velocity_profile_atrap.h
[0.371s] -- Up-to-date: /home/kptal/humanoid_ws/install/pilz_industrial_motion_planner/include/pilz_industrial_motion_planner/capability_names.h
[0.371s] -- Up-to-date: /home/kptal/humanoid_ws/install/pilz_industrial_motion_planner/include/pilz_industrial_motion_planner/trajectory_generator_ptp.h
[0.371s] -- Up-to-date: /home/kptal/humanoid_ws/install/pilz_industrial_motion_planner/include/pilz_industrial_motion_planner/planning_exceptions.h
[0.371s] -- Up-to-date: /home/kptal/humanoid_ws/install/pilz_industrial_motion_planner/include/pilz_industrial_motion_planner/planning_context_loader_circ.h
[0.371s] -- Up-to-date: /home/kptal/humanoid_ws/install/pilz_industrial_motion_planner/include/pilz_industrial_motion_planner/trajectory_generator.h
[0.371s] -- Up-to-date: /home/kptal/humanoid_ws/install/pilz_industrial_motion_planner/include/pilz_industrial_motion_planner/cartesian_limits_aggregator.h
[0.371s] -- Up-to-date: /home/kptal/humanoid_ws/install/pilz_industrial_motion_planner/include/pilz_industrial_motion_planner/move_group_sequence_service.h
[0.371s] -- Up-to-date: /home/kptal/humanoid_ws/install/pilz_industrial_motion_planner/include/pilz_industrial_motion_planner/joint_limits_validator.h
[0.371s] -- Up-to-date: /home/kptal/humanoid_ws/install/pilz_industrial_motion_planner/include/pilz_industrial_motion_planner/cartesian_trajectory_point.h
[0.371s] -- Up-to-date: /home/kptal/humanoid_ws/install/pilz_industrial_motion_planner/include/pilz_industrial_motion_planner/joint_limits_container.h
[0.371s] -- Up-to-date: /home/kptal/humanoid_ws/install/pilz_industrial_motion_planner/include/pilz_industrial_motion_planner/trajectory_blender_transition_window.h
[0.371s] -- Up-to-date: /home/kptal/humanoid_ws/install/pilz_industrial_motion_planner/include/pilz_industrial_motion_planner/joint_limits_extension.h
[0.371s] -- Up-to-date: /home/kptal/humanoid_ws/install/pilz_industrial_motion_planner/include/pilz_industrial_motion_planner/planning_context_base.h
[0.372s] -- Up-to-date: /home/kptal/humanoid_ws/install/pilz_industrial_motion_planner/include/pilz_industrial_motion_planner/path_circle_generator.h
[0.372s] -- Up-to-date: /home/kptal/humanoid_ws/install/pilz_industrial_motion_planner/include/pilz_industrial_motion_planner/pilz_industrial_motion_planner.h
[0.372s] -- Up-to-date: /home/kptal/humanoid_ws/install/pilz_industrial_motion_planner/include/pilz_industrial_motion_planner/joint_limits_interface_extension.h
[0.372s] -- Up-to-date: /home/kptal/humanoid_ws/install/pilz_industrial_motion_planner/include/pilz_industrial_motion_planner/cartesian_trajectory.h
[0.372s] -- Up-to-date: /home/kptal/humanoid_ws/install/pilz_industrial_motion_planner/include/pilz_industrial_motion_planner/planning_context_loader_ptp.h
[0.372s] -- Up-to-date: /home/kptal/humanoid_ws/install/pilz_industrial_motion_planner/include/pilz_industrial_motion_planner/trajectory_functions.h
[0.372s] -- Up-to-date: /home/kptal/humanoid_ws/install/pilz_industrial_motion_planner/include/pilz_industrial_motion_planner/command_list_manager.h
[0.372s] -- Up-to-date: /home/kptal/humanoid_ws/install/pilz_industrial_motion_planner/include/pilz_industrial_motion_planner/planning_context_circ.h
[0.372s] -- Up-to-date: /home/kptal/humanoid_ws/install/pilz_industrial_motion_planner/share/pilz_industrial_motion_planner/environment/library_path.sh
[0.372s] -- Up-to-date: /home/kptal/humanoid_ws/install/pilz_industrial_motion_planner/share/pilz_industrial_motion_planner/environment/library_path.dsv
[0.372s] -- Up-to-date: /home/kptal/humanoid_ws/install/pilz_industrial_motion_planner/lib/pilz_industrial_motion_planner/unittest_pilz_industrial_motion_planner_direct
[0.372s] -- Up-to-date: /home/kptal/humanoid_ws/install/pilz_industrial_motion_planner/lib/pilz_industrial_motion_planner/unittest_velocity_profile_atrap
[0.372s] -- Up-to-date: /home/kptal/humanoid_ws/install/pilz_industrial_motion_planner/lib/pilz_industrial_motion_planner/unittest_trajectory_generator
[0.372s] -- Up-to-date: /home/kptal/humanoid_ws/install/pilz_industrial_motion_planner/lib/pilz_industrial_motion_planner/unittest_trajectory_functions
[0.372s] -- Up-to-date: /home/kptal/humanoid_ws/install/pilz_industrial_motion_planner/lib/pilz_industrial_motion_planner/unittest_trajectory_blender_transition_window
[0.372s] -- Up-to-date: /home/kptal/humanoid_ws/install/pilz_industrial_motion_planner/lib/pilz_industrial_motion_planner/unittest_trajectory_generator_common
[0.373s] -- Up-to-date: /home/kptal/humanoid_ws/install/pilz_industrial_motion_planner/lib/pilz_industrial_motion_planner/unittest_trajectory_generator_circ
[0.373s] -- Up-to-date: /home/kptal/humanoid_ws/install/pilz_industrial_motion_planner/lib/pilz_industrial_motion_planner/unittest_trajectory_generator_lin
[0.373s] -- Up-to-date: /home/kptal/humanoid_ws/install/pilz_industrial_motion_planner/lib/pilz_industrial_motion_planner/unittest_trajectory_generator_ptp
[0.373s] -- Up-to-date: /home/kptal/humanoid_ws/install/pilz_industrial_motion_planner/lib/pilz_industrial_motion_planner/unittest_pilz_industrial_motion_planner
[0.373s] -- Up-to-date: /home/kptal/humanoid_ws/install/pilz_industrial_motion_planner/lib/pilz_industrial_motion_planner/unittest_joint_limit
[0.373s] -- Up-to-date: /home/kptal/humanoid_ws/install/pilz_industrial_motion_planner/lib/pilz_industrial_motion_planner/unittest_joint_limits_aggregator
[0.374s] -- Up-to-date: /home/kptal/humanoid_ws/install/pilz_industrial_motion_planner/lib/pilz_industrial_motion_planner/unittest_joint_limits_container
[0.374s] -- Up-to-date: /home/kptal/humanoid_ws/install/pilz_industrial_motion_planner/lib/pilz_industrial_motion_planner/unittest_joint_limits_validator
[0.374s] -- Up-to-date: /home/kptal/humanoid_ws/install/pilz_industrial_motion_planner/lib/pilz_industrial_motion_planner/unittest_cartesian_limits_aggregator
[0.374s] -- Up-to-date: /home/kptal/humanoid_ws/install/pilz_industrial_motion_planner/lib/pilz_industrial_motion_planner/unittest_planning_context_loaders
[0.375s] -- Up-to-date: /home/kptal/humanoid_ws/install/pilz_industrial_motion_planner/lib/pilz_industrial_motion_planner/unittest_planning_context
[0.375s] -- Up-to-date: /home/kptal/humanoid_ws/install/pilz_industrial_motion_planner/lib/pilz_industrial_motion_planner/unittest_get_solver_tip_frame
[0.375s] -- Up-to-date: /home/kptal/humanoid_ws/install/pilz_industrial_motion_planner/share/pilz_industrial_motion_planner/config
[0.375s] -- Up-to-date: /home/kptal/humanoid_ws/install/pilz_industrial_motion_planner/share/pilz_industrial_motion_planner/config/unittest_trajectory_generator_common.yaml
[0.375s] -- Up-to-date: /home/kptal/humanoid_ws/install/pilz_industrial_motion_planner/share/pilz_industrial_motion_planner/config/unittest_trajectory_functions.yaml
[0.375s] -- Up-to-date: /home/kptal/humanoid_ws/install/pilz_industrial_motion_planner/share/pilz_industrial_motion_planner/config/unittest_trajectory_generator_ptp.yaml
[0.375s] -- Up-to-date: /home/kptal/humanoid_ws/install/pilz_industrial_motion_planner/share/pilz_industrial_motion_planner/config/unittest_joint_limit_config.yaml
[0.376s] -- Up-to-date: /home/kptal/humanoid_ws/install/pilz_industrial_motion_planner/share/pilz_industrial_motion_planner/config/unittest_trajectory_generator_circ.yaml
[0.376s] -- Up-to-date: /home/kptal/humanoid_ws/install/pilz_industrial_motion_planner/share/pilz_industrial_motion_planner/config/unittest_joint_limits_aggregator.yaml
[0.376s] -- Up-to-date: /home/kptal/humanoid_ws/install/pilz_industrial_motion_planner/share/pilz_industrial_motion_planner/config/unittest_trajectory_generator_lin.yaml
[0.376s] -- Up-to-date: /home/kptal/humanoid_ws/install/pilz_industrial_motion_planner/share/pilz_industrial_motion_planner/config/unittest_cartesian_limits_aggregator.yaml
[0.376s] -- Up-to-date: /home/kptal/humanoid_ws/install/pilz_industrial_motion_planner/share/pilz_industrial_motion_planner/config/unittest_trajectory_blender_transition_window.yaml
[0.376s] -- Up-to-date: /home/kptal/humanoid_ws/install/pilz_industrial_motion_planner/share/pilz_industrial_motion_planner/launch
[0.376s] -- Up-to-date: /home/kptal/humanoid_ws/install/pilz_industrial_motion_planner/share/pilz_industrial_motion_planner/launch/unittest_cartesian_limits_aggregator.test.py
[0.376s] -- Up-to-date: /home/kptal/humanoid_ws/install/pilz_industrial_motion_planner/share/pilz_industrial_motion_planner/launch/common_parameters.py
[0.376s] -- Up-to-date: /home/kptal/humanoid_ws/install/pilz_industrial_motion_planner/share/pilz_industrial_motion_planner/launch/unittest_planning_context.test.py
[0.376s] -- Up-to-date: /home/kptal/humanoid_ws/install/pilz_industrial_motion_planner/share/pilz_industrial_motion_planner/launch/unittest_trajectory_generator_circ.test.py
[0.376s] -- Up-to-date: /home/kptal/humanoid_ws/install/pilz_industrial_motion_planner/share/pilz_industrial_motion_planner/launch/unittest_trajectory_generator_lin.test.py
[0.376s] -- Up-to-date: /home/kptal/humanoid_ws/install/pilz_industrial_motion_planner/share/pilz_industrial_motion_planner/launch/unittest_trajectory_generator_common.test.py
[0.377s] -- Up-to-date: /home/kptal/humanoid_ws/install/pilz_industrial_motion_planner/share/pilz_industrial_motion_planner/launch/unittest_planning_context_loaders.test.py
[0.377s] -- Up-to-date: /home/kptal/humanoid_ws/install/pilz_industrial_motion_planner/share/pilz_industrial_motion_planner/launch/unittest_joint_limits_aggregator.test.py
[0.377s] -- Up-to-date: /home/kptal/humanoid_ws/install/pilz_industrial_motion_planner/share/pilz_industrial_motion_planner/launch/unittest_joint_limit.test.py
[0.377s] -- Up-to-date: /home/kptal/humanoid_ws/install/pilz_industrial_motion_planner/share/pilz_industrial_motion_planner/launch/unittest_trajectory_functions.test.py
[0.377s] -- Up-to-date: /home/kptal/humanoid_ws/install/pilz_industrial_motion_planner/share/pilz_industrial_motion_planner/launch/unittest_pilz_industrial_motion_planner.test.py
[0.377s] -- Up-to-date: /home/kptal/humanoid_ws/install/pilz_industrial_motion_planner/share/pilz_industrial_motion_planner/launch/unittest_trajectory_generator_ptp.test.py
[0.377s] -- Up-to-date: /home/kptal/humanoid_ws/install/pilz_industrial_motion_planner/share/pilz_industrial_motion_planner/launch/unittest_trajectory_blender_transition_window.test.py
[0.377s] -- Up-to-date: /home/kptal/humanoid_ws/install/pilz_industrial_motion_planner/share/pilz_industrial_motion_planner/test_data
[0.377s] -- Up-to-date: /home/kptal/humanoid_ws/install/pilz_industrial_motion_planner/share/pilz_industrial_motion_planner/test_data/frankaemika_panda
[0.377s] -- Up-to-date: /home/kptal/humanoid_ws/install/pilz_industrial_motion_planner/share/pilz_industrial_motion_planner/test_data/frankaemika_panda/testdata_sequence.xml
[0.377s] -- Up-to-date: /home/kptal/humanoid_ws/install/pilz_industrial_motion_planner/share/pilz_industrial_motion_planner/test_data/testpoints.py
[0.377s] -- Up-to-date: /home/kptal/humanoid_ws/install/pilz_industrial_motion_planner/share/pilz_industrial_motion_planner/test_data/concept_testdata.png
[0.377s] -- Up-to-date: /home/kptal/humanoid_ws/install/pilz_industrial_motion_planner/share/pilz_industrial_motion_planner/test_data/prbt
[0.377s] -- Up-to-date: /home/kptal/humanoid_ws/install/pilz_industrial_motion_planner/share/pilz_industrial_motion_planner/test_data/prbt/testdata_with_gripper.xml
[0.377s] -- Up-to-date: /home/kptal/humanoid_ws/install/pilz_industrial_motion_planner/share/pilz_industrial_motion_planner/test_data/prbt/testdata_sequence.xml
[0.377s] -- Up-to-date: /home/kptal/humanoid_ws/install/pilz_industrial_motion_planner/share/pilz_industrial_motion_planner/test_data/prbt/testdata_deprecated.xml
[0.377s] -- Up-to-date: /home/kptal/humanoid_ws/install/pilz_industrial_motion_planner/share/pilz_industrial_motion_planner/test_data/concept_testdata.odp
[0.378s] -- Up-to-date: /home/kptal/humanoid_ws/install/pilz_industrial_motion_planner/share/ament_index/resource_index/package_run_dependencies/pilz_industrial_motion_planner
[0.378s] -- Up-to-date: /home/kptal/humanoid_ws/install/pilz_industrial_motion_planner/share/ament_index/resource_index/parent_prefix_path/pilz_industrial_motion_planner
[0.378s] -- Up-to-date: /home/kptal/humanoid_ws/install/pilz_industrial_motion_planner/share/pilz_industrial_motion_planner/environment/ament_prefix_path.sh
[0.378s] -- Up-to-date: /home/kptal/humanoid_ws/install/pilz_industrial_motion_planner/share/pilz_industrial_motion_planner/environment/ament_prefix_path.dsv
[0.378s] -- Up-to-date: /home/kptal/humanoid_ws/install/pilz_industrial_motion_planner/share/pilz_industrial_motion_planner/environment/path.sh
[0.378s] -- Up-to-date: /home/kptal/humanoid_ws/install/pilz_industrial_motion_planner/share/pilz_industrial_motion_planner/environment/path.dsv
[0.378s] -- Up-to-date: /home/kptal/humanoid_ws/install/pilz_industrial_motion_planner/share/pilz_industrial_motion_planner/local_setup.bash
[0.378s] -- Up-to-date: /home/kptal/humanoid_ws/install/pilz_industrial_motion_planner/share/pilz_industrial_motion_planner/local_setup.sh
[0.378s] -- Up-to-date: /home/kptal/humanoid_ws/install/pilz_industrial_motion_planner/share/pilz_industrial_motion_planner/local_setup.zsh
[0.378s] -- Up-to-date: /home/kptal/humanoid_ws/install/pilz_industrial_motion_planner/share/pilz_industrial_motion_planner/local_setup.dsv
[0.378s] -- Installing: /home/kptal/humanoid_ws/install/pilz_industrial_motion_planner/share/pilz_industrial_motion_planner/package.dsv
[0.378s] -- Up-to-date: /home/kptal/humanoid_ws/install/pilz_industrial_motion_planner/share/ament_index/resource_index/packages/pilz_industrial_motion_planner
[0.378s] -- Up-to-date: /home/kptal/humanoid_ws/install/pilz_industrial_motion_planner/share/ament_index/resource_index/moveit_core__pluginlib__plugin/pilz_industrial_motion_planner
[0.378s] -- Up-to-date: /home/kptal/humanoid_ws/install/pilz_industrial_motion_planner/share/ament_index/resource_index/moveit_ros_move_group__pluginlib__plugin/pilz_industrial_motion_planner
[0.378s] -- Up-to-date: /home/kptal/humanoid_ws/install/pilz_industrial_motion_planner/share/ament_index/resource_index/pilz_industrial_motion_planner__pluginlib__plugin/pilz_industrial_motion_planner
[0.379s] -- Up-to-date: /home/kptal/humanoid_ws/install/pilz_industrial_motion_planner/share/pilz_industrial_motion_planner/cmake/pilz_industrial_motion_plannerTargetsExport.cmake
[0.379s] -- Up-to-date: /home/kptal/humanoid_ws/install/pilz_industrial_motion_planner/share/pilz_industrial_motion_planner/cmake/pilz_industrial_motion_plannerTargetsExport-release.cmake
[0.379s] -- Up-to-date: /home/kptal/humanoid_ws/install/pilz_industrial_motion_planner/share/pilz_industrial_motion_planner/cmake/ament_cmake_export_include_directories-extras.cmake
[0.379s] -- Up-to-date: /home/kptal/humanoid_ws/install/pilz_industrial_motion_planner/share/pilz_industrial_motion_planner/cmake/ament_cmake_export_targets-extras.cmake
[0.379s] -- Up-to-date: /home/kptal/humanoid_ws/install/pilz_industrial_motion_planner/share/pilz_industrial_motion_planner/cmake/ament_cmake_export_dependencies-extras.cmake
[0.379s] -- Up-to-date: /home/kptal/humanoid_ws/install/pilz_industrial_motion_planner/share/pilz_industrial_motion_planner/cmake/pilz_industrial_motion_plannerConfig.cmake
[0.379s] -- Up-to-date: /home/kptal/humanoid_ws/install/pilz_industrial_motion_planner/share/pilz_industrial_motion_planner/cmake/pilz_industrial_motion_plannerConfig-version.cmake
[0.379s] -- Up-to-date: /home/kptal/humanoid_ws/install/pilz_industrial_motion_planner/share/pilz_industrial_motion_planner/package.xml
[0.381s] Invoked command in '/home/kptal/humanoid_ws/build/pilz_industrial_motion_planner' returned '0': AMENT_PREFIX_PATH=/home/kptal/humanoid_ws/install/moveit_resources_prbt_pg70_support:/home/kptal/humanoid_ws/install/moveit_ros_planning_interface:/home/kptal/humanoid_ws/install/moveit_resources_prbt_moveit_config:/home/kptal/humanoid_ws/install/moveit_ros_move_group:/home/kptal/humanoid_ws/install/moveit_ros_warehouse:/home/kptal/humanoid_ws/install/moveit_planners_ompl:/home/kptal/humanoid_ws/install/moveit_kinematics:/home/kptal/humanoid_ws/install/moveit_ros_planning:/home/kptal/humanoid_ws/install/pilz_industrial_motion_planner_testutils:/home/kptal/humanoid_ws/install/moveit_simple_controller_manager:/home/kptal/humanoid_ws/install/moveit_ros_occupancy_map_monitor:/home/kptal/humanoid_ws/install/moveit_resources_prbt_ikfast_manipulator_plugin:/home/kptal/humanoid_ws/install/moveit_core:/home/kptal/humanoid_ws/install/moveit_configs_utils:/home/kptal/humanoid_ws/install/moveit_resources_prbt_support:/home/kptal/humanoid_ws/install/moveit_common:/home/kptal/humanoid_ws/install/launch_param_builder:${AMENT_PREFIX_PATH} CMAKE_PREFIX_PATH=/home/kptal/humanoid_ws/install/moveit_resources_prbt_pg70_support:/home/kptal/humanoid_ws/install/moveit_ros_planning_interface:/home/kptal/humanoid_ws/install/moveit_resources_prbt_moveit_config:/home/kptal/humanoid_ws/install/moveit_ros_move_group:/home/kptal/humanoid_ws/install/moveit_ros_warehouse:/home/kptal/humanoid_ws/install/moveit_planners_ompl:/home/kptal/humanoid_ws/install/moveit_kinematics:/home/kptal/humanoid_ws/install/moveit_ros_planning:/home/kptal/humanoid_ws/install/pilz_industrial_motion_planner_testutils:/home/kptal/humanoid_ws/install/moveit_simple_controller_manager:/home/kptal/humanoid_ws/install/moveit_ros_occupancy_map_monitor:/home/kptal/humanoid_ws/install/moveit_resources_prbt_ikfast_manipulator_plugin:/home/kptal/humanoid_ws/install/moveit_core:/home/kptal/humanoid_ws/install/srdfdom:/home/kptal/humanoid_ws/install/moveit_resources_prbt_support:/home/kptal/humanoid_ws/install/moveit_common:/home/kptal/ws_moveit2/install/pilz_industrial_motion_planner_testutils:/home/kptal/ws_moveit2/install/moveit_runtime:/home/kptal/ws_moveit2/install/moveit2_tutorials:/home/kptal/ws_moveit2/install/moveit:/home/kptal/ws_moveit2/install/moveit_planners:/home/kptal/ws_moveit2/install/pilz_industrial_motion_planner:/home/kptal/ws_moveit2/install/moveit_visual_tools:/home/kptal/ws_moveit2/install/moveit_task_constructor_visualization:/home/kptal/ws_moveit2/install/moveit_task_constructor_demo:/home/kptal/ws_moveit2/install/moveit_task_constructor_capabilities:/home/kptal/ws_moveit2/install/moveit_task_constructor_core:/home/kptal/ws_moveit2/install/moveit_ros_control_interface:/home/kptal/ws_moveit2/install/moveit_plugins:/home/kptal/ws_moveit2/install/moveit_simple_controller_manager:/home/kptal/ws_moveit2/install/moveit_setup_assistant:/home/kptal/ws_moveit2/install/moveit_setup_srdf_plugins:/home/kptal/ws_moveit2/install/moveit_setup_core_plugins:/home/kptal/ws_moveit2/install/moveit_setup_controllers:/home/kptal/ws_moveit2/install/moveit_setup_app_plugins:/home/kptal/ws_moveit2/install/moveit_setup_framework:/home/kptal/ws_moveit2/install/moveit_servo:/home/kptal/ws_moveit2/install/moveit_ros:/home/kptal/ws_moveit2/install/moveit_ros_visualization:/home/kptal/ws_moveit2/install/moveit_hybrid_planning:/home/kptal/ws_moveit2/install/moveit_ros_planning_interface:/home/kptal/ws_moveit2/install/moveit_ros_benchmarks:/home/kptal/ws_moveit2/install/moveit_ros_warehouse:/home/kptal/ws_moveit2/install/moveit_ros_robot_interaction:/home/kptal/ws_moveit2/install/moveit_ros_perception:/home/kptal/ws_moveit2/install/moveit_resources_prbt_pg70_support:/home/kptal/ws_moveit2/install/moveit_resources_prbt_moveit_config:/home/kptal/ws_moveit2/install/moveit_ros_move_group:/home/kptal/ws_moveit2/install/moveit_planners_ompl:/home/kptal/ws_moveit2/install/moveit_ros_planning:/home/kptal/ws_moveit2/install/moveit_ros_occupancy_map_monitor:/home/kptal/ws_moveit2/install/moveit_resources_prbt_ikfast_manipulator_plugin:/home/kptal/ws_moveit2/install/moveit_planners_chomp:/home/kptal/ws_moveit2/install/moveit_kinematics:/home/kptal/ws_moveit2/install/moveit_chomp_optimizer_adapter:/home/kptal/ws_moveit2/install/chomp_motion_planner:/home/kptal/ws_moveit2/install/moveit_core:/home/kptal/ws_moveit2/install/srdfdom:/home/kptal/ws_moveit2/install/rviz_marker_tools:/home/kptal/ws_moveit2/install/rosparam_shortcuts:/home/kptal/ws_moveit2/install/moveit_task_constructor_msgs:/home/kptal/ws_moveit2/install/moveit_resources_prbt_support:/home/kptal/ws_moveit2/install/moveit_resources:/home/kptal/ws_moveit2/install/moveit_resources_pr2_description:/home/kptal/ws_moveit2/install/moveit_resources_panda_moveit_config:/home/kptal/ws_moveit2/install/moveit_resources_panda_description:/home/kptal/ws_moveit2/install/moveit_resources_fanuc_moveit_config:/home/kptal/ws_moveit2/install/moveit_resources_fanuc_description:/home/kptal/ws_moveit2/install/moveit_common:/home/kptal/ws_moveit2/install/moveit_configs_utils:/home/kptal/ws_moveit2/install/launch_param_builder:/opt/ros/humble LD_LIBRARY_PATH=/home/kptal/humanoid_ws/install/moveit_ros_planning_interface/lib:/home/kptal/humanoid_ws/install/moveit_ros_move_group/lib:/home/kptal/humanoid_ws/install/moveit_ros_warehouse/lib:/home/kptal/humanoid_ws/install/moveit_planners_ompl/lib:/home/kptal/humanoid_ws/install/moveit_kinematics/lib:/home/kptal/humanoid_ws/install/moveit_ros_planning/lib:/home/kptal/humanoid_ws/install/pilz_industrial_motion_planner_testutils/lib:/home/kptal/humanoid_ws/install/moveit_simple_controller_manager/lib:/home/kptal/humanoid_ws/install/moveit_ros_occupancy_map_monitor/lib:/home/kptal/humanoid_ws/install/moveit_resources_prbt_ikfast_manipulator_plugin/lib:/home/kptal/humanoid_ws/install/moveit_core/lib:${LD_LIBRARY_PATH} PATH=/home/kptal/humanoid_ws/install/moveit_core/bin:${PATH} PYTHONPATH=/home/kptal/humanoid_ws/install/moveit_configs_utils/lib/python3.10/site-packages:/home/kptal/humanoid_ws/install/launch_param_builder/lib/python3.10/site-packages:${PYTHONPATH} /usr/bin/cmake --install /home/kptal/humanoid_ws/build/pilz_industrial_motion_planner
