[  1%] Built target dynamixel_interfaces__cpp
[ 12%] Built target dynamixel_interfaces__rosidl_generator_c
[ 12%] Built target ament_cmake_python_copy_dynamixel_interfaces
[ 23%] Built target dynamixel_interfaces__rosidl_typesupport_cpp
[ 34%] Built target dynamixel_interfaces__rosidl_typesupport_c
[ 45%] Built target dynamixel_interfaces__rosidl_typesupport_introspection_cpp
[ 56%] Built target dynamixel_interfaces__rosidl_typesupport_introspection_c
[ 67%] Built target dynamixel_interfaces__rosidl_typesupport_fastrtps_c
[ 78%] Built target dynamixel_interfaces__rosidl_typesupport_fastrtps_cpp
[ 78%] Built target dynamixel_interfaces
[ 80%] Built target dynamixel_interfaces__py
[ 89%] Built target dynamixel_interfaces__rosidl_generator_py
[ 92%] Built target dynamixel_interfaces__rosidl_typesupport_fastrtps_c__pyext
[ 96%] Built target dynamixel_interfaces__rosidl_typesupport_c__pyext
[100%] Built target dynamixel_interfaces__rosidl_typesupport_introspection_c__pyext
running egg_info
writing dynamixel_interfaces.egg-info/PKG-INFO
writing dependency_links to dynamixel_interfaces.egg-info/dependency_links.txt
writing top-level names to dynamixel_interfaces.egg-info/top_level.txt
reading manifest file 'dynamixel_interfaces.egg-info/SOURCES.txt'
writing manifest file 'dynamixel_interfaces.egg-info/SOURCES.txt'
[100%] Built target ament_cmake_python_build_dynamixel_interfaces_egg
-- Install configuration: ""
-- Up-to-date: /home/kptal/humanoid_ws/install/dynamixel_interfaces/share/ament_index/resource_index/rosidl_interfaces/dynamixel_interfaces
-- Up-to-date: /home/kptal/humanoid_ws/install/dynamixel_interfaces/include/dynamixel_interfaces/dynamixel_interfaces
-- Up-to-date: /home/kptal/humanoid_ws/install/dynamixel_interfaces/include/dynamixel_interfaces/dynamixel_interfaces/msg
-- Up-to-date: /home/kptal/humanoid_ws/install/dynamixel_interfaces/include/dynamixel_interfaces/dynamixel_interfaces/msg/rosidl_generator_c__visibility_control.h
-- Up-to-date: /home/kptal/humanoid_ws/install/dynamixel_interfaces/include/dynamixel_interfaces/dynamixel_interfaces/msg/dynamixel_state.h
-- Up-to-date: /home/kptal/humanoid_ws/install/dynamixel_interfaces/include/dynamixel_interfaces/dynamixel_interfaces/msg/detail
-- Up-to-date: /home/kptal/humanoid_ws/install/dynamixel_interfaces/include/dynamixel_interfaces/dynamixel_interfaces/msg/detail/dynamixel_state__functions.h
-- Up-to-date: /home/kptal/humanoid_ws/install/dynamixel_interfaces/include/dynamixel_interfaces/dynamixel_interfaces/msg/detail/dynamixel_state__type_support.h
-- Up-to-date: /home/kptal/humanoid_ws/install/dynamixel_interfaces/include/dynamixel_interfaces/dynamixel_interfaces/msg/detail/dynamixel_state__functions.c
-- Up-to-date: /home/kptal/humanoid_ws/install/dynamixel_interfaces/include/dynamixel_interfaces/dynamixel_interfaces/msg/detail/dynamixel_state__struct.h
-- Up-to-date: /home/kptal/humanoid_ws/install/dynamixel_interfaces/include/dynamixel_interfaces/dynamixel_interfaces/srv
-- Up-to-date: /home/kptal/humanoid_ws/install/dynamixel_interfaces/include/dynamixel_interfaces/dynamixel_interfaces/srv/set_data_to_dxl.h
-- Up-to-date: /home/kptal/humanoid_ws/install/dynamixel_interfaces/include/dynamixel_interfaces/dynamixel_interfaces/srv/get_data_from_dxl.h
-- Up-to-date: /home/kptal/humanoid_ws/install/dynamixel_interfaces/include/dynamixel_interfaces/dynamixel_interfaces/srv/detail
-- Up-to-date: /home/kptal/humanoid_ws/install/dynamixel_interfaces/include/dynamixel_interfaces/dynamixel_interfaces/srv/detail/set_data_to_dxl__functions.h
-- Up-to-date: /home/kptal/humanoid_ws/install/dynamixel_interfaces/include/dynamixel_interfaces/dynamixel_interfaces/srv/detail/set_data_to_dxl__type_support.h
-- Up-to-date: /home/kptal/humanoid_ws/install/dynamixel_interfaces/include/dynamixel_interfaces/dynamixel_interfaces/srv/detail/set_data_to_dxl__struct.h
-- Up-to-date: /home/kptal/humanoid_ws/install/dynamixel_interfaces/include/dynamixel_interfaces/dynamixel_interfaces/srv/detail/get_data_from_dxl__functions.h
-- Up-to-date: /home/kptal/humanoid_ws/install/dynamixel_interfaces/include/dynamixel_interfaces/dynamixel_interfaces/srv/detail/set_data_to_dxl__functions.c
-- Up-to-date: /home/kptal/humanoid_ws/install/dynamixel_interfaces/include/dynamixel_interfaces/dynamixel_interfaces/srv/detail/reboot_dxl__functions.c
-- Up-to-date: /home/kptal/humanoid_ws/install/dynamixel_interfaces/include/dynamixel_interfaces/dynamixel_interfaces/srv/detail/get_data_from_dxl__type_support.h
-- Up-to-date: /home/kptal/humanoid_ws/install/dynamixel_interfaces/include/dynamixel_interfaces/dynamixel_interfaces/srv/detail/reboot_dxl__type_support.h
-- Up-to-date: /home/kptal/humanoid_ws/install/dynamixel_interfaces/include/dynamixel_interfaces/dynamixel_interfaces/srv/detail/reboot_dxl__functions.h
-- Up-to-date: /home/kptal/humanoid_ws/install/dynamixel_interfaces/include/dynamixel_interfaces/dynamixel_interfaces/srv/detail/get_data_from_dxl__functions.c
-- Up-to-date: /home/kptal/humanoid_ws/install/dynamixel_interfaces/include/dynamixel_interfaces/dynamixel_interfaces/srv/detail/get_data_from_dxl__struct.h
-- Up-to-date: /home/kptal/humanoid_ws/install/dynamixel_interfaces/include/dynamixel_interfaces/dynamixel_interfaces/srv/detail/reboot_dxl__struct.h
-- Up-to-date: /home/kptal/humanoid_ws/install/dynamixel_interfaces/include/dynamixel_interfaces/dynamixel_interfaces/srv/reboot_dxl.h
-- Up-to-date: /home/kptal/humanoid_ws/install/dynamixel_interfaces/share/dynamixel_interfaces/environment/library_path.sh
-- Up-to-date: /home/kptal/humanoid_ws/install/dynamixel_interfaces/share/dynamixel_interfaces/environment/library_path.dsv
-- Up-to-date: /home/kptal/humanoid_ws/install/dynamixel_interfaces/lib/libdynamixel_interfaces__rosidl_generator_c.so
-- Up-to-date: /home/kptal/humanoid_ws/install/dynamixel_interfaces/include/dynamixel_interfaces/dynamixel_interfaces
-- Up-to-date: /home/kptal/humanoid_ws/install/dynamixel_interfaces/include/dynamixel_interfaces/dynamixel_interfaces/msg
-- Up-to-date: /home/kptal/humanoid_ws/install/dynamixel_interfaces/include/dynamixel_interfaces/dynamixel_interfaces/msg/rosidl_typesupport_fastrtps_c__visibility_control.h
-- Up-to-date: /home/kptal/humanoid_ws/install/dynamixel_interfaces/include/dynamixel_interfaces/dynamixel_interfaces/msg/detail
-- Up-to-date: /home/kptal/humanoid_ws/install/dynamixel_interfaces/include/dynamixel_interfaces/dynamixel_interfaces/msg/detail/dynamixel_state__rosidl_typesupport_fastrtps_c.h
-- Up-to-date: /home/kptal/humanoid_ws/install/dynamixel_interfaces/include/dynamixel_interfaces/dynamixel_interfaces/srv
-- Up-to-date: /home/kptal/humanoid_ws/install/dynamixel_interfaces/include/dynamixel_interfaces/dynamixel_interfaces/srv/detail
-- Up-to-date: /home/kptal/humanoid_ws/install/dynamixel_interfaces/include/dynamixel_interfaces/dynamixel_interfaces/srv/detail/get_data_from_dxl__rosidl_typesupport_fastrtps_c.h
-- Up-to-date: /home/kptal/humanoid_ws/install/dynamixel_interfaces/include/dynamixel_interfaces/dynamixel_interfaces/srv/detail/reboot_dxl__rosidl_typesupport_fastrtps_c.h
-- Up-to-date: /home/kptal/humanoid_ws/install/dynamixel_interfaces/include/dynamixel_interfaces/dynamixel_interfaces/srv/detail/set_data_to_dxl__rosidl_typesupport_fastrtps_c.h
-- Up-to-date: /home/kptal/humanoid_ws/install/dynamixel_interfaces/lib/libdynamixel_interfaces__rosidl_typesupport_fastrtps_c.so
-- Up-to-date: /home/kptal/humanoid_ws/install/dynamixel_interfaces/include/dynamixel_interfaces/dynamixel_interfaces
-- Up-to-date: /home/kptal/humanoid_ws/install/dynamixel_interfaces/include/dynamixel_interfaces/dynamixel_interfaces/msg
-- Up-to-date: /home/kptal/humanoid_ws/install/dynamixel_interfaces/include/dynamixel_interfaces/dynamixel_interfaces/msg/rosidl_generator_cpp__visibility_control.hpp
-- Up-to-date: /home/kptal/humanoid_ws/install/dynamixel_interfaces/include/dynamixel_interfaces/dynamixel_interfaces/msg/detail
-- Up-to-date: /home/kptal/humanoid_ws/install/dynamixel_interfaces/include/dynamixel_interfaces/dynamixel_interfaces/msg/detail/dynamixel_state__builder.hpp
-- Up-to-date: /home/kptal/humanoid_ws/install/dynamixel_interfaces/include/dynamixel_interfaces/dynamixel_interfaces/msg/detail/dynamixel_state__struct.hpp
-- Up-to-date: /home/kptal/humanoid_ws/install/dynamixel_interfaces/include/dynamixel_interfaces/dynamixel_interfaces/msg/detail/dynamixel_state__type_support.hpp
-- Up-to-date: /home/kptal/humanoid_ws/install/dynamixel_interfaces/include/dynamixel_interfaces/dynamixel_interfaces/msg/detail/dynamixel_state__traits.hpp
-- Up-to-date: /home/kptal/humanoid_ws/install/dynamixel_interfaces/include/dynamixel_interfaces/dynamixel_interfaces/msg/dynamixel_state.hpp
-- Up-to-date: /home/kptal/humanoid_ws/install/dynamixel_interfaces/include/dynamixel_interfaces/dynamixel_interfaces/srv
-- Up-to-date: /home/kptal/humanoid_ws/install/dynamixel_interfaces/include/dynamixel_interfaces/dynamixel_interfaces/srv/get_data_from_dxl.hpp
-- Up-to-date: /home/kptal/humanoid_ws/install/dynamixel_interfaces/include/dynamixel_interfaces/dynamixel_interfaces/srv/reboot_dxl.hpp
-- Up-to-date: /home/kptal/humanoid_ws/install/dynamixel_interfaces/include/dynamixel_interfaces/dynamixel_interfaces/srv/detail
-- Up-to-date: /home/kptal/humanoid_ws/install/dynamixel_interfaces/include/dynamixel_interfaces/dynamixel_interfaces/srv/detail/get_data_from_dxl__struct.hpp
-- Up-to-date: /home/kptal/humanoid_ws/install/dynamixel_interfaces/include/dynamixel_interfaces/dynamixel_interfaces/srv/detail/reboot_dxl__builder.hpp
-- Up-to-date: /home/kptal/humanoid_ws/install/dynamixel_interfaces/include/dynamixel_interfaces/dynamixel_interfaces/srv/detail/get_data_from_dxl__builder.hpp
-- Up-to-date: /home/kptal/humanoid_ws/install/dynamixel_interfaces/include/dynamixel_interfaces/dynamixel_interfaces/srv/detail/reboot_dxl__type_support.hpp
-- Up-to-date: /home/kptal/humanoid_ws/install/dynamixel_interfaces/include/dynamixel_interfaces/dynamixel_interfaces/srv/detail/reboot_dxl__traits.hpp
-- Up-to-date: /home/kptal/humanoid_ws/install/dynamixel_interfaces/include/dynamixel_interfaces/dynamixel_interfaces/srv/detail/set_data_to_dxl__type_support.hpp
-- Up-to-date: /home/kptal/humanoid_ws/install/dynamixel_interfaces/include/dynamixel_interfaces/dynamixel_interfaces/srv/detail/get_data_from_dxl__traits.hpp
-- Up-to-date: /home/kptal/humanoid_ws/install/dynamixel_interfaces/include/dynamixel_interfaces/dynamixel_interfaces/srv/detail/set_data_to_dxl__builder.hpp
-- Up-to-date: /home/kptal/humanoid_ws/install/dynamixel_interfaces/include/dynamixel_interfaces/dynamixel_interfaces/srv/detail/reboot_dxl__struct.hpp
-- Up-to-date: /home/kptal/humanoid_ws/install/dynamixel_interfaces/include/dynamixel_interfaces/dynamixel_interfaces/srv/detail/set_data_to_dxl__struct.hpp
-- Up-to-date: /home/kptal/humanoid_ws/install/dynamixel_interfaces/include/dynamixel_interfaces/dynamixel_interfaces/srv/detail/set_data_to_dxl__traits.hpp
-- Up-to-date: /home/kptal/humanoid_ws/install/dynamixel_interfaces/include/dynamixel_interfaces/dynamixel_interfaces/srv/detail/get_data_from_dxl__type_support.hpp
-- Up-to-date: /home/kptal/humanoid_ws/install/dynamixel_interfaces/include/dynamixel_interfaces/dynamixel_interfaces/srv/set_data_to_dxl.hpp
-- Up-to-date: /home/kptal/humanoid_ws/install/dynamixel_interfaces/include/dynamixel_interfaces/dynamixel_interfaces
-- Up-to-date: /home/kptal/humanoid_ws/install/dynamixel_interfaces/include/dynamixel_interfaces/dynamixel_interfaces/msg
-- Up-to-date: /home/kptal/humanoid_ws/install/dynamixel_interfaces/include/dynamixel_interfaces/dynamixel_interfaces/msg/detail
-- Up-to-date: /home/kptal/humanoid_ws/install/dynamixel_interfaces/include/dynamixel_interfaces/dynamixel_interfaces/msg/detail/dynamixel_state__rosidl_typesupport_fastrtps_cpp.hpp
-- Up-to-date: /home/kptal/humanoid_ws/install/dynamixel_interfaces/include/dynamixel_interfaces/dynamixel_interfaces/msg/detail/dds_fastrtps
-- Up-to-date: /home/kptal/humanoid_ws/install/dynamixel_interfaces/include/dynamixel_interfaces/dynamixel_interfaces/msg/rosidl_typesupport_fastrtps_cpp__visibility_control.h
-- Up-to-date: /home/kptal/humanoid_ws/install/dynamixel_interfaces/include/dynamixel_interfaces/dynamixel_interfaces/srv
-- Up-to-date: /home/kptal/humanoid_ws/install/dynamixel_interfaces/include/dynamixel_interfaces/dynamixel_interfaces/srv/detail
-- Up-to-date: /home/kptal/humanoid_ws/install/dynamixel_interfaces/include/dynamixel_interfaces/dynamixel_interfaces/srv/detail/set_data_to_dxl__rosidl_typesupport_fastrtps_cpp.hpp
-- Up-to-date: /home/kptal/humanoid_ws/install/dynamixel_interfaces/include/dynamixel_interfaces/dynamixel_interfaces/srv/detail/get_data_from_dxl__rosidl_typesupport_fastrtps_cpp.hpp
-- Up-to-date: /home/kptal/humanoid_ws/install/dynamixel_interfaces/include/dynamixel_interfaces/dynamixel_interfaces/srv/detail/dds_fastrtps
-- Up-to-date: /home/kptal/humanoid_ws/install/dynamixel_interfaces/include/dynamixel_interfaces/dynamixel_interfaces/srv/detail/reboot_dxl__rosidl_typesupport_fastrtps_cpp.hpp
-- Up-to-date: /home/kptal/humanoid_ws/install/dynamixel_interfaces/lib/libdynamixel_interfaces__rosidl_typesupport_fastrtps_cpp.so
-- Up-to-date: /home/kptal/humanoid_ws/install/dynamixel_interfaces/include/dynamixel_interfaces/dynamixel_interfaces
-- Up-to-date: /home/kptal/humanoid_ws/install/dynamixel_interfaces/include/dynamixel_interfaces/dynamixel_interfaces/msg
-- Up-to-date: /home/kptal/humanoid_ws/install/dynamixel_interfaces/include/dynamixel_interfaces/dynamixel_interfaces/msg/rosidl_typesupport_introspection_c__visibility_control.h
-- Up-to-date: /home/kptal/humanoid_ws/install/dynamixel_interfaces/include/dynamixel_interfaces/dynamixel_interfaces/msg/detail
-- Up-to-date: /home/kptal/humanoid_ws/install/dynamixel_interfaces/include/dynamixel_interfaces/dynamixel_interfaces/msg/detail/dynamixel_state__type_support.c
-- Up-to-date: /home/kptal/humanoid_ws/install/dynamixel_interfaces/include/dynamixel_interfaces/dynamixel_interfaces/msg/detail/dynamixel_state__rosidl_typesupport_introspection_c.h
-- Up-to-date: /home/kptal/humanoid_ws/install/dynamixel_interfaces/include/dynamixel_interfaces/dynamixel_interfaces/srv
-- Up-to-date: /home/kptal/humanoid_ws/install/dynamixel_interfaces/include/dynamixel_interfaces/dynamixel_interfaces/srv/detail
-- Up-to-date: /home/kptal/humanoid_ws/install/dynamixel_interfaces/include/dynamixel_interfaces/dynamixel_interfaces/srv/detail/reboot_dxl__rosidl_typesupport_introspection_c.h
-- Up-to-date: /home/kptal/humanoid_ws/install/dynamixel_interfaces/include/dynamixel_interfaces/dynamixel_interfaces/srv/detail/get_data_from_dxl__type_support.c
-- Up-to-date: /home/kptal/humanoid_ws/install/dynamixel_interfaces/include/dynamixel_interfaces/dynamixel_interfaces/srv/detail/set_data_to_dxl__type_support.c
-- Up-to-date: /home/kptal/humanoid_ws/install/dynamixel_interfaces/include/dynamixel_interfaces/dynamixel_interfaces/srv/detail/set_data_to_dxl__rosidl_typesupport_introspection_c.h
-- Up-to-date: /home/kptal/humanoid_ws/install/dynamixel_interfaces/include/dynamixel_interfaces/dynamixel_interfaces/srv/detail/get_data_from_dxl__rosidl_typesupport_introspection_c.h
-- Up-to-date: /home/kptal/humanoid_ws/install/dynamixel_interfaces/include/dynamixel_interfaces/dynamixel_interfaces/srv/detail/reboot_dxl__type_support.c
-- Up-to-date: /home/kptal/humanoid_ws/install/dynamixel_interfaces/lib/libdynamixel_interfaces__rosidl_typesupport_introspection_c.so
-- Up-to-date: /home/kptal/humanoid_ws/install/dynamixel_interfaces/lib/libdynamixel_interfaces__rosidl_typesupport_c.so
-- Up-to-date: /home/kptal/humanoid_ws/install/dynamixel_interfaces/include/dynamixel_interfaces/dynamixel_interfaces
-- Up-to-date: /home/kptal/humanoid_ws/install/dynamixel_interfaces/include/dynamixel_interfaces/dynamixel_interfaces/msg
-- Up-to-date: /home/kptal/humanoid_ws/install/dynamixel_interfaces/include/dynamixel_interfaces/dynamixel_interfaces/msg/detail
-- Up-to-date: /home/kptal/humanoid_ws/install/dynamixel_interfaces/include/dynamixel_interfaces/dynamixel_interfaces/msg/detail/dynamixel_state__rosidl_typesupport_introspection_cpp.hpp
-- Up-to-date: /home/kptal/humanoid_ws/install/dynamixel_interfaces/include/dynamixel_interfaces/dynamixel_interfaces/msg/detail/dynamixel_state__type_support.cpp
-- Up-to-date: /home/kptal/humanoid_ws/install/dynamixel_interfaces/include/dynamixel_interfaces/dynamixel_interfaces/srv
-- Up-to-date: /home/kptal/humanoid_ws/install/dynamixel_interfaces/include/dynamixel_interfaces/dynamixel_interfaces/srv/detail
-- Up-to-date: /home/kptal/humanoid_ws/install/dynamixel_interfaces/include/dynamixel_interfaces/dynamixel_interfaces/srv/detail/reboot_dxl__type_support.cpp
-- Up-to-date: /home/kptal/humanoid_ws/install/dynamixel_interfaces/include/dynamixel_interfaces/dynamixel_interfaces/srv/detail/get_data_from_dxl__type_support.cpp
-- Up-to-date: /home/kptal/humanoid_ws/install/dynamixel_interfaces/include/dynamixel_interfaces/dynamixel_interfaces/srv/detail/set_data_to_dxl__rosidl_typesupport_introspection_cpp.hpp
-- Up-to-date: /home/kptal/humanoid_ws/install/dynamixel_interfaces/include/dynamixel_interfaces/dynamixel_interfaces/srv/detail/get_data_from_dxl__rosidl_typesupport_introspection_cpp.hpp
-- Up-to-date: /home/kptal/humanoid_ws/install/dynamixel_interfaces/include/dynamixel_interfaces/dynamixel_interfaces/srv/detail/set_data_to_dxl__type_support.cpp
-- Up-to-date: /home/kptal/humanoid_ws/install/dynamixel_interfaces/include/dynamixel_interfaces/dynamixel_interfaces/srv/detail/reboot_dxl__rosidl_typesupport_introspection_cpp.hpp
-- Up-to-date: /home/kptal/humanoid_ws/install/dynamixel_interfaces/lib/libdynamixel_interfaces__rosidl_typesupport_introspection_cpp.so
-- Up-to-date: /home/kptal/humanoid_ws/install/dynamixel_interfaces/lib/libdynamixel_interfaces__rosidl_typesupport_cpp.so
-- Up-to-date: /home/kptal/humanoid_ws/install/dynamixel_interfaces/share/dynamixel_interfaces/environment/pythonpath.sh
-- Up-to-date: /home/kptal/humanoid_ws/install/dynamixel_interfaces/share/dynamixel_interfaces/environment/pythonpath.dsv
-- Up-to-date: /home/kptal/humanoid_ws/install/dynamixel_interfaces/local/lib/python3.10/dist-packages/dynamixel_interfaces-1.0.1-py3.10.egg-info
-- Installing: /home/kptal/humanoid_ws/install/dynamixel_interfaces/local/lib/python3.10/dist-packages/dynamixel_interfaces-1.0.1-py3.10.egg-info/SOURCES.txt
-- Installing: /home/kptal/humanoid_ws/install/dynamixel_interfaces/local/lib/python3.10/dist-packages/dynamixel_interfaces-1.0.1-py3.10.egg-info/PKG-INFO
-- Installing: /home/kptal/humanoid_ws/install/dynamixel_interfaces/local/lib/python3.10/dist-packages/dynamixel_interfaces-1.0.1-py3.10.egg-info/dependency_links.txt
-- Installing: /home/kptal/humanoid_ws/install/dynamixel_interfaces/local/lib/python3.10/dist-packages/dynamixel_interfaces-1.0.1-py3.10.egg-info/top_level.txt
-- Up-to-date: /home/kptal/humanoid_ws/install/dynamixel_interfaces/local/lib/python3.10/dist-packages/dynamixel_interfaces
-- Up-to-date: /home/kptal/humanoid_ws/install/dynamixel_interfaces/local/lib/python3.10/dist-packages/dynamixel_interfaces/msg
-- Up-to-date: /home/kptal/humanoid_ws/install/dynamixel_interfaces/local/lib/python3.10/dist-packages/dynamixel_interfaces/msg/_dynamixel_state.py
-- Up-to-date: /home/kptal/humanoid_ws/install/dynamixel_interfaces/local/lib/python3.10/dist-packages/dynamixel_interfaces/msg/_dynamixel_state_s.c
-- Up-to-date: /home/kptal/humanoid_ws/install/dynamixel_interfaces/local/lib/python3.10/dist-packages/dynamixel_interfaces/msg/__init__.py
-- Up-to-date: /home/kptal/humanoid_ws/install/dynamixel_interfaces/local/lib/python3.10/dist-packages/dynamixel_interfaces/libdynamixel_interfaces__rosidl_generator_py.so
-- Up-to-date: /home/kptal/humanoid_ws/install/dynamixel_interfaces/local/lib/python3.10/dist-packages/dynamixel_interfaces/dynamixel_interfaces_s__rosidl_typesupport_c.cpython-310-x86_64-linux-gnu.so
-- Up-to-date: /home/kptal/humanoid_ws/install/dynamixel_interfaces/local/lib/python3.10/dist-packages/dynamixel_interfaces/dynamixel_interfaces_s__rosidl_typesupport_fastrtps_c.cpython-310-x86_64-linux-gnu.so
-- Up-to-date: /home/kptal/humanoid_ws/install/dynamixel_interfaces/local/lib/python3.10/dist-packages/dynamixel_interfaces/_dynamixel_interfaces_s.ep.rosidl_typesupport_c.c
-- Up-to-date: /home/kptal/humanoid_ws/install/dynamixel_interfaces/local/lib/python3.10/dist-packages/dynamixel_interfaces/_dynamixel_interfaces_s.ep.rosidl_typesupport_introspection_c.c
-- Up-to-date: /home/kptal/humanoid_ws/install/dynamixel_interfaces/local/lib/python3.10/dist-packages/dynamixel_interfaces/_dynamixel_interfaces_s.ep.rosidl_typesupport_fastrtps_c.c
-- Up-to-date: /home/kptal/humanoid_ws/install/dynamixel_interfaces/local/lib/python3.10/dist-packages/dynamixel_interfaces/dynamixel_interfaces_s__rosidl_typesupport_introspection_c.cpython-310-x86_64-linux-gnu.so
-- Up-to-date: /home/kptal/humanoid_ws/install/dynamixel_interfaces/local/lib/python3.10/dist-packages/dynamixel_interfaces/srv
-- Up-to-date: /home/kptal/humanoid_ws/install/dynamixel_interfaces/local/lib/python3.10/dist-packages/dynamixel_interfaces/srv/_reboot_dxl_s.c
-- Up-to-date: /home/kptal/humanoid_ws/install/dynamixel_interfaces/local/lib/python3.10/dist-packages/dynamixel_interfaces/srv/_reboot_dxl.py
-- Up-to-date: /home/kptal/humanoid_ws/install/dynamixel_interfaces/local/lib/python3.10/dist-packages/dynamixel_interfaces/srv/_get_data_from_dxl_s.c
-- Up-to-date: /home/kptal/humanoid_ws/install/dynamixel_interfaces/local/lib/python3.10/dist-packages/dynamixel_interfaces/srv/_set_data_to_dxl.py
-- Up-to-date: /home/kptal/humanoid_ws/install/dynamixel_interfaces/local/lib/python3.10/dist-packages/dynamixel_interfaces/srv/_set_data_to_dxl_s.c
-- Up-to-date: /home/kptal/humanoid_ws/install/dynamixel_interfaces/local/lib/python3.10/dist-packages/dynamixel_interfaces/srv/_get_data_from_dxl.py
-- Up-to-date: /home/kptal/humanoid_ws/install/dynamixel_interfaces/local/lib/python3.10/dist-packages/dynamixel_interfaces/srv/__init__.py
-- Up-to-date: /home/kptal/humanoid_ws/install/dynamixel_interfaces/local/lib/python3.10/dist-packages/dynamixel_interfaces/__init__.py
Listing '/home/kptal/humanoid_ws/install/dynamixel_interfaces/local/lib/python3.10/dist-packages/dynamixel_interfaces'...
Listing '/home/kptal/humanoid_ws/install/dynamixel_interfaces/local/lib/python3.10/dist-packages/dynamixel_interfaces/msg'...
Listing '/home/kptal/humanoid_ws/install/dynamixel_interfaces/local/lib/python3.10/dist-packages/dynamixel_interfaces/srv'...
-- Up-to-date: /home/kptal/humanoid_ws/install/dynamixel_interfaces/local/lib/python3.10/dist-packages/dynamixel_interfaces/dynamixel_interfaces_s__rosidl_typesupport_fastrtps_c.cpython-310-x86_64-linux-gnu.so
-- Up-to-date: /home/kptal/humanoid_ws/install/dynamixel_interfaces/local/lib/python3.10/dist-packages/dynamixel_interfaces/dynamixel_interfaces_s__rosidl_typesupport_introspection_c.cpython-310-x86_64-linux-gnu.so
-- Up-to-date: /home/kptal/humanoid_ws/install/dynamixel_interfaces/local/lib/python3.10/dist-packages/dynamixel_interfaces/dynamixel_interfaces_s__rosidl_typesupport_c.cpython-310-x86_64-linux-gnu.so
-- Up-to-date: /home/kptal/humanoid_ws/install/dynamixel_interfaces/lib/libdynamixel_interfaces__rosidl_generator_py.so
-- Up-to-date: /home/kptal/humanoid_ws/install/dynamixel_interfaces/share/dynamixel_interfaces/msg/DynamixelState.idl
-- Up-to-date: /home/kptal/humanoid_ws/install/dynamixel_interfaces/share/dynamixel_interfaces/srv/GetDataFromDxl.idl
-- Up-to-date: /home/kptal/humanoid_ws/install/dynamixel_interfaces/share/dynamixel_interfaces/srv/SetDataToDxl.idl
-- Up-to-date: /home/kptal/humanoid_ws/install/dynamixel_interfaces/share/dynamixel_interfaces/srv/RebootDxl.idl
-- Up-to-date: /home/kptal/humanoid_ws/install/dynamixel_interfaces/share/dynamixel_interfaces/msg/DynamixelState.msg
-- Up-to-date: /home/kptal/humanoid_ws/install/dynamixel_interfaces/share/dynamixel_interfaces/srv/GetDataFromDxl.srv
-- Up-to-date: /home/kptal/humanoid_ws/install/dynamixel_interfaces/share/dynamixel_interfaces/srv/GetDataFromDxl_Request.msg
-- Up-to-date: /home/kptal/humanoid_ws/install/dynamixel_interfaces/share/dynamixel_interfaces/srv/GetDataFromDxl_Response.msg
-- Up-to-date: /home/kptal/humanoid_ws/install/dynamixel_interfaces/share/dynamixel_interfaces/srv/SetDataToDxl.srv
-- Up-to-date: /home/kptal/humanoid_ws/install/dynamixel_interfaces/share/dynamixel_interfaces/srv/SetDataToDxl_Request.msg
-- Up-to-date: /home/kptal/humanoid_ws/install/dynamixel_interfaces/share/dynamixel_interfaces/srv/SetDataToDxl_Response.msg
-- Up-to-date: /home/kptal/humanoid_ws/install/dynamixel_interfaces/share/dynamixel_interfaces/srv/RebootDxl.srv
-- Up-to-date: /home/kptal/humanoid_ws/install/dynamixel_interfaces/share/dynamixel_interfaces/srv/RebootDxl_Request.msg
-- Up-to-date: /home/kptal/humanoid_ws/install/dynamixel_interfaces/share/dynamixel_interfaces/srv/RebootDxl_Response.msg
-- Up-to-date: /home/kptal/humanoid_ws/install/dynamixel_interfaces/share/ament_index/resource_index/package_run_dependencies/dynamixel_interfaces
-- Up-to-date: /home/kptal/humanoid_ws/install/dynamixel_interfaces/share/ament_index/resource_index/parent_prefix_path/dynamixel_interfaces
-- Up-to-date: /home/kptal/humanoid_ws/install/dynamixel_interfaces/share/dynamixel_interfaces/environment/ament_prefix_path.sh
-- Up-to-date: /home/kptal/humanoid_ws/install/dynamixel_interfaces/share/dynamixel_interfaces/environment/ament_prefix_path.dsv
-- Up-to-date: /home/kptal/humanoid_ws/install/dynamixel_interfaces/share/dynamixel_interfaces/environment/path.sh
-- Up-to-date: /home/kptal/humanoid_ws/install/dynamixel_interfaces/share/dynamixel_interfaces/environment/path.dsv
-- Up-to-date: /home/kptal/humanoid_ws/install/dynamixel_interfaces/share/dynamixel_interfaces/local_setup.bash
-- Up-to-date: /home/kptal/humanoid_ws/install/dynamixel_interfaces/share/dynamixel_interfaces/local_setup.sh
-- Up-to-date: /home/kptal/humanoid_ws/install/dynamixel_interfaces/share/dynamixel_interfaces/local_setup.zsh
-- Up-to-date: /home/kptal/humanoid_ws/install/dynamixel_interfaces/share/dynamixel_interfaces/local_setup.dsv
-- Installing: /home/kptal/humanoid_ws/install/dynamixel_interfaces/share/dynamixel_interfaces/package.dsv
-- Up-to-date: /home/kptal/humanoid_ws/install/dynamixel_interfaces/share/ament_index/resource_index/packages/dynamixel_interfaces
-- Up-to-date: /home/kptal/humanoid_ws/install/dynamixel_interfaces/share/dynamixel_interfaces/cmake/export_dynamixel_interfaces__rosidl_generator_cExport.cmake
-- Up-to-date: /home/kptal/humanoid_ws/install/dynamixel_interfaces/share/dynamixel_interfaces/cmake/export_dynamixel_interfaces__rosidl_generator_cExport-noconfig.cmake
-- Up-to-date: /home/kptal/humanoid_ws/install/dynamixel_interfaces/share/dynamixel_interfaces/cmake/export_dynamixel_interfaces__rosidl_typesupport_fastrtps_cExport.cmake
-- Up-to-date: /home/kptal/humanoid_ws/install/dynamixel_interfaces/share/dynamixel_interfaces/cmake/export_dynamixel_interfaces__rosidl_typesupport_fastrtps_cExport-noconfig.cmake
-- Up-to-date: /home/kptal/humanoid_ws/install/dynamixel_interfaces/share/dynamixel_interfaces/cmake/export_dynamixel_interfaces__rosidl_generator_cppExport.cmake
-- Up-to-date: /home/kptal/humanoid_ws/install/dynamixel_interfaces/share/dynamixel_interfaces/cmake/export_dynamixel_interfaces__rosidl_typesupport_fastrtps_cppExport.cmake
-- Up-to-date: /home/kptal/humanoid_ws/install/dynamixel_interfaces/share/dynamixel_interfaces/cmake/export_dynamixel_interfaces__rosidl_typesupport_fastrtps_cppExport-noconfig.cmake
-- Up-to-date: /home/kptal/humanoid_ws/install/dynamixel_interfaces/share/dynamixel_interfaces/cmake/dynamixel_interfaces__rosidl_typesupport_introspection_cExport.cmake
-- Up-to-date: /home/kptal/humanoid_ws/install/dynamixel_interfaces/share/dynamixel_interfaces/cmake/dynamixel_interfaces__rosidl_typesupport_introspection_cExport-noconfig.cmake
-- Up-to-date: /home/kptal/humanoid_ws/install/dynamixel_interfaces/share/dynamixel_interfaces/cmake/dynamixel_interfaces__rosidl_typesupport_cExport.cmake
-- Up-to-date: /home/kptal/humanoid_ws/install/dynamixel_interfaces/share/dynamixel_interfaces/cmake/dynamixel_interfaces__rosidl_typesupport_cExport-noconfig.cmake
-- Up-to-date: /home/kptal/humanoid_ws/install/dynamixel_interfaces/share/dynamixel_interfaces/cmake/dynamixel_interfaces__rosidl_typesupport_introspection_cppExport.cmake
-- Up-to-date: /home/kptal/humanoid_ws/install/dynamixel_interfaces/share/dynamixel_interfaces/cmake/dynamixel_interfaces__rosidl_typesupport_introspection_cppExport-noconfig.cmake
-- Up-to-date: /home/kptal/humanoid_ws/install/dynamixel_interfaces/share/dynamixel_interfaces/cmake/dynamixel_interfaces__rosidl_typesupport_cppExport.cmake
-- Up-to-date: /home/kptal/humanoid_ws/install/dynamixel_interfaces/share/dynamixel_interfaces/cmake/dynamixel_interfaces__rosidl_typesupport_cppExport-noconfig.cmake
-- Up-to-date: /home/kptal/humanoid_ws/install/dynamixel_interfaces/share/dynamixel_interfaces/cmake/export_dynamixel_interfaces__rosidl_generator_pyExport.cmake
-- Up-to-date: /home/kptal/humanoid_ws/install/dynamixel_interfaces/share/dynamixel_interfaces/cmake/export_dynamixel_interfaces__rosidl_generator_pyExport-noconfig.cmake
-- Up-to-date: /home/kptal/humanoid_ws/install/dynamixel_interfaces/share/dynamixel_interfaces/cmake/rosidl_cmake-extras.cmake
-- Up-to-date: /home/kptal/humanoid_ws/install/dynamixel_interfaces/share/dynamixel_interfaces/cmake/ament_cmake_export_dependencies-extras.cmake
-- Up-to-date: /home/kptal/humanoid_ws/install/dynamixel_interfaces/share/dynamixel_interfaces/cmake/ament_cmake_export_include_directories-extras.cmake
-- Up-to-date: /home/kptal/humanoid_ws/install/dynamixel_interfaces/share/dynamixel_interfaces/cmake/ament_cmake_export_libraries-extras.cmake
-- Up-to-date: /home/kptal/humanoid_ws/install/dynamixel_interfaces/share/dynamixel_interfaces/cmake/ament_cmake_export_targets-extras.cmake
-- Up-to-date: /home/kptal/humanoid_ws/install/dynamixel_interfaces/share/dynamixel_interfaces/cmake/rosidl_cmake_export_typesupport_targets-extras.cmake
-- Up-to-date: /home/kptal/humanoid_ws/install/dynamixel_interfaces/share/dynamixel_interfaces/cmake/rosidl_cmake_export_typesupport_libraries-extras.cmake
-- Up-to-date: /home/kptal/humanoid_ws/install/dynamixel_interfaces/share/dynamixel_interfaces/cmake/dynamixel_interfacesConfig.cmake
-- Up-to-date: /home/kptal/humanoid_ws/install/dynamixel_interfaces/share/dynamixel_interfaces/cmake/dynamixel_interfacesConfig-version.cmake
-- Up-to-date: /home/kptal/humanoid_ws/install/dynamixel_interfaces/share/dynamixel_interfaces/package.xml
