[0.048s] Invoking command in '/home/kptal/humanoid_ws/build/dynamixel_interfaces': CMAKE_PREFIX_PATH=${CMAKE_PREFIX_PATH}:/home/kptal/humanoid_ws/install/moveit_configs_utils:/home/kptal/humanoid_ws/install/launch_param_builder:/home/kptal/humanoid_ws/install/ik_pick_place:/home/kptal/humanoid_ws/install/half_humanoid_control_actions:/home/kptal/humanoid_ws/install/dynamixel_test_utils:/home/kptal/ws_moveit2/install/moveit_configs_utils:/home/kptal/ws_moveit2/install/launch_param_builder:/opt/ros/humble /usr/bin/cmake --build /home/kptal/humanoid_ws/build/dynamixel_interfaces -- -j18 -l18
[0.237s] [  1%] Built target dynamixel_interfaces__cpp
[0.248s] [ 12%] Built target dynamixel_interfaces__rosidl_generator_c
[0.263s] [ 12%] Built target ament_cmake_python_copy_dynamixel_interfaces
[0.346s] [ 23%] Built target dynamixel_interfaces__rosidl_typesupport_cpp
[0.347s] [ 34%] Built target dynamixel_interfaces__rosidl_typesupport_c
[0.363s] [ 45%] Built target dynamixel_interfaces__rosidl_typesupport_introspection_cpp
[0.374s] [ 56%] Built target dynamixel_interfaces__rosidl_typesupport_introspection_c
[0.393s] [ 67%] Built target dynamixel_interfaces__rosidl_typesupport_fastrtps_c
[0.394s] [ 78%] Built target dynamixel_interfaces__rosidl_typesupport_fastrtps_cpp
[0.490s] [ 78%] Built target dynamixel_interfaces
[0.598s] [ 80%] Built target dynamixel_interfaces__py
[0.699s] [ 89%] Built target dynamixel_interfaces__rosidl_generator_py
[0.793s] [ 92%] Built target dynamixel_interfaces__rosidl_typesupport_fastrtps_c__pyext
[0.803s] [ 96%] Built target dynamixel_interfaces__rosidl_typesupport_c__pyext
[0.809s] [100%] Built target dynamixel_interfaces__rosidl_typesupport_introspection_c__pyext
[0.868s] running egg_info
[0.869s] writing dynamixel_interfaces.egg-info/PKG-INFO
[0.870s] writing dependency_links to dynamixel_interfaces.egg-info/dependency_links.txt
[0.870s] writing top-level names to dynamixel_interfaces.egg-info/top_level.txt
[0.875s] reading manifest file 'dynamixel_interfaces.egg-info/SOURCES.txt'
[0.877s] writing manifest file 'dynamixel_interfaces.egg-info/SOURCES.txt'
[0.971s] [100%] Built target ament_cmake_python_build_dynamixel_interfaces_egg
[1.014s] Invoked command in '/home/kptal/humanoid_ws/build/dynamixel_interfaces' returned '0': CMAKE_PREFIX_PATH=${CMAKE_PREFIX_PATH}:/home/kptal/humanoid_ws/install/moveit_configs_utils:/home/kptal/humanoid_ws/install/launch_param_builder:/home/kptal/humanoid_ws/install/ik_pick_place:/home/kptal/humanoid_ws/install/half_humanoid_control_actions:/home/kptal/humanoid_ws/install/dynamixel_test_utils:/home/kptal/ws_moveit2/install/moveit_configs_utils:/home/kptal/ws_moveit2/install/launch_param_builder:/opt/ros/humble /usr/bin/cmake --build /home/kptal/humanoid_ws/build/dynamixel_interfaces -- -j18 -l18
[1.020s] Invoking command in '/home/kptal/humanoid_ws/build/dynamixel_interfaces': CMAKE_PREFIX_PATH=${CMAKE_PREFIX_PATH}:/home/kptal/humanoid_ws/install/moveit_configs_utils:/home/kptal/humanoid_ws/install/launch_param_builder:/home/kptal/humanoid_ws/install/ik_pick_place:/home/kptal/humanoid_ws/install/half_humanoid_control_actions:/home/kptal/humanoid_ws/install/dynamixel_test_utils:/home/kptal/ws_moveit2/install/moveit_configs_utils:/home/kptal/ws_moveit2/install/launch_param_builder:/opt/ros/humble /usr/bin/cmake --install /home/kptal/humanoid_ws/build/dynamixel_interfaces
[1.048s] -- Install configuration: ""
[1.049s] -- Up-to-date: /home/kptal/humanoid_ws/install/dynamixel_interfaces/share/ament_index/resource_index/rosidl_interfaces/dynamixel_interfaces
[1.049s] -- Up-to-date: /home/kptal/humanoid_ws/install/dynamixel_interfaces/include/dynamixel_interfaces/dynamixel_interfaces
[1.049s] -- Up-to-date: /home/kptal/humanoid_ws/install/dynamixel_interfaces/include/dynamixel_interfaces/dynamixel_interfaces/msg
[1.050s] -- Up-to-date: /home/kptal/humanoid_ws/install/dynamixel_interfaces/include/dynamixel_interfaces/dynamixel_interfaces/msg/rosidl_generator_c__visibility_control.h
[1.050s] -- Up-to-date: /home/kptal/humanoid_ws/install/dynamixel_interfaces/include/dynamixel_interfaces/dynamixel_interfaces/msg/dynamixel_state.h
[1.051s] -- Up-to-date: /home/kptal/humanoid_ws/install/dynamixel_interfaces/include/dynamixel_interfaces/dynamixel_interfaces/msg/detail
[1.051s] -- Up-to-date: /home/kptal/humanoid_ws/install/dynamixel_interfaces/include/dynamixel_interfaces/dynamixel_interfaces/msg/detail/dynamixel_state__functions.h
[1.052s] -- Up-to-date: /home/kptal/humanoid_ws/install/dynamixel_interfaces/include/dynamixel_interfaces/dynamixel_interfaces/msg/detail/dynamixel_state__type_support.h
[1.052s] -- Up-to-date: /home/kptal/humanoid_ws/install/dynamixel_interfaces/include/dynamixel_interfaces/dynamixel_interfaces/msg/detail/dynamixel_state__functions.c
[1.052s] -- Up-to-date: /home/kptal/humanoid_ws/install/dynamixel_interfaces/include/dynamixel_interfaces/dynamixel_interfaces/msg/detail/dynamixel_state__struct.h
[1.053s] -- Up-to-date: /home/kptal/humanoid_ws/install/dynamixel_interfaces/include/dynamixel_interfaces/dynamixel_interfaces/srv
[1.053s] -- Up-to-date: /home/kptal/humanoid_ws/install/dynamixel_interfaces/include/dynamixel_interfaces/dynamixel_interfaces/srv/set_data_to_dxl.h
[1.054s] -- Up-to-date: /home/kptal/humanoid_ws/install/dynamixel_interfaces/include/dynamixel_interfaces/dynamixel_interfaces/srv/get_data_from_dxl.h
[1.054s] -- Up-to-date: /home/kptal/humanoid_ws/install/dynamixel_interfaces/include/dynamixel_interfaces/dynamixel_interfaces/srv/detail
[1.054s] -- Up-to-date: /home/kptal/humanoid_ws/install/dynamixel_interfaces/include/dynamixel_interfaces/dynamixel_interfaces/srv/detail/set_data_to_dxl__functions.h
[1.055s] -- Up-to-date: /home/kptal/humanoid_ws/install/dynamixel_interfaces/include/dynamixel_interfaces/dynamixel_interfaces/srv/detail/set_data_to_dxl__type_support.h
[1.055s] -- Up-to-date: /home/kptal/humanoid_ws/install/dynamixel_interfaces/include/dynamixel_interfaces/dynamixel_interfaces/srv/detail/set_data_to_dxl__struct.h
[1.056s] -- Up-to-date: /home/kptal/humanoid_ws/install/dynamixel_interfaces/include/dynamixel_interfaces/dynamixel_interfaces/srv/detail/get_data_from_dxl__functions.h
[1.056s] -- Up-to-date: /home/kptal/humanoid_ws/install/dynamixel_interfaces/include/dynamixel_interfaces/dynamixel_interfaces/srv/detail/set_data_to_dxl__functions.c
[1.056s] -- Up-to-date: /home/kptal/humanoid_ws/install/dynamixel_interfaces/include/dynamixel_interfaces/dynamixel_interfaces/srv/detail/reboot_dxl__functions.c
[1.057s] -- Up-to-date: /home/kptal/humanoid_ws/install/dynamixel_interfaces/include/dynamixel_interfaces/dynamixel_interfaces/srv/detail/get_data_from_dxl__type_support.h
[1.057s] -- Up-to-date: /home/kptal/humanoid_ws/install/dynamixel_interfaces/include/dynamixel_interfaces/dynamixel_interfaces/srv/detail/reboot_dxl__type_support.h
[1.058s] -- Up-to-date: /home/kptal/humanoid_ws/install/dynamixel_interfaces/include/dynamixel_interfaces/dynamixel_interfaces/srv/detail/reboot_dxl__functions.h
[1.058s] -- Up-to-date: /home/kptal/humanoid_ws/install/dynamixel_interfaces/include/dynamixel_interfaces/dynamixel_interfaces/srv/detail/get_data_from_dxl__functions.c
[1.058s] -- Up-to-date: /home/kptal/humanoid_ws/install/dynamixel_interfaces/include/dynamixel_interfaces/dynamixel_interfaces/srv/detail/get_data_from_dxl__struct.h
[1.059s] -- Up-to-date: /home/kptal/humanoid_ws/install/dynamixel_interfaces/include/dynamixel_interfaces/dynamixel_interfaces/srv/detail/reboot_dxl__struct.h
[1.059s] -- Up-to-date: /home/kptal/humanoid_ws/install/dynamixel_interfaces/include/dynamixel_interfaces/dynamixel_interfaces/srv/reboot_dxl.h
[1.059s] -- Up-to-date: /home/kptal/humanoid_ws/install/dynamixel_interfaces/share/dynamixel_interfaces/environment/library_path.sh
[1.059s] -- Up-to-date: /home/kptal/humanoid_ws/install/dynamixel_interfaces/share/dynamixel_interfaces/environment/library_path.dsv
[1.060s] -- Up-to-date: /home/kptal/humanoid_ws/install/dynamixel_interfaces/lib/libdynamixel_interfaces__rosidl_generator_c.so
[1.060s] -- Up-to-date: /home/kptal/humanoid_ws/install/dynamixel_interfaces/include/dynamixel_interfaces/dynamixel_interfaces
[1.060s] -- Up-to-date: /home/kptal/humanoid_ws/install/dynamixel_interfaces/include/dynamixel_interfaces/dynamixel_interfaces/msg
[1.060s] -- Up-to-date: /home/kptal/humanoid_ws/install/dynamixel_interfaces/include/dynamixel_interfaces/dynamixel_interfaces/msg/rosidl_typesupport_fastrtps_c__visibility_control.h
[1.060s] -- Up-to-date: /home/kptal/humanoid_ws/install/dynamixel_interfaces/include/dynamixel_interfaces/dynamixel_interfaces/msg/detail
[1.061s] -- Up-to-date: /home/kptal/humanoid_ws/install/dynamixel_interfaces/include/dynamixel_interfaces/dynamixel_interfaces/msg/detail/dynamixel_state__rosidl_typesupport_fastrtps_c.h
[1.061s] -- Up-to-date: /home/kptal/humanoid_ws/install/dynamixel_interfaces/include/dynamixel_interfaces/dynamixel_interfaces/srv
[1.061s] -- Up-to-date: /home/kptal/humanoid_ws/install/dynamixel_interfaces/include/dynamixel_interfaces/dynamixel_interfaces/srv/detail
[1.061s] -- Up-to-date: /home/kptal/humanoid_ws/install/dynamixel_interfaces/include/dynamixel_interfaces/dynamixel_interfaces/srv/detail/get_data_from_dxl__rosidl_typesupport_fastrtps_c.h
[1.062s] -- Up-to-date: /home/kptal/humanoid_ws/install/dynamixel_interfaces/include/dynamixel_interfaces/dynamixel_interfaces/srv/detail/reboot_dxl__rosidl_typesupport_fastrtps_c.h
[1.062s] -- Up-to-date: /home/kptal/humanoid_ws/install/dynamixel_interfaces/include/dynamixel_interfaces/dynamixel_interfaces/srv/detail/set_data_to_dxl__rosidl_typesupport_fastrtps_c.h
[1.062s] -- Up-to-date: /home/kptal/humanoid_ws/install/dynamixel_interfaces/lib/libdynamixel_interfaces__rosidl_typesupport_fastrtps_c.so
[1.062s] -- Up-to-date: /home/kptal/humanoid_ws/install/dynamixel_interfaces/include/dynamixel_interfaces/dynamixel_interfaces
[1.062s] -- Up-to-date: /home/kptal/humanoid_ws/install/dynamixel_interfaces/include/dynamixel_interfaces/dynamixel_interfaces/msg
[1.063s] -- Up-to-date: /home/kptal/humanoid_ws/install/dynamixel_interfaces/include/dynamixel_interfaces/dynamixel_interfaces/msg/rosidl_generator_cpp__visibility_control.hpp
[1.063s] -- Up-to-date: /home/kptal/humanoid_ws/install/dynamixel_interfaces/include/dynamixel_interfaces/dynamixel_interfaces/msg/detail
[1.063s] -- Up-to-date: /home/kptal/humanoid_ws/install/dynamixel_interfaces/include/dynamixel_interfaces/dynamixel_interfaces/msg/detail/dynamixel_state__builder.hpp
[1.063s] -- Up-to-date: /home/kptal/humanoid_ws/install/dynamixel_interfaces/include/dynamixel_interfaces/dynamixel_interfaces/msg/detail/dynamixel_state__struct.hpp
[1.064s] -- Up-to-date: /home/kptal/humanoid_ws/install/dynamixel_interfaces/include/dynamixel_interfaces/dynamixel_interfaces/msg/detail/dynamixel_state__type_support.hpp
[1.064s] -- Up-to-date: /home/kptal/humanoid_ws/install/dynamixel_interfaces/include/dynamixel_interfaces/dynamixel_interfaces/msg/detail/dynamixel_state__traits.hpp
[1.064s] -- Up-to-date: /home/kptal/humanoid_ws/install/dynamixel_interfaces/include/dynamixel_interfaces/dynamixel_interfaces/msg/dynamixel_state.hpp
[1.064s] -- Up-to-date: /home/kptal/humanoid_ws/install/dynamixel_interfaces/include/dynamixel_interfaces/dynamixel_interfaces/srv
[1.064s] -- Up-to-date: /home/kptal/humanoid_ws/install/dynamixel_interfaces/include/dynamixel_interfaces/dynamixel_interfaces/srv/get_data_from_dxl.hpp
[1.065s] -- Up-to-date: /home/kptal/humanoid_ws/install/dynamixel_interfaces/include/dynamixel_interfaces/dynamixel_interfaces/srv/reboot_dxl.hpp
[1.065s] -- Up-to-date: /home/kptal/humanoid_ws/install/dynamixel_interfaces/include/dynamixel_interfaces/dynamixel_interfaces/srv/detail
[1.065s] -- Up-to-date: /home/kptal/humanoid_ws/install/dynamixel_interfaces/include/dynamixel_interfaces/dynamixel_interfaces/srv/detail/get_data_from_dxl__struct.hpp
[1.065s] -- Up-to-date: /home/kptal/humanoid_ws/install/dynamixel_interfaces/include/dynamixel_interfaces/dynamixel_interfaces/srv/detail/reboot_dxl__builder.hpp
[1.066s] -- Up-to-date: /home/kptal/humanoid_ws/install/dynamixel_interfaces/include/dynamixel_interfaces/dynamixel_interfaces/srv/detail/get_data_from_dxl__builder.hpp
[1.066s] -- Up-to-date: /home/kptal/humanoid_ws/install/dynamixel_interfaces/include/dynamixel_interfaces/dynamixel_interfaces/srv/detail/reboot_dxl__type_support.hpp
[1.066s] -- Up-to-date: /home/kptal/humanoid_ws/install/dynamixel_interfaces/include/dynamixel_interfaces/dynamixel_interfaces/srv/detail/reboot_dxl__traits.hpp
[1.066s] -- Up-to-date: /home/kptal/humanoid_ws/install/dynamixel_interfaces/include/dynamixel_interfaces/dynamixel_interfaces/srv/detail/set_data_to_dxl__type_support.hpp
[1.066s] -- Up-to-date: /home/kptal/humanoid_ws/install/dynamixel_interfaces/include/dynamixel_interfaces/dynamixel_interfaces/srv/detail/get_data_from_dxl__traits.hpp
[1.067s] -- Up-to-date: /home/kptal/humanoid_ws/install/dynamixel_interfaces/include/dynamixel_interfaces/dynamixel_interfaces/srv/detail/set_data_to_dxl__builder.hpp
[1.067s] -- Up-to-date: /home/kptal/humanoid_ws/install/dynamixel_interfaces/include/dynamixel_interfaces/dynamixel_interfaces/srv/detail/reboot_dxl__struct.hpp
[1.067s] -- Up-to-date: /home/kptal/humanoid_ws/install/dynamixel_interfaces/include/dynamixel_interfaces/dynamixel_interfaces/srv/detail/set_data_to_dxl__struct.hpp
[1.067s] -- Up-to-date: /home/kptal/humanoid_ws/install/dynamixel_interfaces/include/dynamixel_interfaces/dynamixel_interfaces/srv/detail/set_data_to_dxl__traits.hpp
[1.068s] -- Up-to-date: /home/kptal/humanoid_ws/install/dynamixel_interfaces/include/dynamixel_interfaces/dynamixel_interfaces/srv/detail/get_data_from_dxl__type_support.hpp
[1.068s] -- Up-to-date: /home/kptal/humanoid_ws/install/dynamixel_interfaces/include/dynamixel_interfaces/dynamixel_interfaces/srv/set_data_to_dxl.hpp
[1.068s] -- Up-to-date: /home/kptal/humanoid_ws/install/dynamixel_interfaces/include/dynamixel_interfaces/dynamixel_interfaces
[1.068s] -- Up-to-date: /home/kptal/humanoid_ws/install/dynamixel_interfaces/include/dynamixel_interfaces/dynamixel_interfaces/msg
[1.068s] -- Up-to-date: /home/kptal/humanoid_ws/install/dynamixel_interfaces/include/dynamixel_interfaces/dynamixel_interfaces/msg/detail
[1.069s] -- Up-to-date: /home/kptal/humanoid_ws/install/dynamixel_interfaces/include/dynamixel_interfaces/dynamixel_interfaces/msg/detail/dynamixel_state__rosidl_typesupport_fastrtps_cpp.hpp
[1.069s] -- Up-to-date: /home/kptal/humanoid_ws/install/dynamixel_interfaces/include/dynamixel_interfaces/dynamixel_interfaces/msg/detail/dds_fastrtps
[1.069s] -- Up-to-date: /home/kptal/humanoid_ws/install/dynamixel_interfaces/include/dynamixel_interfaces/dynamixel_interfaces/msg/rosidl_typesupport_fastrtps_cpp__visibility_control.h
[1.069s] -- Up-to-date: /home/kptal/humanoid_ws/install/dynamixel_interfaces/include/dynamixel_interfaces/dynamixel_interfaces/srv
[1.070s] -- Up-to-date: /home/kptal/humanoid_ws/install/dynamixel_interfaces/include/dynamixel_interfaces/dynamixel_interfaces/srv/detail
[1.070s] -- Up-to-date: /home/kptal/humanoid_ws/install/dynamixel_interfaces/include/dynamixel_interfaces/dynamixel_interfaces/srv/detail/set_data_to_dxl__rosidl_typesupport_fastrtps_cpp.hpp
[1.070s] -- Up-to-date: /home/kptal/humanoid_ws/install/dynamixel_interfaces/include/dynamixel_interfaces/dynamixel_interfaces/srv/detail/get_data_from_dxl__rosidl_typesupport_fastrtps_cpp.hpp
[1.070s] -- Up-to-date: /home/kptal/humanoid_ws/install/dynamixel_interfaces/include/dynamixel_interfaces/dynamixel_interfaces/srv/detail/dds_fastrtps
[1.070s] -- Up-to-date: /home/kptal/humanoid_ws/install/dynamixel_interfaces/include/dynamixel_interfaces/dynamixel_interfaces/srv/detail/reboot_dxl__rosidl_typesupport_fastrtps_cpp.hpp
[1.071s] -- Up-to-date: /home/kptal/humanoid_ws/install/dynamixel_interfaces/lib/libdynamixel_interfaces__rosidl_typesupport_fastrtps_cpp.so
[1.071s] -- Up-to-date: /home/kptal/humanoid_ws/install/dynamixel_interfaces/include/dynamixel_interfaces/dynamixel_interfaces
[1.071s] -- Up-to-date: /home/kptal/humanoid_ws/install/dynamixel_interfaces/include/dynamixel_interfaces/dynamixel_interfaces/msg
[1.071s] -- Up-to-date: /home/kptal/humanoid_ws/install/dynamixel_interfaces/include/dynamixel_interfaces/dynamixel_interfaces/msg/rosidl_typesupport_introspection_c__visibility_control.h
[1.071s] -- Up-to-date: /home/kptal/humanoid_ws/install/dynamixel_interfaces/include/dynamixel_interfaces/dynamixel_interfaces/msg/detail
[1.072s] -- Up-to-date: /home/kptal/humanoid_ws/install/dynamixel_interfaces/include/dynamixel_interfaces/dynamixel_interfaces/msg/detail/dynamixel_state__type_support.c
[1.072s] -- Up-to-date: /home/kptal/humanoid_ws/install/dynamixel_interfaces/include/dynamixel_interfaces/dynamixel_interfaces/msg/detail/dynamixel_state__rosidl_typesupport_introspection_c.h
[1.072s] -- Up-to-date: /home/kptal/humanoid_ws/install/dynamixel_interfaces/include/dynamixel_interfaces/dynamixel_interfaces/srv
[1.072s] -- Up-to-date: /home/kptal/humanoid_ws/install/dynamixel_interfaces/include/dynamixel_interfaces/dynamixel_interfaces/srv/detail
[1.072s] -- Up-to-date: /home/kptal/humanoid_ws/install/dynamixel_interfaces/include/dynamixel_interfaces/dynamixel_interfaces/srv/detail/reboot_dxl__rosidl_typesupport_introspection_c.h
[1.073s] -- Up-to-date: /home/kptal/humanoid_ws/install/dynamixel_interfaces/include/dynamixel_interfaces/dynamixel_interfaces/srv/detail/get_data_from_dxl__type_support.c
[1.073s] -- Up-to-date: /home/kptal/humanoid_ws/install/dynamixel_interfaces/include/dynamixel_interfaces/dynamixel_interfaces/srv/detail/set_data_to_dxl__type_support.c
[1.073s] -- Up-to-date: /home/kptal/humanoid_ws/install/dynamixel_interfaces/include/dynamixel_interfaces/dynamixel_interfaces/srv/detail/set_data_to_dxl__rosidl_typesupport_introspection_c.h
[1.073s] -- Up-to-date: /home/kptal/humanoid_ws/install/dynamixel_interfaces/include/dynamixel_interfaces/dynamixel_interfaces/srv/detail/get_data_from_dxl__rosidl_typesupport_introspection_c.h
[1.074s] -- Up-to-date: /home/kptal/humanoid_ws/install/dynamixel_interfaces/include/dynamixel_interfaces/dynamixel_interfaces/srv/detail/reboot_dxl__type_support.c
[1.074s] -- Up-to-date: /home/kptal/humanoid_ws/install/dynamixel_interfaces/lib/libdynamixel_interfaces__rosidl_typesupport_introspection_c.so
[1.074s] -- Up-to-date: /home/kptal/humanoid_ws/install/dynamixel_interfaces/lib/libdynamixel_interfaces__rosidl_typesupport_c.so
[1.074s] -- Up-to-date: /home/kptal/humanoid_ws/install/dynamixel_interfaces/include/dynamixel_interfaces/dynamixel_interfaces
[1.074s] -- Up-to-date: /home/kptal/humanoid_ws/install/dynamixel_interfaces/include/dynamixel_interfaces/dynamixel_interfaces/msg
[1.075s] -- Up-to-date: /home/kptal/humanoid_ws/install/dynamixel_interfaces/include/dynamixel_interfaces/dynamixel_interfaces/msg/detail
[1.075s] -- Up-to-date: /home/kptal/humanoid_ws/install/dynamixel_interfaces/include/dynamixel_interfaces/dynamixel_interfaces/msg/detail/dynamixel_state__rosidl_typesupport_introspection_cpp.hpp
[1.075s] -- Up-to-date: /home/kptal/humanoid_ws/install/dynamixel_interfaces/include/dynamixel_interfaces/dynamixel_interfaces/msg/detail/dynamixel_state__type_support.cpp
[1.075s] -- Up-to-date: /home/kptal/humanoid_ws/install/dynamixel_interfaces/include/dynamixel_interfaces/dynamixel_interfaces/srv
[1.075s] -- Up-to-date: /home/kptal/humanoid_ws/install/dynamixel_interfaces/include/dynamixel_interfaces/dynamixel_interfaces/srv/detail
[1.076s] -- Up-to-date: /home/kptal/humanoid_ws/install/dynamixel_interfaces/include/dynamixel_interfaces/dynamixel_interfaces/srv/detail/reboot_dxl__type_support.cpp
[1.076s] -- Up-to-date: /home/kptal/humanoid_ws/install/dynamixel_interfaces/include/dynamixel_interfaces/dynamixel_interfaces/srv/detail/get_data_from_dxl__type_support.cpp
[1.076s] -- Up-to-date: /home/kptal/humanoid_ws/install/dynamixel_interfaces/include/dynamixel_interfaces/dynamixel_interfaces/srv/detail/set_data_to_dxl__rosidl_typesupport_introspection_cpp.hpp
[1.076s] -- Up-to-date: /home/kptal/humanoid_ws/install/dynamixel_interfaces/include/dynamixel_interfaces/dynamixel_interfaces/srv/detail/get_data_from_dxl__rosidl_typesupport_introspection_cpp.hpp
[1.077s] -- Up-to-date: /home/kptal/humanoid_ws/install/dynamixel_interfaces/include/dynamixel_interfaces/dynamixel_interfaces/srv/detail/set_data_to_dxl__type_support.cpp
[1.077s] -- Up-to-date: /home/kptal/humanoid_ws/install/dynamixel_interfaces/include/dynamixel_interfaces/dynamixel_interfaces/srv/detail/reboot_dxl__rosidl_typesupport_introspection_cpp.hpp
[1.077s] -- Up-to-date: /home/kptal/humanoid_ws/install/dynamixel_interfaces/lib/libdynamixel_interfaces__rosidl_typesupport_introspection_cpp.so
[1.077s] -- Up-to-date: /home/kptal/humanoid_ws/install/dynamixel_interfaces/lib/libdynamixel_interfaces__rosidl_typesupport_cpp.so
[1.077s] -- Up-to-date: /home/kptal/humanoid_ws/install/dynamixel_interfaces/share/dynamixel_interfaces/environment/pythonpath.sh
[1.078s] -- Up-to-date: /home/kptal/humanoid_ws/install/dynamixel_interfaces/share/dynamixel_interfaces/environment/pythonpath.dsv
[1.078s] -- Up-to-date: /home/kptal/humanoid_ws/install/dynamixel_interfaces/local/lib/python3.10/dist-packages/dynamixel_interfaces-1.0.1-py3.10.egg-info
[1.078s] -- Installing: /home/kptal/humanoid_ws/install/dynamixel_interfaces/local/lib/python3.10/dist-packages/dynamixel_interfaces-1.0.1-py3.10.egg-info/SOURCES.txt
[1.078s] -- Installing: /home/kptal/humanoid_ws/install/dynamixel_interfaces/local/lib/python3.10/dist-packages/dynamixel_interfaces-1.0.1-py3.10.egg-info/PKG-INFO
[1.078s] -- Installing: /home/kptal/humanoid_ws/install/dynamixel_interfaces/local/lib/python3.10/dist-packages/dynamixel_interfaces-1.0.1-py3.10.egg-info/dependency_links.txt
[1.079s] -- Installing: /home/kptal/humanoid_ws/install/dynamixel_interfaces/local/lib/python3.10/dist-packages/dynamixel_interfaces-1.0.1-py3.10.egg-info/top_level.txt
[1.079s] -- Up-to-date: /home/kptal/humanoid_ws/install/dynamixel_interfaces/local/lib/python3.10/dist-packages/dynamixel_interfaces
[1.079s] -- Up-to-date: /home/kptal/humanoid_ws/install/dynamixel_interfaces/local/lib/python3.10/dist-packages/dynamixel_interfaces/msg
[1.079s] -- Up-to-date: /home/kptal/humanoid_ws/install/dynamixel_interfaces/local/lib/python3.10/dist-packages/dynamixel_interfaces/msg/_dynamixel_state.py
[1.079s] -- Up-to-date: /home/kptal/humanoid_ws/install/dynamixel_interfaces/local/lib/python3.10/dist-packages/dynamixel_interfaces/msg/_dynamixel_state_s.c
[1.080s] -- Up-to-date: /home/kptal/humanoid_ws/install/dynamixel_interfaces/local/lib/python3.10/dist-packages/dynamixel_interfaces/msg/__init__.py
[1.080s] -- Up-to-date: /home/kptal/humanoid_ws/install/dynamixel_interfaces/local/lib/python3.10/dist-packages/dynamixel_interfaces/libdynamixel_interfaces__rosidl_generator_py.so
[1.080s] -- Up-to-date: /home/kptal/humanoid_ws/install/dynamixel_interfaces/local/lib/python3.10/dist-packages/dynamixel_interfaces/dynamixel_interfaces_s__rosidl_typesupport_c.cpython-310-x86_64-linux-gnu.so
[1.080s] -- Up-to-date: /home/kptal/humanoid_ws/install/dynamixel_interfaces/local/lib/python3.10/dist-packages/dynamixel_interfaces/dynamixel_interfaces_s__rosidl_typesupport_fastrtps_c.cpython-310-x86_64-linux-gnu.so
[1.080s] -- Up-to-date: /home/kptal/humanoid_ws/install/dynamixel_interfaces/local/lib/python3.10/dist-packages/dynamixel_interfaces/_dynamixel_interfaces_s.ep.rosidl_typesupport_c.c
[1.081s] -- Up-to-date: /home/kptal/humanoid_ws/install/dynamixel_interfaces/local/lib/python3.10/dist-packages/dynamixel_interfaces/_dynamixel_interfaces_s.ep.rosidl_typesupport_introspection_c.c
[1.081s] -- Up-to-date: /home/kptal/humanoid_ws/install/dynamixel_interfaces/local/lib/python3.10/dist-packages/dynamixel_interfaces/_dynamixel_interfaces_s.ep.rosidl_typesupport_fastrtps_c.c
[1.081s] -- Up-to-date: /home/kptal/humanoid_ws/install/dynamixel_interfaces/local/lib/python3.10/dist-packages/dynamixel_interfaces/dynamixel_interfaces_s__rosidl_typesupport_introspection_c.cpython-310-x86_64-linux-gnu.so
[1.081s] -- Up-to-date: /home/kptal/humanoid_ws/install/dynamixel_interfaces/local/lib/python3.10/dist-packages/dynamixel_interfaces/srv
[1.082s] -- Up-to-date: /home/kptal/humanoid_ws/install/dynamixel_interfaces/local/lib/python3.10/dist-packages/dynamixel_interfaces/srv/_reboot_dxl_s.c
[1.082s] -- Up-to-date: /home/kptal/humanoid_ws/install/dynamixel_interfaces/local/lib/python3.10/dist-packages/dynamixel_interfaces/srv/_reboot_dxl.py
[1.082s] -- Up-to-date: /home/kptal/humanoid_ws/install/dynamixel_interfaces/local/lib/python3.10/dist-packages/dynamixel_interfaces/srv/_get_data_from_dxl_s.c
[1.082s] -- Up-to-date: /home/kptal/humanoid_ws/install/dynamixel_interfaces/local/lib/python3.10/dist-packages/dynamixel_interfaces/srv/_set_data_to_dxl.py
[1.083s] -- Up-to-date: /home/kptal/humanoid_ws/install/dynamixel_interfaces/local/lib/python3.10/dist-packages/dynamixel_interfaces/srv/_set_data_to_dxl_s.c
[1.083s] -- Up-to-date: /home/kptal/humanoid_ws/install/dynamixel_interfaces/local/lib/python3.10/dist-packages/dynamixel_interfaces/srv/_get_data_from_dxl.py
[1.083s] -- Up-to-date: /home/kptal/humanoid_ws/install/dynamixel_interfaces/local/lib/python3.10/dist-packages/dynamixel_interfaces/srv/__init__.py
[1.083s] -- Up-to-date: /home/kptal/humanoid_ws/install/dynamixel_interfaces/local/lib/python3.10/dist-packages/dynamixel_interfaces/__init__.py
[1.188s] Listing '/home/kptal/humanoid_ws/install/dynamixel_interfaces/local/lib/python3.10/dist-packages/dynamixel_interfaces'...
[1.189s] Listing '/home/kptal/humanoid_ws/install/dynamixel_interfaces/local/lib/python3.10/dist-packages/dynamixel_interfaces/msg'...
[1.189s] Listing '/home/kptal/humanoid_ws/install/dynamixel_interfaces/local/lib/python3.10/dist-packages/dynamixel_interfaces/srv'...
[1.207s] -- Up-to-date: /home/kptal/humanoid_ws/install/dynamixel_interfaces/local/lib/python3.10/dist-packages/dynamixel_interfaces/dynamixel_interfaces_s__rosidl_typesupport_fastrtps_c.cpython-310-x86_64-linux-gnu.so
[1.208s] -- Up-to-date: /home/kptal/humanoid_ws/install/dynamixel_interfaces/local/lib/python3.10/dist-packages/dynamixel_interfaces/dynamixel_interfaces_s__rosidl_typesupport_introspection_c.cpython-310-x86_64-linux-gnu.so
[1.209s] -- Up-to-date: /home/kptal/humanoid_ws/install/dynamixel_interfaces/local/lib/python3.10/dist-packages/dynamixel_interfaces/dynamixel_interfaces_s__rosidl_typesupport_c.cpython-310-x86_64-linux-gnu.so
[1.210s] -- Up-to-date: /home/kptal/humanoid_ws/install/dynamixel_interfaces/lib/libdynamixel_interfaces__rosidl_generator_py.so
[1.210s] -- Up-to-date: /home/kptal/humanoid_ws/install/dynamixel_interfaces/share/dynamixel_interfaces/msg/DynamixelState.idl
[1.211s] -- Up-to-date: /home/kptal/humanoid_ws/install/dynamixel_interfaces/share/dynamixel_interfaces/srv/GetDataFromDxl.idl
[1.211s] -- Up-to-date: /home/kptal/humanoid_ws/install/dynamixel_interfaces/share/dynamixel_interfaces/srv/SetDataToDxl.idl
[1.212s] -- Up-to-date: /home/kptal/humanoid_ws/install/dynamixel_interfaces/share/dynamixel_interfaces/srv/RebootDxl.idl
[1.212s] -- Up-to-date: /home/kptal/humanoid_ws/install/dynamixel_interfaces/share/dynamixel_interfaces/msg/DynamixelState.msg
[1.212s] -- Up-to-date: /home/kptal/humanoid_ws/install/dynamixel_interfaces/share/dynamixel_interfaces/srv/GetDataFromDxl.srv
[1.213s] -- Up-to-date: /home/kptal/humanoid_ws/install/dynamixel_interfaces/share/dynamixel_interfaces/srv/GetDataFromDxl_Request.msg
[1.213s] -- Up-to-date: /home/kptal/humanoid_ws/install/dynamixel_interfaces/share/dynamixel_interfaces/srv/GetDataFromDxl_Response.msg
[1.213s] -- Up-to-date: /home/kptal/humanoid_ws/install/dynamixel_interfaces/share/dynamixel_interfaces/srv/SetDataToDxl.srv
[1.213s] -- Up-to-date: /home/kptal/humanoid_ws/install/dynamixel_interfaces/share/dynamixel_interfaces/srv/SetDataToDxl_Request.msg
[1.214s] -- Up-to-date: /home/kptal/humanoid_ws/install/dynamixel_interfaces/share/dynamixel_interfaces/srv/SetDataToDxl_Response.msg
[1.214s] -- Up-to-date: /home/kptal/humanoid_ws/install/dynamixel_interfaces/share/dynamixel_interfaces/srv/RebootDxl.srv
[1.214s] -- Up-to-date: /home/kptal/humanoid_ws/install/dynamixel_interfaces/share/dynamixel_interfaces/srv/RebootDxl_Request.msg
[1.214s] -- Up-to-date: /home/kptal/humanoid_ws/install/dynamixel_interfaces/share/dynamixel_interfaces/srv/RebootDxl_Response.msg
[1.214s] -- Up-to-date: /home/kptal/humanoid_ws/install/dynamixel_interfaces/share/ament_index/resource_index/package_run_dependencies/dynamixel_interfaces
[1.214s] -- Up-to-date: /home/kptal/humanoid_ws/install/dynamixel_interfaces/share/ament_index/resource_index/parent_prefix_path/dynamixel_interfaces
[1.215s] -- Up-to-date: /home/kptal/humanoid_ws/install/dynamixel_interfaces/share/dynamixel_interfaces/environment/ament_prefix_path.sh
[1.215s] -- Up-to-date: /home/kptal/humanoid_ws/install/dynamixel_interfaces/share/dynamixel_interfaces/environment/ament_prefix_path.dsv
[1.215s] -- Up-to-date: /home/kptal/humanoid_ws/install/dynamixel_interfaces/share/dynamixel_interfaces/environment/path.sh
[1.215s] -- Up-to-date: /home/kptal/humanoid_ws/install/dynamixel_interfaces/share/dynamixel_interfaces/environment/path.dsv
[1.215s] -- Up-to-date: /home/kptal/humanoid_ws/install/dynamixel_interfaces/share/dynamixel_interfaces/local_setup.bash
[1.215s] -- Up-to-date: /home/kptal/humanoid_ws/install/dynamixel_interfaces/share/dynamixel_interfaces/local_setup.sh
[1.215s] -- Up-to-date: /home/kptal/humanoid_ws/install/dynamixel_interfaces/share/dynamixel_interfaces/local_setup.zsh
[1.215s] -- Up-to-date: /home/kptal/humanoid_ws/install/dynamixel_interfaces/share/dynamixel_interfaces/local_setup.dsv
[1.215s] -- Installing: /home/kptal/humanoid_ws/install/dynamixel_interfaces/share/dynamixel_interfaces/package.dsv
[1.215s] -- Up-to-date: /home/kptal/humanoid_ws/install/dynamixel_interfaces/share/ament_index/resource_index/packages/dynamixel_interfaces
[1.216s] -- Up-to-date: /home/kptal/humanoid_ws/install/dynamixel_interfaces/share/dynamixel_interfaces/cmake/export_dynamixel_interfaces__rosidl_generator_cExport.cmake
[1.216s] -- Up-to-date: /home/kptal/humanoid_ws/install/dynamixel_interfaces/share/dynamixel_interfaces/cmake/export_dynamixel_interfaces__rosidl_generator_cExport-noconfig.cmake
[1.216s] -- Up-to-date: /home/kptal/humanoid_ws/install/dynamixel_interfaces/share/dynamixel_interfaces/cmake/export_dynamixel_interfaces__rosidl_typesupport_fastrtps_cExport.cmake
[1.216s] -- Up-to-date: /home/kptal/humanoid_ws/install/dynamixel_interfaces/share/dynamixel_interfaces/cmake/export_dynamixel_interfaces__rosidl_typesupport_fastrtps_cExport-noconfig.cmake
[1.216s] -- Up-to-date: /home/kptal/humanoid_ws/install/dynamixel_interfaces/share/dynamixel_interfaces/cmake/export_dynamixel_interfaces__rosidl_generator_cppExport.cmake
[1.216s] -- Up-to-date: /home/kptal/humanoid_ws/install/dynamixel_interfaces/share/dynamixel_interfaces/cmake/export_dynamixel_interfaces__rosidl_typesupport_fastrtps_cppExport.cmake
[1.216s] -- Up-to-date: /home/kptal/humanoid_ws/install/dynamixel_interfaces/share/dynamixel_interfaces/cmake/export_dynamixel_interfaces__rosidl_typesupport_fastrtps_cppExport-noconfig.cmake
[1.217s] -- Up-to-date: /home/kptal/humanoid_ws/install/dynamixel_interfaces/share/dynamixel_interfaces/cmake/dynamixel_interfaces__rosidl_typesupport_introspection_cExport.cmake
[1.217s] -- Up-to-date: /home/kptal/humanoid_ws/install/dynamixel_interfaces/share/dynamixel_interfaces/cmake/dynamixel_interfaces__rosidl_typesupport_introspection_cExport-noconfig.cmake
[1.217s] -- Up-to-date: /home/kptal/humanoid_ws/install/dynamixel_interfaces/share/dynamixel_interfaces/cmake/dynamixel_interfaces__rosidl_typesupport_cExport.cmake
[1.217s] -- Up-to-date: /home/kptal/humanoid_ws/install/dynamixel_interfaces/share/dynamixel_interfaces/cmake/dynamixel_interfaces__rosidl_typesupport_cExport-noconfig.cmake
[1.217s] -- Up-to-date: /home/kptal/humanoid_ws/install/dynamixel_interfaces/share/dynamixel_interfaces/cmake/dynamixel_interfaces__rosidl_typesupport_introspection_cppExport.cmake
[1.217s] -- Up-to-date: /home/kptal/humanoid_ws/install/dynamixel_interfaces/share/dynamixel_interfaces/cmake/dynamixel_interfaces__rosidl_typesupport_introspection_cppExport-noconfig.cmake
[1.217s] -- Up-to-date: /home/kptal/humanoid_ws/install/dynamixel_interfaces/share/dynamixel_interfaces/cmake/dynamixel_interfaces__rosidl_typesupport_cppExport.cmake
[1.218s] -- Up-to-date: /home/kptal/humanoid_ws/install/dynamixel_interfaces/share/dynamixel_interfaces/cmake/dynamixel_interfaces__rosidl_typesupport_cppExport-noconfig.cmake
[1.218s] -- Up-to-date: /home/kptal/humanoid_ws/install/dynamixel_interfaces/share/dynamixel_interfaces/cmake/export_dynamixel_interfaces__rosidl_generator_pyExport.cmake
[1.218s] -- Up-to-date: /home/kptal/humanoid_ws/install/dynamixel_interfaces/share/dynamixel_interfaces/cmake/export_dynamixel_interfaces__rosidl_generator_pyExport-noconfig.cmake
[1.218s] -- Up-to-date: /home/kptal/humanoid_ws/install/dynamixel_interfaces/share/dynamixel_interfaces/cmake/rosidl_cmake-extras.cmake
[1.218s] -- Up-to-date: /home/kptal/humanoid_ws/install/dynamixel_interfaces/share/dynamixel_interfaces/cmake/ament_cmake_export_dependencies-extras.cmake
[1.218s] -- Up-to-date: /home/kptal/humanoid_ws/install/dynamixel_interfaces/share/dynamixel_interfaces/cmake/ament_cmake_export_include_directories-extras.cmake
[1.219s] -- Up-to-date: /home/kptal/humanoid_ws/install/dynamixel_interfaces/share/dynamixel_interfaces/cmake/ament_cmake_export_libraries-extras.cmake
[1.220s] -- Up-to-date: /home/kptal/humanoid_ws/install/dynamixel_interfaces/share/dynamixel_interfaces/cmake/ament_cmake_export_targets-extras.cmake
[1.220s] -- Up-to-date: /home/kptal/humanoid_ws/install/dynamixel_interfaces/share/dynamixel_interfaces/cmake/rosidl_cmake_export_typesupport_targets-extras.cmake
[1.220s] -- Up-to-date: /home/kptal/humanoid_ws/install/dynamixel_interfaces/share/dynamixel_interfaces/cmake/rosidl_cmake_export_typesupport_libraries-extras.cmake
[1.221s] -- Up-to-date: /home/kptal/humanoid_ws/install/dynamixel_interfaces/share/dynamixel_interfaces/cmake/dynamixel_interfacesConfig.cmake
[1.221s] -- Up-to-date: /home/kptal/humanoid_ws/install/dynamixel_interfaces/share/dynamixel_interfaces/cmake/dynamixel_interfacesConfig-version.cmake
[1.221s] -- Up-to-date: /home/kptal/humanoid_ws/install/dynamixel_interfaces/share/dynamixel_interfaces/package.xml
[1.229s] Invoked command in '/home/kptal/humanoid_ws/build/dynamixel_interfaces' returned '0': CMAKE_PREFIX_PATH=${CMAKE_PREFIX_PATH}:/home/kptal/humanoid_ws/install/moveit_configs_utils:/home/kptal/humanoid_ws/install/launch_param_builder:/home/kptal/humanoid_ws/install/ik_pick_place:/home/kptal/humanoid_ws/install/half_humanoid_control_actions:/home/kptal/humanoid_ws/install/dynamixel_test_utils:/home/kptal/ws_moveit2/install/moveit_configs_utils:/home/kptal/ws_moveit2/install/launch_param_builder:/opt/ros/humble /usr/bin/cmake --install /home/kptal/humanoid_ws/build/dynamixel_interfaces
