[0.012s] Invoking command in '/home/kptal/humanoid_ws/build/moveit_resources_prbt_support': CMAKE_PREFIX_PATH=${CMAKE_PREFIX_PATH}:/home/kptal/humanoid_ws/install/moveit_configs_utils:/home/kptal/humanoid_ws/install/launch_param_builder:/home/kptal/humanoid_ws/install/ik_pick_place:/home/kptal/humanoid_ws/install/half_humanoid_control_actions:/home/kptal/humanoid_ws/install/dynamixel_test_utils:/home/kptal/ws_moveit2/install/moveit_configs_utils:/home/kptal/ws_moveit2/install/launch_param_builder:/opt/ros/humble /usr/bin/cmake --build /home/kptal/humanoid_ws/build/moveit_resources_prbt_support -- -j18 -l18
[0.067s] Invoked command in '/home/kptal/humanoid_ws/build/moveit_resources_prbt_support' returned '0': CMAKE_PREFIX_PATH=${CMAKE_PREFIX_PATH}:/home/kptal/humanoid_ws/install/moveit_configs_utils:/home/kptal/humanoid_ws/install/launch_param_builder:/home/kptal/humanoid_ws/install/ik_pick_place:/home/kptal/humanoid_ws/install/half_humanoid_control_actions:/home/kptal/humanoid_ws/install/dynamixel_test_utils:/home/kptal/ws_moveit2/install/moveit_configs_utils:/home/kptal/ws_moveit2/install/launch_param_builder:/opt/ros/humble /usr/bin/cmake --build /home/kptal/humanoid_ws/build/moveit_resources_prbt_support -- -j18 -l18
[0.068s] Invoking command in '/home/kptal/humanoid_ws/build/moveit_resources_prbt_support': CMAKE_PREFIX_PATH=${CMAKE_PREFIX_PATH}:/home/kptal/humanoid_ws/install/moveit_configs_utils:/home/kptal/humanoid_ws/install/launch_param_builder:/home/kptal/humanoid_ws/install/ik_pick_place:/home/kptal/humanoid_ws/install/half_humanoid_control_actions:/home/kptal/humanoid_ws/install/dynamixel_test_utils:/home/kptal/ws_moveit2/install/moveit_configs_utils:/home/kptal/ws_moveit2/install/launch_param_builder:/opt/ros/humble /usr/bin/cmake --install /home/kptal/humanoid_ws/build/moveit_resources_prbt_support
[0.082s] -- Install configuration: ""
[0.082s] -- Up-to-date: /home/kptal/humanoid_ws/install/moveit_resources_prbt_support/share/ament_index/resource_index/package_run_dependencies/moveit_resources_prbt_support
[0.082s] -- Up-to-date: /home/kptal/humanoid_ws/install/moveit_resources_prbt_support/share/ament_index/resource_index/parent_prefix_path/moveit_resources_prbt_support
[0.082s] -- Up-to-date: /home/kptal/humanoid_ws/install/moveit_resources_prbt_support/share/moveit_resources_prbt_support/environment/ament_prefix_path.sh
[0.082s] -- Up-to-date: /home/kptal/humanoid_ws/install/moveit_resources_prbt_support/share/moveit_resources_prbt_support/environment/ament_prefix_path.dsv
[0.082s] -- Up-to-date: /home/kptal/humanoid_ws/install/moveit_resources_prbt_support/share/moveit_resources_prbt_support/environment/path.sh
[0.082s] -- Up-to-date: /home/kptal/humanoid_ws/install/moveit_resources_prbt_support/share/moveit_resources_prbt_support/environment/path.dsv
[0.082s] -- Up-to-date: /home/kptal/humanoid_ws/install/moveit_resources_prbt_support/share/moveit_resources_prbt_support/local_setup.bash
[0.082s] -- Up-to-date: /home/kptal/humanoid_ws/install/moveit_resources_prbt_support/share/moveit_resources_prbt_support/local_setup.sh
[0.082s] -- Up-to-date: /home/kptal/humanoid_ws/install/moveit_resources_prbt_support/share/moveit_resources_prbt_support/local_setup.zsh
[0.083s] -- Up-to-date: /home/kptal/humanoid_ws/install/moveit_resources_prbt_support/share/moveit_resources_prbt_support/local_setup.dsv
[0.083s] -- Installing: /home/kptal/humanoid_ws/install/moveit_resources_prbt_support/share/moveit_resources_prbt_support/package.dsv
[0.083s] -- Up-to-date: /home/kptal/humanoid_ws/install/moveit_resources_prbt_support/share/ament_index/resource_index/packages/moveit_resources_prbt_support
[0.083s] -- Up-to-date: /home/kptal/humanoid_ws/install/moveit_resources_prbt_support/share/moveit_resources_prbt_support/cmake/moveit_resources_prbt_supportConfig.cmake
[0.083s] -- Up-to-date: /home/kptal/humanoid_ws/install/moveit_resources_prbt_support/share/moveit_resources_prbt_support/cmake/moveit_resources_prbt_supportConfig-version.cmake
[0.083s] -- Up-to-date: /home/kptal/humanoid_ws/install/moveit_resources_prbt_support/share/moveit_resources_prbt_support/package.xml
[0.083s] -- Up-to-date: /home/kptal/humanoid_ws/install/moveit_resources_prbt_support/share/moveit_resources_prbt_support/urdf
[0.084s] -- Up-to-date: /home/kptal/humanoid_ws/install/moveit_resources_prbt_support/share/moveit_resources_prbt_support/urdf/prbt.xacro
[0.084s] -- Up-to-date: /home/kptal/humanoid_ws/install/moveit_resources_prbt_support/share/moveit_resources_prbt_support/urdf/prbt_macro.xacro
[0.084s] -- Up-to-date: /home/kptal/humanoid_ws/install/moveit_resources_prbt_support/share/moveit_resources_prbt_support/urdf/prbt.ros2_control.xacro
[0.084s] -- Up-to-date: /home/kptal/humanoid_ws/install/moveit_resources_prbt_support/share/moveit_resources_prbt_support/urdf/simple_gripper_brackets.urdf.xacro
[0.085s] -- Up-to-date: /home/kptal/humanoid_ws/install/moveit_resources_prbt_support/share/moveit_resources_prbt_support/meshes
[0.085s] -- Up-to-date: /home/kptal/humanoid_ws/install/moveit_resources_prbt_support/share/moveit_resources_prbt_support/meshes/link_3.dae
[0.085s] -- Up-to-date: /home/kptal/humanoid_ws/install/moveit_resources_prbt_support/share/moveit_resources_prbt_support/meshes/link_5.stl
[0.085s] -- Up-to-date: /home/kptal/humanoid_ws/install/moveit_resources_prbt_support/share/moveit_resources_prbt_support/meshes/flange.stl
[0.085s] -- Up-to-date: /home/kptal/humanoid_ws/install/moveit_resources_prbt_support/share/moveit_resources_prbt_support/meshes/link_5.dae
[0.085s] -- Up-to-date: /home/kptal/humanoid_ws/install/moveit_resources_prbt_support/share/moveit_resources_prbt_support/meshes/link_4.dae
[0.086s] -- Up-to-date: /home/kptal/humanoid_ws/install/moveit_resources_prbt_support/share/moveit_resources_prbt_support/meshes/link_2.dae
[0.086s] -- Up-to-date: /home/kptal/humanoid_ws/install/moveit_resources_prbt_support/share/moveit_resources_prbt_support/meshes/link_3.stl
[0.086s] -- Up-to-date: /home/kptal/humanoid_ws/install/moveit_resources_prbt_support/share/moveit_resources_prbt_support/meshes/foot.dae
[0.086s] -- Up-to-date: /home/kptal/humanoid_ws/install/moveit_resources_prbt_support/share/moveit_resources_prbt_support/meshes/link_2.stl
[0.086s] -- Up-to-date: /home/kptal/humanoid_ws/install/moveit_resources_prbt_support/share/moveit_resources_prbt_support/meshes/flange.dae
[0.086s] -- Up-to-date: /home/kptal/humanoid_ws/install/moveit_resources_prbt_support/share/moveit_resources_prbt_support/meshes/link_1.dae
[0.086s] -- Up-to-date: /home/kptal/humanoid_ws/install/moveit_resources_prbt_support/share/moveit_resources_prbt_support/meshes/link_4.stl
[0.087s] -- Up-to-date: /home/kptal/humanoid_ws/install/moveit_resources_prbt_support/share/moveit_resources_prbt_support/meshes/link_1.stl
[0.087s] -- Up-to-date: /home/kptal/humanoid_ws/install/moveit_resources_prbt_support/share/moveit_resources_prbt_support/meshes/foot.stl
[0.087s] -- Up-to-date: /home/kptal/humanoid_ws/install/moveit_resources_prbt_support/share/moveit_resources_prbt_support/config
[0.087s] -- Up-to-date: /home/kptal/humanoid_ws/install/moveit_resources_prbt_support/share/moveit_resources_prbt_support/config/manipulator_controller.yaml
[0.087s] -- Up-to-date: /home/kptal/humanoid_ws/install/moveit_resources_prbt_support/share/moveit_resources_prbt_support/config/manipulator_driver.yaml
[0.087s] -- Up-to-date: /home/kptal/humanoid_ws/install/moveit_resources_prbt_support/share/moveit_resources_prbt_support/config/prbt_0_1.dcf
[0.087s] Invoked command in '/home/kptal/humanoid_ws/build/moveit_resources_prbt_support' returned '0': CMAKE_PREFIX_PATH=${CMAKE_PREFIX_PATH}:/home/kptal/humanoid_ws/install/moveit_configs_utils:/home/kptal/humanoid_ws/install/launch_param_builder:/home/kptal/humanoid_ws/install/ik_pick_place:/home/kptal/humanoid_ws/install/half_humanoid_control_actions:/home/kptal/humanoid_ws/install/dynamixel_test_utils:/home/kptal/ws_moveit2/install/moveit_configs_utils:/home/kptal/ws_moveit2/install/launch_param_builder:/opt/ros/humble /usr/bin/cmake --install /home/kptal/humanoid_ws/build/moveit_resources_prbt_support
