-- Install configuration: ""
-- Up-to-date: /home/kptal/humanoid_ws/install/reachy_bringup/share/reachy_bringup/config
-- Up-to-date: /home/kptal/humanoid_ws/install/reachy_bringup/share/reachy_bringup/config/reachy_no_orbita_controllers.yaml
-- Up-to-date: /home/kptal/humanoid_ws/install/reachy_bringup/share/reachy_bringup/config/reachy_starter_kit_left_controllers.yaml
-- Up-to-date: /home/kptal/humanoid_ws/install/reachy_bringup/share/reachy_bringup/config/reachy_right_arm_controllers.yaml
-- Up-to-date: /home/kptal/humanoid_ws/install/reachy_bringup/share/reachy_bringup/config/reachy_antenna_controllers.yaml
-- Up-to-date: /home/kptal/humanoid_ws/install/reachy_bringup/share/reachy_bringup/config/reachy_full_kit_controllers.yaml
-- Up-to-date: /home/kptal/humanoid_ws/install/reachy_bringup/share/reachy_bringup/config/reachy_controllers.yaml
-- Up-to-date: /home/kptal/humanoid_ws/install/reachy_bringup/share/reachy_bringup/config/reachy_starter_kit_right_controllers.yaml
-- Up-to-date: /home/kptal/humanoid_ws/install/reachy_bringup/share/reachy_bringup/launch
-- Up-to-date: /home/kptal/humanoid_ws/install/reachy_bringup/share/reachy_bringup/launch/reachy.launch.py
-- Up-to-date: /home/kptal/humanoid_ws/install/reachy_bringup/share/ament_index/resource_index/package_run_dependencies/reachy_bringup
-- Up-to-date: /home/kptal/humanoid_ws/install/reachy_bringup/share/ament_index/resource_index/parent_prefix_path/reachy_bringup
-- Up-to-date: /home/kptal/humanoid_ws/install/reachy_bringup/share/reachy_bringup/environment/ament_prefix_path.sh
-- Up-to-date: /home/kptal/humanoid_ws/install/reachy_bringup/share/reachy_bringup/environment/ament_prefix_path.dsv
-- Up-to-date: /home/kptal/humanoid_ws/install/reachy_bringup/share/reachy_bringup/environment/path.sh
-- Up-to-date: /home/kptal/humanoid_ws/install/reachy_bringup/share/reachy_bringup/environment/path.dsv
-- Up-to-date: /home/kptal/humanoid_ws/install/reachy_bringup/share/reachy_bringup/local_setup.bash
-- Up-to-date: /home/kptal/humanoid_ws/install/reachy_bringup/share/reachy_bringup/local_setup.sh
-- Up-to-date: /home/kptal/humanoid_ws/install/reachy_bringup/share/reachy_bringup/local_setup.zsh
-- Up-to-date: /home/kptal/humanoid_ws/install/reachy_bringup/share/reachy_bringup/local_setup.dsv
-- Installing: /home/kptal/humanoid_ws/install/reachy_bringup/share/reachy_bringup/package.dsv
-- Up-to-date: /home/kptal/humanoid_ws/install/reachy_bringup/share/ament_index/resource_index/packages/reachy_bringup
-- Up-to-date: /home/kptal/humanoid_ws/install/reachy_bringup/share/reachy_bringup/cmake/reachy_bringupConfig.cmake
-- Up-to-date: /home/kptal/humanoid_ws/install/reachy_bringup/share/reachy_bringup/cmake/reachy_bringupConfig-version.cmake
-- Up-to-date: /home/kptal/humanoid_ws/install/reachy_bringup/share/reachy_bringup/package.xml
