[0.016s] Invoking command in '/home/kptal/humanoid_ws/build/reachy_bringup': CMAKE_PREFIX_PATH=${CMAKE_PREFIX_PATH}:/home/kptal/humanoid_ws/install/moveit_configs_utils:/home/kptal/humanoid_ws/install/launch_param_builder:/home/kptal/humanoid_ws/install/ik_pick_place:/home/kptal/humanoid_ws/install/half_humanoid_control_actions:/home/kptal/humanoid_ws/install/dynamixel_test_utils:/home/kptal/ws_moveit2/install/moveit_configs_utils:/home/kptal/ws_moveit2/install/launch_param_builder:/opt/ros/humble /usr/bin/cmake --build /home/kptal/humanoid_ws/build/reachy_bringup -- -j18 -l18
[0.059s] Invoked command in '/home/kptal/humanoid_ws/build/reachy_bringup' returned '0': CMAKE_PREFIX_PATH=${CMAKE_PREFIX_PATH}:/home/kptal/humanoid_ws/install/moveit_configs_utils:/home/kptal/humanoid_ws/install/launch_param_builder:/home/kptal/humanoid_ws/install/ik_pick_place:/home/kptal/humanoid_ws/install/half_humanoid_control_actions:/home/kptal/humanoid_ws/install/dynamixel_test_utils:/home/kptal/ws_moveit2/install/moveit_configs_utils:/home/kptal/ws_moveit2/install/launch_param_builder:/opt/ros/humble /usr/bin/cmake --build /home/kptal/humanoid_ws/build/reachy_bringup -- -j18 -l18
[0.060s] Invoking command in '/home/kptal/humanoid_ws/build/reachy_bringup': CMAKE_PREFIX_PATH=${CMAKE_PREFIX_PATH}:/home/kptal/humanoid_ws/install/moveit_configs_utils:/home/kptal/humanoid_ws/install/launch_param_builder:/home/kptal/humanoid_ws/install/ik_pick_place:/home/kptal/humanoid_ws/install/half_humanoid_control_actions:/home/kptal/humanoid_ws/install/dynamixel_test_utils:/home/kptal/ws_moveit2/install/moveit_configs_utils:/home/kptal/ws_moveit2/install/launch_param_builder:/opt/ros/humble /usr/bin/cmake --install /home/kptal/humanoid_ws/build/reachy_bringup
[0.071s] -- Install configuration: ""
[0.071s] -- Up-to-date: /home/kptal/humanoid_ws/install/reachy_bringup/share/reachy_bringup/config
[0.071s] -- Up-to-date: /home/kptal/humanoid_ws/install/reachy_bringup/share/reachy_bringup/config/reachy_no_orbita_controllers.yaml
[0.071s] -- Up-to-date: /home/kptal/humanoid_ws/install/reachy_bringup/share/reachy_bringup/config/reachy_starter_kit_left_controllers.yaml
[0.071s] -- Up-to-date: /home/kptal/humanoid_ws/install/reachy_bringup/share/reachy_bringup/config/reachy_right_arm_controllers.yaml
[0.071s] -- Up-to-date: /home/kptal/humanoid_ws/install/reachy_bringup/share/reachy_bringup/config/reachy_antenna_controllers.yaml
[0.071s] -- Up-to-date: /home/kptal/humanoid_ws/install/reachy_bringup/share/reachy_bringup/config/reachy_full_kit_controllers.yaml
[0.071s] -- Up-to-date: /home/kptal/humanoid_ws/install/reachy_bringup/share/reachy_bringup/config/reachy_controllers.yaml
[0.071s] -- Up-to-date: /home/kptal/humanoid_ws/install/reachy_bringup/share/reachy_bringup/config/reachy_starter_kit_right_controllers.yaml
[0.071s] -- Up-to-date: /home/kptal/humanoid_ws/install/reachy_bringup/share/reachy_bringup/launch
[0.072s] -- Up-to-date: /home/kptal/humanoid_ws/install/reachy_bringup/share/reachy_bringup/launch/reachy.launch.py
[0.072s] -- Up-to-date: /home/kptal/humanoid_ws/install/reachy_bringup/share/ament_index/resource_index/package_run_dependencies/reachy_bringup
[0.072s] -- Up-to-date: /home/kptal/humanoid_ws/install/reachy_bringup/share/ament_index/resource_index/parent_prefix_path/reachy_bringup
[0.072s] -- Up-to-date: /home/kptal/humanoid_ws/install/reachy_bringup/share/reachy_bringup/environment/ament_prefix_path.sh
[0.072s] -- Up-to-date: /home/kptal/humanoid_ws/install/reachy_bringup/share/reachy_bringup/environment/ament_prefix_path.dsv
[0.072s] -- Up-to-date: /home/kptal/humanoid_ws/install/reachy_bringup/share/reachy_bringup/environment/path.sh
[0.072s] -- Up-to-date: /home/kptal/humanoid_ws/install/reachy_bringup/share/reachy_bringup/environment/path.dsv
[0.072s] -- Up-to-date: /home/kptal/humanoid_ws/install/reachy_bringup/share/reachy_bringup/local_setup.bash
[0.072s] -- Up-to-date: /home/kptal/humanoid_ws/install/reachy_bringup/share/reachy_bringup/local_setup.sh
[0.072s] -- Up-to-date: /home/kptal/humanoid_ws/install/reachy_bringup/share/reachy_bringup/local_setup.zsh
[0.073s] -- Up-to-date: /home/kptal/humanoid_ws/install/reachy_bringup/share/reachy_bringup/local_setup.dsv
[0.073s] -- Installing: /home/kptal/humanoid_ws/install/reachy_bringup/share/reachy_bringup/package.dsv
[0.073s] -- Up-to-date: /home/kptal/humanoid_ws/install/reachy_bringup/share/ament_index/resource_index/packages/reachy_bringup
[0.073s] -- Up-to-date: /home/kptal/humanoid_ws/install/reachy_bringup/share/reachy_bringup/cmake/reachy_bringupConfig.cmake
[0.073s] -- Up-to-date: /home/kptal/humanoid_ws/install/reachy_bringup/share/reachy_bringup/cmake/reachy_bringupConfig-version.cmake
[0.073s] -- Up-to-date: /home/kptal/humanoid_ws/install/reachy_bringup/share/reachy_bringup/package.xml
[0.074s] Invoked command in '/home/kptal/humanoid_ws/build/reachy_bringup' returned '0': CMAKE_PREFIX_PATH=${CMAKE_PREFIX_PATH}:/home/kptal/humanoid_ws/install/moveit_configs_utils:/home/kptal/humanoid_ws/install/launch_param_builder:/home/kptal/humanoid_ws/install/ik_pick_place:/home/kptal/humanoid_ws/install/half_humanoid_control_actions:/home/kptal/humanoid_ws/install/dynamixel_test_utils:/home/kptal/ws_moveit2/install/moveit_configs_utils:/home/kptal/ws_moveit2/install/launch_param_builder:/opt/ros/humble /usr/bin/cmake --install /home/kptal/humanoid_ws/build/reachy_bringup
