-- Install configuration: ""
-- Up-to-date: /home/kptal/humanoid_ws/install/myrobot_description/share/myrobot_description/urdf
-- Installing: /home/kptal/humanoid_ws/install/myrobot_description/share/myrobot_description/urdf/right_arm_URDF.urdf
-- Up-to-date: /home/kptal/humanoid_ws/install/myrobot_description/share/myrobot_description/urdf/myrobot.urdf.xacro
-- Up-to-date: /home/kptal/humanoid_ws/install/myrobot_description/share/myrobot_description/urdf/ros2_control_wrapper.urdf.xacro
-- Up-to-date: /home/kptal/humanoid_ws/install/myrobot_description/share/myrobot_description/urdf/v5_URDF.urdf
-- Up-to-date: /home/kptal/humanoid_ws/install/myrobot_description/share/myrobot_description/urdf/v5_URDF.csv
-- Up-to-date: /home/kptal/humanoid_ws/install/myrobot_description/share/myrobot_description/urdf/test_robot.urdf.xacro
-- Installing: /home/kptal/humanoid_ws/install/myrobot_description/share/myrobot_description/urdf/left_arm_URDF.urdf
-- Up-to-date: /home/kptal/humanoid_ws/install/myrobot_description/share/myrobot_description/meshes
-- Up-to-date: /home/kptal/humanoid_ws/install/myrobot_description/share/myrobot_description/meshes/left_wrist_2.STL
-- Up-to-date: /home/kptal/humanoid_ws/install/myrobot_description/share/myrobot_description/meshes/left_shoulder_1.STL
-- Up-to-date: /home/kptal/humanoid_ws/install/myrobot_description/share/myrobot_description/meshes/right_finger_1.STL
-- Up-to-date: /home/kptal/humanoid_ws/install/myrobot_description/share/myrobot_description/meshes/left_shoulder_2.STL
-- Up-to-date: /home/kptal/humanoid_ws/install/myrobot_description/share/myrobot_description/meshes/right_shoulder_2.STL
-- Up-to-date: /home/kptal/humanoid_ws/install/myrobot_description/share/myrobot_description/meshes/left_finger_2.STL
-- Up-to-date: /home/kptal/humanoid_ws/install/myrobot_description/share/myrobot_description/meshes/right_shoulder_1.STL
-- Up-to-date: /home/kptal/humanoid_ws/install/myrobot_description/share/myrobot_description/meshes/right_wrist_2.STL
-- Up-to-date: /home/kptal/humanoid_ws/install/myrobot_description/share/myrobot_description/meshes/left_elbow_1.STL
-- Up-to-date: /home/kptal/humanoid_ws/install/myrobot_description/share/myrobot_description/meshes/right_shoulder_3.STL
-- Up-to-date: /home/kptal/humanoid_ws/install/myrobot_description/share/myrobot_description/meshes/camera.STL
-- Up-to-date: /home/kptal/humanoid_ws/install/myrobot_description/share/myrobot_description/meshes/left_wrist_1.STL
-- Up-to-date: /home/kptal/humanoid_ws/install/myrobot_description/share/myrobot_description/meshes/right_elbow_2.STL
-- Up-to-date: /home/kptal/humanoid_ws/install/myrobot_description/share/myrobot_description/meshes/right_elbow_1.STL
-- Up-to-date: /home/kptal/humanoid_ws/install/myrobot_description/share/myrobot_description/meshes/base_link.STL
-- Up-to-date: /home/kptal/humanoid_ws/install/myrobot_description/share/myrobot_description/meshes/neck_pitch.STL
-- Up-to-date: /home/kptal/humanoid_ws/install/myrobot_description/share/myrobot_description/meshes/left_finger_1.STL
-- Up-to-date: /home/kptal/humanoid_ws/install/myrobot_description/share/myrobot_description/meshes/right_finger_2.STL
-- Up-to-date: /home/kptal/humanoid_ws/install/myrobot_description/share/myrobot_description/meshes/left_shoulder_3.STL
-- Up-to-date: /home/kptal/humanoid_ws/install/myrobot_description/share/myrobot_description/meshes/right_wrist_1.STL
-- Up-to-date: /home/kptal/humanoid_ws/install/myrobot_description/share/myrobot_description/meshes/left_elbow_2.STL
-- Up-to-date: /home/kptal/humanoid_ws/install/myrobot_description/share/myrobot_description/meshes/neck_yaw.STL
-- Up-to-date: /home/kptal/humanoid_ws/install/myrobot_description/share/ament_index/resource_index/package_run_dependencies/myrobot_description
-- Up-to-date: /home/kptal/humanoid_ws/install/myrobot_description/share/ament_index/resource_index/parent_prefix_path/myrobot_description
-- Up-to-date: /home/kptal/humanoid_ws/install/myrobot_description/share/myrobot_description/environment/ament_prefix_path.sh
-- Up-to-date: /home/kptal/humanoid_ws/install/myrobot_description/share/myrobot_description/environment/ament_prefix_path.dsv
-- Up-to-date: /home/kptal/humanoid_ws/install/myrobot_description/share/myrobot_description/environment/path.sh
-- Up-to-date: /home/kptal/humanoid_ws/install/myrobot_description/share/myrobot_description/environment/path.dsv
-- Up-to-date: /home/kptal/humanoid_ws/install/myrobot_description/share/myrobot_description/local_setup.bash
-- Up-to-date: /home/kptal/humanoid_ws/install/myrobot_description/share/myrobot_description/local_setup.sh
-- Up-to-date: /home/kptal/humanoid_ws/install/myrobot_description/share/myrobot_description/local_setup.zsh
-- Up-to-date: /home/kptal/humanoid_ws/install/myrobot_description/share/myrobot_description/local_setup.dsv
-- Installing: /home/kptal/humanoid_ws/install/myrobot_description/share/myrobot_description/package.dsv
-- Up-to-date: /home/kptal/humanoid_ws/install/myrobot_description/share/ament_index/resource_index/packages/myrobot_description
-- Up-to-date: /home/kptal/humanoid_ws/install/myrobot_description/share/myrobot_description/cmake/myrobot_descriptionConfig.cmake
-- Up-to-date: /home/kptal/humanoid_ws/install/myrobot_description/share/myrobot_description/cmake/myrobot_descriptionConfig-version.cmake
-- Up-to-date: /home/kptal/humanoid_ws/install/myrobot_description/share/myrobot_description/package.xml
