[ 16%] Built target dual_panda_sdk
[ 50%] Built target demo
[ 50%] Built target reachy_sdk
[ 66%] Built target reachy_task_constructor
[ 83%] Built target temp
[100%] Built target simultaneous
-- Install configuration: ""
-- Up-to-date: /home/kptal/humanoid_ws/install/dual_panda_moveit2/lib/dual_panda_moveit2/demo
-- Up-to-date: /home/kptal/humanoid_ws/install/dual_panda_moveit2/lib/dual_panda_moveit2/dual_panda_sdk
-- Up-to-date: /home/kptal/humanoid_ws/install/dual_panda_moveit2/lib/dual_panda_moveit2/reachy_sdk
-- Up-to-date: /home/kptal/humanoid_ws/install/dual_panda_moveit2/lib/dual_panda_moveit2/reachy_task_constructor
-- Up-to-date: /home/kptal/humanoid_ws/install/dual_panda_moveit2/lib/dual_panda_moveit2/simultaneous
-- Up-to-date: /home/kptal/humanoid_ws/install/dual_panda_moveit2/lib/dual_panda_moveit2/temp
-- Up-to-date: /home/kptal/humanoid_ws/install/dual_panda_moveit2/share/dual_panda_moveit2/launch
-- Up-to-date: /home/kptal/humanoid_ws/install/dual_panda_moveit2/share/dual_panda_moveit2/launch/temp.txt
-- Up-to-date: /home/kptal/humanoid_ws/install/dual_panda_moveit2/share/ament_index/resource_index/package_run_dependencies/dual_panda_moveit2
-- Up-to-date: /home/kptal/humanoid_ws/install/dual_panda_moveit2/share/ament_index/resource_index/parent_prefix_path/dual_panda_moveit2
-- Up-to-date: /home/kptal/humanoid_ws/install/dual_panda_moveit2/share/dual_panda_moveit2/environment/ament_prefix_path.sh
-- Up-to-date: /home/kptal/humanoid_ws/install/dual_panda_moveit2/share/dual_panda_moveit2/environment/ament_prefix_path.dsv
-- Up-to-date: /home/kptal/humanoid_ws/install/dual_panda_moveit2/share/dual_panda_moveit2/environment/path.sh
-- Up-to-date: /home/kptal/humanoid_ws/install/dual_panda_moveit2/share/dual_panda_moveit2/environment/path.dsv
-- Up-to-date: /home/kptal/humanoid_ws/install/dual_panda_moveit2/share/dual_panda_moveit2/local_setup.bash
-- Up-to-date: /home/kptal/humanoid_ws/install/dual_panda_moveit2/share/dual_panda_moveit2/local_setup.sh
-- Up-to-date: /home/kptal/humanoid_ws/install/dual_panda_moveit2/share/dual_panda_moveit2/local_setup.zsh
-- Up-to-date: /home/kptal/humanoid_ws/install/dual_panda_moveit2/share/dual_panda_moveit2/local_setup.dsv
-- Installing: /home/kptal/humanoid_ws/install/dual_panda_moveit2/share/dual_panda_moveit2/package.dsv
-- Up-to-date: /home/kptal/humanoid_ws/install/dual_panda_moveit2/share/ament_index/resource_index/packages/dual_panda_moveit2
-- Up-to-date: /home/kptal/humanoid_ws/install/dual_panda_moveit2/share/dual_panda_moveit2/cmake/dual_panda_moveit2Config.cmake
-- Up-to-date: /home/kptal/humanoid_ws/install/dual_panda_moveit2/share/dual_panda_moveit2/cmake/dual_panda_moveit2Config-version.cmake
-- Up-to-date: /home/kptal/humanoid_ws/install/dual_panda_moveit2/share/dual_panda_moveit2/package.xml
