[0.010s] Invoking command in '/home/kptal/humanoid_ws/build/moveit_common': CMAKE_PREFIX_PATH=${CMAKE_PREFIX_PATH}:/home/kptal/humanoid_ws/install/moveit_configs_utils:/home/kptal/humanoid_ws/install/launch_param_builder:/home/kptal/humanoid_ws/install/ik_pick_place:/home/kptal/humanoid_ws/install/half_humanoid_control_actions:/home/kptal/humanoid_ws/install/dynamixel_test_utils:/home/kptal/ws_moveit2/install/moveit_configs_utils:/home/kptal/ws_moveit2/install/launch_param_builder:/opt/ros/humble /usr/bin/cmake /home/kptal/humanoid_ws/src/moveit2/moveit_common -DCMAKE_INSTALL_PREFIX=/home/kptal/humanoid_ws/install/moveit_common
[0.053s] -- Found ament_cmake: 1.3.11 (/opt/ros/humble/share/ament_cmake/cmake)
[0.224s] -- Found Python3: /usr/bin/python3 (found version "3.10.12") found components: Interpreter 
[0.345s] -- Found ament_lint_auto: 0.12.12 (/opt/ros/humble/share/ament_lint_auto/cmake)
[0.453s] -- Added test 'copyright' to check source files copyright and LICENSE
[0.455s] -- Added test 'lint_cmake' to check CMake code style
[0.457s] -- Added test 'xmllint' to check XML markup files
[0.461s] -- Configuring done
[0.463s] -- Generating done
[0.464s] -- Build files have been written to: /home/kptal/humanoid_ws/build/moveit_common
[0.467s] Invoked command in '/home/kptal/humanoid_ws/build/moveit_common' returned '0': CMAKE_PREFIX_PATH=${CMAKE_PREFIX_PATH}:/home/kptal/humanoid_ws/install/moveit_configs_utils:/home/kptal/humanoid_ws/install/launch_param_builder:/home/kptal/humanoid_ws/install/ik_pick_place:/home/kptal/humanoid_ws/install/half_humanoid_control_actions:/home/kptal/humanoid_ws/install/dynamixel_test_utils:/home/kptal/ws_moveit2/install/moveit_configs_utils:/home/kptal/ws_moveit2/install/launch_param_builder:/opt/ros/humble /usr/bin/cmake /home/kptal/humanoid_ws/src/moveit2/moveit_common -DCMAKE_INSTALL_PREFIX=/home/kptal/humanoid_ws/install/moveit_common
[0.469s] Invoking command in '/home/kptal/humanoid_ws/build/moveit_common': CMAKE_PREFIX_PATH=${CMAKE_PREFIX_PATH}:/home/kptal/humanoid_ws/install/moveit_configs_utils:/home/kptal/humanoid_ws/install/launch_param_builder:/home/kptal/humanoid_ws/install/ik_pick_place:/home/kptal/humanoid_ws/install/half_humanoid_control_actions:/home/kptal/humanoid_ws/install/dynamixel_test_utils:/home/kptal/ws_moveit2/install/moveit_configs_utils:/home/kptal/ws_moveit2/install/launch_param_builder:/opt/ros/humble /usr/bin/cmake --build /home/kptal/humanoid_ws/build/moveit_common -- -j18 -l18
[0.516s] Invoked command in '/home/kptal/humanoid_ws/build/moveit_common' returned '0': CMAKE_PREFIX_PATH=${CMAKE_PREFIX_PATH}:/home/kptal/humanoid_ws/install/moveit_configs_utils:/home/kptal/humanoid_ws/install/launch_param_builder:/home/kptal/humanoid_ws/install/ik_pick_place:/home/kptal/humanoid_ws/install/half_humanoid_control_actions:/home/kptal/humanoid_ws/install/dynamixel_test_utils:/home/kptal/ws_moveit2/install/moveit_configs_utils:/home/kptal/ws_moveit2/install/launch_param_builder:/opt/ros/humble /usr/bin/cmake --build /home/kptal/humanoid_ws/build/moveit_common -- -j18 -l18
[0.530s] Invoking command in '/home/kptal/humanoid_ws/build/moveit_common': CMAKE_PREFIX_PATH=${CMAKE_PREFIX_PATH}:/home/kptal/humanoid_ws/install/moveit_configs_utils:/home/kptal/humanoid_ws/install/launch_param_builder:/home/kptal/humanoid_ws/install/ik_pick_place:/home/kptal/humanoid_ws/install/half_humanoid_control_actions:/home/kptal/humanoid_ws/install/dynamixel_test_utils:/home/kptal/ws_moveit2/install/moveit_configs_utils:/home/kptal/ws_moveit2/install/launch_param_builder:/opt/ros/humble /usr/bin/cmake --install /home/kptal/humanoid_ws/build/moveit_common
[0.538s] -- Install configuration: ""
[0.538s] -- Installing: /home/kptal/humanoid_ws/install/moveit_common/share/ament_index/resource_index/package_run_dependencies/moveit_common
[0.539s] -- Installing: /home/kptal/humanoid_ws/install/moveit_common/share/ament_index/resource_index/parent_prefix_path/moveit_common
[0.539s] -- Installing: /home/kptal/humanoid_ws/install/moveit_common/share/moveit_common/environment/ament_prefix_path.sh
[0.539s] -- Installing: /home/kptal/humanoid_ws/install/moveit_common/share/moveit_common/environment/ament_prefix_path.dsv
[0.539s] -- Installing: /home/kptal/humanoid_ws/install/moveit_common/share/moveit_common/environment/path.sh
[0.539s] -- Installing: /home/kptal/humanoid_ws/install/moveit_common/share/moveit_common/environment/path.dsv
[0.539s] -- Installing: /home/kptal/humanoid_ws/install/moveit_common/share/moveit_common/local_setup.bash
[0.539s] -- Installing: /home/kptal/humanoid_ws/install/moveit_common/share/moveit_common/local_setup.sh
[0.539s] -- Installing: /home/kptal/humanoid_ws/install/moveit_common/share/moveit_common/local_setup.zsh
[0.539s] -- Installing: /home/kptal/humanoid_ws/install/moveit_common/share/moveit_common/local_setup.dsv
[0.539s] -- Installing: /home/kptal/humanoid_ws/install/moveit_common/share/moveit_common/package.dsv
[0.539s] -- Installing: /home/kptal/humanoid_ws/install/moveit_common/share/ament_index/resource_index/packages/moveit_common
[0.539s] -- Installing: /home/kptal/humanoid_ws/install/moveit_common/share/moveit_common/cmake/moveit_common-extras.cmake
[0.539s] -- Installing: /home/kptal/humanoid_ws/install/moveit_common/share/moveit_common/cmake/moveit_commonConfig.cmake
[0.540s] -- Installing: /home/kptal/humanoid_ws/install/moveit_common/share/moveit_common/cmake/moveit_commonConfig-version.cmake
[0.540s] -- Installing: /home/kptal/humanoid_ws/install/moveit_common/share/moveit_common/package.xml
[0.540s] -- Up-to-date: /home/kptal/humanoid_ws/install/moveit_common/share/moveit_common/cmake
[0.540s] -- Installing: /home/kptal/humanoid_ws/install/moveit_common/share/moveit_common/cmake/moveit_package.cmake
[0.542s] Invoked command in '/home/kptal/humanoid_ws/build/moveit_common' returned '0': CMAKE_PREFIX_PATH=${CMAKE_PREFIX_PATH}:/home/kptal/humanoid_ws/install/moveit_configs_utils:/home/kptal/humanoid_ws/install/launch_param_builder:/home/kptal/humanoid_ws/install/ik_pick_place:/home/kptal/humanoid_ws/install/half_humanoid_control_actions:/home/kptal/humanoid_ws/install/dynamixel_test_utils:/home/kptal/ws_moveit2/install/moveit_configs_utils:/home/kptal/ws_moveit2/install/launch_param_builder:/opt/ros/humble /usr/bin/cmake --install /home/kptal/humanoid_ws/build/moveit_common
