[0.400s] Invoking command in '/home/kptal/humanoid_ws/build/dynamixel_sdk': CMAKE_PREFIX_PATH=${CMAKE_PREFIX_PATH}:/home/kptal/humanoid_ws/install/moveit_configs_utils:/home/kptal/humanoid_ws/install/launch_param_builder:/home/kptal/humanoid_ws/install/ik_pick_place:/home/kptal/humanoid_ws/install/half_humanoid_control_actions:/home/kptal/humanoid_ws/install/dynamixel_test_utils:/home/kptal/ws_moveit2/install/moveit_configs_utils:/home/kptal/ws_moveit2/install/launch_param_builder:/opt/ros/humble /usr/bin/cmake --build /home/kptal/humanoid_ws/build/dynamixel_sdk -- -j18 -l18
[1.261s] [100%] Built target dynamixel_sdk
[1.261s] [100%] Built target ament_cmake_python_copy_dynamixel_sdk
[1.261s] running egg_info
[1.261s] writing dynamixel_sdk.egg-info/PKG-INFO
[1.261s] writing dependency_links to dynamixel_sdk.egg-info/dependency_links.txt
[1.261s] writing top-level names to dynamixel_sdk.egg-info/top_level.txt
[1.261s] reading manifest file 'dynamixel_sdk.egg-info/SOURCES.txt'
[1.262s] writing manifest file 'dynamixel_sdk.egg-info/SOURCES.txt'
[1.263s] [100%] Built target ament_cmake_python_build_dynamixel_sdk_egg
[1.305s] Invoked command in '/home/kptal/humanoid_ws/build/dynamixel_sdk' returned '0': CMAKE_PREFIX_PATH=${CMAKE_PREFIX_PATH}:/home/kptal/humanoid_ws/install/moveit_configs_utils:/home/kptal/humanoid_ws/install/launch_param_builder:/home/kptal/humanoid_ws/install/ik_pick_place:/home/kptal/humanoid_ws/install/half_humanoid_control_actions:/home/kptal/humanoid_ws/install/dynamixel_test_utils:/home/kptal/ws_moveit2/install/moveit_configs_utils:/home/kptal/ws_moveit2/install/launch_param_builder:/opt/ros/humble /usr/bin/cmake --build /home/kptal/humanoid_ws/build/dynamixel_sdk -- -j18 -l18
[1.307s] Invoking command in '/home/kptal/humanoid_ws/build/dynamixel_sdk': CMAKE_PREFIX_PATH=${CMAKE_PREFIX_PATH}:/home/kptal/humanoid_ws/install/moveit_configs_utils:/home/kptal/humanoid_ws/install/launch_param_builder:/home/kptal/humanoid_ws/install/ik_pick_place:/home/kptal/humanoid_ws/install/half_humanoid_control_actions:/home/kptal/humanoid_ws/install/dynamixel_test_utils:/home/kptal/ws_moveit2/install/moveit_configs_utils:/home/kptal/ws_moveit2/install/launch_param_builder:/opt/ros/humble /usr/bin/cmake --install /home/kptal/humanoid_ws/build/dynamixel_sdk
[1.468s] -- Install configuration: ""
[1.468s] -- Up-to-date: /home/kptal/humanoid_ws/install/dynamixel_sdk/include/
[1.468s] -- Up-to-date: /home/kptal/humanoid_ws/install/dynamixel_sdk/include//dynamixel_sdk
[1.468s] -- Up-to-date: /home/kptal/humanoid_ws/install/dynamixel_sdk/include//dynamixel_sdk/group_bulk_write.h
[1.468s] -- Up-to-date: /home/kptal/humanoid_ws/install/dynamixel_sdk/include//dynamixel_sdk/group_bulk_read.h
[1.468s] -- Up-to-date: /home/kptal/humanoid_ws/install/dynamixel_sdk/include//dynamixel_sdk/packet_handler.h
[1.468s] -- Up-to-date: /home/kptal/humanoid_ws/install/dynamixel_sdk/include//dynamixel_sdk/port_handler_arduino.h
[1.469s] -- Up-to-date: /home/kptal/humanoid_ws/install/dynamixel_sdk/include//dynamixel_sdk/protocol1_packet_handler.h
[1.469s] -- Up-to-date: /home/kptal/humanoid_ws/install/dynamixel_sdk/include//dynamixel_sdk/group_fast_sync_read.h
[1.469s] -- Up-to-date: /home/kptal/humanoid_ws/install/dynamixel_sdk/include//dynamixel_sdk/dynamixel_sdk.h
[1.469s] -- Up-to-date: /home/kptal/humanoid_ws/install/dynamixel_sdk/include//dynamixel_sdk/group_handler.h
[1.470s] -- Up-to-date: /home/kptal/humanoid_ws/install/dynamixel_sdk/include//dynamixel_sdk/port_handler_mac.h
[1.470s] -- Up-to-date: /home/kptal/humanoid_ws/install/dynamixel_sdk/include//dynamixel_sdk/protocol2_packet_handler.h
[1.470s] -- Up-to-date: /home/kptal/humanoid_ws/install/dynamixel_sdk/include//dynamixel_sdk/group_sync_read.h
[1.470s] -- Up-to-date: /home/kptal/humanoid_ws/install/dynamixel_sdk/include//dynamixel_sdk/port_handler.h
[1.470s] -- Up-to-date: /home/kptal/humanoid_ws/install/dynamixel_sdk/include//dynamixel_sdk/group_fast_bulk_read.h
[1.471s] -- Up-to-date: /home/kptal/humanoid_ws/install/dynamixel_sdk/include//dynamixel_sdk/port_handler_linux.h
[1.471s] -- Up-to-date: /home/kptal/humanoid_ws/install/dynamixel_sdk/include//dynamixel_sdk/port_handler_windows.h
[1.471s] -- Up-to-date: /home/kptal/humanoid_ws/install/dynamixel_sdk/include//dynamixel_sdk/group_sync_write.h
[1.472s] -- Up-to-date: /home/kptal/humanoid_ws/install/dynamixel_sdk/lib/libdynamixel_sdk.so
[1.472s] -- Up-to-date: /home/kptal/humanoid_ws/install/dynamixel_sdk/share/dynamixel_sdk/environment/pythonpath.sh
[1.472s] -- Up-to-date: /home/kptal/humanoid_ws/install/dynamixel_sdk/share/dynamixel_sdk/environment/pythonpath.dsv
[1.472s] -- Up-to-date: /home/kptal/humanoid_ws/install/dynamixel_sdk/local/lib/python3.10/dist-packages/dynamixel_sdk-3.8.2-py3.10.egg-info
[1.473s] -- Installing: /home/kptal/humanoid_ws/install/dynamixel_sdk/local/lib/python3.10/dist-packages/dynamixel_sdk-3.8.2-py3.10.egg-info/SOURCES.txt
[1.473s] -- Installing: /home/kptal/humanoid_ws/install/dynamixel_sdk/local/lib/python3.10/dist-packages/dynamixel_sdk-3.8.2-py3.10.egg-info/PKG-INFO
[1.473s] -- Installing: /home/kptal/humanoid_ws/install/dynamixel_sdk/local/lib/python3.10/dist-packages/dynamixel_sdk-3.8.2-py3.10.egg-info/dependency_links.txt
[1.473s] -- Installing: /home/kptal/humanoid_ws/install/dynamixel_sdk/local/lib/python3.10/dist-packages/dynamixel_sdk-3.8.2-py3.10.egg-info/top_level.txt
[1.473s] -- Up-to-date: /home/kptal/humanoid_ws/install/dynamixel_sdk/local/lib/python3.10/dist-packages/dynamixel_sdk
[1.474s] -- Up-to-date: /home/kptal/humanoid_ws/install/dynamixel_sdk/local/lib/python3.10/dist-packages/dynamixel_sdk/port_handler_windows.cpp
[1.474s] -- Up-to-date: /home/kptal/humanoid_ws/install/dynamixel_sdk/local/lib/python3.10/dist-packages/dynamixel_sdk/protocol1_packet_handler.cpp
[1.474s] -- Up-to-date: /home/kptal/humanoid_ws/install/dynamixel_sdk/local/lib/python3.10/dist-packages/dynamixel_sdk/group_bulk_write.py
[1.474s] -- Up-to-date: /home/kptal/humanoid_ws/install/dynamixel_sdk/local/lib/python3.10/dist-packages/dynamixel_sdk/group_bulk_read.py
[1.474s] -- Up-to-date: /home/kptal/humanoid_ws/install/dynamixel_sdk/local/lib/python3.10/dist-packages/dynamixel_sdk/group_bulk_write.cpp
[1.474s] -- Up-to-date: /home/kptal/humanoid_ws/install/dynamixel_sdk/local/lib/python3.10/dist-packages/dynamixel_sdk/port_handler_mac.cpp
[1.475s] -- Up-to-date: /home/kptal/humanoid_ws/install/dynamixel_sdk/local/lib/python3.10/dist-packages/dynamixel_sdk/group_bulk_read.cpp
[1.475s] -- Up-to-date: /home/kptal/humanoid_ws/install/dynamixel_sdk/local/lib/python3.10/dist-packages/dynamixel_sdk/protocol2_packet_handler.cpp
[1.487s] -- Up-to-date: /home/kptal/humanoid_ws/install/dynamixel_sdk/local/lib/python3.10/dist-packages/dynamixel_sdk/group_fast_bulk_read.cpp
[1.488s] -- Up-to-date: /home/kptal/humanoid_ws/install/dynamixel_sdk/local/lib/python3.10/dist-packages/dynamixel_sdk/port_handler.cpp
[1.488s] -- Up-to-date: /home/kptal/humanoid_ws/install/dynamixel_sdk/local/lib/python3.10/dist-packages/dynamixel_sdk/protocol2_packet_handler.py
[1.488s] -- Up-to-date: /home/kptal/humanoid_ws/install/dynamixel_sdk/local/lib/python3.10/dist-packages/dynamixel_sdk/group_sync_read.cpp
[1.488s] -- Up-to-date: /home/kptal/humanoid_ws/install/dynamixel_sdk/local/lib/python3.10/dist-packages/dynamixel_sdk/group_fast_sync_read.cpp
[1.488s] -- Up-to-date: /home/kptal/humanoid_ws/install/dynamixel_sdk/local/lib/python3.10/dist-packages/dynamixel_sdk/group_sync_read.py
[1.488s] -- Up-to-date: /home/kptal/humanoid_ws/install/dynamixel_sdk/local/lib/python3.10/dist-packages/dynamixel_sdk/port_handler_linux.cpp
[1.490s] -- Up-to-date: /home/kptal/humanoid_ws/install/dynamixel_sdk/local/lib/python3.10/dist-packages/dynamixel_sdk/protocol1_packet_handler.py
[1.490s] -- Up-to-date: /home/kptal/humanoid_ws/install/dynamixel_sdk/local/lib/python3.10/dist-packages/dynamixel_sdk/group_sync_write.cpp
[1.492s] -- Up-to-date: /home/kptal/humanoid_ws/install/dynamixel_sdk/local/lib/python3.10/dist-packages/dynamixel_sdk/port_handler.py
[1.492s] -- Up-to-date: /home/kptal/humanoid_ws/install/dynamixel_sdk/local/lib/python3.10/dist-packages/dynamixel_sdk/port_handler_arduino.cpp
[1.492s] -- Up-to-date: /home/kptal/humanoid_ws/install/dynamixel_sdk/local/lib/python3.10/dist-packages/dynamixel_sdk/packet_handler.py
[1.493s] -- Up-to-date: /home/kptal/humanoid_ws/install/dynamixel_sdk/local/lib/python3.10/dist-packages/dynamixel_sdk/group_sync_write.py
[1.494s] -- Up-to-date: /home/kptal/humanoid_ws/install/dynamixel_sdk/local/lib/python3.10/dist-packages/dynamixel_sdk/robotis_def.py
[1.494s] -- Up-to-date: /home/kptal/humanoid_ws/install/dynamixel_sdk/local/lib/python3.10/dist-packages/dynamixel_sdk/group_handler.cpp
[1.494s] -- Up-to-date: /home/kptal/humanoid_ws/install/dynamixel_sdk/local/lib/python3.10/dist-packages/dynamixel_sdk/__init__.py
[1.494s] -- Up-to-date: /home/kptal/humanoid_ws/install/dynamixel_sdk/local/lib/python3.10/dist-packages/dynamixel_sdk/packet_handler.cpp
[1.598s] Listing '/home/kptal/humanoid_ws/install/dynamixel_sdk/local/lib/python3.10/dist-packages/dynamixel_sdk'...
[1.600s] -- Up-to-date: /home/kptal/humanoid_ws/install/dynamixel_sdk/share/dynamixel_sdk/environment/library_path.sh
[1.600s] -- Up-to-date: /home/kptal/humanoid_ws/install/dynamixel_sdk/share/dynamixel_sdk/environment/library_path.dsv
[1.600s] -- Up-to-date: /home/kptal/humanoid_ws/install/dynamixel_sdk/share/ament_index/resource_index/package_run_dependencies/dynamixel_sdk
[1.600s] -- Up-to-date: /home/kptal/humanoid_ws/install/dynamixel_sdk/share/ament_index/resource_index/parent_prefix_path/dynamixel_sdk
[1.600s] -- Up-to-date: /home/kptal/humanoid_ws/install/dynamixel_sdk/share/dynamixel_sdk/environment/ament_prefix_path.sh
[1.600s] -- Up-to-date: /home/kptal/humanoid_ws/install/dynamixel_sdk/share/dynamixel_sdk/environment/ament_prefix_path.dsv
[1.600s] -- Up-to-date: /home/kptal/humanoid_ws/install/dynamixel_sdk/share/dynamixel_sdk/environment/path.sh
[1.600s] -- Up-to-date: /home/kptal/humanoid_ws/install/dynamixel_sdk/share/dynamixel_sdk/environment/path.dsv
[1.600s] -- Up-to-date: /home/kptal/humanoid_ws/install/dynamixel_sdk/share/dynamixel_sdk/local_setup.bash
[1.600s] -- Up-to-date: /home/kptal/humanoid_ws/install/dynamixel_sdk/share/dynamixel_sdk/local_setup.sh
[1.600s] -- Up-to-date: /home/kptal/humanoid_ws/install/dynamixel_sdk/share/dynamixel_sdk/local_setup.zsh
[1.601s] -- Up-to-date: /home/kptal/humanoid_ws/install/dynamixel_sdk/share/dynamixel_sdk/local_setup.dsv
[1.601s] -- Installing: /home/kptal/humanoid_ws/install/dynamixel_sdk/share/dynamixel_sdk/package.dsv
[1.601s] -- Up-to-date: /home/kptal/humanoid_ws/install/dynamixel_sdk/share/ament_index/resource_index/packages/dynamixel_sdk
[1.601s] -- Up-to-date: /home/kptal/humanoid_ws/install/dynamixel_sdk/share/dynamixel_sdk/cmake/ament_cmake_export_include_directories-extras.cmake
[1.601s] -- Up-to-date: /home/kptal/humanoid_ws/install/dynamixel_sdk/share/dynamixel_sdk/cmake/ament_cmake_export_libraries-extras.cmake
[1.601s] -- Up-to-date: /home/kptal/humanoid_ws/install/dynamixel_sdk/share/dynamixel_sdk/cmake/dynamixel_sdkConfig.cmake
[1.601s] -- Up-to-date: /home/kptal/humanoid_ws/install/dynamixel_sdk/share/dynamixel_sdk/cmake/dynamixel_sdkConfig-version.cmake
[1.601s] -- Up-to-date: /home/kptal/humanoid_ws/install/dynamixel_sdk/share/dynamixel_sdk/package.xml
[1.727s] Invoked command in '/home/kptal/humanoid_ws/build/dynamixel_sdk' returned '0': CMAKE_PREFIX_PATH=${CMAKE_PREFIX_PATH}:/home/kptal/humanoid_ws/install/moveit_configs_utils:/home/kptal/humanoid_ws/install/launch_param_builder:/home/kptal/humanoid_ws/install/ik_pick_place:/home/kptal/humanoid_ws/install/half_humanoid_control_actions:/home/kptal/humanoid_ws/install/dynamixel_test_utils:/home/kptal/ws_moveit2/install/moveit_configs_utils:/home/kptal/ws_moveit2/install/launch_param_builder:/opt/ros/humble /usr/bin/cmake --install /home/kptal/humanoid_ws/build/dynamixel_sdk
