[0.012s] Invoking command in '/home/kptal/humanoid_ws/build/srdfdom': CMAKE_PREFIX_PATH=${CMAKE_PREFIX_PATH}:/home/kptal/humanoid_ws/install/moveit_configs_utils:/home/kptal/humanoid_ws/install/launch_param_builder:/home/kptal/humanoid_ws/install/ik_pick_place:/home/kptal/humanoid_ws/install/half_humanoid_control_actions:/home/kptal/humanoid_ws/install/dynamixel_test_utils:/home/kptal/ws_moveit2/install/moveit_configs_utils:/home/kptal/ws_moveit2/install/launch_param_builder:/opt/ros/humble /usr/bin/cmake /home/kptal/humanoid_ws/src/srdfdom -DCMAKE_INSTALL_PREFIX=/home/kptal/humanoid_ws/install/srdfdom
[0.083s] -- The CXX compiler identification is GNU 11.4.0
[0.091s] -- Detecting CXX compiler ABI info
[0.184s] -- Detecting CXX compiler ABI info - done
[0.190s] -- Check for working CXX compiler: /usr/bin/c++ - skipped
[0.191s] -- Detecting CXX compile features
[0.191s] -- Detecting CXX compile features - done
[0.203s] -- Found Boost: /usr/lib/x86_64-linux-gnu/cmake/Boost-1.74.0/BoostConfig.cmake (found version "1.74.0")  
[0.221s] -- Found ament_cmake: 1.3.11 (/opt/ros/humble/share/ament_cmake/cmake)
[0.365s] -- Found Python3: /usr/bin/python3 (found version "3.10.12") found components: Interpreter 
[0.472s] -- Found urdf: 2.6.1 (/opt/ros/humble/share/urdf/cmake)
[0.545s] -- Found TinyXML2 via Config file: TinyXML2_DIR-NOTFOUND
[0.653s] -- Found ament_cmake_gtest: 1.3.11 (/opt/ros/humble/share/ament_cmake_gtest/cmake)
[0.659s] -- Found ament_cmake_pytest: 1.3.11 (/opt/ros/humble/share/ament_cmake_pytest/cmake)
[0.935s] -- Found gtest sources under '/opt/ros/humble/src/gtest_vendor': C++ tests using 'Google Test' will be built
[0.975s] -- The C compiler identification is GNU 11.4.0
[0.980s] -- Detecting C compiler ABI info
[1.055s] -- Detecting C compiler ABI info - done
[1.060s] -- Check for working C compiler: /usr/bin/cc - skipped
[1.060s] -- Detecting C compile features
[1.060s] -- Detecting C compile features - done
[1.064s] -- Looking for C++ include pthread.h
[1.176s] -- Looking for C++ include pthread.h - found
[1.176s] -- Performing Test CMAKE_HAVE_LIBC_PTHREAD
[1.267s] -- Performing Test CMAKE_HAVE_LIBC_PTHREAD - Success
[1.268s] -- Found Threads: TRUE  
[1.274s] -- Found ament_lint_auto: 0.12.12 (/opt/ros/humble/share/ament_lint_auto/cmake)
[1.292s] -- Configuring done
[1.306s] -- Generating done
[1.311s] -- Build files have been written to: /home/kptal/humanoid_ws/build/srdfdom
[1.463s] Invoked command in '/home/kptal/humanoid_ws/build/srdfdom' returned '0': CMAKE_PREFIX_PATH=${CMAKE_PREFIX_PATH}:/home/kptal/humanoid_ws/install/moveit_configs_utils:/home/kptal/humanoid_ws/install/launch_param_builder:/home/kptal/humanoid_ws/install/ik_pick_place:/home/kptal/humanoid_ws/install/half_humanoid_control_actions:/home/kptal/humanoid_ws/install/dynamixel_test_utils:/home/kptal/ws_moveit2/install/moveit_configs_utils:/home/kptal/ws_moveit2/install/launch_param_builder:/opt/ros/humble /usr/bin/cmake /home/kptal/humanoid_ws/src/srdfdom -DCMAKE_INSTALL_PREFIX=/home/kptal/humanoid_ws/install/srdfdom
[1.465s] Invoking command in '/home/kptal/humanoid_ws/build/srdfdom': CMAKE_PREFIX_PATH=${CMAKE_PREFIX_PATH}:/home/kptal/humanoid_ws/install/moveit_configs_utils:/home/kptal/humanoid_ws/install/launch_param_builder:/home/kptal/humanoid_ws/install/ik_pick_place:/home/kptal/humanoid_ws/install/half_humanoid_control_actions:/home/kptal/humanoid_ws/install/dynamixel_test_utils:/home/kptal/ws_moveit2/install/moveit_configs_utils:/home/kptal/ws_moveit2/install/launch_param_builder:/opt/ros/humble /usr/bin/cmake --build /home/kptal/humanoid_ws/build/srdfdom -- -j18 -l18
[1.529s] [  9%] [32mBuilding CXX object gtest/CMakeFiles/gtest_main.dir/src/gtest_main.cc.o[0m
[1.532s] [ 18%] [32mBuilding CXX object gtest/CMakeFiles/gtest.dir/src/gtest-all.cc.o[0m
[1.540s] [ 36%] [32mBuilding CXX object CMakeFiles/srdfdom.dir/src/srdf_writer.cpp.o[0m
[1.540s] [ 36%] [32mBuilding CXX object CMakeFiles/srdfdom.dir/src/model.cpp.o[0m
[1.550s] [ 36%] Built target ament_cmake_python_copy_srdfdom
[1.768s] running egg_info
[1.768s] creating srdfdom.egg-info
[1.768s] writing srdfdom.egg-info/PKG-INFO
[1.768s] writing dependency_links to srdfdom.egg-info/dependency_links.txt
[1.769s] writing top-level names to srdfdom.egg-info/top_level.txt
[1.769s] writing manifest file 'srdfdom.egg-info/SOURCES.txt'
[1.770s] reading manifest file 'srdfdom.egg-info/SOURCES.txt'
[1.770s] writing manifest file 'srdfdom.egg-info/SOURCES.txt'
[1.802s] [ 36%] Built target ament_cmake_python_build_srdfdom_egg
[2.327s] [ 45%] [32m[1mLinking CXX static library libgtest_main.a[0m
[2.371s] [ 45%] Built target gtest_main
[3.312s] [ 54%] [32m[1mLinking CXX shared library libsrdfdom.so[0m
[3.483s] [ 54%] Built target srdfdom
[4.328s] [ 63%] [32m[1mLinking CXX static library libgtest.a[0m
[4.386s] [ 63%] Built target gtest
[4.415s] [ 81%] [32mBuilding CXX object CMakeFiles/test_cpp_nl_NL.UTF-8.dir/test/test_parser.cpp.o[0m
[4.415s] [ 81%] [32mBuilding CXX object CMakeFiles/test_cpp_C.dir/test/test_parser.cpp.o[0m
[5.720s] [ 90%] [32m[1mLinking CXX executable test_cpp_C[0m
[5.837s] [ 90%] Built target test_cpp_C
[5.912s] [100%] [32m[1mLinking CXX executable test_cpp_nl_NL.UTF-8[0m
[6.064s] [100%] Built target test_cpp_nl_NL.UTF-8
[6.078s] Invoked command in '/home/kptal/humanoid_ws/build/srdfdom' returned '0': CMAKE_PREFIX_PATH=${CMAKE_PREFIX_PATH}:/home/kptal/humanoid_ws/install/moveit_configs_utils:/home/kptal/humanoid_ws/install/launch_param_builder:/home/kptal/humanoid_ws/install/ik_pick_place:/home/kptal/humanoid_ws/install/half_humanoid_control_actions:/home/kptal/humanoid_ws/install/dynamixel_test_utils:/home/kptal/ws_moveit2/install/moveit_configs_utils:/home/kptal/ws_moveit2/install/launch_param_builder:/opt/ros/humble /usr/bin/cmake --build /home/kptal/humanoid_ws/build/srdfdom -- -j18 -l18
[6.082s] Invoking command in '/home/kptal/humanoid_ws/build/srdfdom': CMAKE_PREFIX_PATH=${CMAKE_PREFIX_PATH}:/home/kptal/humanoid_ws/install/moveit_configs_utils:/home/kptal/humanoid_ws/install/launch_param_builder:/home/kptal/humanoid_ws/install/ik_pick_place:/home/kptal/humanoid_ws/install/half_humanoid_control_actions:/home/kptal/humanoid_ws/install/dynamixel_test_utils:/home/kptal/ws_moveit2/install/moveit_configs_utils:/home/kptal/ws_moveit2/install/launch_param_builder:/opt/ros/humble /usr/bin/cmake --install /home/kptal/humanoid_ws/build/srdfdom
[6.087s] -- Install configuration: ""
[6.087s] -- Installing: /home/kptal/humanoid_ws/install/srdfdom/lib/libsrdfdom.so.2.0.7
[6.088s] -- Set runtime path of "/home/kptal/humanoid_ws/install/srdfdom/lib/libsrdfdom.so.2.0.7" to ""
[6.088s] -- Installing: /home/kptal/humanoid_ws/install/srdfdom/lib/libsrdfdom.so
[6.088s] -- Installing: /home/kptal/humanoid_ws/install/srdfdom/include/srdfdom
[6.088s] -- Installing: /home/kptal/humanoid_ws/install/srdfdom/include/srdfdom/srdfdom
[6.088s] -- Installing: /home/kptal/humanoid_ws/install/srdfdom/include/srdfdom/srdfdom/srdf_writer.h
[6.088s] -- Installing: /home/kptal/humanoid_ws/install/srdfdom/include/srdfdom/srdfdom/model.h
[6.088s] -- Installing: /home/kptal/humanoid_ws/install/srdfdom/include/srdfdom/srdfdom/visibility_control.h
[6.088s] -- Installing: /home/kptal/humanoid_ws/install/srdfdom/lib/srdfdom/display_srdf
[6.089s] -- Installing: /home/kptal/humanoid_ws/install/srdfdom/share/srdfdom/environment/pythonpath.sh
[6.089s] -- Installing: /home/kptal/humanoid_ws/install/srdfdom/share/srdfdom/environment/pythonpath.dsv
[6.089s] -- Installing: /home/kptal/humanoid_ws/install/srdfdom/local/lib/python3.10/dist-packages/srdfdom-2.0.7-py3.10.egg-info
[6.089s] -- Installing: /home/kptal/humanoid_ws/install/srdfdom/local/lib/python3.10/dist-packages/srdfdom-2.0.7-py3.10.egg-info/SOURCES.txt
[6.089s] -- Installing: /home/kptal/humanoid_ws/install/srdfdom/local/lib/python3.10/dist-packages/srdfdom-2.0.7-py3.10.egg-info/PKG-INFO
[6.089s] -- Installing: /home/kptal/humanoid_ws/install/srdfdom/local/lib/python3.10/dist-packages/srdfdom-2.0.7-py3.10.egg-info/dependency_links.txt
[6.089s] -- Installing: /home/kptal/humanoid_ws/install/srdfdom/local/lib/python3.10/dist-packages/srdfdom-2.0.7-py3.10.egg-info/top_level.txt
[6.089s] -- Installing: /home/kptal/humanoid_ws/install/srdfdom/local/lib/python3.10/dist-packages/srdfdom
[6.089s] -- Installing: /home/kptal/humanoid_ws/install/srdfdom/local/lib/python3.10/dist-packages/srdfdom/srdf.py
[6.089s] -- Installing: /home/kptal/humanoid_ws/install/srdfdom/local/lib/python3.10/dist-packages/srdfdom/__init__.py
[6.131s] Listing '/home/kptal/humanoid_ws/install/srdfdom/local/lib/python3.10/dist-packages/srdfdom'...
[6.131s] Compiling '/home/kptal/humanoid_ws/install/srdfdom/local/lib/python3.10/dist-packages/srdfdom/__init__.py'...
[6.131s] Compiling '/home/kptal/humanoid_ws/install/srdfdom/local/lib/python3.10/dist-packages/srdfdom/srdf.py'...
[6.136s] -- Installing: /home/kptal/humanoid_ws/install/srdfdom/share/srdfdom/environment/library_path.sh
[6.136s] -- Installing: /home/kptal/humanoid_ws/install/srdfdom/share/srdfdom/environment/library_path.dsv
[6.136s] -- Installing: /home/kptal/humanoid_ws/install/srdfdom/share/ament_index/resource_index/package_run_dependencies/srdfdom
[6.137s] -- Installing: /home/kptal/humanoid_ws/install/srdfdom/share/ament_index/resource_index/parent_prefix_path/srdfdom
[6.137s] -- Installing: /home/kptal/humanoid_ws/install/srdfdom/share/srdfdom/environment/ament_prefix_path.sh
[6.137s] -- Installing: /home/kptal/humanoid_ws/install/srdfdom/share/srdfdom/environment/ament_prefix_path.dsv
[6.137s] -- Installing: /home/kptal/humanoid_ws/install/srdfdom/share/srdfdom/environment/path.sh
[6.137s] -- Installing: /home/kptal/humanoid_ws/install/srdfdom/share/srdfdom/environment/path.dsv
[6.137s] -- Installing: /home/kptal/humanoid_ws/install/srdfdom/share/srdfdom/local_setup.bash
[6.137s] -- Installing: /home/kptal/humanoid_ws/install/srdfdom/share/srdfdom/local_setup.sh
[6.138s] -- Installing: /home/kptal/humanoid_ws/install/srdfdom/share/srdfdom/local_setup.zsh
[6.138s] -- Installing: /home/kptal/humanoid_ws/install/srdfdom/share/srdfdom/local_setup.dsv
[6.138s] -- Installing: /home/kptal/humanoid_ws/install/srdfdom/share/srdfdom/package.dsv
[6.138s] -- Installing: /home/kptal/humanoid_ws/install/srdfdom/share/ament_index/resource_index/packages/srdfdom
[6.138s] -- Installing: /home/kptal/humanoid_ws/install/srdfdom/share/srdfdom/cmake/srdfdomTargetsExport.cmake
[6.138s] -- Installing: /home/kptal/humanoid_ws/install/srdfdom/share/srdfdom/cmake/srdfdomTargetsExport-noconfig.cmake
[6.139s] -- Installing: /home/kptal/humanoid_ws/install/srdfdom/share/srdfdom/cmake/ament_cmake_export_targets-extras.cmake
[6.139s] -- Installing: /home/kptal/humanoid_ws/install/srdfdom/share/srdfdom/cmake/ament_cmake_export_dependencies-extras.cmake
[6.139s] -- Installing: /home/kptal/humanoid_ws/install/srdfdom/share/srdfdom/cmake/srdfdomConfig.cmake
[6.139s] -- Installing: /home/kptal/humanoid_ws/install/srdfdom/share/srdfdom/cmake/srdfdomConfig-version.cmake
[6.139s] -- Installing: /home/kptal/humanoid_ws/install/srdfdom/share/srdfdom/package.xml
[6.142s] Invoked command in '/home/kptal/humanoid_ws/build/srdfdom' returned '0': CMAKE_PREFIX_PATH=${CMAKE_PREFIX_PATH}:/home/kptal/humanoid_ws/install/moveit_configs_utils:/home/kptal/humanoid_ws/install/launch_param_builder:/home/kptal/humanoid_ws/install/ik_pick_place:/home/kptal/humanoid_ws/install/half_humanoid_control_actions:/home/kptal/humanoid_ws/install/dynamixel_test_utils:/home/kptal/ws_moveit2/install/moveit_configs_utils:/home/kptal/ws_moveit2/install/launch_param_builder:/opt/ros/humble /usr/bin/cmake --install /home/kptal/humanoid_ws/build/srdfdom
