[ 11%] Built target dual_panda_moveit2_interface__rosidl_generator_c
[ 12%] Built target dual_panda_moveit2_interface__cpp
[ 12%] Built target ament_cmake_python_copy_dual_panda_moveit2_interface
[ 24%] Built target dual_panda_moveit2_interface__rosidl_typesupport_fastrtps_c
[ 35%] Built target dual_panda_moveit2_interface__rosidl_typesupport_fastrtps_cpp
[ 47%] Built target dual_panda_moveit2_interface__rosidl_typesupport_c
[ 58%] Built target dual_panda_moveit2_interface__rosidl_typesupport_introspection_cpp
[ 70%] Built target dual_panda_moveit2_interface__rosidl_typesupport_introspection_c
[ 82%] Built target dual_panda_moveit2_interface__rosidl_typesupport_cpp
[ 82%] Built target dual_panda_moveit2_interface
[ 83%] Built target dual_panda_moveit2_interface__py
[ 93%] Built target dual_panda_moveit2_interface__rosidl_generator_py
[100%] Built target dual_panda_moveit2_interface__rosidl_typesupport_c__pyext
[100%] Built target dual_panda_moveit2_interface__rosidl_typesupport_fastrtps_c__pyext
[100%] Built target dual_panda_moveit2_interface__rosidl_typesupport_introspection_c__pyext
running egg_info
writing dual_panda_moveit2_interface.egg-info/PKG-INFO
writing dependency_links to dual_panda_moveit2_interface.egg-info/dependency_links.txt
writing top-level names to dual_panda_moveit2_interface.egg-info/top_level.txt
reading manifest file 'dual_panda_moveit2_interface.egg-info/SOURCES.txt'
writing manifest file 'dual_panda_moveit2_interface.egg-info/SOURCES.txt'
[100%] Built target ament_cmake_python_build_dual_panda_moveit2_interface_egg
-- Install configuration: ""
-- Up-to-date: /home/kptal/humanoid_ws/install/dual_panda_moveit2_interface/share/ament_index/resource_index/rosidl_interfaces/dual_panda_moveit2_interface
-- Up-to-date: /home/kptal/humanoid_ws/install/dual_panda_moveit2_interface/include/dual_panda_moveit2_interface/dual_panda_moveit2_interface
-- Up-to-date: /home/kptal/humanoid_ws/install/dual_panda_moveit2_interface/include/dual_panda_moveit2_interface/dual_panda_moveit2_interface/msg
-- Up-to-date: /home/kptal/humanoid_ws/install/dual_panda_moveit2_interface/include/dual_panda_moveit2_interface/dual_panda_moveit2_interface/msg/spawn_batch.h
-- Up-to-date: /home/kptal/humanoid_ws/install/dual_panda_moveit2_interface/include/dual_panda_moveit2_interface/dual_panda_moveit2_interface/msg/robot_pose.h
-- Up-to-date: /home/kptal/humanoid_ws/install/dual_panda_moveit2_interface/include/dual_panda_moveit2_interface/dual_panda_moveit2_interface/msg/rosidl_generator_c__visibility_control.h
-- Up-to-date: /home/kptal/humanoid_ws/install/dual_panda_moveit2_interface/include/dual_panda_moveit2_interface/dual_panda_moveit2_interface/msg/object_spec.h
-- Up-to-date: /home/kptal/humanoid_ws/install/dual_panda_moveit2_interface/include/dual_panda_moveit2_interface/dual_panda_moveit2_interface/msg/detail
-- Up-to-date: /home/kptal/humanoid_ws/install/dual_panda_moveit2_interface/include/dual_panda_moveit2_interface/dual_panda_moveit2_interface/msg/detail/robot_pose__functions.c
-- Up-to-date: /home/kptal/humanoid_ws/install/dual_panda_moveit2_interface/include/dual_panda_moveit2_interface/dual_panda_moveit2_interface/msg/detail/object_spec__type_support.h
-- Up-to-date: /home/kptal/humanoid_ws/install/dual_panda_moveit2_interface/include/dual_panda_moveit2_interface/dual_panda_moveit2_interface/msg/detail/spawn_batch__type_support.h
-- Up-to-date: /home/kptal/humanoid_ws/install/dual_panda_moveit2_interface/include/dual_panda_moveit2_interface/dual_panda_moveit2_interface/msg/detail/spawn_batch__struct.h
-- Up-to-date: /home/kptal/humanoid_ws/install/dual_panda_moveit2_interface/include/dual_panda_moveit2_interface/dual_panda_moveit2_interface/msg/detail/object_spec__functions.h
-- Up-to-date: /home/kptal/humanoid_ws/install/dual_panda_moveit2_interface/include/dual_panda_moveit2_interface/dual_panda_moveit2_interface/msg/detail/robot_pose__type_support.h
-- Up-to-date: /home/kptal/humanoid_ws/install/dual_panda_moveit2_interface/include/dual_panda_moveit2_interface/dual_panda_moveit2_interface/msg/detail/robot_pose__struct.h
-- Up-to-date: /home/kptal/humanoid_ws/install/dual_panda_moveit2_interface/include/dual_panda_moveit2_interface/dual_panda_moveit2_interface/msg/detail/object_spec__struct.h
-- Up-to-date: /home/kptal/humanoid_ws/install/dual_panda_moveit2_interface/include/dual_panda_moveit2_interface/dual_panda_moveit2_interface/msg/detail/spawn_batch__functions.c
-- Up-to-date: /home/kptal/humanoid_ws/install/dual_panda_moveit2_interface/include/dual_panda_moveit2_interface/dual_panda_moveit2_interface/msg/detail/object_spec__functions.c
-- Up-to-date: /home/kptal/humanoid_ws/install/dual_panda_moveit2_interface/include/dual_panda_moveit2_interface/dual_panda_moveit2_interface/msg/detail/spawn_batch__functions.h
-- Up-to-date: /home/kptal/humanoid_ws/install/dual_panda_moveit2_interface/include/dual_panda_moveit2_interface/dual_panda_moveit2_interface/msg/detail/robot_pose__functions.h
-- Up-to-date: /home/kptal/humanoid_ws/install/dual_panda_moveit2_interface/include/dual_panda_moveit2_interface/dual_panda_moveit2_interface/action
-- Up-to-date: /home/kptal/humanoid_ws/install/dual_panda_moveit2_interface/include/dual_panda_moveit2_interface/dual_panda_moveit2_interface/action/move.h
-- Up-to-date: /home/kptal/humanoid_ws/install/dual_panda_moveit2_interface/include/dual_panda_moveit2_interface/dual_panda_moveit2_interface/action/detail
-- Up-to-date: /home/kptal/humanoid_ws/install/dual_panda_moveit2_interface/include/dual_panda_moveit2_interface/dual_panda_moveit2_interface/action/detail/move__struct.h
-- Up-to-date: /home/kptal/humanoid_ws/install/dual_panda_moveit2_interface/include/dual_panda_moveit2_interface/dual_panda_moveit2_interface/action/detail/move__functions.h
-- Up-to-date: /home/kptal/humanoid_ws/install/dual_panda_moveit2_interface/include/dual_panda_moveit2_interface/dual_panda_moveit2_interface/action/detail/move__type_support.h
-- Up-to-date: /home/kptal/humanoid_ws/install/dual_panda_moveit2_interface/include/dual_panda_moveit2_interface/dual_panda_moveit2_interface/action/detail/move__functions.c
-- Up-to-date: /home/kptal/humanoid_ws/install/dual_panda_moveit2_interface/include/dual_panda_moveit2_interface/dual_panda_moveit2_interface/srv
-- Up-to-date: /home/kptal/humanoid_ws/install/dual_panda_moveit2_interface/include/dual_panda_moveit2_interface/dual_panda_moveit2_interface/srv/gripper_control.h
-- Up-to-date: /home/kptal/humanoid_ws/install/dual_panda_moveit2_interface/include/dual_panda_moveit2_interface/dual_panda_moveit2_interface/srv/spawn_object.h
-- Up-to-date: /home/kptal/humanoid_ws/install/dual_panda_moveit2_interface/include/dual_panda_moveit2_interface/dual_panda_moveit2_interface/srv/attach_object.h
-- Up-to-date: /home/kptal/humanoid_ws/install/dual_panda_moveit2_interface/include/dual_panda_moveit2_interface/dual_panda_moveit2_interface/srv/detail
-- Up-to-date: /home/kptal/humanoid_ws/install/dual_panda_moveit2_interface/include/dual_panda_moveit2_interface/dual_panda_moveit2_interface/srv/detail/detach_object__functions.c
-- Up-to-date: /home/kptal/humanoid_ws/install/dual_panda_moveit2_interface/include/dual_panda_moveit2_interface/dual_panda_moveit2_interface/srv/detail/spawn_object__struct.h
-- Up-to-date: /home/kptal/humanoid_ws/install/dual_panda_moveit2_interface/include/dual_panda_moveit2_interface/dual_panda_moveit2_interface/srv/detail/gripper_control__functions.c
-- Up-to-date: /home/kptal/humanoid_ws/install/dual_panda_moveit2_interface/include/dual_panda_moveit2_interface/dual_panda_moveit2_interface/srv/detail/detach_object__functions.h
-- Up-to-date: /home/kptal/humanoid_ws/install/dual_panda_moveit2_interface/include/dual_panda_moveit2_interface/dual_panda_moveit2_interface/srv/detail/gripper_control__struct.h
-- Up-to-date: /home/kptal/humanoid_ws/install/dual_panda_moveit2_interface/include/dual_panda_moveit2_interface/dual_panda_moveit2_interface/srv/detail/gripper_control__functions.h
-- Up-to-date: /home/kptal/humanoid_ws/install/dual_panda_moveit2_interface/include/dual_panda_moveit2_interface/dual_panda_moveit2_interface/srv/detail/attach_object__functions.h
-- Up-to-date: /home/kptal/humanoid_ws/install/dual_panda_moveit2_interface/include/dual_panda_moveit2_interface/dual_panda_moveit2_interface/srv/detail/detach_object__struct.h
-- Up-to-date: /home/kptal/humanoid_ws/install/dual_panda_moveit2_interface/include/dual_panda_moveit2_interface/dual_panda_moveit2_interface/srv/detail/attach_object__functions.c
-- Up-to-date: /home/kptal/humanoid_ws/install/dual_panda_moveit2_interface/include/dual_panda_moveit2_interface/dual_panda_moveit2_interface/srv/detail/spawn_object__type_support.h
-- Up-to-date: /home/kptal/humanoid_ws/install/dual_panda_moveit2_interface/include/dual_panda_moveit2_interface/dual_panda_moveit2_interface/srv/detail/remove_object__type_support.h
-- Up-to-date: /home/kptal/humanoid_ws/install/dual_panda_moveit2_interface/include/dual_panda_moveit2_interface/dual_panda_moveit2_interface/srv/detail/attach_object__struct.h
-- Up-to-date: /home/kptal/humanoid_ws/install/dual_panda_moveit2_interface/include/dual_panda_moveit2_interface/dual_panda_moveit2_interface/srv/detail/gripper_control__type_support.h
-- Up-to-date: /home/kptal/humanoid_ws/install/dual_panda_moveit2_interface/include/dual_panda_moveit2_interface/dual_panda_moveit2_interface/srv/detail/spawn_object__functions.c
-- Up-to-date: /home/kptal/humanoid_ws/install/dual_panda_moveit2_interface/include/dual_panda_moveit2_interface/dual_panda_moveit2_interface/srv/detail/attach_object__type_support.h
-- Up-to-date: /home/kptal/humanoid_ws/install/dual_panda_moveit2_interface/include/dual_panda_moveit2_interface/dual_panda_moveit2_interface/srv/detail/remove_object__functions.h
-- Up-to-date: /home/kptal/humanoid_ws/install/dual_panda_moveit2_interface/include/dual_panda_moveit2_interface/dual_panda_moveit2_interface/srv/detail/remove_object__struct.h
-- Up-to-date: /home/kptal/humanoid_ws/install/dual_panda_moveit2_interface/include/dual_panda_moveit2_interface/dual_panda_moveit2_interface/srv/detail/detach_object__type_support.h
-- Up-to-date: /home/kptal/humanoid_ws/install/dual_panda_moveit2_interface/include/dual_panda_moveit2_interface/dual_panda_moveit2_interface/srv/detail/spawn_object__functions.h
-- Up-to-date: /home/kptal/humanoid_ws/install/dual_panda_moveit2_interface/include/dual_panda_moveit2_interface/dual_panda_moveit2_interface/srv/detail/remove_object__functions.c
-- Up-to-date: /home/kptal/humanoid_ws/install/dual_panda_moveit2_interface/include/dual_panda_moveit2_interface/dual_panda_moveit2_interface/srv/remove_object.h
-- Up-to-date: /home/kptal/humanoid_ws/install/dual_panda_moveit2_interface/include/dual_panda_moveit2_interface/dual_panda_moveit2_interface/srv/detach_object.h
-- Up-to-date: /home/kptal/humanoid_ws/install/dual_panda_moveit2_interface/share/dual_panda_moveit2_interface/environment/library_path.sh
-- Up-to-date: /home/kptal/humanoid_ws/install/dual_panda_moveit2_interface/share/dual_panda_moveit2_interface/environment/library_path.dsv
-- Up-to-date: /home/kptal/humanoid_ws/install/dual_panda_moveit2_interface/lib/libdual_panda_moveit2_interface__rosidl_generator_c.so
-- Up-to-date: /home/kptal/humanoid_ws/install/dual_panda_moveit2_interface/include/dual_panda_moveit2_interface/dual_panda_moveit2_interface
-- Up-to-date: /home/kptal/humanoid_ws/install/dual_panda_moveit2_interface/include/dual_panda_moveit2_interface/dual_panda_moveit2_interface/msg
-- Up-to-date: /home/kptal/humanoid_ws/install/dual_panda_moveit2_interface/include/dual_panda_moveit2_interface/dual_panda_moveit2_interface/msg/rosidl_typesupport_fastrtps_c__visibility_control.h
-- Up-to-date: /home/kptal/humanoid_ws/install/dual_panda_moveit2_interface/include/dual_panda_moveit2_interface/dual_panda_moveit2_interface/msg/detail
-- Up-to-date: /home/kptal/humanoid_ws/install/dual_panda_moveit2_interface/include/dual_panda_moveit2_interface/dual_panda_moveit2_interface/msg/detail/object_spec__rosidl_typesupport_fastrtps_c.h
-- Up-to-date: /home/kptal/humanoid_ws/install/dual_panda_moveit2_interface/include/dual_panda_moveit2_interface/dual_panda_moveit2_interface/msg/detail/spawn_batch__rosidl_typesupport_fastrtps_c.h
-- Up-to-date: /home/kptal/humanoid_ws/install/dual_panda_moveit2_interface/include/dual_panda_moveit2_interface/dual_panda_moveit2_interface/msg/detail/robot_pose__rosidl_typesupport_fastrtps_c.h
-- Up-to-date: /home/kptal/humanoid_ws/install/dual_panda_moveit2_interface/include/dual_panda_moveit2_interface/dual_panda_moveit2_interface/action
-- Up-to-date: /home/kptal/humanoid_ws/install/dual_panda_moveit2_interface/include/dual_panda_moveit2_interface/dual_panda_moveit2_interface/action/detail
-- Up-to-date: /home/kptal/humanoid_ws/install/dual_panda_moveit2_interface/include/dual_panda_moveit2_interface/dual_panda_moveit2_interface/action/detail/move__rosidl_typesupport_fastrtps_c.h
-- Up-to-date: /home/kptal/humanoid_ws/install/dual_panda_moveit2_interface/include/dual_panda_moveit2_interface/dual_panda_moveit2_interface/srv
-- Up-to-date: /home/kptal/humanoid_ws/install/dual_panda_moveit2_interface/include/dual_panda_moveit2_interface/dual_panda_moveit2_interface/srv/detail
-- Up-to-date: /home/kptal/humanoid_ws/install/dual_panda_moveit2_interface/include/dual_panda_moveit2_interface/dual_panda_moveit2_interface/srv/detail/spawn_object__rosidl_typesupport_fastrtps_c.h
-- Up-to-date: /home/kptal/humanoid_ws/install/dual_panda_moveit2_interface/include/dual_panda_moveit2_interface/dual_panda_moveit2_interface/srv/detail/detach_object__rosidl_typesupport_fastrtps_c.h
-- Up-to-date: /home/kptal/humanoid_ws/install/dual_panda_moveit2_interface/include/dual_panda_moveit2_interface/dual_panda_moveit2_interface/srv/detail/remove_object__rosidl_typesupport_fastrtps_c.h
-- Up-to-date: /home/kptal/humanoid_ws/install/dual_panda_moveit2_interface/include/dual_panda_moveit2_interface/dual_panda_moveit2_interface/srv/detail/attach_object__rosidl_typesupport_fastrtps_c.h
-- Up-to-date: /home/kptal/humanoid_ws/install/dual_panda_moveit2_interface/include/dual_panda_moveit2_interface/dual_panda_moveit2_interface/srv/detail/gripper_control__rosidl_typesupport_fastrtps_c.h
-- Up-to-date: /home/kptal/humanoid_ws/install/dual_panda_moveit2_interface/lib/libdual_panda_moveit2_interface__rosidl_typesupport_fastrtps_c.so
-- Up-to-date: /home/kptal/humanoid_ws/install/dual_panda_moveit2_interface/include/dual_panda_moveit2_interface/dual_panda_moveit2_interface
-- Up-to-date: /home/kptal/humanoid_ws/install/dual_panda_moveit2_interface/include/dual_panda_moveit2_interface/dual_panda_moveit2_interface/msg
-- Up-to-date: /home/kptal/humanoid_ws/install/dual_panda_moveit2_interface/include/dual_panda_moveit2_interface/dual_panda_moveit2_interface/msg/object_spec.hpp
-- Up-to-date: /home/kptal/humanoid_ws/install/dual_panda_moveit2_interface/include/dual_panda_moveit2_interface/dual_panda_moveit2_interface/msg/spawn_batch.hpp
-- Up-to-date: /home/kptal/humanoid_ws/install/dual_panda_moveit2_interface/include/dual_panda_moveit2_interface/dual_panda_moveit2_interface/msg/rosidl_generator_cpp__visibility_control.hpp
-- Up-to-date: /home/kptal/humanoid_ws/install/dual_panda_moveit2_interface/include/dual_panda_moveit2_interface/dual_panda_moveit2_interface/msg/detail
-- Up-to-date: /home/kptal/humanoid_ws/install/dual_panda_moveit2_interface/include/dual_panda_moveit2_interface/dual_panda_moveit2_interface/msg/detail/spawn_batch__type_support.hpp
-- Up-to-date: /home/kptal/humanoid_ws/install/dual_panda_moveit2_interface/include/dual_panda_moveit2_interface/dual_panda_moveit2_interface/msg/detail/spawn_batch__struct.hpp
-- Up-to-date: /home/kptal/humanoid_ws/install/dual_panda_moveit2_interface/include/dual_panda_moveit2_interface/dual_panda_moveit2_interface/msg/detail/spawn_batch__builder.hpp
-- Up-to-date: /home/kptal/humanoid_ws/install/dual_panda_moveit2_interface/include/dual_panda_moveit2_interface/dual_panda_moveit2_interface/msg/detail/robot_pose__builder.hpp
-- Up-to-date: /home/kptal/humanoid_ws/install/dual_panda_moveit2_interface/include/dual_panda_moveit2_interface/dual_panda_moveit2_interface/msg/detail/robot_pose__traits.hpp
-- Up-to-date: /home/kptal/humanoid_ws/install/dual_panda_moveit2_interface/include/dual_panda_moveit2_interface/dual_panda_moveit2_interface/msg/detail/object_spec__struct.hpp
-- Up-to-date: /home/kptal/humanoid_ws/install/dual_panda_moveit2_interface/include/dual_panda_moveit2_interface/dual_panda_moveit2_interface/msg/detail/object_spec__builder.hpp
-- Up-to-date: /home/kptal/humanoid_ws/install/dual_panda_moveit2_interface/include/dual_panda_moveit2_interface/dual_panda_moveit2_interface/msg/detail/robot_pose__struct.hpp
-- Up-to-date: /home/kptal/humanoid_ws/install/dual_panda_moveit2_interface/include/dual_panda_moveit2_interface/dual_panda_moveit2_interface/msg/detail/spawn_batch__traits.hpp
-- Up-to-date: /home/kptal/humanoid_ws/install/dual_panda_moveit2_interface/include/dual_panda_moveit2_interface/dual_panda_moveit2_interface/msg/detail/robot_pose__type_support.hpp
-- Up-to-date: /home/kptal/humanoid_ws/install/dual_panda_moveit2_interface/include/dual_panda_moveit2_interface/dual_panda_moveit2_interface/msg/detail/object_spec__traits.hpp
-- Up-to-date: /home/kptal/humanoid_ws/install/dual_panda_moveit2_interface/include/dual_panda_moveit2_interface/dual_panda_moveit2_interface/msg/detail/object_spec__type_support.hpp
-- Up-to-date: /home/kptal/humanoid_ws/install/dual_panda_moveit2_interface/include/dual_panda_moveit2_interface/dual_panda_moveit2_interface/msg/robot_pose.hpp
-- Up-to-date: /home/kptal/humanoid_ws/install/dual_panda_moveit2_interface/include/dual_panda_moveit2_interface/dual_panda_moveit2_interface/action
-- Up-to-date: /home/kptal/humanoid_ws/install/dual_panda_moveit2_interface/include/dual_panda_moveit2_interface/dual_panda_moveit2_interface/action/move.hpp
-- Up-to-date: /home/kptal/humanoid_ws/install/dual_panda_moveit2_interface/include/dual_panda_moveit2_interface/dual_panda_moveit2_interface/action/detail
-- Up-to-date: /home/kptal/humanoid_ws/install/dual_panda_moveit2_interface/include/dual_panda_moveit2_interface/dual_panda_moveit2_interface/action/detail/move__traits.hpp
-- Up-to-date: /home/kptal/humanoid_ws/install/dual_panda_moveit2_interface/include/dual_panda_moveit2_interface/dual_panda_moveit2_interface/action/detail/move__struct.hpp
-- Up-to-date: /home/kptal/humanoid_ws/install/dual_panda_moveit2_interface/include/dual_panda_moveit2_interface/dual_panda_moveit2_interface/action/detail/move__type_support.hpp
-- Up-to-date: /home/kptal/humanoid_ws/install/dual_panda_moveit2_interface/include/dual_panda_moveit2_interface/dual_panda_moveit2_interface/action/detail/move__builder.hpp
-- Up-to-date: /home/kptal/humanoid_ws/install/dual_panda_moveit2_interface/include/dual_panda_moveit2_interface/dual_panda_moveit2_interface/srv
-- Up-to-date: /home/kptal/humanoid_ws/install/dual_panda_moveit2_interface/include/dual_panda_moveit2_interface/dual_panda_moveit2_interface/srv/spawn_object.hpp
-- Up-to-date: /home/kptal/humanoid_ws/install/dual_panda_moveit2_interface/include/dual_panda_moveit2_interface/dual_panda_moveit2_interface/srv/gripper_control.hpp
-- Up-to-date: /home/kptal/humanoid_ws/install/dual_panda_moveit2_interface/include/dual_panda_moveit2_interface/dual_panda_moveit2_interface/srv/detail
-- Up-to-date: /home/kptal/humanoid_ws/install/dual_panda_moveit2_interface/include/dual_panda_moveit2_interface/dual_panda_moveit2_interface/srv/detail/attach_object__builder.hpp
-- Up-to-date: /home/kptal/humanoid_ws/install/dual_panda_moveit2_interface/include/dual_panda_moveit2_interface/dual_panda_moveit2_interface/srv/detail/remove_object__struct.hpp
-- Up-to-date: /home/kptal/humanoid_ws/install/dual_panda_moveit2_interface/include/dual_panda_moveit2_interface/dual_panda_moveit2_interface/srv/detail/gripper_control__type_support.hpp
-- Up-to-date: /home/kptal/humanoid_ws/install/dual_panda_moveit2_interface/include/dual_panda_moveit2_interface/dual_panda_moveit2_interface/srv/detail/spawn_object__struct.hpp
-- Up-to-date: /home/kptal/humanoid_ws/install/dual_panda_moveit2_interface/include/dual_panda_moveit2_interface/dual_panda_moveit2_interface/srv/detail/remove_object__traits.hpp
-- Up-to-date: /home/kptal/humanoid_ws/install/dual_panda_moveit2_interface/include/dual_panda_moveit2_interface/dual_panda_moveit2_interface/srv/detail/attach_object__traits.hpp
-- Up-to-date: /home/kptal/humanoid_ws/install/dual_panda_moveit2_interface/include/dual_panda_moveit2_interface/dual_panda_moveit2_interface/srv/detail/spawn_object__type_support.hpp
-- Up-to-date: /home/kptal/humanoid_ws/install/dual_panda_moveit2_interface/include/dual_panda_moveit2_interface/dual_panda_moveit2_interface/srv/detail/detach_object__traits.hpp
-- Up-to-date: /home/kptal/humanoid_ws/install/dual_panda_moveit2_interface/include/dual_panda_moveit2_interface/dual_panda_moveit2_interface/srv/detail/detach_object__type_support.hpp
-- Up-to-date: /home/kptal/humanoid_ws/install/dual_panda_moveit2_interface/include/dual_panda_moveit2_interface/dual_panda_moveit2_interface/srv/detail/attach_object__struct.hpp
-- Up-to-date: /home/kptal/humanoid_ws/install/dual_panda_moveit2_interface/include/dual_panda_moveit2_interface/dual_panda_moveit2_interface/srv/detail/detach_object__builder.hpp
-- Up-to-date: /home/kptal/humanoid_ws/install/dual_panda_moveit2_interface/include/dual_panda_moveit2_interface/dual_panda_moveit2_interface/srv/detail/gripper_control__builder.hpp
-- Up-to-date: /home/kptal/humanoid_ws/install/dual_panda_moveit2_interface/include/dual_panda_moveit2_interface/dual_panda_moveit2_interface/srv/detail/gripper_control__traits.hpp
-- Up-to-date: /home/kptal/humanoid_ws/install/dual_panda_moveit2_interface/include/dual_panda_moveit2_interface/dual_panda_moveit2_interface/srv/detail/attach_object__type_support.hpp
-- Up-to-date: /home/kptal/humanoid_ws/install/dual_panda_moveit2_interface/include/dual_panda_moveit2_interface/dual_panda_moveit2_interface/srv/detail/detach_object__struct.hpp
-- Up-to-date: /home/kptal/humanoid_ws/install/dual_panda_moveit2_interface/include/dual_panda_moveit2_interface/dual_panda_moveit2_interface/srv/detail/remove_object__builder.hpp
-- Up-to-date: /home/kptal/humanoid_ws/install/dual_panda_moveit2_interface/include/dual_panda_moveit2_interface/dual_panda_moveit2_interface/srv/detail/gripper_control__struct.hpp
-- Up-to-date: /home/kptal/humanoid_ws/install/dual_panda_moveit2_interface/include/dual_panda_moveit2_interface/dual_panda_moveit2_interface/srv/detail/remove_object__type_support.hpp
-- Up-to-date: /home/kptal/humanoid_ws/install/dual_panda_moveit2_interface/include/dual_panda_moveit2_interface/dual_panda_moveit2_interface/srv/detail/spawn_object__builder.hpp
-- Up-to-date: /home/kptal/humanoid_ws/install/dual_panda_moveit2_interface/include/dual_panda_moveit2_interface/dual_panda_moveit2_interface/srv/detail/spawn_object__traits.hpp
-- Up-to-date: /home/kptal/humanoid_ws/install/dual_panda_moveit2_interface/include/dual_panda_moveit2_interface/dual_panda_moveit2_interface/srv/remove_object.hpp
-- Up-to-date: /home/kptal/humanoid_ws/install/dual_panda_moveit2_interface/include/dual_panda_moveit2_interface/dual_panda_moveit2_interface/srv/attach_object.hpp
-- Up-to-date: /home/kptal/humanoid_ws/install/dual_panda_moveit2_interface/include/dual_panda_moveit2_interface/dual_panda_moveit2_interface/srv/detach_object.hpp
-- Up-to-date: /home/kptal/humanoid_ws/install/dual_panda_moveit2_interface/include/dual_panda_moveit2_interface/dual_panda_moveit2_interface
-- Up-to-date: /home/kptal/humanoid_ws/install/dual_panda_moveit2_interface/include/dual_panda_moveit2_interface/dual_panda_moveit2_interface/msg
-- Up-to-date: /home/kptal/humanoid_ws/install/dual_panda_moveit2_interface/include/dual_panda_moveit2_interface/dual_panda_moveit2_interface/msg/detail
-- Up-to-date: /home/kptal/humanoid_ws/install/dual_panda_moveit2_interface/include/dual_panda_moveit2_interface/dual_panda_moveit2_interface/msg/detail/object_spec__rosidl_typesupport_fastrtps_cpp.hpp
-- Up-to-date: /home/kptal/humanoid_ws/install/dual_panda_moveit2_interface/include/dual_panda_moveit2_interface/dual_panda_moveit2_interface/msg/detail/dds_fastrtps
-- Up-to-date: /home/kptal/humanoid_ws/install/dual_panda_moveit2_interface/include/dual_panda_moveit2_interface/dual_panda_moveit2_interface/msg/detail/robot_pose__rosidl_typesupport_fastrtps_cpp.hpp
-- Up-to-date: /home/kptal/humanoid_ws/install/dual_panda_moveit2_interface/include/dual_panda_moveit2_interface/dual_panda_moveit2_interface/msg/detail/spawn_batch__rosidl_typesupport_fastrtps_cpp.hpp
-- Up-to-date: /home/kptal/humanoid_ws/install/dual_panda_moveit2_interface/include/dual_panda_moveit2_interface/dual_panda_moveit2_interface/msg/rosidl_typesupport_fastrtps_cpp__visibility_control.h
-- Up-to-date: /home/kptal/humanoid_ws/install/dual_panda_moveit2_interface/include/dual_panda_moveit2_interface/dual_panda_moveit2_interface/action
-- Up-to-date: /home/kptal/humanoid_ws/install/dual_panda_moveit2_interface/include/dual_panda_moveit2_interface/dual_panda_moveit2_interface/action/detail
-- Up-to-date: /home/kptal/humanoid_ws/install/dual_panda_moveit2_interface/include/dual_panda_moveit2_interface/dual_panda_moveit2_interface/action/detail/dds_fastrtps
-- Up-to-date: /home/kptal/humanoid_ws/install/dual_panda_moveit2_interface/include/dual_panda_moveit2_interface/dual_panda_moveit2_interface/action/detail/move__rosidl_typesupport_fastrtps_cpp.hpp
-- Up-to-date: /home/kptal/humanoid_ws/install/dual_panda_moveit2_interface/include/dual_panda_moveit2_interface/dual_panda_moveit2_interface/srv
-- Up-to-date: /home/kptal/humanoid_ws/install/dual_panda_moveit2_interface/include/dual_panda_moveit2_interface/dual_panda_moveit2_interface/srv/detail
-- Up-to-date: /home/kptal/humanoid_ws/install/dual_panda_moveit2_interface/include/dual_panda_moveit2_interface/dual_panda_moveit2_interface/srv/detail/attach_object__rosidl_typesupport_fastrtps_cpp.hpp
-- Up-to-date: /home/kptal/humanoid_ws/install/dual_panda_moveit2_interface/include/dual_panda_moveit2_interface/dual_panda_moveit2_interface/srv/detail/gripper_control__rosidl_typesupport_fastrtps_cpp.hpp
-- Up-to-date: /home/kptal/humanoid_ws/install/dual_panda_moveit2_interface/include/dual_panda_moveit2_interface/dual_panda_moveit2_interface/srv/detail/detach_object__rosidl_typesupport_fastrtps_cpp.hpp
-- Up-to-date: /home/kptal/humanoid_ws/install/dual_panda_moveit2_interface/include/dual_panda_moveit2_interface/dual_panda_moveit2_interface/srv/detail/remove_object__rosidl_typesupport_fastrtps_cpp.hpp
-- Up-to-date: /home/kptal/humanoid_ws/install/dual_panda_moveit2_interface/include/dual_panda_moveit2_interface/dual_panda_moveit2_interface/srv/detail/spawn_object__rosidl_typesupport_fastrtps_cpp.hpp
-- Up-to-date: /home/kptal/humanoid_ws/install/dual_panda_moveit2_interface/include/dual_panda_moveit2_interface/dual_panda_moveit2_interface/srv/detail/dds_fastrtps
-- Up-to-date: /home/kptal/humanoid_ws/install/dual_panda_moveit2_interface/lib/libdual_panda_moveit2_interface__rosidl_typesupport_fastrtps_cpp.so
-- Up-to-date: /home/kptal/humanoid_ws/install/dual_panda_moveit2_interface/include/dual_panda_moveit2_interface/dual_panda_moveit2_interface
-- Up-to-date: /home/kptal/humanoid_ws/install/dual_panda_moveit2_interface/include/dual_panda_moveit2_interface/dual_panda_moveit2_interface/msg
-- Up-to-date: /home/kptal/humanoid_ws/install/dual_panda_moveit2_interface/include/dual_panda_moveit2_interface/dual_panda_moveit2_interface/msg/rosidl_typesupport_introspection_c__visibility_control.h
-- Up-to-date: /home/kptal/humanoid_ws/install/dual_panda_moveit2_interface/include/dual_panda_moveit2_interface/dual_panda_moveit2_interface/msg/detail
-- Up-to-date: /home/kptal/humanoid_ws/install/dual_panda_moveit2_interface/include/dual_panda_moveit2_interface/dual_panda_moveit2_interface/msg/detail/robot_pose__rosidl_typesupport_introspection_c.h
-- Up-to-date: /home/kptal/humanoid_ws/install/dual_panda_moveit2_interface/include/dual_panda_moveit2_interface/dual_panda_moveit2_interface/msg/detail/object_spec__rosidl_typesupport_introspection_c.h
-- Up-to-date: /home/kptal/humanoid_ws/install/dual_panda_moveit2_interface/include/dual_panda_moveit2_interface/dual_panda_moveit2_interface/msg/detail/spawn_batch__type_support.c
-- Up-to-date: /home/kptal/humanoid_ws/install/dual_panda_moveit2_interface/include/dual_panda_moveit2_interface/dual_panda_moveit2_interface/msg/detail/spawn_batch__rosidl_typesupport_introspection_c.h
-- Up-to-date: /home/kptal/humanoid_ws/install/dual_panda_moveit2_interface/include/dual_panda_moveit2_interface/dual_panda_moveit2_interface/msg/detail/object_spec__type_support.c
-- Up-to-date: /home/kptal/humanoid_ws/install/dual_panda_moveit2_interface/include/dual_panda_moveit2_interface/dual_panda_moveit2_interface/msg/detail/robot_pose__type_support.c
-- Up-to-date: /home/kptal/humanoid_ws/install/dual_panda_moveit2_interface/include/dual_panda_moveit2_interface/dual_panda_moveit2_interface/action
-- Up-to-date: /home/kptal/humanoid_ws/install/dual_panda_moveit2_interface/include/dual_panda_moveit2_interface/dual_panda_moveit2_interface/action/detail
-- Up-to-date: /home/kptal/humanoid_ws/install/dual_panda_moveit2_interface/include/dual_panda_moveit2_interface/dual_panda_moveit2_interface/action/detail/move__type_support.c
-- Up-to-date: /home/kptal/humanoid_ws/install/dual_panda_moveit2_interface/include/dual_panda_moveit2_interface/dual_panda_moveit2_interface/action/detail/move__rosidl_typesupport_introspection_c.h
-- Up-to-date: /home/kptal/humanoid_ws/install/dual_panda_moveit2_interface/include/dual_panda_moveit2_interface/dual_panda_moveit2_interface/srv
-- Up-to-date: /home/kptal/humanoid_ws/install/dual_panda_moveit2_interface/include/dual_panda_moveit2_interface/dual_panda_moveit2_interface/srv/detail
-- Up-to-date: /home/kptal/humanoid_ws/install/dual_panda_moveit2_interface/include/dual_panda_moveit2_interface/dual_panda_moveit2_interface/srv/detail/remove_object__type_support.c
-- Up-to-date: /home/kptal/humanoid_ws/install/dual_panda_moveit2_interface/include/dual_panda_moveit2_interface/dual_panda_moveit2_interface/srv/detail/gripper_control__rosidl_typesupport_introspection_c.h
-- Up-to-date: /home/kptal/humanoid_ws/install/dual_panda_moveit2_interface/include/dual_panda_moveit2_interface/dual_panda_moveit2_interface/srv/detail/detach_object__rosidl_typesupport_introspection_c.h
-- Up-to-date: /home/kptal/humanoid_ws/install/dual_panda_moveit2_interface/include/dual_panda_moveit2_interface/dual_panda_moveit2_interface/srv/detail/spawn_object__type_support.c
-- Up-to-date: /home/kptal/humanoid_ws/install/dual_panda_moveit2_interface/include/dual_panda_moveit2_interface/dual_panda_moveit2_interface/srv/detail/remove_object__rosidl_typesupport_introspection_c.h
-- Up-to-date: /home/kptal/humanoid_ws/install/dual_panda_moveit2_interface/include/dual_panda_moveit2_interface/dual_panda_moveit2_interface/srv/detail/gripper_control__type_support.c
-- Up-to-date: /home/kptal/humanoid_ws/install/dual_panda_moveit2_interface/include/dual_panda_moveit2_interface/dual_panda_moveit2_interface/srv/detail/attach_object__rosidl_typesupport_introspection_c.h
-- Up-to-date: /home/kptal/humanoid_ws/install/dual_panda_moveit2_interface/include/dual_panda_moveit2_interface/dual_panda_moveit2_interface/srv/detail/detach_object__type_support.c
-- Up-to-date: /home/kptal/humanoid_ws/install/dual_panda_moveit2_interface/include/dual_panda_moveit2_interface/dual_panda_moveit2_interface/srv/detail/spawn_object__rosidl_typesupport_introspection_c.h
-- Up-to-date: /home/kptal/humanoid_ws/install/dual_panda_moveit2_interface/include/dual_panda_moveit2_interface/dual_panda_moveit2_interface/srv/detail/attach_object__type_support.c
-- Up-to-date: /home/kptal/humanoid_ws/install/dual_panda_moveit2_interface/lib/libdual_panda_moveit2_interface__rosidl_typesupport_introspection_c.so
-- Up-to-date: /home/kptal/humanoid_ws/install/dual_panda_moveit2_interface/lib/libdual_panda_moveit2_interface__rosidl_typesupport_c.so
-- Up-to-date: /home/kptal/humanoid_ws/install/dual_panda_moveit2_interface/include/dual_panda_moveit2_interface/dual_panda_moveit2_interface
-- Up-to-date: /home/kptal/humanoid_ws/install/dual_panda_moveit2_interface/include/dual_panda_moveit2_interface/dual_panda_moveit2_interface/msg
-- Up-to-date: /home/kptal/humanoid_ws/install/dual_panda_moveit2_interface/include/dual_panda_moveit2_interface/dual_panda_moveit2_interface/msg/detail
-- Up-to-date: /home/kptal/humanoid_ws/install/dual_panda_moveit2_interface/include/dual_panda_moveit2_interface/dual_panda_moveit2_interface/msg/detail/object_spec__rosidl_typesupport_introspection_cpp.hpp
-- Up-to-date: /home/kptal/humanoid_ws/install/dual_panda_moveit2_interface/include/dual_panda_moveit2_interface/dual_panda_moveit2_interface/msg/detail/spawn_batch__type_support.cpp
-- Up-to-date: /home/kptal/humanoid_ws/install/dual_panda_moveit2_interface/include/dual_panda_moveit2_interface/dual_panda_moveit2_interface/msg/detail/robot_pose__rosidl_typesupport_introspection_cpp.hpp
-- Up-to-date: /home/kptal/humanoid_ws/install/dual_panda_moveit2_interface/include/dual_panda_moveit2_interface/dual_panda_moveit2_interface/msg/detail/spawn_batch__rosidl_typesupport_introspection_cpp.hpp
-- Up-to-date: /home/kptal/humanoid_ws/install/dual_panda_moveit2_interface/include/dual_panda_moveit2_interface/dual_panda_moveit2_interface/msg/detail/object_spec__type_support.cpp
-- Up-to-date: /home/kptal/humanoid_ws/install/dual_panda_moveit2_interface/include/dual_panda_moveit2_interface/dual_panda_moveit2_interface/msg/detail/robot_pose__type_support.cpp
-- Up-to-date: /home/kptal/humanoid_ws/install/dual_panda_moveit2_interface/include/dual_panda_moveit2_interface/dual_panda_moveit2_interface/action
-- Up-to-date: /home/kptal/humanoid_ws/install/dual_panda_moveit2_interface/include/dual_panda_moveit2_interface/dual_panda_moveit2_interface/action/detail
-- Up-to-date: /home/kptal/humanoid_ws/install/dual_panda_moveit2_interface/include/dual_panda_moveit2_interface/dual_panda_moveit2_interface/action/detail/move__rosidl_typesupport_introspection_cpp.hpp
-- Up-to-date: /home/kptal/humanoid_ws/install/dual_panda_moveit2_interface/include/dual_panda_moveit2_interface/dual_panda_moveit2_interface/action/detail/move__type_support.cpp
-- Up-to-date: /home/kptal/humanoid_ws/install/dual_panda_moveit2_interface/include/dual_panda_moveit2_interface/dual_panda_moveit2_interface/srv
-- Up-to-date: /home/kptal/humanoid_ws/install/dual_panda_moveit2_interface/include/dual_panda_moveit2_interface/dual_panda_moveit2_interface/srv/detail
-- Up-to-date: /home/kptal/humanoid_ws/install/dual_panda_moveit2_interface/include/dual_panda_moveit2_interface/dual_panda_moveit2_interface/srv/detail/spawn_object__rosidl_typesupport_introspection_cpp.hpp
-- Up-to-date: /home/kptal/humanoid_ws/install/dual_panda_moveit2_interface/include/dual_panda_moveit2_interface/dual_panda_moveit2_interface/srv/detail/attach_object__rosidl_typesupport_introspection_cpp.hpp
-- Up-to-date: /home/kptal/humanoid_ws/install/dual_panda_moveit2_interface/include/dual_panda_moveit2_interface/dual_panda_moveit2_interface/srv/detail/gripper_control__type_support.cpp
-- Up-to-date: /home/kptal/humanoid_ws/install/dual_panda_moveit2_interface/include/dual_panda_moveit2_interface/dual_panda_moveit2_interface/srv/detail/detach_object__rosidl_typesupport_introspection_cpp.hpp
-- Up-to-date: /home/kptal/humanoid_ws/install/dual_panda_moveit2_interface/include/dual_panda_moveit2_interface/dual_panda_moveit2_interface/srv/detail/spawn_object__type_support.cpp
-- Up-to-date: /home/kptal/humanoid_ws/install/dual_panda_moveit2_interface/include/dual_panda_moveit2_interface/dual_panda_moveit2_interface/srv/detail/attach_object__type_support.cpp
-- Up-to-date: /home/kptal/humanoid_ws/install/dual_panda_moveit2_interface/include/dual_panda_moveit2_interface/dual_panda_moveit2_interface/srv/detail/detach_object__type_support.cpp
-- Up-to-date: /home/kptal/humanoid_ws/install/dual_panda_moveit2_interface/include/dual_panda_moveit2_interface/dual_panda_moveit2_interface/srv/detail/remove_object__type_support.cpp
-- Up-to-date: /home/kptal/humanoid_ws/install/dual_panda_moveit2_interface/include/dual_panda_moveit2_interface/dual_panda_moveit2_interface/srv/detail/gripper_control__rosidl_typesupport_introspection_cpp.hpp
-- Up-to-date: /home/kptal/humanoid_ws/install/dual_panda_moveit2_interface/include/dual_panda_moveit2_interface/dual_panda_moveit2_interface/srv/detail/remove_object__rosidl_typesupport_introspection_cpp.hpp
-- Up-to-date: /home/kptal/humanoid_ws/install/dual_panda_moveit2_interface/lib/libdual_panda_moveit2_interface__rosidl_typesupport_introspection_cpp.so
-- Up-to-date: /home/kptal/humanoid_ws/install/dual_panda_moveit2_interface/lib/libdual_panda_moveit2_interface__rosidl_typesupport_cpp.so
-- Up-to-date: /home/kptal/humanoid_ws/install/dual_panda_moveit2_interface/share/dual_panda_moveit2_interface/environment/pythonpath.sh
-- Up-to-date: /home/kptal/humanoid_ws/install/dual_panda_moveit2_interface/share/dual_panda_moveit2_interface/environment/pythonpath.dsv
-- Up-to-date: /home/kptal/humanoid_ws/install/dual_panda_moveit2_interface/local/lib/python3.10/dist-packages/dual_panda_moveit2_interface-0.0.0-py3.10.egg-info
-- Installing: /home/kptal/humanoid_ws/install/dual_panda_moveit2_interface/local/lib/python3.10/dist-packages/dual_panda_moveit2_interface-0.0.0-py3.10.egg-info/SOURCES.txt
-- Installing: /home/kptal/humanoid_ws/install/dual_panda_moveit2_interface/local/lib/python3.10/dist-packages/dual_panda_moveit2_interface-0.0.0-py3.10.egg-info/PKG-INFO
-- Installing: /home/kptal/humanoid_ws/install/dual_panda_moveit2_interface/local/lib/python3.10/dist-packages/dual_panda_moveit2_interface-0.0.0-py3.10.egg-info/dependency_links.txt
-- Installing: /home/kptal/humanoid_ws/install/dual_panda_moveit2_interface/local/lib/python3.10/dist-packages/dual_panda_moveit2_interface-0.0.0-py3.10.egg-info/top_level.txt
-- Up-to-date: /home/kptal/humanoid_ws/install/dual_panda_moveit2_interface/local/lib/python3.10/dist-packages/dual_panda_moveit2_interface
-- Up-to-date: /home/kptal/humanoid_ws/install/dual_panda_moveit2_interface/local/lib/python3.10/dist-packages/dual_panda_moveit2_interface/msg
-- Up-to-date: /home/kptal/humanoid_ws/install/dual_panda_moveit2_interface/local/lib/python3.10/dist-packages/dual_panda_moveit2_interface/msg/_object_spec.py
-- Up-to-date: /home/kptal/humanoid_ws/install/dual_panda_moveit2_interface/local/lib/python3.10/dist-packages/dual_panda_moveit2_interface/msg/_robot_pose.py
-- Up-to-date: /home/kptal/humanoid_ws/install/dual_panda_moveit2_interface/local/lib/python3.10/dist-packages/dual_panda_moveit2_interface/msg/_robot_pose_s.c
-- Up-to-date: /home/kptal/humanoid_ws/install/dual_panda_moveit2_interface/local/lib/python3.10/dist-packages/dual_panda_moveit2_interface/msg/_object_spec_s.c
-- Up-to-date: /home/kptal/humanoid_ws/install/dual_panda_moveit2_interface/local/lib/python3.10/dist-packages/dual_panda_moveit2_interface/msg/_spawn_batch_s.c
-- Up-to-date: /home/kptal/humanoid_ws/install/dual_panda_moveit2_interface/local/lib/python3.10/dist-packages/dual_panda_moveit2_interface/msg/__init__.py
-- Up-to-date: /home/kptal/humanoid_ws/install/dual_panda_moveit2_interface/local/lib/python3.10/dist-packages/dual_panda_moveit2_interface/msg/_spawn_batch.py
-- Up-to-date: /home/kptal/humanoid_ws/install/dual_panda_moveit2_interface/local/lib/python3.10/dist-packages/dual_panda_moveit2_interface/_dual_panda_moveit2_interface_s.ep.rosidl_typesupport_c.c
-- Up-to-date: /home/kptal/humanoid_ws/install/dual_panda_moveit2_interface/local/lib/python3.10/dist-packages/dual_panda_moveit2_interface/_dual_panda_moveit2_interface_s.ep.rosidl_typesupport_fastrtps_c.c
-- Up-to-date: /home/kptal/humanoid_ws/install/dual_panda_moveit2_interface/local/lib/python3.10/dist-packages/dual_panda_moveit2_interface/_dual_panda_moveit2_interface_s.ep.rosidl_typesupport_introspection_c.c
-- Up-to-date: /home/kptal/humanoid_ws/install/dual_panda_moveit2_interface/local/lib/python3.10/dist-packages/dual_panda_moveit2_interface/dual_panda_moveit2_interface_s__rosidl_typesupport_c.cpython-310-x86_64-linux-gnu.so
-- Up-to-date: /home/kptal/humanoid_ws/install/dual_panda_moveit2_interface/local/lib/python3.10/dist-packages/dual_panda_moveit2_interface/dual_panda_moveit2_interface_s__rosidl_typesupport_fastrtps_c.cpython-310-x86_64-linux-gnu.so
-- Up-to-date: /home/kptal/humanoid_ws/install/dual_panda_moveit2_interface/local/lib/python3.10/dist-packages/dual_panda_moveit2_interface/dual_panda_moveit2_interface_s__rosidl_typesupport_introspection_c.cpython-310-x86_64-linux-gnu.so
-- Up-to-date: /home/kptal/humanoid_ws/install/dual_panda_moveit2_interface/local/lib/python3.10/dist-packages/dual_panda_moveit2_interface/action
-- Up-to-date: /home/kptal/humanoid_ws/install/dual_panda_moveit2_interface/local/lib/python3.10/dist-packages/dual_panda_moveit2_interface/action/_move.py
-- Up-to-date: /home/kptal/humanoid_ws/install/dual_panda_moveit2_interface/local/lib/python3.10/dist-packages/dual_panda_moveit2_interface/action/_move_s.c
-- Up-to-date: /home/kptal/humanoid_ws/install/dual_panda_moveit2_interface/local/lib/python3.10/dist-packages/dual_panda_moveit2_interface/action/__init__.py
-- Up-to-date: /home/kptal/humanoid_ws/install/dual_panda_moveit2_interface/local/lib/python3.10/dist-packages/dual_panda_moveit2_interface/libdual_panda_moveit2_interface__rosidl_generator_py.so
-- Up-to-date: /home/kptal/humanoid_ws/install/dual_panda_moveit2_interface/local/lib/python3.10/dist-packages/dual_panda_moveit2_interface/srv
-- Up-to-date: /home/kptal/humanoid_ws/install/dual_panda_moveit2_interface/local/lib/python3.10/dist-packages/dual_panda_moveit2_interface/srv/_attach_object.py
-- Up-to-date: /home/kptal/humanoid_ws/install/dual_panda_moveit2_interface/local/lib/python3.10/dist-packages/dual_panda_moveit2_interface/srv/_spawn_object.py
-- Up-to-date: /home/kptal/humanoid_ws/install/dual_panda_moveit2_interface/local/lib/python3.10/dist-packages/dual_panda_moveit2_interface/srv/_gripper_control_s.c
-- Up-to-date: /home/kptal/humanoid_ws/install/dual_panda_moveit2_interface/local/lib/python3.10/dist-packages/dual_panda_moveit2_interface/srv/_spawn_object_s.c
-- Up-to-date: /home/kptal/humanoid_ws/install/dual_panda_moveit2_interface/local/lib/python3.10/dist-packages/dual_panda_moveit2_interface/srv/_detach_object.py
-- Up-to-date: /home/kptal/humanoid_ws/install/dual_panda_moveit2_interface/local/lib/python3.10/dist-packages/dual_panda_moveit2_interface/srv/_remove_object_s.c
-- Up-to-date: /home/kptal/humanoid_ws/install/dual_panda_moveit2_interface/local/lib/python3.10/dist-packages/dual_panda_moveit2_interface/srv/_attach_object_s.c
-- Up-to-date: /home/kptal/humanoid_ws/install/dual_panda_moveit2_interface/local/lib/python3.10/dist-packages/dual_panda_moveit2_interface/srv/_gripper_control.py
-- Up-to-date: /home/kptal/humanoid_ws/install/dual_panda_moveit2_interface/local/lib/python3.10/dist-packages/dual_panda_moveit2_interface/srv/_detach_object_s.c
-- Up-to-date: /home/kptal/humanoid_ws/install/dual_panda_moveit2_interface/local/lib/python3.10/dist-packages/dual_panda_moveit2_interface/srv/_remove_object.py
-- Up-to-date: /home/kptal/humanoid_ws/install/dual_panda_moveit2_interface/local/lib/python3.10/dist-packages/dual_panda_moveit2_interface/srv/__init__.py
-- Up-to-date: /home/kptal/humanoid_ws/install/dual_panda_moveit2_interface/local/lib/python3.10/dist-packages/dual_panda_moveit2_interface/__init__.py
Listing '/home/kptal/humanoid_ws/install/dual_panda_moveit2_interface/local/lib/python3.10/dist-packages/dual_panda_moveit2_interface'...
Listing '/home/kptal/humanoid_ws/install/dual_panda_moveit2_interface/local/lib/python3.10/dist-packages/dual_panda_moveit2_interface/action'...
Listing '/home/kptal/humanoid_ws/install/dual_panda_moveit2_interface/local/lib/python3.10/dist-packages/dual_panda_moveit2_interface/msg'...
Listing '/home/kptal/humanoid_ws/install/dual_panda_moveit2_interface/local/lib/python3.10/dist-packages/dual_panda_moveit2_interface/srv'...
-- Up-to-date: /home/kptal/humanoid_ws/install/dual_panda_moveit2_interface/local/lib/python3.10/dist-packages/dual_panda_moveit2_interface/dual_panda_moveit2_interface_s__rosidl_typesupport_fastrtps_c.cpython-310-x86_64-linux-gnu.so
-- Up-to-date: /home/kptal/humanoid_ws/install/dual_panda_moveit2_interface/local/lib/python3.10/dist-packages/dual_panda_moveit2_interface/dual_panda_moveit2_interface_s__rosidl_typesupport_introspection_c.cpython-310-x86_64-linux-gnu.so
-- Up-to-date: /home/kptal/humanoid_ws/install/dual_panda_moveit2_interface/local/lib/python3.10/dist-packages/dual_panda_moveit2_interface/dual_panda_moveit2_interface_s__rosidl_typesupport_c.cpython-310-x86_64-linux-gnu.so
-- Up-to-date: /home/kptal/humanoid_ws/install/dual_panda_moveit2_interface/lib/libdual_panda_moveit2_interface__rosidl_generator_py.so
-- Up-to-date: /home/kptal/humanoid_ws/install/dual_panda_moveit2_interface/share/dual_panda_moveit2_interface/msg/ObjectSpec.idl
-- Up-to-date: /home/kptal/humanoid_ws/install/dual_panda_moveit2_interface/share/dual_panda_moveit2_interface/msg/RobotPose.idl
-- Up-to-date: /home/kptal/humanoid_ws/install/dual_panda_moveit2_interface/share/dual_panda_moveit2_interface/msg/SpawnBatch.idl
-- Up-to-date: /home/kptal/humanoid_ws/install/dual_panda_moveit2_interface/share/dual_panda_moveit2_interface/action/Move.idl
-- Up-to-date: /home/kptal/humanoid_ws/install/dual_panda_moveit2_interface/share/dual_panda_moveit2_interface/srv/GripperControl.idl
-- Up-to-date: /home/kptal/humanoid_ws/install/dual_panda_moveit2_interface/share/dual_panda_moveit2_interface/srv/SpawnObject.idl
-- Up-to-date: /home/kptal/humanoid_ws/install/dual_panda_moveit2_interface/share/dual_panda_moveit2_interface/srv/RemoveObject.idl
-- Up-to-date: /home/kptal/humanoid_ws/install/dual_panda_moveit2_interface/share/dual_panda_moveit2_interface/srv/AttachObject.idl
-- Up-to-date: /home/kptal/humanoid_ws/install/dual_panda_moveit2_interface/share/dual_panda_moveit2_interface/srv/DetachObject.idl
-- Up-to-date: /home/kptal/humanoid_ws/install/dual_panda_moveit2_interface/share/dual_panda_moveit2_interface/msg/ObjectSpec.msg
-- Up-to-date: /home/kptal/humanoid_ws/install/dual_panda_moveit2_interface/share/dual_panda_moveit2_interface/msg/RobotPose.msg
-- Up-to-date: /home/kptal/humanoid_ws/install/dual_panda_moveit2_interface/share/dual_panda_moveit2_interface/msg/SpawnBatch.msg
-- Up-to-date: /home/kptal/humanoid_ws/install/dual_panda_moveit2_interface/share/dual_panda_moveit2_interface/action/Move.action
-- Up-to-date: /home/kptal/humanoid_ws/install/dual_panda_moveit2_interface/share/dual_panda_moveit2_interface/srv/GripperControl.srv
-- Up-to-date: /home/kptal/humanoid_ws/install/dual_panda_moveit2_interface/share/dual_panda_moveit2_interface/srv/GripperControl_Request.msg
-- Up-to-date: /home/kptal/humanoid_ws/install/dual_panda_moveit2_interface/share/dual_panda_moveit2_interface/srv/GripperControl_Response.msg
-- Up-to-date: /home/kptal/humanoid_ws/install/dual_panda_moveit2_interface/share/dual_panda_moveit2_interface/srv/SpawnObject.srv
-- Up-to-date: /home/kptal/humanoid_ws/install/dual_panda_moveit2_interface/share/dual_panda_moveit2_interface/srv/SpawnObject_Request.msg
-- Up-to-date: /home/kptal/humanoid_ws/install/dual_panda_moveit2_interface/share/dual_panda_moveit2_interface/srv/SpawnObject_Response.msg
-- Up-to-date: /home/kptal/humanoid_ws/install/dual_panda_moveit2_interface/share/dual_panda_moveit2_interface/srv/RemoveObject.srv
-- Up-to-date: /home/kptal/humanoid_ws/install/dual_panda_moveit2_interface/share/dual_panda_moveit2_interface/srv/RemoveObject_Request.msg
-- Up-to-date: /home/kptal/humanoid_ws/install/dual_panda_moveit2_interface/share/dual_panda_moveit2_interface/srv/RemoveObject_Response.msg
-- Up-to-date: /home/kptal/humanoid_ws/install/dual_panda_moveit2_interface/share/dual_panda_moveit2_interface/srv/AttachObject.srv
-- Up-to-date: /home/kptal/humanoid_ws/install/dual_panda_moveit2_interface/share/dual_panda_moveit2_interface/srv/AttachObject_Request.msg
-- Up-to-date: /home/kptal/humanoid_ws/install/dual_panda_moveit2_interface/share/dual_panda_moveit2_interface/srv/AttachObject_Response.msg
-- Up-to-date: /home/kptal/humanoid_ws/install/dual_panda_moveit2_interface/share/dual_panda_moveit2_interface/srv/DetachObject.srv
-- Up-to-date: /home/kptal/humanoid_ws/install/dual_panda_moveit2_interface/share/dual_panda_moveit2_interface/srv/DetachObject_Request.msg
-- Up-to-date: /home/kptal/humanoid_ws/install/dual_panda_moveit2_interface/share/dual_panda_moveit2_interface/srv/DetachObject_Response.msg
-- Up-to-date: /home/kptal/humanoid_ws/install/dual_panda_moveit2_interface/share/ament_index/resource_index/package_run_dependencies/dual_panda_moveit2_interface
-- Up-to-date: /home/kptal/humanoid_ws/install/dual_panda_moveit2_interface/share/ament_index/resource_index/parent_prefix_path/dual_panda_moveit2_interface
-- Up-to-date: /home/kptal/humanoid_ws/install/dual_panda_moveit2_interface/share/dual_panda_moveit2_interface/environment/ament_prefix_path.sh
-- Up-to-date: /home/kptal/humanoid_ws/install/dual_panda_moveit2_interface/share/dual_panda_moveit2_interface/environment/ament_prefix_path.dsv
-- Up-to-date: /home/kptal/humanoid_ws/install/dual_panda_moveit2_interface/share/dual_panda_moveit2_interface/environment/path.sh
-- Up-to-date: /home/kptal/humanoid_ws/install/dual_panda_moveit2_interface/share/dual_panda_moveit2_interface/environment/path.dsv
-- Up-to-date: /home/kptal/humanoid_ws/install/dual_panda_moveit2_interface/share/dual_panda_moveit2_interface/local_setup.bash
-- Up-to-date: /home/kptal/humanoid_ws/install/dual_panda_moveit2_interface/share/dual_panda_moveit2_interface/local_setup.sh
-- Up-to-date: /home/kptal/humanoid_ws/install/dual_panda_moveit2_interface/share/dual_panda_moveit2_interface/local_setup.zsh
-- Up-to-date: /home/kptal/humanoid_ws/install/dual_panda_moveit2_interface/share/dual_panda_moveit2_interface/local_setup.dsv
-- Installing: /home/kptal/humanoid_ws/install/dual_panda_moveit2_interface/share/dual_panda_moveit2_interface/package.dsv
-- Up-to-date: /home/kptal/humanoid_ws/install/dual_panda_moveit2_interface/share/ament_index/resource_index/packages/dual_panda_moveit2_interface
-- Up-to-date: /home/kptal/humanoid_ws/install/dual_panda_moveit2_interface/share/dual_panda_moveit2_interface/cmake/export_dual_panda_moveit2_interface__rosidl_generator_cExport.cmake
-- Up-to-date: /home/kptal/humanoid_ws/install/dual_panda_moveit2_interface/share/dual_panda_moveit2_interface/cmake/export_dual_panda_moveit2_interface__rosidl_generator_cExport-noconfig.cmake
-- Up-to-date: /home/kptal/humanoid_ws/install/dual_panda_moveit2_interface/share/dual_panda_moveit2_interface/cmake/export_dual_panda_moveit2_interface__rosidl_typesupport_fastrtps_cExport.cmake
-- Up-to-date: /home/kptal/humanoid_ws/install/dual_panda_moveit2_interface/share/dual_panda_moveit2_interface/cmake/export_dual_panda_moveit2_interface__rosidl_typesupport_fastrtps_cExport-noconfig.cmake
-- Up-to-date: /home/kptal/humanoid_ws/install/dual_panda_moveit2_interface/share/dual_panda_moveit2_interface/cmake/export_dual_panda_moveit2_interface__rosidl_generator_cppExport.cmake
-- Up-to-date: /home/kptal/humanoid_ws/install/dual_panda_moveit2_interface/share/dual_panda_moveit2_interface/cmake/export_dual_panda_moveit2_interface__rosidl_typesupport_fastrtps_cppExport.cmake
-- Up-to-date: /home/kptal/humanoid_ws/install/dual_panda_moveit2_interface/share/dual_panda_moveit2_interface/cmake/export_dual_panda_moveit2_interface__rosidl_typesupport_fastrtps_cppExport-noconfig.cmake
-- Up-to-date: /home/kptal/humanoid_ws/install/dual_panda_moveit2_interface/share/dual_panda_moveit2_interface/cmake/dual_panda_moveit2_interface__rosidl_typesupport_introspection_cExport.cmake
-- Up-to-date: /home/kptal/humanoid_ws/install/dual_panda_moveit2_interface/share/dual_panda_moveit2_interface/cmake/dual_panda_moveit2_interface__rosidl_typesupport_introspection_cExport-noconfig.cmake
-- Up-to-date: /home/kptal/humanoid_ws/install/dual_panda_moveit2_interface/share/dual_panda_moveit2_interface/cmake/dual_panda_moveit2_interface__rosidl_typesupport_cExport.cmake
-- Up-to-date: /home/kptal/humanoid_ws/install/dual_panda_moveit2_interface/share/dual_panda_moveit2_interface/cmake/dual_panda_moveit2_interface__rosidl_typesupport_cExport-noconfig.cmake
-- Up-to-date: /home/kptal/humanoid_ws/install/dual_panda_moveit2_interface/share/dual_panda_moveit2_interface/cmake/dual_panda_moveit2_interface__rosidl_typesupport_introspection_cppExport.cmake
-- Up-to-date: /home/kptal/humanoid_ws/install/dual_panda_moveit2_interface/share/dual_panda_moveit2_interface/cmake/dual_panda_moveit2_interface__rosidl_typesupport_introspection_cppExport-noconfig.cmake
-- Up-to-date: /home/kptal/humanoid_ws/install/dual_panda_moveit2_interface/share/dual_panda_moveit2_interface/cmake/dual_panda_moveit2_interface__rosidl_typesupport_cppExport.cmake
-- Up-to-date: /home/kptal/humanoid_ws/install/dual_panda_moveit2_interface/share/dual_panda_moveit2_interface/cmake/dual_panda_moveit2_interface__rosidl_typesupport_cppExport-noconfig.cmake
-- Up-to-date: /home/kptal/humanoid_ws/install/dual_panda_moveit2_interface/share/dual_panda_moveit2_interface/cmake/export_dual_panda_moveit2_interface__rosidl_generator_pyExport.cmake
-- Up-to-date: /home/kptal/humanoid_ws/install/dual_panda_moveit2_interface/share/dual_panda_moveit2_interface/cmake/export_dual_panda_moveit2_interface__rosidl_generator_pyExport-noconfig.cmake
-- Up-to-date: /home/kptal/humanoid_ws/install/dual_panda_moveit2_interface/share/dual_panda_moveit2_interface/cmake/rosidl_cmake-extras.cmake
-- Up-to-date: /home/kptal/humanoid_ws/install/dual_panda_moveit2_interface/share/dual_panda_moveit2_interface/cmake/ament_cmake_export_dependencies-extras.cmake
-- Up-to-date: /home/kptal/humanoid_ws/install/dual_panda_moveit2_interface/share/dual_panda_moveit2_interface/cmake/ament_cmake_export_include_directories-extras.cmake
-- Up-to-date: /home/kptal/humanoid_ws/install/dual_panda_moveit2_interface/share/dual_panda_moveit2_interface/cmake/ament_cmake_export_libraries-extras.cmake
-- Up-to-date: /home/kptal/humanoid_ws/install/dual_panda_moveit2_interface/share/dual_panda_moveit2_interface/cmake/ament_cmake_export_targets-extras.cmake
-- Up-to-date: /home/kptal/humanoid_ws/install/dual_panda_moveit2_interface/share/dual_panda_moveit2_interface/cmake/rosidl_cmake_export_typesupport_targets-extras.cmake
-- Up-to-date: /home/kptal/humanoid_ws/install/dual_panda_moveit2_interface/share/dual_panda_moveit2_interface/cmake/rosidl_cmake_export_typesupport_libraries-extras.cmake
-- Up-to-date: /home/kptal/humanoid_ws/install/dual_panda_moveit2_interface/share/dual_panda_moveit2_interface/cmake/dual_panda_moveit2_interfaceConfig.cmake
-- Up-to-date: /home/kptal/humanoid_ws/install/dual_panda_moveit2_interface/share/dual_panda_moveit2_interface/cmake/dual_panda_moveit2_interfaceConfig-version.cmake
-- Up-to-date: /home/kptal/humanoid_ws/install/dual_panda_moveit2_interface/share/dual_panda_moveit2_interface/package.xml
