-- Install configuration: ""
-- Up-to-date: /home/kptal/humanoid_ws/install/myrobot_moveit_config/share/ament_index/resource_index/package_run_dependencies/myrobot_moveit_config
-- Up-to-date: /home/kptal/humanoid_ws/install/myrobot_moveit_config/share/ament_index/resource_index/parent_prefix_path/myrobot_moveit_config
-- Up-to-date: /home/kptal/humanoid_ws/install/myrobot_moveit_config/share/myrobot_moveit_config/environment/ament_prefix_path.sh
-- Up-to-date: /home/kptal/humanoid_ws/install/myrobot_moveit_config/share/myrobot_moveit_config/environment/ament_prefix_path.dsv
-- Up-to-date: /home/kptal/humanoid_ws/install/myrobot_moveit_config/share/myrobot_moveit_config/environment/path.sh
-- Up-to-date: /home/kptal/humanoid_ws/install/myrobot_moveit_config/share/myrobot_moveit_config/environment/path.dsv
-- Up-to-date: /home/kptal/humanoid_ws/install/myrobot_moveit_config/share/myrobot_moveit_config/local_setup.bash
-- Up-to-date: /home/kptal/humanoid_ws/install/myrobot_moveit_config/share/myrobot_moveit_config/local_setup.sh
-- Up-to-date: /home/kptal/humanoid_ws/install/myrobot_moveit_config/share/myrobot_moveit_config/local_setup.zsh
-- Up-to-date: /home/kptal/humanoid_ws/install/myrobot_moveit_config/share/myrobot_moveit_config/local_setup.dsv
-- Installing: /home/kptal/humanoid_ws/install/myrobot_moveit_config/share/myrobot_moveit_config/package.dsv
-- Up-to-date: /home/kptal/humanoid_ws/install/myrobot_moveit_config/share/ament_index/resource_index/packages/myrobot_moveit_config
-- Up-to-date: /home/kptal/humanoid_ws/install/myrobot_moveit_config/share/myrobot_moveit_config/cmake/myrobot_moveit_configConfig.cmake
-- Up-to-date: /home/kptal/humanoid_ws/install/myrobot_moveit_config/share/myrobot_moveit_config/cmake/myrobot_moveit_configConfig-version.cmake
-- Up-to-date: /home/kptal/humanoid_ws/install/myrobot_moveit_config/share/myrobot_moveit_config/package.xml
-- Up-to-date: /home/kptal/humanoid_ws/install/myrobot_moveit_config/share/myrobot_moveit_config/launch
-- Installing: /home/kptal/humanoid_ws/install/myrobot_moveit_config/share/myrobot_moveit_config/launch/move_group.launch.py
-- Up-to-date: /home/kptal/humanoid_ws/install/myrobot_moveit_config/share/myrobot_moveit_config/launch/rsp.launch.py
-- Up-to-date: /home/kptal/humanoid_ws/install/myrobot_moveit_config/share/myrobot_moveit_config/launch/moveit_rviz.launch.py
-- Up-to-date: /home/kptal/humanoid_ws/install/myrobot_moveit_config/share/myrobot_moveit_config/launch/realsense.launch.py
-- Up-to-date: /home/kptal/humanoid_ws/install/myrobot_moveit_config/share/myrobot_moveit_config/launch/demo.launch.py
-- Up-to-date: /home/kptal/humanoid_ws/install/myrobot_moveit_config/share/myrobot_moveit_config/launch/planning_and_control.launch.py
-- Up-to-date: /home/kptal/humanoid_ws/install/myrobot_moveit_config/share/myrobot_moveit_config/launch/spawn_controllers.launch.py
-- Up-to-date: /home/kptal/humanoid_ws/install/myrobot_moveit_config/share/myrobot_moveit_config/launch/static_virtual_joint_tfs.launch.py
-- Up-to-date: /home/kptal/humanoid_ws/install/myrobot_moveit_config/share/myrobot_moveit_config/launch/umbrella.launch.py
-- Up-to-date: /home/kptal/humanoid_ws/install/myrobot_moveit_config/share/myrobot_moveit_config/launch/serial_test.py
-- Up-to-date: /home/kptal/humanoid_ws/install/myrobot_moveit_config/share/myrobot_moveit_config/launch/everything.launch.py
-- Up-to-date: /home/kptal/humanoid_ws/install/myrobot_moveit_config/share/myrobot_moveit_config/launch/ros2_control.launch.py
-- Installing: /home/kptal/humanoid_ws/install/myrobot_moveit_config/share/myrobot_moveit_config/launch/myrobot_description.srdf
-- Up-to-date: /home/kptal/humanoid_ws/install/myrobot_moveit_config/share/myrobot_moveit_config/launch/octomap_realsense.launch.py
-- Up-to-date: /home/kptal/humanoid_ws/install/myrobot_moveit_config/share/myrobot_moveit_config/launch/setup_assistant.launch.py
-- Up-to-date: /home/kptal/humanoid_ws/install/myrobot_moveit_config/share/myrobot_moveit_config/launch/warehouse_db.launch.py
-- Up-to-date: /home/kptal/humanoid_ws/install/myrobot_moveit_config/share/myrobot_moveit_config/config
-- Installing: /home/kptal/humanoid_ws/install/myrobot_moveit_config/share/myrobot_moveit_config/config/myrobot_description.ros2_control.xacro
-- Up-to-date: /home/kptal/humanoid_ws/install/myrobot_moveit_config/share/myrobot_moveit_config/config/moveit.rviz
-- Up-to-date: /home/kptal/humanoid_ws/install/myrobot_moveit_config/share/myrobot_moveit_config/config/myrobot_description.urdf.xacro
-- Installing: /home/kptal/humanoid_ws/install/myrobot_moveit_config/share/myrobot_moveit_config/config/moveit_controllers_for_launch.yaml
-- Installing: /home/kptal/humanoid_ws/install/myrobot_moveit_config/share/myrobot_moveit_config/config/ros2_controllers.yaml
-- Installing: /home/kptal/humanoid_ws/install/myrobot_moveit_config/share/myrobot_moveit_config/config/moveit_controllers.yaml
-- Up-to-date: /home/kptal/humanoid_ws/install/myrobot_moveit_config/share/myrobot_moveit_config/config/ompl_planning.yaml
-- Up-to-date: /home/kptal/humanoid_ws/install/myrobot_moveit_config/share/myrobot_moveit_config/config/planning_scene_monitor_params.yaml
-- Installing: /home/kptal/humanoid_ws/install/myrobot_moveit_config/share/myrobot_moveit_config/config/myrobot_description.srdf
-- Up-to-date: /home/kptal/humanoid_ws/install/myrobot_moveit_config/share/myrobot_moveit_config/config/pilz_cartesian_limits.yaml
-- Up-to-date: /home/kptal/humanoid_ws/install/myrobot_moveit_config/share/myrobot_moveit_config/config/kinematics.yaml
-- Up-to-date: /home/kptal/humanoid_ws/install/myrobot_moveit_config/share/myrobot_moveit_config/config/sensors_3d.yaml
-- Installing: /home/kptal/humanoid_ws/install/myrobot_moveit_config/share/myrobot_moveit_config/config/initial_positions.yaml
-- Installing: /home/kptal/humanoid_ws/install/myrobot_moveit_config/share/myrobot_moveit_config/config/joint_limits.yaml
-- Installing: /home/kptal/humanoid_ws/install/myrobot_moveit_config/share/myrobot_moveit_config/config/fake_joints.yaml
-- Up-to-date: /home/kptal/humanoid_ws/install/myrobot_moveit_config/share/myrobot_moveit_config/.setup_assistant
