-- The C compiler identification is GNU 11.4.0
-- The CXX compiler identification is GNU 11.4.0
-- Detecting C compiler ABI info
-- Detecting C compiler ABI info - done
-- Check for working C compiler: /usr/bin/cc - skipped
-- Detecting C compile features
-- Detecting C compile features - done
-- Detecting CXX compiler ABI info
-- Detecting CXX compiler ABI info - done
-- Check for working CXX compiler: /usr/bin/c++ - skipped
-- Detecting CXX compile features
-- Detecting CXX compile features - done
-- Found ament_cmake: 1.3.11 (/opt/ros/humble/share/ament_cmake/cmake)
-- Found Python3: /usr/bin/python3 (found version "3.10.12") found components: Interpreter 
-- Found rclcpp: 16.0.12 (/opt/ros/humble/share/rclcpp/cmake)
-- Found rosidl_generator_c: 3.1.6 (/opt/ros/humble/share/rosidl_generator_c/cmake)
-- Found rosidl_adapter: 3.1.6 (/opt/ros/humble/share/rosidl_adapter/cmake)
-- Found rosidl_generator_cpp: 3.1.6 (/opt/ros/humble/share/rosidl_generator_cpp/cmake)
-- Using all available rosidl_typesupport_c: rosidl_typesupport_fastrtps_c;rosidl_typesupport_introspection_c
-- Using all available rosidl_typesupport_cpp: rosidl_typesupport_fastrtps_cpp;rosidl_typesupport_introspection_cpp
-- Found rmw_implementation_cmake: 6.1.2 (/opt/ros/humble/share/rmw_implementation_cmake/cmake)
-- Found rmw_fastrtps_cpp: 6.2.7 (/opt/ros/humble/share/rmw_fastrtps_cpp/cmake)
-- Found OpenSSL: /usr/lib/x86_64-linux-gnu/libcrypto.so (found version "3.0.2")  
-- Found FastRTPS: /opt/ros/humble/include  
-- Using RMW implementation 'rmw_fastrtps_cpp' as default
-- Looking for pthread.h
-- Looking for pthread.h - found
-- Performing Test CMAKE_HAVE_LIBC_PTHREAD
-- Performing Test CMAKE_HAVE_LIBC_PTHREAD - Success
-- Found Threads: TRUE  
-- Found geometry_msgs: 4.8.0 (/opt/ros/humble/share/geometry_msgs/cmake)
-- Found moveit_ros_planning_interface: 2.5.7 (/home/kptal/humanoid_ws/install/moveit_ros_planning_interface/share/moveit_ros_planning_interface/cmake)
-- Found Boost: /usr/lib/x86_64-linux-gnu/cmake/Boost-1.74.0/BoostConfig.cmake (found version "1.74.0") found components: date_time filesystem program_options system thread 
-- Found Boost: /usr/lib/x86_64-linux-gnu/cmake/Boost-1.74.0/BoostConfig.cmake (found version "1.74.0") found components: chrono date_time filesystem iostreams program_options regex serialization system thread 
-- Found parameter_traits: 0.4.0 (/opt/ros/humble/share/parameter_traits/cmake)
-- Found Eigen3: TRUE (found version "3.4.0") 
-- Found rclcpp_lifecycle: 16.0.12 (/opt/ros/humble/share/rclcpp_lifecycle/cmake)
-- Found Boost: /usr/lib/x86_64-linux-gnu/cmake/Boost-1.74.0/BoostConfig.cmake (found version "1.74.0") found components: filesystem 
-- library: /usr/lib/x86_64-linux-gnu/libcurl.so
-- Ensuring Eigen3 include directory is part of orocos-kdl CMake target
-- Found Boost: /usr/lib/x86_64-linux-gnu/cmake/Boost-1.74.0/BoostConfig.cmake (found version "1.74.0") found components: system filesystem date_time program_options thread chrono 
-- Found Boost: /usr/lib/x86_64-linux-gnu/cmake/Boost-1.74.0/BoostConfig.cmake (found version "1.74.0") found components: thread system filesystem regex date_time program_options 
-- Found Boost: /usr/lib/x86_64-linux-gnu/cmake/Boost-1.74.0/BoostConfig.cmake (found version "1.74.0") found components: system filesystem date_time program_options thread 
-- Found ament_lint_auto: 0.12.12 (/opt/ros/humble/share/ament_lint_auto/cmake)
-- Added test 'cppcheck' to perform static code analysis on C / C++ code
-- Configured cppcheck include dirs: $<BUILD_INTERFACE:/home/kptal/humanoid_ws/src/myrobot_moveit2/include>
-- Configured cppcheck exclude dirs and/or files: 
-- Added test 'lint_cmake' to check CMake code style
-- Added test 'uncrustify' to check C / C++ code style
-- Configured uncrustify additional arguments: 
-- Added test 'xmllint' to check XML markup files
-- Configuring done
-- Generating done
-- Build files have been written to: /home/kptal/humanoid_ws/build/myrobot_moveit2
[ 50%] [32mBuilding CXX object CMakeFiles/demo.dir/src/demo.cpp.o[0m
[100%] [32m[1mLinking CXX executable demo[0m
[100%] Built target demo
-- Install configuration: ""
-- Installing: /home/kptal/humanoid_ws/install/myrobot_moveit2/lib/myrobot_moveit2/demo
-- Set runtime path of "/home/kptal/humanoid_ws/install/myrobot_moveit2/lib/myrobot_moveit2/demo" to ""
-- Installing: /home/kptal/humanoid_ws/install/myrobot_moveit2/share/ament_index/resource_index/package_run_dependencies/myrobot_moveit2
-- Installing: /home/kptal/humanoid_ws/install/myrobot_moveit2/share/ament_index/resource_index/parent_prefix_path/myrobot_moveit2
-- Installing: /home/kptal/humanoid_ws/install/myrobot_moveit2/share/myrobot_moveit2/environment/ament_prefix_path.sh
-- Installing: /home/kptal/humanoid_ws/install/myrobot_moveit2/share/myrobot_moveit2/environment/ament_prefix_path.dsv
-- Installing: /home/kptal/humanoid_ws/install/myrobot_moveit2/share/myrobot_moveit2/environment/path.sh
-- Installing: /home/kptal/humanoid_ws/install/myrobot_moveit2/share/myrobot_moveit2/environment/path.dsv
-- Installing: /home/kptal/humanoid_ws/install/myrobot_moveit2/share/myrobot_moveit2/local_setup.bash
-- Installing: /home/kptal/humanoid_ws/install/myrobot_moveit2/share/myrobot_moveit2/local_setup.sh
-- Installing: /home/kptal/humanoid_ws/install/myrobot_moveit2/share/myrobot_moveit2/local_setup.zsh
-- Installing: /home/kptal/humanoid_ws/install/myrobot_moveit2/share/myrobot_moveit2/local_setup.dsv
-- Installing: /home/kptal/humanoid_ws/install/myrobot_moveit2/share/myrobot_moveit2/package.dsv
-- Installing: /home/kptal/humanoid_ws/install/myrobot_moveit2/share/ament_index/resource_index/packages/myrobot_moveit2
-- Installing: /home/kptal/humanoid_ws/install/myrobot_moveit2/share/myrobot_moveit2/cmake/myrobot_moveit2Config.cmake
-- Installing: /home/kptal/humanoid_ws/install/myrobot_moveit2/share/myrobot_moveit2/cmake/myrobot_moveit2Config-version.cmake
-- Installing: /home/kptal/humanoid_ws/install/myrobot_moveit2/share/myrobot_moveit2/package.xml
