[0.037s] Invoking command in '/home/kptal/humanoid_ws/build/moveit_kinematics': AMENT_PREFIX_PATH=/home/kptal/humanoid_ws/install/moveit_ros_planning:/home/kptal/humanoid_ws/install/moveit_ros_occupancy_map_monitor:/home/kptal/humanoid_ws/install/moveit_core:/home/kptal/humanoid_ws/install/moveit_configs_utils:/home/kptal/humanoid_ws/install/moveit_common:/home/kptal/humanoid_ws/install/launch_param_builder:${AMENT_PREFIX_PATH} CMAKE_PREFIX_PATH=/home/kptal/humanoid_ws/install/moveit_ros_planning:/home/kptal/humanoid_ws/install/moveit_ros_occupancy_map_monitor:/home/kptal/humanoid_ws/install/moveit_core:/home/kptal/humanoid_ws/install/srdfdom:/home/kptal/humanoid_ws/install/moveit_common:/home/kptal/ws_moveit2/install/pilz_industrial_motion_planner_testutils:/home/kptal/ws_moveit2/install/moveit_runtime:/home/kptal/ws_moveit2/install/moveit2_tutorials:/home/kptal/ws_moveit2/install/moveit:/home/kptal/ws_moveit2/install/moveit_planners:/home/kptal/ws_moveit2/install/pilz_industrial_motion_planner:/home/kptal/ws_moveit2/install/moveit_visual_tools:/home/kptal/ws_moveit2/install/moveit_task_constructor_visualization:/home/kptal/ws_moveit2/install/moveit_task_constructor_demo:/home/kptal/ws_moveit2/install/moveit_task_constructor_capabilities:/home/kptal/ws_moveit2/install/moveit_task_constructor_core:/home/kptal/ws_moveit2/install/moveit_ros_control_interface:/home/kptal/ws_moveit2/install/moveit_plugins:/home/kptal/ws_moveit2/install/moveit_simple_controller_manager:/home/kptal/ws_moveit2/install/moveit_setup_assistant:/home/kptal/ws_moveit2/install/moveit_setup_srdf_plugins:/home/kptal/ws_moveit2/install/moveit_setup_core_plugins:/home/kptal/ws_moveit2/install/moveit_setup_controllers:/home/kptal/ws_moveit2/install/moveit_setup_app_plugins:/home/kptal/ws_moveit2/install/moveit_setup_framework:/home/kptal/ws_moveit2/install/moveit_servo:/home/kptal/ws_moveit2/install/moveit_ros:/home/kptal/ws_moveit2/install/moveit_ros_visualization:/home/kptal/ws_moveit2/install/moveit_hybrid_planning:/home/kptal/ws_moveit2/install/moveit_ros_planning_interface:/home/kptal/ws_moveit2/install/moveit_ros_benchmarks:/home/kptal/ws_moveit2/install/moveit_ros_warehouse:/home/kptal/ws_moveit2/install/moveit_ros_robot_interaction:/home/kptal/ws_moveit2/install/moveit_ros_perception:/home/kptal/ws_moveit2/install/moveit_resources_prbt_pg70_support:/home/kptal/ws_moveit2/install/moveit_resources_prbt_moveit_config:/home/kptal/ws_moveit2/install/moveit_ros_move_group:/home/kptal/ws_moveit2/install/moveit_planners_ompl:/home/kptal/ws_moveit2/install/moveit_ros_planning:/home/kptal/ws_moveit2/install/moveit_ros_occupancy_map_monitor:/home/kptal/ws_moveit2/install/moveit_resources_prbt_ikfast_manipulator_plugin:/home/kptal/ws_moveit2/install/moveit_planners_chomp:/home/kptal/ws_moveit2/install/moveit_kinematics:/home/kptal/ws_moveit2/install/moveit_chomp_optimizer_adapter:/home/kptal/ws_moveit2/install/chomp_motion_planner:/home/kptal/ws_moveit2/install/moveit_core:/home/kptal/ws_moveit2/install/srdfdom:/home/kptal/ws_moveit2/install/rviz_marker_tools:/home/kptal/ws_moveit2/install/rosparam_shortcuts:/home/kptal/ws_moveit2/install/moveit_task_constructor_msgs:/home/kptal/ws_moveit2/install/moveit_resources_prbt_support:/home/kptal/ws_moveit2/install/moveit_resources:/home/kptal/ws_moveit2/install/moveit_resources_pr2_description:/home/kptal/ws_moveit2/install/moveit_resources_panda_moveit_config:/home/kptal/ws_moveit2/install/moveit_resources_panda_description:/home/kptal/ws_moveit2/install/moveit_resources_fanuc_moveit_config:/home/kptal/ws_moveit2/install/moveit_resources_fanuc_description:/home/kptal/ws_moveit2/install/moveit_common:/home/kptal/ws_moveit2/install/moveit_configs_utils:/home/kptal/ws_moveit2/install/launch_param_builder:/opt/ros/humble LD_LIBRARY_PATH=/home/kptal/humanoid_ws/install/moveit_ros_planning/lib:/home/kptal/humanoid_ws/install/moveit_ros_occupancy_map_monitor/lib:/home/kptal/humanoid_ws/install/moveit_core/lib:${LD_LIBRARY_PATH} PATH=/home/kptal/humanoid_ws/install/moveit_core/bin:${PATH} PYTHONPATH=/home/kptal/humanoid_ws/install/moveit_configs_utils/lib/python3.10/site-packages:/home/kptal/humanoid_ws/install/launch_param_builder/lib/python3.10/site-packages:${PYTHONPATH} /usr/bin/cmake --build /home/kptal/humanoid_ws/build/moveit_kinematics -- -j18 -l18
[0.118s] [ 10%] Built target gtest
[0.127s] [ 36%] Built target moveit_kdl_kinematics_plugin
[0.127s] [ 36%] Built target gtest_main
[0.127s] [ 47%] Built target benchmark_ik
[0.128s] [ 57%] Built target moveit_srv_kinematics_plugin
[0.128s] [ 68%] Built target moveit_cached_ik_kinematics_base
[0.130s] [ 78%] Built target moveit_lma_kinematics_plugin
[0.176s] [ 89%] Built target moveit_cached_ik_kinematics_plugin
[0.178s] [100%] Built target test_kinematics_plugin
[0.194s] Invoked command in '/home/kptal/humanoid_ws/build/moveit_kinematics' returned '0': AMENT_PREFIX_PATH=/home/kptal/humanoid_ws/install/moveit_ros_planning:/home/kptal/humanoid_ws/install/moveit_ros_occupancy_map_monitor:/home/kptal/humanoid_ws/install/moveit_core:/home/kptal/humanoid_ws/install/moveit_configs_utils:/home/kptal/humanoid_ws/install/moveit_common:/home/kptal/humanoid_ws/install/launch_param_builder:${AMENT_PREFIX_PATH} CMAKE_PREFIX_PATH=/home/kptal/humanoid_ws/install/moveit_ros_planning:/home/kptal/humanoid_ws/install/moveit_ros_occupancy_map_monitor:/home/kptal/humanoid_ws/install/moveit_core:/home/kptal/humanoid_ws/install/srdfdom:/home/kptal/humanoid_ws/install/moveit_common:/home/kptal/ws_moveit2/install/pilz_industrial_motion_planner_testutils:/home/kptal/ws_moveit2/install/moveit_runtime:/home/kptal/ws_moveit2/install/moveit2_tutorials:/home/kptal/ws_moveit2/install/moveit:/home/kptal/ws_moveit2/install/moveit_planners:/home/kptal/ws_moveit2/install/pilz_industrial_motion_planner:/home/kptal/ws_moveit2/install/moveit_visual_tools:/home/kptal/ws_moveit2/install/moveit_task_constructor_visualization:/home/kptal/ws_moveit2/install/moveit_task_constructor_demo:/home/kptal/ws_moveit2/install/moveit_task_constructor_capabilities:/home/kptal/ws_moveit2/install/moveit_task_constructor_core:/home/kptal/ws_moveit2/install/moveit_ros_control_interface:/home/kptal/ws_moveit2/install/moveit_plugins:/home/kptal/ws_moveit2/install/moveit_simple_controller_manager:/home/kptal/ws_moveit2/install/moveit_setup_assistant:/home/kptal/ws_moveit2/install/moveit_setup_srdf_plugins:/home/kptal/ws_moveit2/install/moveit_setup_core_plugins:/home/kptal/ws_moveit2/install/moveit_setup_controllers:/home/kptal/ws_moveit2/install/moveit_setup_app_plugins:/home/kptal/ws_moveit2/install/moveit_setup_framework:/home/kptal/ws_moveit2/install/moveit_servo:/home/kptal/ws_moveit2/install/moveit_ros:/home/kptal/ws_moveit2/install/moveit_ros_visualization:/home/kptal/ws_moveit2/install/moveit_hybrid_planning:/home/kptal/ws_moveit2/install/moveit_ros_planning_interface:/home/kptal/ws_moveit2/install/moveit_ros_benchmarks:/home/kptal/ws_moveit2/install/moveit_ros_warehouse:/home/kptal/ws_moveit2/install/moveit_ros_robot_interaction:/home/kptal/ws_moveit2/install/moveit_ros_perception:/home/kptal/ws_moveit2/install/moveit_resources_prbt_pg70_support:/home/kptal/ws_moveit2/install/moveit_resources_prbt_moveit_config:/home/kptal/ws_moveit2/install/moveit_ros_move_group:/home/kptal/ws_moveit2/install/moveit_planners_ompl:/home/kptal/ws_moveit2/install/moveit_ros_planning:/home/kptal/ws_moveit2/install/moveit_ros_occupancy_map_monitor:/home/kptal/ws_moveit2/install/moveit_resources_prbt_ikfast_manipulator_plugin:/home/kptal/ws_moveit2/install/moveit_planners_chomp:/home/kptal/ws_moveit2/install/moveit_kinematics:/home/kptal/ws_moveit2/install/moveit_chomp_optimizer_adapter:/home/kptal/ws_moveit2/install/chomp_motion_planner:/home/kptal/ws_moveit2/install/moveit_core:/home/kptal/ws_moveit2/install/srdfdom:/home/kptal/ws_moveit2/install/rviz_marker_tools:/home/kptal/ws_moveit2/install/rosparam_shortcuts:/home/kptal/ws_moveit2/install/moveit_task_constructor_msgs:/home/kptal/ws_moveit2/install/moveit_resources_prbt_support:/home/kptal/ws_moveit2/install/moveit_resources:/home/kptal/ws_moveit2/install/moveit_resources_pr2_description:/home/kptal/ws_moveit2/install/moveit_resources_panda_moveit_config:/home/kptal/ws_moveit2/install/moveit_resources_panda_description:/home/kptal/ws_moveit2/install/moveit_resources_fanuc_moveit_config:/home/kptal/ws_moveit2/install/moveit_resources_fanuc_description:/home/kptal/ws_moveit2/install/moveit_common:/home/kptal/ws_moveit2/install/moveit_configs_utils:/home/kptal/ws_moveit2/install/launch_param_builder:/opt/ros/humble LD_LIBRARY_PATH=/home/kptal/humanoid_ws/install/moveit_ros_planning/lib:/home/kptal/humanoid_ws/install/moveit_ros_occupancy_map_monitor/lib:/home/kptal/humanoid_ws/install/moveit_core/lib:${LD_LIBRARY_PATH} PATH=/home/kptal/humanoid_ws/install/moveit_core/bin:${PATH} PYTHONPATH=/home/kptal/humanoid_ws/install/moveit_configs_utils/lib/python3.10/site-packages:/home/kptal/humanoid_ws/install/launch_param_builder/lib/python3.10/site-packages:${PYTHONPATH} /usr/bin/cmake --build /home/kptal/humanoid_ws/build/moveit_kinematics -- -j18 -l18
[0.198s] Invoking command in '/home/kptal/humanoid_ws/build/moveit_kinematics': AMENT_PREFIX_PATH=/home/kptal/humanoid_ws/install/moveit_ros_planning:/home/kptal/humanoid_ws/install/moveit_ros_occupancy_map_monitor:/home/kptal/humanoid_ws/install/moveit_core:/home/kptal/humanoid_ws/install/moveit_configs_utils:/home/kptal/humanoid_ws/install/moveit_common:/home/kptal/humanoid_ws/install/launch_param_builder:${AMENT_PREFIX_PATH} CMAKE_PREFIX_PATH=/home/kptal/humanoid_ws/install/moveit_ros_planning:/home/kptal/humanoid_ws/install/moveit_ros_occupancy_map_monitor:/home/kptal/humanoid_ws/install/moveit_core:/home/kptal/humanoid_ws/install/srdfdom:/home/kptal/humanoid_ws/install/moveit_common:/home/kptal/ws_moveit2/install/pilz_industrial_motion_planner_testutils:/home/kptal/ws_moveit2/install/moveit_runtime:/home/kptal/ws_moveit2/install/moveit2_tutorials:/home/kptal/ws_moveit2/install/moveit:/home/kptal/ws_moveit2/install/moveit_planners:/home/kptal/ws_moveit2/install/pilz_industrial_motion_planner:/home/kptal/ws_moveit2/install/moveit_visual_tools:/home/kptal/ws_moveit2/install/moveit_task_constructor_visualization:/home/kptal/ws_moveit2/install/moveit_task_constructor_demo:/home/kptal/ws_moveit2/install/moveit_task_constructor_capabilities:/home/kptal/ws_moveit2/install/moveit_task_constructor_core:/home/kptal/ws_moveit2/install/moveit_ros_control_interface:/home/kptal/ws_moveit2/install/moveit_plugins:/home/kptal/ws_moveit2/install/moveit_simple_controller_manager:/home/kptal/ws_moveit2/install/moveit_setup_assistant:/home/kptal/ws_moveit2/install/moveit_setup_srdf_plugins:/home/kptal/ws_moveit2/install/moveit_setup_core_plugins:/home/kptal/ws_moveit2/install/moveit_setup_controllers:/home/kptal/ws_moveit2/install/moveit_setup_app_plugins:/home/kptal/ws_moveit2/install/moveit_setup_framework:/home/kptal/ws_moveit2/install/moveit_servo:/home/kptal/ws_moveit2/install/moveit_ros:/home/kptal/ws_moveit2/install/moveit_ros_visualization:/home/kptal/ws_moveit2/install/moveit_hybrid_planning:/home/kptal/ws_moveit2/install/moveit_ros_planning_interface:/home/kptal/ws_moveit2/install/moveit_ros_benchmarks:/home/kptal/ws_moveit2/install/moveit_ros_warehouse:/home/kptal/ws_moveit2/install/moveit_ros_robot_interaction:/home/kptal/ws_moveit2/install/moveit_ros_perception:/home/kptal/ws_moveit2/install/moveit_resources_prbt_pg70_support:/home/kptal/ws_moveit2/install/moveit_resources_prbt_moveit_config:/home/kptal/ws_moveit2/install/moveit_ros_move_group:/home/kptal/ws_moveit2/install/moveit_planners_ompl:/home/kptal/ws_moveit2/install/moveit_ros_planning:/home/kptal/ws_moveit2/install/moveit_ros_occupancy_map_monitor:/home/kptal/ws_moveit2/install/moveit_resources_prbt_ikfast_manipulator_plugin:/home/kptal/ws_moveit2/install/moveit_planners_chomp:/home/kptal/ws_moveit2/install/moveit_kinematics:/home/kptal/ws_moveit2/install/moveit_chomp_optimizer_adapter:/home/kptal/ws_moveit2/install/chomp_motion_planner:/home/kptal/ws_moveit2/install/moveit_core:/home/kptal/ws_moveit2/install/srdfdom:/home/kptal/ws_moveit2/install/rviz_marker_tools:/home/kptal/ws_moveit2/install/rosparam_shortcuts:/home/kptal/ws_moveit2/install/moveit_task_constructor_msgs:/home/kptal/ws_moveit2/install/moveit_resources_prbt_support:/home/kptal/ws_moveit2/install/moveit_resources:/home/kptal/ws_moveit2/install/moveit_resources_pr2_description:/home/kptal/ws_moveit2/install/moveit_resources_panda_moveit_config:/home/kptal/ws_moveit2/install/moveit_resources_panda_description:/home/kptal/ws_moveit2/install/moveit_resources_fanuc_moveit_config:/home/kptal/ws_moveit2/install/moveit_resources_fanuc_description:/home/kptal/ws_moveit2/install/moveit_common:/home/kptal/ws_moveit2/install/moveit_configs_utils:/home/kptal/ws_moveit2/install/launch_param_builder:/opt/ros/humble LD_LIBRARY_PATH=/home/kptal/humanoid_ws/install/moveit_ros_planning/lib:/home/kptal/humanoid_ws/install/moveit_ros_occupancy_map_monitor/lib:/home/kptal/humanoid_ws/install/moveit_core/lib:${LD_LIBRARY_PATH} PATH=/home/kptal/humanoid_ws/install/moveit_core/bin:${PATH} PYTHONPATH=/home/kptal/humanoid_ws/install/moveit_configs_utils/lib/python3.10/site-packages:/home/kptal/humanoid_ws/install/launch_param_builder/lib/python3.10/site-packages:${PYTHONPATH} /usr/bin/cmake --install /home/kptal/humanoid_ws/build/moveit_kinematics
[0.209s] -- Install configuration: "Release"
[0.209s] -- Up-to-date: /home/kptal/humanoid_ws/install/moveit_kinematics/share/moveit_kinematics/kdl_kinematics_plugin_description.xml
[0.209s] -- Up-to-date: /home/kptal/humanoid_ws/install/moveit_kinematics/share/moveit_kinematics/lma_kinematics_plugin_description.xml
[0.209s] -- Up-to-date: /home/kptal/humanoid_ws/install/moveit_kinematics/share/moveit_kinematics/srv_kinematics_plugin_description.xml
[0.209s] -- Up-to-date: /home/kptal/humanoid_ws/install/moveit_kinematics/share/moveit_kinematics/cached_ik_kinematics_plugin_description.xml
[0.209s] -- Up-to-date: /home/kptal/humanoid_ws/install/moveit_kinematics/include
[0.209s] -- Up-to-date: /home/kptal/humanoid_ws/install/moveit_kinematics/include/moveit
[0.209s] -- Up-to-date: /home/kptal/humanoid_ws/install/moveit_kinematics/include/moveit/cached_ik_kinematics_plugin
[0.209s] -- Up-to-date: /home/kptal/humanoid_ws/install/moveit_kinematics/include/moveit/cached_ik_kinematics_plugin/cached_ik_kinematics_plugin.h
[0.209s] -- Up-to-date: /home/kptal/humanoid_ws/install/moveit_kinematics/include/moveit/cached_ik_kinematics_plugin/cached_ik_kinematics_plugin-inl.h
[0.209s] -- Up-to-date: /home/kptal/humanoid_ws/install/moveit_kinematics/include/moveit/cached_ik_kinematics_plugin/detail
[0.210s] -- Up-to-date: /home/kptal/humanoid_ws/install/moveit_kinematics/include/moveit/cached_ik_kinematics_plugin/detail/GreedyKCenters.h
[0.210s] -- Up-to-date: /home/kptal/humanoid_ws/install/moveit_kinematics/include/moveit/cached_ik_kinematics_plugin/detail/NearestNeighborsGNAT.h
[0.210s] -- Up-to-date: /home/kptal/humanoid_ws/install/moveit_kinematics/include/moveit/cached_ik_kinematics_plugin/detail/NearestNeighbors.h
[0.211s] -- Up-to-date: /home/kptal/humanoid_ws/install/moveit_kinematics/share/moveit_kinematics/launch
[0.211s] -- Up-to-date: /home/kptal/humanoid_ws/install/moveit_kinematics/share/moveit_kinematics/launch/measure_ik_call_cost.launch
[0.211s] -- Up-to-date: /home/kptal/humanoid_ws/install/moveit_kinematics/lib/moveit_kinematics/auto_create_ikfast_moveit_plugin.sh
[0.211s] -- Up-to-date: /home/kptal/humanoid_ws/install/moveit_kinematics/lib/moveit_kinematics/create_ikfast_moveit_plugin.py
[0.211s] -- Up-to-date: /home/kptal/humanoid_ws/install/moveit_kinematics/lib/moveit_kinematics/round_collada_numbers.py
[0.211s] -- Up-to-date: /home/kptal/humanoid_ws/install/moveit_kinematics/share/moveit_kinematics/ikfast_kinematics_plugin/templates
[0.211s] -- Up-to-date: /home/kptal/humanoid_ws/install/moveit_kinematics/share/moveit_kinematics/ikfast_kinematics_plugin/templates/CMakeLists.txt
[0.211s] -- Up-to-date: /home/kptal/humanoid_ws/install/moveit_kinematics/share/moveit_kinematics/ikfast_kinematics_plugin/templates/ikfast61_moveit_plugin_template.cpp
[0.211s] -- Up-to-date: /home/kptal/humanoid_ws/install/moveit_kinematics/share/moveit_kinematics/ikfast_kinematics_plugin/templates/ikfast.h
[0.211s] -- Up-to-date: /home/kptal/humanoid_ws/install/moveit_kinematics/include
[0.211s] -- Up-to-date: /home/kptal/humanoid_ws/install/moveit_kinematics/include/moveit
[0.211s] -- Up-to-date: /home/kptal/humanoid_ws/install/moveit_kinematics/include/moveit/kdl_kinematics_plugin
[0.211s] -- Up-to-date: /home/kptal/humanoid_ws/install/moveit_kinematics/include/moveit/kdl_kinematics_plugin/kdl_kinematics_plugin.h
[0.211s] -- Up-to-date: /home/kptal/humanoid_ws/install/moveit_kinematics/include/moveit/kdl_kinematics_plugin/chainiksolver_vel_mimic_svd.hpp
[0.211s] -- Up-to-date: /home/kptal/humanoid_ws/install/moveit_kinematics/include/moveit/kdl_kinematics_plugin/joint_mimic.hpp
[0.212s] -- Up-to-date: /home/kptal/humanoid_ws/install/moveit_kinematics/include
[0.212s] -- Up-to-date: /home/kptal/humanoid_ws/install/moveit_kinematics/include/moveit
[0.212s] -- Up-to-date: /home/kptal/humanoid_ws/install/moveit_kinematics/include/moveit/lma_kinematics_plugin
[0.212s] -- Up-to-date: /home/kptal/humanoid_ws/install/moveit_kinematics/include/moveit/lma_kinematics_plugin/lma_kinematics_plugin.h
[0.212s] -- Up-to-date: /home/kptal/humanoid_ws/install/moveit_kinematics/include
[0.212s] -- Up-to-date: /home/kptal/humanoid_ws/install/moveit_kinematics/include/moveit
[0.212s] -- Up-to-date: /home/kptal/humanoid_ws/install/moveit_kinematics/include/moveit/srv_kinematics_plugin
[0.212s] -- Up-to-date: /home/kptal/humanoid_ws/install/moveit_kinematics/include/moveit/srv_kinematics_plugin/srv_kinematics_plugin.h
[0.212s] -- Up-to-date: /home/kptal/humanoid_ws/install/moveit_kinematics/share/moveit_kinematics/config
[0.212s] -- Up-to-date: /home/kptal/humanoid_ws/install/moveit_kinematics/share/moveit_kinematics/config/fanuc-lma-singular-test.yaml
[0.212s] -- Up-to-date: /home/kptal/humanoid_ws/install/moveit_kinematics/share/moveit_kinematics/config/panda-kdl-test.yaml
[0.212s] -- Up-to-date: /home/kptal/humanoid_ws/install/moveit_kinematics/share/moveit_kinematics/config/fanuc-kdl-singular-test.yaml
[0.212s] -- Up-to-date: /home/kptal/humanoid_ws/install/moveit_kinematics/share/moveit_kinematics/config/fanuc-kdl-test.yaml
[0.212s] -- Up-to-date: /home/kptal/humanoid_ws/install/moveit_kinematics/share/moveit_kinematics/config/fanuc-lma-test.yaml
[0.212s] -- Up-to-date: /home/kptal/humanoid_ws/install/moveit_kinematics/share/moveit_kinematics/config/panda-lma-singular-test.yaml
[0.212s] -- Up-to-date: /home/kptal/humanoid_ws/install/moveit_kinematics/share/moveit_kinematics/config/panda-lma-test.yaml
[0.213s] -- Up-to-date: /home/kptal/humanoid_ws/install/moveit_kinematics/share/moveit_kinematics/config/panda-kdl-singular-test.yaml
[0.213s] -- Up-to-date: /home/kptal/humanoid_ws/install/moveit_kinematics/share/moveit_kinematics/launch
[0.213s] -- Up-to-date: /home/kptal/humanoid_ws/install/moveit_kinematics/share/moveit_kinematics/launch/panda-lma-singular.test.py
[0.213s] -- Up-to-date: /home/kptal/humanoid_ws/install/moveit_kinematics/share/moveit_kinematics/launch/panda-lma.test.py
[0.213s] -- Up-to-date: /home/kptal/humanoid_ws/install/moveit_kinematics/share/moveit_kinematics/launch/fanuc-kdl.test.py
[0.213s] -- Up-to-date: /home/kptal/humanoid_ws/install/moveit_kinematics/share/moveit_kinematics/launch/panda-kdl.test.py
[0.213s] -- Up-to-date: /home/kptal/humanoid_ws/install/moveit_kinematics/share/moveit_kinematics/launch/fanuc-lma.test.py
[0.213s] -- Up-to-date: /home/kptal/humanoid_ws/install/moveit_kinematics/share/moveit_kinematics/launch/fanuc-kdl-singular.test.py
[0.213s] -- Up-to-date: /home/kptal/humanoid_ws/install/moveit_kinematics/share/moveit_kinematics/launch/panda-kdl-singular.test.py
[0.213s] -- Up-to-date: /home/kptal/humanoid_ws/install/moveit_kinematics/share/moveit_kinematics/launch/fanuc-lma-singular.test.py
[0.214s] -- Up-to-date: /home/kptal/humanoid_ws/install/moveit_kinematics/lib/moveit_kinematics/benchmark_ik
[0.214s] -- Up-to-date: /home/kptal/humanoid_ws/install/moveit_kinematics/lib/moveit_kinematics/test_kinematics_plugin
[0.214s] -- Up-to-date: /home/kptal/humanoid_ws/install/moveit_kinematics/lib/libmoveit_cached_ik_kinematics_base.so.2.5.7
[0.214s] -- Up-to-date: /home/kptal/humanoid_ws/install/moveit_kinematics/lib/libmoveit_cached_ik_kinematics_base.so
[0.214s] -- Up-to-date: /home/kptal/humanoid_ws/install/moveit_kinematics/lib/libmoveit_cached_ik_kinematics_plugin.so.2.5.7
[0.214s] -- Up-to-date: /home/kptal/humanoid_ws/install/moveit_kinematics/lib/libmoveit_cached_ik_kinematics_plugin.so
[0.214s] -- Up-to-date: /home/kptal/humanoid_ws/install/moveit_kinematics/lib/libmoveit_kdl_kinematics_plugin.so
[0.214s] -- Up-to-date: /home/kptal/humanoid_ws/install/moveit_kinematics/lib/libmoveit_lma_kinematics_plugin.so.2.5.7
[0.214s] -- Up-to-date: /home/kptal/humanoid_ws/install/moveit_kinematics/lib/libmoveit_lma_kinematics_plugin.so
[0.214s] -- Up-to-date: /home/kptal/humanoid_ws/install/moveit_kinematics/lib/libmoveit_srv_kinematics_plugin.so.2.5.7
[0.214s] -- Up-to-date: /home/kptal/humanoid_ws/install/moveit_kinematics/lib/libmoveit_srv_kinematics_plugin.so
[0.214s] -- Up-to-date: /home/kptal/humanoid_ws/install/moveit_kinematics/share/moveit_kinematics/environment/library_path.sh
[0.215s] -- Up-to-date: /home/kptal/humanoid_ws/install/moveit_kinematics/share/moveit_kinematics/environment/library_path.dsv
[0.216s] -- Up-to-date: /home/kptal/humanoid_ws/install/moveit_kinematics/share/ament_index/resource_index/package_run_dependencies/moveit_kinematics
[0.216s] -- Up-to-date: /home/kptal/humanoid_ws/install/moveit_kinematics/share/ament_index/resource_index/parent_prefix_path/moveit_kinematics
[0.217s] -- Up-to-date: /home/kptal/humanoid_ws/install/moveit_kinematics/share/moveit_kinematics/environment/ament_prefix_path.sh
[0.217s] -- Up-to-date: /home/kptal/humanoid_ws/install/moveit_kinematics/share/moveit_kinematics/environment/ament_prefix_path.dsv
[0.217s] -- Up-to-date: /home/kptal/humanoid_ws/install/moveit_kinematics/share/moveit_kinematics/environment/path.sh
[0.217s] -- Up-to-date: /home/kptal/humanoid_ws/install/moveit_kinematics/share/moveit_kinematics/environment/path.dsv
[0.217s] -- Up-to-date: /home/kptal/humanoid_ws/install/moveit_kinematics/share/moveit_kinematics/local_setup.bash
[0.217s] -- Up-to-date: /home/kptal/humanoid_ws/install/moveit_kinematics/share/moveit_kinematics/local_setup.sh
[0.218s] -- Up-to-date: /home/kptal/humanoid_ws/install/moveit_kinematics/share/moveit_kinematics/local_setup.zsh
[0.218s] -- Up-to-date: /home/kptal/humanoid_ws/install/moveit_kinematics/share/moveit_kinematics/local_setup.dsv
[0.218s] -- Installing: /home/kptal/humanoid_ws/install/moveit_kinematics/share/moveit_kinematics/package.dsv
[0.218s] -- Up-to-date: /home/kptal/humanoid_ws/install/moveit_kinematics/share/ament_index/resource_index/packages/moveit_kinematics
[0.218s] -- Up-to-date: /home/kptal/humanoid_ws/install/moveit_kinematics/share/ament_index/resource_index/moveit_core__pluginlib__plugin/moveit_kinematics
[0.218s] -- Up-to-date: /home/kptal/humanoid_ws/install/moveit_kinematics/share/moveit_kinematics/cmake/export_moveit_kinematicsExport.cmake
[0.219s] -- Up-to-date: /home/kptal/humanoid_ws/install/moveit_kinematics/share/moveit_kinematics/cmake/export_moveit_kinematicsExport-release.cmake
[0.219s] -- Up-to-date: /home/kptal/humanoid_ws/install/moveit_kinematics/share/moveit_kinematics/cmake/ConfigExtras.cmake
[0.219s] -- Up-to-date: /home/kptal/humanoid_ws/install/moveit_kinematics/share/moveit_kinematics/cmake/ament_cmake_export_targets-extras.cmake
[0.220s] -- Up-to-date: /home/kptal/humanoid_ws/install/moveit_kinematics/share/moveit_kinematics/cmake/ament_cmake_export_dependencies-extras.cmake
[0.220s] -- Up-to-date: /home/kptal/humanoid_ws/install/moveit_kinematics/share/moveit_kinematics/cmake/moveit_kinematicsConfig.cmake
[0.220s] -- Up-to-date: /home/kptal/humanoid_ws/install/moveit_kinematics/share/moveit_kinematics/cmake/moveit_kinematicsConfig-version.cmake
[0.220s] -- Up-to-date: /home/kptal/humanoid_ws/install/moveit_kinematics/share/moveit_kinematics/package.xml
[0.221s] Invoked command in '/home/kptal/humanoid_ws/build/moveit_kinematics' returned '0': AMENT_PREFIX_PATH=/home/kptal/humanoid_ws/install/moveit_ros_planning:/home/kptal/humanoid_ws/install/moveit_ros_occupancy_map_monitor:/home/kptal/humanoid_ws/install/moveit_core:/home/kptal/humanoid_ws/install/moveit_configs_utils:/home/kptal/humanoid_ws/install/moveit_common:/home/kptal/humanoid_ws/install/launch_param_builder:${AMENT_PREFIX_PATH} CMAKE_PREFIX_PATH=/home/kptal/humanoid_ws/install/moveit_ros_planning:/home/kptal/humanoid_ws/install/moveit_ros_occupancy_map_monitor:/home/kptal/humanoid_ws/install/moveit_core:/home/kptal/humanoid_ws/install/srdfdom:/home/kptal/humanoid_ws/install/moveit_common:/home/kptal/ws_moveit2/install/pilz_industrial_motion_planner_testutils:/home/kptal/ws_moveit2/install/moveit_runtime:/home/kptal/ws_moveit2/install/moveit2_tutorials:/home/kptal/ws_moveit2/install/moveit:/home/kptal/ws_moveit2/install/moveit_planners:/home/kptal/ws_moveit2/install/pilz_industrial_motion_planner:/home/kptal/ws_moveit2/install/moveit_visual_tools:/home/kptal/ws_moveit2/install/moveit_task_constructor_visualization:/home/kptal/ws_moveit2/install/moveit_task_constructor_demo:/home/kptal/ws_moveit2/install/moveit_task_constructor_capabilities:/home/kptal/ws_moveit2/install/moveit_task_constructor_core:/home/kptal/ws_moveit2/install/moveit_ros_control_interface:/home/kptal/ws_moveit2/install/moveit_plugins:/home/kptal/ws_moveit2/install/moveit_simple_controller_manager:/home/kptal/ws_moveit2/install/moveit_setup_assistant:/home/kptal/ws_moveit2/install/moveit_setup_srdf_plugins:/home/kptal/ws_moveit2/install/moveit_setup_core_plugins:/home/kptal/ws_moveit2/install/moveit_setup_controllers:/home/kptal/ws_moveit2/install/moveit_setup_app_plugins:/home/kptal/ws_moveit2/install/moveit_setup_framework:/home/kptal/ws_moveit2/install/moveit_servo:/home/kptal/ws_moveit2/install/moveit_ros:/home/kptal/ws_moveit2/install/moveit_ros_visualization:/home/kptal/ws_moveit2/install/moveit_hybrid_planning:/home/kptal/ws_moveit2/install/moveit_ros_planning_interface:/home/kptal/ws_moveit2/install/moveit_ros_benchmarks:/home/kptal/ws_moveit2/install/moveit_ros_warehouse:/home/kptal/ws_moveit2/install/moveit_ros_robot_interaction:/home/kptal/ws_moveit2/install/moveit_ros_perception:/home/kptal/ws_moveit2/install/moveit_resources_prbt_pg70_support:/home/kptal/ws_moveit2/install/moveit_resources_prbt_moveit_config:/home/kptal/ws_moveit2/install/moveit_ros_move_group:/home/kptal/ws_moveit2/install/moveit_planners_ompl:/home/kptal/ws_moveit2/install/moveit_ros_planning:/home/kptal/ws_moveit2/install/moveit_ros_occupancy_map_monitor:/home/kptal/ws_moveit2/install/moveit_resources_prbt_ikfast_manipulator_plugin:/home/kptal/ws_moveit2/install/moveit_planners_chomp:/home/kptal/ws_moveit2/install/moveit_kinematics:/home/kptal/ws_moveit2/install/moveit_chomp_optimizer_adapter:/home/kptal/ws_moveit2/install/chomp_motion_planner:/home/kptal/ws_moveit2/install/moveit_core:/home/kptal/ws_moveit2/install/srdfdom:/home/kptal/ws_moveit2/install/rviz_marker_tools:/home/kptal/ws_moveit2/install/rosparam_shortcuts:/home/kptal/ws_moveit2/install/moveit_task_constructor_msgs:/home/kptal/ws_moveit2/install/moveit_resources_prbt_support:/home/kptal/ws_moveit2/install/moveit_resources:/home/kptal/ws_moveit2/install/moveit_resources_pr2_description:/home/kptal/ws_moveit2/install/moveit_resources_panda_moveit_config:/home/kptal/ws_moveit2/install/moveit_resources_panda_description:/home/kptal/ws_moveit2/install/moveit_resources_fanuc_moveit_config:/home/kptal/ws_moveit2/install/moveit_resources_fanuc_description:/home/kptal/ws_moveit2/install/moveit_common:/home/kptal/ws_moveit2/install/moveit_configs_utils:/home/kptal/ws_moveit2/install/launch_param_builder:/opt/ros/humble LD_LIBRARY_PATH=/home/kptal/humanoid_ws/install/moveit_ros_planning/lib:/home/kptal/humanoid_ws/install/moveit_ros_occupancy_map_monitor/lib:/home/kptal/humanoid_ws/install/moveit_core/lib:${LD_LIBRARY_PATH} PATH=/home/kptal/humanoid_ws/install/moveit_core/bin:${PATH} PYTHONPATH=/home/kptal/humanoid_ws/install/moveit_configs_utils/lib/python3.10/site-packages:/home/kptal/humanoid_ws/install/launch_param_builder/lib/python3.10/site-packages:${PYTHONPATH} /usr/bin/cmake --install /home/kptal/humanoid_ws/build/moveit_kinematics
