[0.167s] Invoking command in '/home/kptal/humanoid_ws/build/srdfdom': CMAKE_PREFIX_PATH=${CMAKE_PREFIX_PATH}:/home/kptal/humanoid_ws/install/moveit_configs_utils:/home/kptal/humanoid_ws/install/launch_param_builder:/home/kptal/humanoid_ws/install/ik_pick_place:/home/kptal/humanoid_ws/install/half_humanoid_control_actions:/home/kptal/humanoid_ws/install/dynamixel_test_utils:/home/kptal/ws_moveit2/install/moveit_configs_utils:/home/kptal/ws_moveit2/install/launch_param_builder:/opt/ros/humble /usr/bin/cmake --build /home/kptal/humanoid_ws/build/srdfdom -- -j18 -l18
[1.307s] [ 18%] Built target gtest
[1.308s] [ 45%] Built target srdfdom
[1.308s] [ 63%] Built target gtest_main
[1.308s] [ 63%] Built target ament_cmake_python_copy_srdfdom
[1.309s] [ 81%] Built target test_cpp_C
[1.309s] [100%] Built target test_cpp_nl_NL.UTF-8
[1.310s] running egg_info
[1.310s] writing srdfdom.egg-info/PKG-INFO
[1.310s] writing dependency_links to srdfdom.egg-info/dependency_links.txt
[1.310s] writing top-level names to srdfdom.egg-info/top_level.txt
[1.310s] reading manifest file 'srdfdom.egg-info/SOURCES.txt'
[1.311s] writing manifest file 'srdfdom.egg-info/SOURCES.txt'
[1.311s] [100%] Built target ament_cmake_python_build_srdfdom_egg
[1.356s] Invoked command in '/home/kptal/humanoid_ws/build/srdfdom' returned '0': CMAKE_PREFIX_PATH=${CMAKE_PREFIX_PATH}:/home/kptal/humanoid_ws/install/moveit_configs_utils:/home/kptal/humanoid_ws/install/launch_param_builder:/home/kptal/humanoid_ws/install/ik_pick_place:/home/kptal/humanoid_ws/install/half_humanoid_control_actions:/home/kptal/humanoid_ws/install/dynamixel_test_utils:/home/kptal/ws_moveit2/install/moveit_configs_utils:/home/kptal/ws_moveit2/install/launch_param_builder:/opt/ros/humble /usr/bin/cmake --build /home/kptal/humanoid_ws/build/srdfdom -- -j18 -l18
[1.359s] Invoking command in '/home/kptal/humanoid_ws/build/srdfdom': CMAKE_PREFIX_PATH=${CMAKE_PREFIX_PATH}:/home/kptal/humanoid_ws/install/moveit_configs_utils:/home/kptal/humanoid_ws/install/launch_param_builder:/home/kptal/humanoid_ws/install/ik_pick_place:/home/kptal/humanoid_ws/install/half_humanoid_control_actions:/home/kptal/humanoid_ws/install/dynamixel_test_utils:/home/kptal/ws_moveit2/install/moveit_configs_utils:/home/kptal/ws_moveit2/install/launch_param_builder:/opt/ros/humble /usr/bin/cmake --install /home/kptal/humanoid_ws/build/srdfdom
[1.494s] -- Install configuration: ""
[1.494s] -- Up-to-date: /home/kptal/humanoid_ws/install/srdfdom/lib/libsrdfdom.so.2.0.7
[1.494s] -- Up-to-date: /home/kptal/humanoid_ws/install/srdfdom/lib/libsrdfdom.so
[1.494s] -- Up-to-date: /home/kptal/humanoid_ws/install/srdfdom/include/srdfdom
[1.494s] -- Up-to-date: /home/kptal/humanoid_ws/install/srdfdom/include/srdfdom/srdfdom
[1.494s] -- Up-to-date: /home/kptal/humanoid_ws/install/srdfdom/include/srdfdom/srdfdom/srdf_writer.h
[1.496s] -- Up-to-date: /home/kptal/humanoid_ws/install/srdfdom/include/srdfdom/srdfdom/model.h
[1.499s] -- Up-to-date: /home/kptal/humanoid_ws/install/srdfdom/include/srdfdom/srdfdom/visibility_control.h
[1.499s] -- Up-to-date: /home/kptal/humanoid_ws/install/srdfdom/lib/srdfdom/display_srdf
[1.499s] -- Up-to-date: /home/kptal/humanoid_ws/install/srdfdom/share/srdfdom/environment/pythonpath.sh
[1.499s] -- Up-to-date: /home/kptal/humanoid_ws/install/srdfdom/share/srdfdom/environment/pythonpath.dsv
[1.499s] -- Up-to-date: /home/kptal/humanoid_ws/install/srdfdom/local/lib/python3.10/dist-packages/srdfdom-2.0.7-py3.10.egg-info
[1.499s] -- Installing: /home/kptal/humanoid_ws/install/srdfdom/local/lib/python3.10/dist-packages/srdfdom-2.0.7-py3.10.egg-info/SOURCES.txt
[1.499s] -- Installing: /home/kptal/humanoid_ws/install/srdfdom/local/lib/python3.10/dist-packages/srdfdom-2.0.7-py3.10.egg-info/PKG-INFO
[1.499s] -- Installing: /home/kptal/humanoid_ws/install/srdfdom/local/lib/python3.10/dist-packages/srdfdom-2.0.7-py3.10.egg-info/dependency_links.txt
[1.499s] -- Installing: /home/kptal/humanoid_ws/install/srdfdom/local/lib/python3.10/dist-packages/srdfdom-2.0.7-py3.10.egg-info/top_level.txt
[1.499s] -- Up-to-date: /home/kptal/humanoid_ws/install/srdfdom/local/lib/python3.10/dist-packages/srdfdom
[1.499s] -- Up-to-date: /home/kptal/humanoid_ws/install/srdfdom/local/lib/python3.10/dist-packages/srdfdom/srdf.py
[1.500s] -- Up-to-date: /home/kptal/humanoid_ws/install/srdfdom/local/lib/python3.10/dist-packages/srdfdom/__init__.py
[1.655s] Listing '/home/kptal/humanoid_ws/install/srdfdom/local/lib/python3.10/dist-packages/srdfdom'...
[1.655s] -- Up-to-date: /home/kptal/humanoid_ws/install/srdfdom/share/srdfdom/environment/library_path.sh
[1.655s] -- Up-to-date: /home/kptal/humanoid_ws/install/srdfdom/share/srdfdom/environment/library_path.dsv
[1.655s] -- Up-to-date: /home/kptal/humanoid_ws/install/srdfdom/share/ament_index/resource_index/package_run_dependencies/srdfdom
[1.655s] -- Up-to-date: /home/kptal/humanoid_ws/install/srdfdom/share/ament_index/resource_index/parent_prefix_path/srdfdom
[1.656s] -- Up-to-date: /home/kptal/humanoid_ws/install/srdfdom/share/srdfdom/environment/ament_prefix_path.sh
[1.656s] -- Up-to-date: /home/kptal/humanoid_ws/install/srdfdom/share/srdfdom/environment/ament_prefix_path.dsv
[1.656s] -- Up-to-date: /home/kptal/humanoid_ws/install/srdfdom/share/srdfdom/environment/path.sh
[1.656s] -- Up-to-date: /home/kptal/humanoid_ws/install/srdfdom/share/srdfdom/environment/path.dsv
[1.656s] -- Up-to-date: /home/kptal/humanoid_ws/install/srdfdom/share/srdfdom/local_setup.bash
[1.656s] -- Up-to-date: /home/kptal/humanoid_ws/install/srdfdom/share/srdfdom/local_setup.sh
[1.656s] -- Up-to-date: /home/kptal/humanoid_ws/install/srdfdom/share/srdfdom/local_setup.zsh
[1.656s] -- Up-to-date: /home/kptal/humanoid_ws/install/srdfdom/share/srdfdom/local_setup.dsv
[1.656s] -- Installing: /home/kptal/humanoid_ws/install/srdfdom/share/srdfdom/package.dsv
[1.656s] -- Up-to-date: /home/kptal/humanoid_ws/install/srdfdom/share/ament_index/resource_index/packages/srdfdom
[1.656s] -- Up-to-date: /home/kptal/humanoid_ws/install/srdfdom/share/srdfdom/cmake/srdfdomTargetsExport.cmake
[1.657s] -- Up-to-date: /home/kptal/humanoid_ws/install/srdfdom/share/srdfdom/cmake/srdfdomTargetsExport-noconfig.cmake
[1.657s] -- Up-to-date: /home/kptal/humanoid_ws/install/srdfdom/share/srdfdom/cmake/ament_cmake_export_targets-extras.cmake
[1.657s] -- Up-to-date: /home/kptal/humanoid_ws/install/srdfdom/share/srdfdom/cmake/ament_cmake_export_dependencies-extras.cmake
[1.657s] -- Up-to-date: /home/kptal/humanoid_ws/install/srdfdom/share/srdfdom/cmake/srdfdomConfig.cmake
[1.657s] -- Up-to-date: /home/kptal/humanoid_ws/install/srdfdom/share/srdfdom/cmake/srdfdomConfig-version.cmake
[1.657s] -- Up-to-date: /home/kptal/humanoid_ws/install/srdfdom/share/srdfdom/package.xml
[1.887s] Invoked command in '/home/kptal/humanoid_ws/build/srdfdom' returned '0': CMAKE_PREFIX_PATH=${CMAKE_PREFIX_PATH}:/home/kptal/humanoid_ws/install/moveit_configs_utils:/home/kptal/humanoid_ws/install/launch_param_builder:/home/kptal/humanoid_ws/install/ik_pick_place:/home/kptal/humanoid_ws/install/half_humanoid_control_actions:/home/kptal/humanoid_ws/install/dynamixel_test_utils:/home/kptal/ws_moveit2/install/moveit_configs_utils:/home/kptal/ws_moveit2/install/launch_param_builder:/opt/ros/humble /usr/bin/cmake --install /home/kptal/humanoid_ws/build/srdfdom
