/home/kptal/humanoid_ws/install/ik_pick_place/lib/python3.10/site-packages/ik_pick_place/ik_pick_place_node.py
/home/kptal/humanoid_ws/install/ik_pick_place/lib/python3.10/site-packages/ik_pick_place/debug_ik_node.py
/home/kptal/humanoid_ws/install/ik_pick_place/lib/python3.10/site-packages/ik_pick_place/simple_ik_test.py
/home/kptal/humanoid_ws/install/ik_pick_place/lib/python3.10/site-packages/ik_pick_place/__init__.py
/home/kptal/humanoid_ws/install/ik_pick_place/lib/python3.10/site-packages/ik_pick_place/__pycache__/ik_pick_place_node.cpython-310.pyc
/home/kptal/humanoid_ws/install/ik_pick_place/lib/python3.10/site-packages/ik_pick_place/__pycache__/debug_ik_node.cpython-310.pyc
/home/kptal/humanoid_ws/install/ik_pick_place/lib/python3.10/site-packages/ik_pick_place/__pycache__/simple_ik_test.cpython-310.pyc
/home/kptal/humanoid_ws/install/ik_pick_place/lib/python3.10/site-packages/ik_pick_place/__pycache__/__init__.cpython-310.pyc
/home/kptal/humanoid_ws/install/ik_pick_place/share/ament_index/resource_index/packages/ik_pick_place
/home/kptal/humanoid_ws/install/ik_pick_place/share/ik_pick_place/package.xml
/home/kptal/humanoid_ws/install/ik_pick_place/lib/python3.10/site-packages/ik_pick_place-0.0.0-py3.10.egg-info/SOURCES.txt
/home/kptal/humanoid_ws/install/ik_pick_place/lib/python3.10/site-packages/ik_pick_place-0.0.0-py3.10.egg-info/requires.txt
/home/kptal/humanoid_ws/install/ik_pick_place/lib/python3.10/site-packages/ik_pick_place-0.0.0-py3.10.egg-info/PKG-INFO
/home/kptal/humanoid_ws/install/ik_pick_place/lib/python3.10/site-packages/ik_pick_place-0.0.0-py3.10.egg-info/dependency_links.txt
/home/kptal/humanoid_ws/install/ik_pick_place/lib/python3.10/site-packages/ik_pick_place-0.0.0-py3.10.egg-info/entry_points.txt
/home/kptal/humanoid_ws/install/ik_pick_place/lib/python3.10/site-packages/ik_pick_place-0.0.0-py3.10.egg-info/top_level.txt
/home/kptal/humanoid_ws/install/ik_pick_place/lib/python3.10/site-packages/ik_pick_place-0.0.0-py3.10.egg-info/zip-safe
/home/kptal/humanoid_ws/install/ik_pick_place/lib/ik_pick_place/debug_ik_node
/home/kptal/humanoid_ws/install/ik_pick_place/lib/ik_pick_place/ik_pick_place_node
/home/kptal/humanoid_ws/install/ik_pick_place/lib/ik_pick_place/simple_ik_test
