[0.185s] Invoking command in '/home/kptal/humanoid_ws/build/moveit_resources_panda_description': CMAKE_PREFIX_PATH=${CMAKE_PREFIX_PATH}:/home/kptal/humanoid_ws/install/moveit_configs_utils:/home/kptal/humanoid_ws/install/launch_param_builder:/home/kptal/humanoid_ws/install/ik_pick_place:/home/kptal/humanoid_ws/install/half_humanoid_control_actions:/home/kptal/humanoid_ws/install/dynamixel_test_utils:/home/kptal/ws_moveit2/install/moveit_configs_utils:/home/kptal/ws_moveit2/install/launch_param_builder:/opt/ros/humble /usr/bin/cmake --build /home/kptal/humanoid_ws/build/moveit_resources_panda_description -- -j18 -l18
[1.356s] Invoked command in '/home/kptal/humanoid_ws/build/moveit_resources_panda_description' returned '0': CMAKE_PREFIX_PATH=${CMAKE_PREFIX_PATH}:/home/kptal/humanoid_ws/install/moveit_configs_utils:/home/kptal/humanoid_ws/install/launch_param_builder:/home/kptal/humanoid_ws/install/ik_pick_place:/home/kptal/humanoid_ws/install/half_humanoid_control_actions:/home/kptal/humanoid_ws/install/dynamixel_test_utils:/home/kptal/ws_moveit2/install/moveit_configs_utils:/home/kptal/ws_moveit2/install/launch_param_builder:/opt/ros/humble /usr/bin/cmake --build /home/kptal/humanoid_ws/build/moveit_resources_panda_description -- -j18 -l18
[1.367s] Invoking command in '/home/kptal/humanoid_ws/build/moveit_resources_panda_description': CMAKE_PREFIX_PATH=${CMAKE_PREFIX_PATH}:/home/kptal/humanoid_ws/install/moveit_configs_utils:/home/kptal/humanoid_ws/install/launch_param_builder:/home/kptal/humanoid_ws/install/ik_pick_place:/home/kptal/humanoid_ws/install/half_humanoid_control_actions:/home/kptal/humanoid_ws/install/dynamixel_test_utils:/home/kptal/ws_moveit2/install/moveit_configs_utils:/home/kptal/ws_moveit2/install/launch_param_builder:/opt/ros/humble /usr/bin/cmake --install /home/kptal/humanoid_ws/build/moveit_resources_panda_description
[1.411s] -- Install configuration: ""
[1.414s] -- Up-to-date: /home/kptal/humanoid_ws/install/moveit_resources_panda_description/share/ament_index/resource_index/package_run_dependencies/moveit_resources_panda_description
[1.414s] -- Up-to-date: /home/kptal/humanoid_ws/install/moveit_resources_panda_description/share/ament_index/resource_index/parent_prefix_path/moveit_resources_panda_description
[1.414s] -- Up-to-date: /home/kptal/humanoid_ws/install/moveit_resources_panda_description/share/moveit_resources_panda_description/environment/ament_prefix_path.sh
[1.415s] -- Up-to-date: /home/kptal/humanoid_ws/install/moveit_resources_panda_description/share/moveit_resources_panda_description/environment/ament_prefix_path.dsv
[1.416s] -- Up-to-date: /home/kptal/humanoid_ws/install/moveit_resources_panda_description/share/moveit_resources_panda_description/environment/path.sh
[1.417s] -- Up-to-date: /home/kptal/humanoid_ws/install/moveit_resources_panda_description/share/moveit_resources_panda_description/environment/path.dsv
[1.418s] -- Up-to-date: /home/kptal/humanoid_ws/install/moveit_resources_panda_description/share/moveit_resources_panda_description/local_setup.bash
[1.419s] -- Up-to-date: /home/kptal/humanoid_ws/install/moveit_resources_panda_description/share/moveit_resources_panda_description/local_setup.sh
[1.419s] -- Up-to-date: /home/kptal/humanoid_ws/install/moveit_resources_panda_description/share/moveit_resources_panda_description/local_setup.zsh
[1.419s] -- Up-to-date: /home/kptal/humanoid_ws/install/moveit_resources_panda_description/share/moveit_resources_panda_description/local_setup.dsv
[1.420s] -- Installing: /home/kptal/humanoid_ws/install/moveit_resources_panda_description/share/moveit_resources_panda_description/package.dsv
[1.421s] -- Up-to-date: /home/kptal/humanoid_ws/install/moveit_resources_panda_description/share/ament_index/resource_index/packages/moveit_resources_panda_description
[1.423s] -- Up-to-date: /home/kptal/humanoid_ws/install/moveit_resources_panda_description/share/moveit_resources_panda_description/cmake/moveit_resources_panda_descriptionConfig.cmake
[1.424s] -- Up-to-date: /home/kptal/humanoid_ws/install/moveit_resources_panda_description/share/moveit_resources_panda_description/cmake/moveit_resources_panda_descriptionConfig-version.cmake
[1.424s] -- Up-to-date: /home/kptal/humanoid_ws/install/moveit_resources_panda_description/share/moveit_resources_panda_description/package.xml
[1.427s] -- Up-to-date: /home/kptal/humanoid_ws/install/moveit_resources_panda_description/share/moveit_resources_panda_description/meshes
[1.430s] -- Up-to-date: /home/kptal/humanoid_ws/install/moveit_resources_panda_description/share/moveit_resources_panda_description/meshes/collision
[1.430s] -- Up-to-date: /home/kptal/humanoid_ws/install/moveit_resources_panda_description/share/moveit_resources_panda_description/meshes/collision/link4.stl
[1.430s] -- Up-to-date: /home/kptal/humanoid_ws/install/moveit_resources_panda_description/share/moveit_resources_panda_description/meshes/collision/finger.stl
[1.432s] -- Up-to-date: /home/kptal/humanoid_ws/install/moveit_resources_panda_description/share/moveit_resources_panda_description/meshes/collision/link0.stl
[1.433s] -- Up-to-date: /home/kptal/humanoid_ws/install/moveit_resources_panda_description/share/moveit_resources_panda_description/meshes/collision/link1.stl
[1.433s] -- Up-to-date: /home/kptal/humanoid_ws/install/moveit_resources_panda_description/share/moveit_resources_panda_description/meshes/collision/link7.stl
[1.433s] -- Up-to-date: /home/kptal/humanoid_ws/install/moveit_resources_panda_description/share/moveit_resources_panda_description/meshes/collision/link2.stl
[1.433s] -- Up-to-date: /home/kptal/humanoid_ws/install/moveit_resources_panda_description/share/moveit_resources_panda_description/meshes/collision/link3.stl
[1.433s] -- Up-to-date: /home/kptal/humanoid_ws/install/moveit_resources_panda_description/share/moveit_resources_panda_description/meshes/collision/hand.stl
[1.433s] -- Up-to-date: /home/kptal/humanoid_ws/install/moveit_resources_panda_description/share/moveit_resources_panda_description/meshes/collision/link6.stl
[1.442s] -- Up-to-date: /home/kptal/humanoid_ws/install/moveit_resources_panda_description/share/moveit_resources_panda_description/meshes/collision/link5.stl
[1.442s] -- Up-to-date: /home/kptal/humanoid_ws/install/moveit_resources_panda_description/share/moveit_resources_panda_description/meshes/visual
[1.442s] -- Up-to-date: /home/kptal/humanoid_ws/install/moveit_resources_panda_description/share/moveit_resources_panda_description/meshes/visual/finger.dae
[1.442s] -- Up-to-date: /home/kptal/humanoid_ws/install/moveit_resources_panda_description/share/moveit_resources_panda_description/meshes/visual/link1.dae
[1.442s] -- Up-to-date: /home/kptal/humanoid_ws/install/moveit_resources_panda_description/share/moveit_resources_panda_description/meshes/visual/hand.dae
[1.442s] -- Up-to-date: /home/kptal/humanoid_ws/install/moveit_resources_panda_description/share/moveit_resources_panda_description/meshes/visual/link5.dae
[1.442s] -- Up-to-date: /home/kptal/humanoid_ws/install/moveit_resources_panda_description/share/moveit_resources_panda_description/meshes/visual/link4.dae
[1.443s] -- Up-to-date: /home/kptal/humanoid_ws/install/moveit_resources_panda_description/share/moveit_resources_panda_description/meshes/visual/link3.dae
[1.443s] -- Up-to-date: /home/kptal/humanoid_ws/install/moveit_resources_panda_description/share/moveit_resources_panda_description/meshes/visual/link2.dae
[1.443s] -- Up-to-date: /home/kptal/humanoid_ws/install/moveit_resources_panda_description/share/moveit_resources_panda_description/meshes/visual/link7.dae
[1.443s] -- Up-to-date: /home/kptal/humanoid_ws/install/moveit_resources_panda_description/share/moveit_resources_panda_description/meshes/visual/link0.dae
[1.443s] -- Up-to-date: /home/kptal/humanoid_ws/install/moveit_resources_panda_description/share/moveit_resources_panda_description/meshes/visual/link6.dae
[1.443s] -- Up-to-date: /home/kptal/humanoid_ws/install/moveit_resources_panda_description/share/moveit_resources_panda_description/urdf
[1.443s] -- Up-to-date: /home/kptal/humanoid_ws/install/moveit_resources_panda_description/share/moveit_resources_panda_description/urdf/panda.urdf
[1.443s] -- Up-to-date: /home/kptal/humanoid_ws/install/moveit_resources_panda_description/share/moveit_resources_panda_description/urdf/dual_panda.urdf
[1.655s] Invoked command in '/home/kptal/humanoid_ws/build/moveit_resources_panda_description' returned '0': CMAKE_PREFIX_PATH=${CMAKE_PREFIX_PATH}:/home/kptal/humanoid_ws/install/moveit_configs_utils:/home/kptal/humanoid_ws/install/launch_param_builder:/home/kptal/humanoid_ws/install/ik_pick_place:/home/kptal/humanoid_ws/install/half_humanoid_control_actions:/home/kptal/humanoid_ws/install/dynamixel_test_utils:/home/kptal/ws_moveit2/install/moveit_configs_utils:/home/kptal/ws_moveit2/install/launch_param_builder:/opt/ros/humble /usr/bin/cmake --install /home/kptal/humanoid_ws/build/moveit_resources_panda_description
