-- The C compiler identification is GNU 11.4.0
-- The CXX compiler identification is GNU 11.4.0
-- Detecting C compiler ABI info
-- Detecting C compiler ABI info - done
-- Check for working C compiler: /usr/bin/cc - skipped
-- Detecting C compile features
-- Detecting C compile features - done
-- Detecting CXX compiler ABI info
-- Detecting CXX compiler ABI info - done
-- Check for working CXX compiler: /usr/bin/c++ - skipped
-- Detecting CXX compile features
-- Detecting CXX compile features - done
-- Found ament_cmake: 1.3.11 (/opt/ros/humble/share/ament_cmake/cmake)
-- Found Python3: /usr/bin/python3 (found version "3.10.12") found components: Interpreter 
-- Configuring done
-- Generating done
-- Build files have been written to: /home/kptal/humanoid_ws/build/dynamixel_sdk
[ 15%] [32mBuilding CXX object CMakeFiles/dynamixel_sdk.dir/src/dynamixel_sdk/protocol1_packet_handler.cpp.o[0m
[ 15%] [32mBuilding CXX object CMakeFiles/dynamixel_sdk.dir/src/dynamixel_sdk/group_handler.cpp.o[0m
[ 38%] [32mBuilding CXX object CMakeFiles/dynamixel_sdk.dir/src/dynamixel_sdk/group_sync_read.cpp.o[0m
[ 38%] [32mBuilding CXX object CMakeFiles/dynamixel_sdk.dir/src/dynamixel_sdk/group_fast_sync_read.cpp.o[0m
[ 46%] [32mBuilding CXX object CMakeFiles/dynamixel_sdk.dir/src/dynamixel_sdk/port_handler.cpp.o[0m
[ 53%] [32mBuilding CXX object CMakeFiles/dynamixel_sdk.dir/src/dynamixel_sdk/group_fast_bulk_read.cpp.o[0m
[ 53%] [32mBuilding CXX object CMakeFiles/dynamixel_sdk.dir/src/dynamixel_sdk/packet_handler.cpp.o[0m
[ 61%] [32mBuilding CXX object CMakeFiles/dynamixel_sdk.dir/src/dynamixel_sdk/port_handler_linux.cpp.o[0m
[ 69%] [32mBuilding CXX object CMakeFiles/dynamixel_sdk.dir/src/dynamixel_sdk/group_sync_write.cpp.o[0m
[ 76%] [32mBuilding CXX object CMakeFiles/dynamixel_sdk.dir/src/dynamixel_sdk/group_bulk_write.cpp.o[0m
[ 84%] [32mBuilding CXX object CMakeFiles/dynamixel_sdk.dir/src/dynamixel_sdk/protocol2_packet_handler.cpp.o[0m
[ 92%] [32mBuilding CXX object CMakeFiles/dynamixel_sdk.dir/src/dynamixel_sdk/group_bulk_read.cpp.o[0m
[ 92%] Built target ament_cmake_python_copy_dynamixel_sdk
running egg_info
creating dynamixel_sdk.egg-info
writing dynamixel_sdk.egg-info/PKG-INFO
writing dependency_links to dynamixel_sdk.egg-info/dependency_links.txt
writing top-level names to dynamixel_sdk.egg-info/top_level.txt
writing manifest file 'dynamixel_sdk.egg-info/SOURCES.txt'
reading manifest file 'dynamixel_sdk.egg-info/SOURCES.txt'
writing manifest file 'dynamixel_sdk.egg-info/SOURCES.txt'
[ 92%] Built target ament_cmake_python_build_dynamixel_sdk_egg
[100%] [32m[1mLinking CXX shared library libdynamixel_sdk.so[0m
[100%] Built target dynamixel_sdk
-- Install configuration: ""
-- Installing: /home/kptal/humanoid_ws/install/dynamixel_sdk/include/
-- Installing: /home/kptal/humanoid_ws/install/dynamixel_sdk/include//dynamixel_sdk
-- Installing: /home/kptal/humanoid_ws/install/dynamixel_sdk/include//dynamixel_sdk/group_bulk_write.h
-- Installing: /home/kptal/humanoid_ws/install/dynamixel_sdk/include//dynamixel_sdk/group_bulk_read.h
-- Installing: /home/kptal/humanoid_ws/install/dynamixel_sdk/include//dynamixel_sdk/packet_handler.h
-- Installing: /home/kptal/humanoid_ws/install/dynamixel_sdk/include//dynamixel_sdk/port_handler_arduino.h
-- Installing: /home/kptal/humanoid_ws/install/dynamixel_sdk/include//dynamixel_sdk/protocol1_packet_handler.h
-- Installing: /home/kptal/humanoid_ws/install/dynamixel_sdk/include//dynamixel_sdk/group_fast_sync_read.h
-- Installing: /home/kptal/humanoid_ws/install/dynamixel_sdk/include//dynamixel_sdk/dynamixel_sdk.h
-- Installing: /home/kptal/humanoid_ws/install/dynamixel_sdk/include//dynamixel_sdk/group_handler.h
-- Installing: /home/kptal/humanoid_ws/install/dynamixel_sdk/include//dynamixel_sdk/port_handler_mac.h
-- Installing: /home/kptal/humanoid_ws/install/dynamixel_sdk/include//dynamixel_sdk/protocol2_packet_handler.h
-- Installing: /home/kptal/humanoid_ws/install/dynamixel_sdk/include//dynamixel_sdk/group_sync_read.h
-- Installing: /home/kptal/humanoid_ws/install/dynamixel_sdk/include//dynamixel_sdk/port_handler.h
-- Installing: /home/kptal/humanoid_ws/install/dynamixel_sdk/include//dynamixel_sdk/group_fast_bulk_read.h
-- Installing: /home/kptal/humanoid_ws/install/dynamixel_sdk/include//dynamixel_sdk/port_handler_linux.h
-- Installing: /home/kptal/humanoid_ws/install/dynamixel_sdk/include//dynamixel_sdk/port_handler_windows.h
-- Installing: /home/kptal/humanoid_ws/install/dynamixel_sdk/include//dynamixel_sdk/group_sync_write.h
-- Installing: /home/kptal/humanoid_ws/install/dynamixel_sdk/lib/libdynamixel_sdk.so
-- Installing: /home/kptal/humanoid_ws/install/dynamixel_sdk/share/dynamixel_sdk/environment/pythonpath.sh
-- Installing: /home/kptal/humanoid_ws/install/dynamixel_sdk/share/dynamixel_sdk/environment/pythonpath.dsv
-- Installing: /home/kptal/humanoid_ws/install/dynamixel_sdk/local/lib/python3.10/dist-packages/dynamixel_sdk-3.8.2-py3.10.egg-info
-- Installing: /home/kptal/humanoid_ws/install/dynamixel_sdk/local/lib/python3.10/dist-packages/dynamixel_sdk-3.8.2-py3.10.egg-info/SOURCES.txt
-- Installing: /home/kptal/humanoid_ws/install/dynamixel_sdk/local/lib/python3.10/dist-packages/dynamixel_sdk-3.8.2-py3.10.egg-info/PKG-INFO
-- Installing: /home/kptal/humanoid_ws/install/dynamixel_sdk/local/lib/python3.10/dist-packages/dynamixel_sdk-3.8.2-py3.10.egg-info/dependency_links.txt
-- Installing: /home/kptal/humanoid_ws/install/dynamixel_sdk/local/lib/python3.10/dist-packages/dynamixel_sdk-3.8.2-py3.10.egg-info/top_level.txt
-- Installing: /home/kptal/humanoid_ws/install/dynamixel_sdk/local/lib/python3.10/dist-packages/dynamixel_sdk
-- Installing: /home/kptal/humanoid_ws/install/dynamixel_sdk/local/lib/python3.10/dist-packages/dynamixel_sdk/port_handler_windows.cpp
-- Installing: /home/kptal/humanoid_ws/install/dynamixel_sdk/local/lib/python3.10/dist-packages/dynamixel_sdk/protocol1_packet_handler.cpp
-- Installing: /home/kptal/humanoid_ws/install/dynamixel_sdk/local/lib/python3.10/dist-packages/dynamixel_sdk/group_bulk_write.py
-- Installing: /home/kptal/humanoid_ws/install/dynamixel_sdk/local/lib/python3.10/dist-packages/dynamixel_sdk/group_bulk_read.py
-- Installing: /home/kptal/humanoid_ws/install/dynamixel_sdk/local/lib/python3.10/dist-packages/dynamixel_sdk/group_bulk_write.cpp
-- Installing: /home/kptal/humanoid_ws/install/dynamixel_sdk/local/lib/python3.10/dist-packages/dynamixel_sdk/port_handler_mac.cpp
-- Installing: /home/kptal/humanoid_ws/install/dynamixel_sdk/local/lib/python3.10/dist-packages/dynamixel_sdk/group_bulk_read.cpp
-- Installing: /home/kptal/humanoid_ws/install/dynamixel_sdk/local/lib/python3.10/dist-packages/dynamixel_sdk/protocol2_packet_handler.cpp
-- Installing: /home/kptal/humanoid_ws/install/dynamixel_sdk/local/lib/python3.10/dist-packages/dynamixel_sdk/group_fast_bulk_read.cpp
-- Installing: /home/kptal/humanoid_ws/install/dynamixel_sdk/local/lib/python3.10/dist-packages/dynamixel_sdk/port_handler.cpp
-- Installing: /home/kptal/humanoid_ws/install/dynamixel_sdk/local/lib/python3.10/dist-packages/dynamixel_sdk/protocol2_packet_handler.py
-- Installing: /home/kptal/humanoid_ws/install/dynamixel_sdk/local/lib/python3.10/dist-packages/dynamixel_sdk/group_sync_read.cpp
-- Installing: /home/kptal/humanoid_ws/install/dynamixel_sdk/local/lib/python3.10/dist-packages/dynamixel_sdk/group_fast_sync_read.cpp
-- Installing: /home/kptal/humanoid_ws/install/dynamixel_sdk/local/lib/python3.10/dist-packages/dynamixel_sdk/group_sync_read.py
-- Installing: /home/kptal/humanoid_ws/install/dynamixel_sdk/local/lib/python3.10/dist-packages/dynamixel_sdk/port_handler_linux.cpp
-- Installing: /home/kptal/humanoid_ws/install/dynamixel_sdk/local/lib/python3.10/dist-packages/dynamixel_sdk/protocol1_packet_handler.py
-- Installing: /home/kptal/humanoid_ws/install/dynamixel_sdk/local/lib/python3.10/dist-packages/dynamixel_sdk/group_sync_write.cpp
-- Installing: /home/kptal/humanoid_ws/install/dynamixel_sdk/local/lib/python3.10/dist-packages/dynamixel_sdk/port_handler.py
-- Installing: /home/kptal/humanoid_ws/install/dynamixel_sdk/local/lib/python3.10/dist-packages/dynamixel_sdk/port_handler_arduino.cpp
-- Installing: /home/kptal/humanoid_ws/install/dynamixel_sdk/local/lib/python3.10/dist-packages/dynamixel_sdk/packet_handler.py
-- Installing: /home/kptal/humanoid_ws/install/dynamixel_sdk/local/lib/python3.10/dist-packages/dynamixel_sdk/group_sync_write.py
-- Installing: /home/kptal/humanoid_ws/install/dynamixel_sdk/local/lib/python3.10/dist-packages/dynamixel_sdk/robotis_def.py
-- Installing: /home/kptal/humanoid_ws/install/dynamixel_sdk/local/lib/python3.10/dist-packages/dynamixel_sdk/group_handler.cpp
-- Installing: /home/kptal/humanoid_ws/install/dynamixel_sdk/local/lib/python3.10/dist-packages/dynamixel_sdk/__init__.py
-- Installing: /home/kptal/humanoid_ws/install/dynamixel_sdk/local/lib/python3.10/dist-packages/dynamixel_sdk/packet_handler.cpp
Listing '/home/kptal/humanoid_ws/install/dynamixel_sdk/local/lib/python3.10/dist-packages/dynamixel_sdk'...
Compiling '/home/kptal/humanoid_ws/install/dynamixel_sdk/local/lib/python3.10/dist-packages/dynamixel_sdk/__init__.py'...
Compiling '/home/kptal/humanoid_ws/install/dynamixel_sdk/local/lib/python3.10/dist-packages/dynamixel_sdk/group_bulk_read.py'...
Compiling '/home/kptal/humanoid_ws/install/dynamixel_sdk/local/lib/python3.10/dist-packages/dynamixel_sdk/group_bulk_write.py'...
Compiling '/home/kptal/humanoid_ws/install/dynamixel_sdk/local/lib/python3.10/dist-packages/dynamixel_sdk/group_sync_read.py'...
Compiling '/home/kptal/humanoid_ws/install/dynamixel_sdk/local/lib/python3.10/dist-packages/dynamixel_sdk/group_sync_write.py'...
Compiling '/home/kptal/humanoid_ws/install/dynamixel_sdk/local/lib/python3.10/dist-packages/dynamixel_sdk/packet_handler.py'...
Compiling '/home/kptal/humanoid_ws/install/dynamixel_sdk/local/lib/python3.10/dist-packages/dynamixel_sdk/port_handler.py'...
Compiling '/home/kptal/humanoid_ws/install/dynamixel_sdk/local/lib/python3.10/dist-packages/dynamixel_sdk/protocol1_packet_handler.py'...
Compiling '/home/kptal/humanoid_ws/install/dynamixel_sdk/local/lib/python3.10/dist-packages/dynamixel_sdk/protocol2_packet_handler.py'...
Compiling '/home/kptal/humanoid_ws/install/dynamixel_sdk/local/lib/python3.10/dist-packages/dynamixel_sdk/robotis_def.py'...
-- Installing: /home/kptal/humanoid_ws/install/dynamixel_sdk/share/dynamixel_sdk/environment/library_path.sh
-- Installing: /home/kptal/humanoid_ws/install/dynamixel_sdk/share/dynamixel_sdk/environment/library_path.dsv
-- Installing: /home/kptal/humanoid_ws/install/dynamixel_sdk/share/ament_index/resource_index/package_run_dependencies/dynamixel_sdk
-- Installing: /home/kptal/humanoid_ws/install/dynamixel_sdk/share/ament_index/resource_index/parent_prefix_path/dynamixel_sdk
-- Installing: /home/kptal/humanoid_ws/install/dynamixel_sdk/share/dynamixel_sdk/environment/ament_prefix_path.sh
-- Installing: /home/kptal/humanoid_ws/install/dynamixel_sdk/share/dynamixel_sdk/environment/ament_prefix_path.dsv
-- Installing: /home/kptal/humanoid_ws/install/dynamixel_sdk/share/dynamixel_sdk/environment/path.sh
-- Installing: /home/kptal/humanoid_ws/install/dynamixel_sdk/share/dynamixel_sdk/environment/path.dsv
-- Installing: /home/kptal/humanoid_ws/install/dynamixel_sdk/share/dynamixel_sdk/local_setup.bash
-- Installing: /home/kptal/humanoid_ws/install/dynamixel_sdk/share/dynamixel_sdk/local_setup.sh
-- Installing: /home/kptal/humanoid_ws/install/dynamixel_sdk/share/dynamixel_sdk/local_setup.zsh
-- Installing: /home/kptal/humanoid_ws/install/dynamixel_sdk/share/dynamixel_sdk/local_setup.dsv
-- Installing: /home/kptal/humanoid_ws/install/dynamixel_sdk/share/dynamixel_sdk/package.dsv
-- Installing: /home/kptal/humanoid_ws/install/dynamixel_sdk/share/ament_index/resource_index/packages/dynamixel_sdk
-- Installing: /home/kptal/humanoid_ws/install/dynamixel_sdk/share/dynamixel_sdk/cmake/ament_cmake_export_include_directories-extras.cmake
-- Installing: /home/kptal/humanoid_ws/install/dynamixel_sdk/share/dynamixel_sdk/cmake/ament_cmake_export_libraries-extras.cmake
-- Installing: /home/kptal/humanoid_ws/install/dynamixel_sdk/share/dynamixel_sdk/cmake/dynamixel_sdkConfig.cmake
-- Installing: /home/kptal/humanoid_ws/install/dynamixel_sdk/share/dynamixel_sdk/cmake/dynamixel_sdkConfig-version.cmake
-- Installing: /home/kptal/humanoid_ws/install/dynamixel_sdk/share/dynamixel_sdk/package.xml
