[0.016s] Invoking command in '/home/kptal/humanoid_ws/build/dynamixel_sdk': CMAKE_PREFIX_PATH=${CMAKE_PREFIX_PATH}:/home/kptal/humanoid_ws/install/moveit_configs_utils:/home/kptal/humanoid_ws/install/launch_param_builder:/home/kptal/humanoid_ws/install/ik_pick_place:/home/kptal/humanoid_ws/install/half_humanoid_control_actions:/home/kptal/humanoid_ws/install/dynamixel_test_utils:/home/kptal/ws_moveit2/install/moveit_configs_utils:/home/kptal/ws_moveit2/install/launch_param_builder:/opt/ros/humble /usr/bin/cmake /home/kptal/humanoid_ws/src/DynamixelSDK/ros/dynamixel_sdk -DCMAKE_INSTALL_PREFIX=/home/kptal/humanoid_ws/install/dynamixel_sdk
[0.097s] -- The C compiler identification is GNU 11.4.0
[0.192s] -- The CXX compiler identification is GNU 11.4.0
[0.205s] -- Detecting C compiler ABI info
[0.311s] -- Detecting C compiler ABI info - done
[0.319s] -- Check for working C compiler: /usr/bin/cc - skipped
[0.319s] -- Detecting C compile features
[0.319s] -- Detecting C compile features - done
[0.323s] -- Detecting CXX compiler ABI info
[0.434s] -- Detecting CXX compiler ABI info - done
[0.441s] -- Check for working CXX compiler: /usr/bin/c++ - skipped
[0.441s] -- Detecting CXX compile features
[0.442s] -- Detecting CXX compile features - done
[0.448s] -- Found ament_cmake: 1.3.11 (/opt/ros/humble/share/ament_cmake/cmake)
[0.634s] -- Found Python3: /usr/bin/python3 (found version "3.10.12") found components: Interpreter 
[1.105s] -- Configuring done
[1.109s] -- Generating done
[1.111s] -- Build files have been written to: /home/kptal/humanoid_ws/build/dynamixel_sdk
[1.114s] Invoked command in '/home/kptal/humanoid_ws/build/dynamixel_sdk' returned '0': CMAKE_PREFIX_PATH=${CMAKE_PREFIX_PATH}:/home/kptal/humanoid_ws/install/moveit_configs_utils:/home/kptal/humanoid_ws/install/launch_param_builder:/home/kptal/humanoid_ws/install/ik_pick_place:/home/kptal/humanoid_ws/install/half_humanoid_control_actions:/home/kptal/humanoid_ws/install/dynamixel_test_utils:/home/kptal/ws_moveit2/install/moveit_configs_utils:/home/kptal/ws_moveit2/install/launch_param_builder:/opt/ros/humble /usr/bin/cmake /home/kptal/humanoid_ws/src/DynamixelSDK/ros/dynamixel_sdk -DCMAKE_INSTALL_PREFIX=/home/kptal/humanoid_ws/install/dynamixel_sdk
[1.115s] Invoking command in '/home/kptal/humanoid_ws/build/dynamixel_sdk': CMAKE_PREFIX_PATH=${CMAKE_PREFIX_PATH}:/home/kptal/humanoid_ws/install/moveit_configs_utils:/home/kptal/humanoid_ws/install/launch_param_builder:/home/kptal/humanoid_ws/install/ik_pick_place:/home/kptal/humanoid_ws/install/half_humanoid_control_actions:/home/kptal/humanoid_ws/install/dynamixel_test_utils:/home/kptal/ws_moveit2/install/moveit_configs_utils:/home/kptal/ws_moveit2/install/launch_param_builder:/opt/ros/humble /usr/bin/cmake --build /home/kptal/humanoid_ws/build/dynamixel_sdk -- -j18 -l18
[1.189s] [ 15%] [32mBuilding CXX object CMakeFiles/dynamixel_sdk.dir/src/dynamixel_sdk/protocol1_packet_handler.cpp.o[0m
[1.190s] [ 15%] [32mBuilding CXX object CMakeFiles/dynamixel_sdk.dir/src/dynamixel_sdk/group_handler.cpp.o[0m
[1.192s] [ 38%] [32mBuilding CXX object CMakeFiles/dynamixel_sdk.dir/src/dynamixel_sdk/group_sync_read.cpp.o[0m
[1.192s] [ 38%] [32mBuilding CXX object CMakeFiles/dynamixel_sdk.dir/src/dynamixel_sdk/group_fast_sync_read.cpp.o[0m
[1.193s] [ 46%] [32mBuilding CXX object CMakeFiles/dynamixel_sdk.dir/src/dynamixel_sdk/port_handler.cpp.o[0m
[1.193s] [ 53%] [32mBuilding CXX object CMakeFiles/dynamixel_sdk.dir/src/dynamixel_sdk/group_fast_bulk_read.cpp.o[0m
[1.193s] [ 53%] [32mBuilding CXX object CMakeFiles/dynamixel_sdk.dir/src/dynamixel_sdk/packet_handler.cpp.o[0m
[1.196s] [ 61%] [32mBuilding CXX object CMakeFiles/dynamixel_sdk.dir/src/dynamixel_sdk/port_handler_linux.cpp.o[0m
[1.197s] [ 69%] [32mBuilding CXX object CMakeFiles/dynamixel_sdk.dir/src/dynamixel_sdk/group_sync_write.cpp.o[0m
[1.201s] [ 76%] [32mBuilding CXX object CMakeFiles/dynamixel_sdk.dir/src/dynamixel_sdk/group_bulk_write.cpp.o[0m
[1.201s] [ 84%] [32mBuilding CXX object CMakeFiles/dynamixel_sdk.dir/src/dynamixel_sdk/protocol2_packet_handler.cpp.o[0m
[1.205s] [ 92%] [32mBuilding CXX object CMakeFiles/dynamixel_sdk.dir/src/dynamixel_sdk/group_bulk_read.cpp.o[0m
[1.216s] [ 92%] Built target ament_cmake_python_copy_dynamixel_sdk
[1.487s] [01m[K/home/kptal/humanoid_ws/src/DynamixelSDK/ros/dynamixel_sdk/src/dynamixel_sdk/group_sync_read.cpp:[m[K In member function ‘[01m[Kbool dynamixel::GroupSyncRead::getError(uint8_t, uint8_t*)[m[K’:
[1.488s] [01m[K/home/kptal/humanoid_ws/src/DynamixelSDK/ros/dynamixel_sdk/src/dynamixel_sdk/group_sync_read.cpp:201:19:[m[K [01;35m[Kwarning: [m[Ksuggest parentheses around assignment used as truth value [[01;35m[K]8;;https://gcc.gnu.org/onlinedocs/gcc/Warning-Options.html#index-Wparentheses-Wparentheses]8;;[m[K]
[1.488s]   201 |   return [01;35m[Kerror[0] = error_list_[id][0][m[K;
[1.488s]       |          [01;35m[K~~~~~~~~~^~~~~~~~~~~~~~~~~~~~[m[K
[1.620s] running egg_info
[1.621s] creating dynamixel_sdk.egg-info
[1.621s] writing dynamixel_sdk.egg-info/PKG-INFO
[1.621s] writing dependency_links to dynamixel_sdk.egg-info/dependency_links.txt
[1.621s] writing top-level names to dynamixel_sdk.egg-info/top_level.txt
[1.622s] writing manifest file 'dynamixel_sdk.egg-info/SOURCES.txt'
[1.625s] reading manifest file 'dynamixel_sdk.egg-info/SOURCES.txt'
[1.625s] writing manifest file 'dynamixel_sdk.egg-info/SOURCES.txt'
[1.641s] [01m[K/home/kptal/humanoid_ws/src/DynamixelSDK/ros/dynamixel_sdk/src/dynamixel_sdk/group_bulk_read.cpp:[m[K In member function ‘[01m[Kbool dynamixel::GroupBulkRead::getError(uint8_t, uint8_t*)[m[K’:
[1.642s] [01m[K/home/kptal/humanoid_ws/src/DynamixelSDK/ros/dynamixel_sdk/src/dynamixel_sdk/group_bulk_read.cpp:232:19:[m[K [01;35m[Kwarning: [m[Ksuggest parentheses around assignment used as truth value [[01;35m[K]8;;https://gcc.gnu.org/onlinedocs/gcc/Warning-Options.html#index-Wparentheses-Wparentheses]8;;[m[K]
[1.642s]   232 |   return [01;35m[Kerror[0] = error_list_[id][0][m[K;
[1.642s]       |          [01;35m[K~~~~~~~~~^~~~~~~~~~~~~~~~~~~~[m[K
[1.687s] [ 92%] Built target ament_cmake_python_build_dynamixel_sdk_egg
[2.062s] [100%] [32m[1mLinking CXX shared library libdynamixel_sdk.so[0m
[2.234s] [100%] Built target dynamixel_sdk
[2.249s] Invoked command in '/home/kptal/humanoid_ws/build/dynamixel_sdk' returned '0': CMAKE_PREFIX_PATH=${CMAKE_PREFIX_PATH}:/home/kptal/humanoid_ws/install/moveit_configs_utils:/home/kptal/humanoid_ws/install/launch_param_builder:/home/kptal/humanoid_ws/install/ik_pick_place:/home/kptal/humanoid_ws/install/half_humanoid_control_actions:/home/kptal/humanoid_ws/install/dynamixel_test_utils:/home/kptal/ws_moveit2/install/moveit_configs_utils:/home/kptal/ws_moveit2/install/launch_param_builder:/opt/ros/humble /usr/bin/cmake --build /home/kptal/humanoid_ws/build/dynamixel_sdk -- -j18 -l18
[2.251s] Invoking command in '/home/kptal/humanoid_ws/build/dynamixel_sdk': CMAKE_PREFIX_PATH=${CMAKE_PREFIX_PATH}:/home/kptal/humanoid_ws/install/moveit_configs_utils:/home/kptal/humanoid_ws/install/launch_param_builder:/home/kptal/humanoid_ws/install/ik_pick_place:/home/kptal/humanoid_ws/install/half_humanoid_control_actions:/home/kptal/humanoid_ws/install/dynamixel_test_utils:/home/kptal/ws_moveit2/install/moveit_configs_utils:/home/kptal/ws_moveit2/install/launch_param_builder:/opt/ros/humble /usr/bin/cmake --install /home/kptal/humanoid_ws/build/dynamixel_sdk
[2.262s] -- Install configuration: ""
[2.262s] -- Installing: /home/kptal/humanoid_ws/install/dynamixel_sdk/include/
[2.263s] -- Installing: /home/kptal/humanoid_ws/install/dynamixel_sdk/include//dynamixel_sdk
[2.263s] -- Installing: /home/kptal/humanoid_ws/install/dynamixel_sdk/include//dynamixel_sdk/group_bulk_write.h
[2.263s] -- Installing: /home/kptal/humanoid_ws/install/dynamixel_sdk/include//dynamixel_sdk/group_bulk_read.h
[2.263s] -- Installing: /home/kptal/humanoid_ws/install/dynamixel_sdk/include//dynamixel_sdk/packet_handler.h
[2.263s] -- Installing: /home/kptal/humanoid_ws/install/dynamixel_sdk/include//dynamixel_sdk/port_handler_arduino.h
[2.263s] -- Installing: /home/kptal/humanoid_ws/install/dynamixel_sdk/include//dynamixel_sdk/protocol1_packet_handler.h
[2.264s] -- Installing: /home/kptal/humanoid_ws/install/dynamixel_sdk/include//dynamixel_sdk/group_fast_sync_read.h
[2.264s] -- Installing: /home/kptal/humanoid_ws/install/dynamixel_sdk/include//dynamixel_sdk/dynamixel_sdk.h
[2.264s] -- Installing: /home/kptal/humanoid_ws/install/dynamixel_sdk/include//dynamixel_sdk/group_handler.h
[2.264s] -- Installing: /home/kptal/humanoid_ws/install/dynamixel_sdk/include//dynamixel_sdk/port_handler_mac.h
[2.264s] -- Installing: /home/kptal/humanoid_ws/install/dynamixel_sdk/include//dynamixel_sdk/protocol2_packet_handler.h
[2.264s] -- Installing: /home/kptal/humanoid_ws/install/dynamixel_sdk/include//dynamixel_sdk/group_sync_read.h
[2.264s] -- Installing: /home/kptal/humanoid_ws/install/dynamixel_sdk/include//dynamixel_sdk/port_handler.h
[2.264s] -- Installing: /home/kptal/humanoid_ws/install/dynamixel_sdk/include//dynamixel_sdk/group_fast_bulk_read.h
[2.264s] -- Installing: /home/kptal/humanoid_ws/install/dynamixel_sdk/include//dynamixel_sdk/port_handler_linux.h
[2.264s] -- Installing: /home/kptal/humanoid_ws/install/dynamixel_sdk/include//dynamixel_sdk/port_handler_windows.h
[2.265s] -- Installing: /home/kptal/humanoid_ws/install/dynamixel_sdk/include//dynamixel_sdk/group_sync_write.h
[2.265s] -- Installing: /home/kptal/humanoid_ws/install/dynamixel_sdk/lib/libdynamixel_sdk.so
[2.265s] -- Installing: /home/kptal/humanoid_ws/install/dynamixel_sdk/share/dynamixel_sdk/environment/pythonpath.sh
[2.265s] -- Installing: /home/kptal/humanoid_ws/install/dynamixel_sdk/share/dynamixel_sdk/environment/pythonpath.dsv
[2.266s] -- Installing: /home/kptal/humanoid_ws/install/dynamixel_sdk/local/lib/python3.10/dist-packages/dynamixel_sdk-3.8.2-py3.10.egg-info
[2.266s] -- Installing: /home/kptal/humanoid_ws/install/dynamixel_sdk/local/lib/python3.10/dist-packages/dynamixel_sdk-3.8.2-py3.10.egg-info/SOURCES.txt
[2.266s] -- Installing: /home/kptal/humanoid_ws/install/dynamixel_sdk/local/lib/python3.10/dist-packages/dynamixel_sdk-3.8.2-py3.10.egg-info/PKG-INFO
[2.266s] -- Installing: /home/kptal/humanoid_ws/install/dynamixel_sdk/local/lib/python3.10/dist-packages/dynamixel_sdk-3.8.2-py3.10.egg-info/dependency_links.txt
[2.266s] -- Installing: /home/kptal/humanoid_ws/install/dynamixel_sdk/local/lib/python3.10/dist-packages/dynamixel_sdk-3.8.2-py3.10.egg-info/top_level.txt
[2.266s] -- Installing: /home/kptal/humanoid_ws/install/dynamixel_sdk/local/lib/python3.10/dist-packages/dynamixel_sdk
[2.266s] -- Installing: /home/kptal/humanoid_ws/install/dynamixel_sdk/local/lib/python3.10/dist-packages/dynamixel_sdk/port_handler_windows.cpp
[2.266s] -- Installing: /home/kptal/humanoid_ws/install/dynamixel_sdk/local/lib/python3.10/dist-packages/dynamixel_sdk/protocol1_packet_handler.cpp
[2.266s] -- Installing: /home/kptal/humanoid_ws/install/dynamixel_sdk/local/lib/python3.10/dist-packages/dynamixel_sdk/group_bulk_write.py
[2.266s] -- Installing: /home/kptal/humanoid_ws/install/dynamixel_sdk/local/lib/python3.10/dist-packages/dynamixel_sdk/group_bulk_read.py
[2.266s] -- Installing: /home/kptal/humanoid_ws/install/dynamixel_sdk/local/lib/python3.10/dist-packages/dynamixel_sdk/group_bulk_write.cpp
[2.266s] -- Installing: /home/kptal/humanoid_ws/install/dynamixel_sdk/local/lib/python3.10/dist-packages/dynamixel_sdk/port_handler_mac.cpp
[2.267s] -- Installing: /home/kptal/humanoid_ws/install/dynamixel_sdk/local/lib/python3.10/dist-packages/dynamixel_sdk/group_bulk_read.cpp
[2.267s] -- Installing: /home/kptal/humanoid_ws/install/dynamixel_sdk/local/lib/python3.10/dist-packages/dynamixel_sdk/protocol2_packet_handler.cpp
[2.267s] -- Installing: /home/kptal/humanoid_ws/install/dynamixel_sdk/local/lib/python3.10/dist-packages/dynamixel_sdk/group_fast_bulk_read.cpp
[2.267s] -- Installing: /home/kptal/humanoid_ws/install/dynamixel_sdk/local/lib/python3.10/dist-packages/dynamixel_sdk/port_handler.cpp
[2.267s] -- Installing: /home/kptal/humanoid_ws/install/dynamixel_sdk/local/lib/python3.10/dist-packages/dynamixel_sdk/protocol2_packet_handler.py
[2.267s] -- Installing: /home/kptal/humanoid_ws/install/dynamixel_sdk/local/lib/python3.10/dist-packages/dynamixel_sdk/group_sync_read.cpp
[2.267s] -- Installing: /home/kptal/humanoid_ws/install/dynamixel_sdk/local/lib/python3.10/dist-packages/dynamixel_sdk/group_fast_sync_read.cpp
[2.267s] -- Installing: /home/kptal/humanoid_ws/install/dynamixel_sdk/local/lib/python3.10/dist-packages/dynamixel_sdk/group_sync_read.py
[2.267s] -- Installing: /home/kptal/humanoid_ws/install/dynamixel_sdk/local/lib/python3.10/dist-packages/dynamixel_sdk/port_handler_linux.cpp
[2.267s] -- Installing: /home/kptal/humanoid_ws/install/dynamixel_sdk/local/lib/python3.10/dist-packages/dynamixel_sdk/protocol1_packet_handler.py
[2.267s] -- Installing: /home/kptal/humanoid_ws/install/dynamixel_sdk/local/lib/python3.10/dist-packages/dynamixel_sdk/group_sync_write.cpp
[2.267s] -- Installing: /home/kptal/humanoid_ws/install/dynamixel_sdk/local/lib/python3.10/dist-packages/dynamixel_sdk/port_handler.py
[2.268s] -- Installing: /home/kptal/humanoid_ws/install/dynamixel_sdk/local/lib/python3.10/dist-packages/dynamixel_sdk/port_handler_arduino.cpp
[2.268s] -- Installing: /home/kptal/humanoid_ws/install/dynamixel_sdk/local/lib/python3.10/dist-packages/dynamixel_sdk/packet_handler.py
[2.268s] -- Installing: /home/kptal/humanoid_ws/install/dynamixel_sdk/local/lib/python3.10/dist-packages/dynamixel_sdk/group_sync_write.py
[2.268s] -- Installing: /home/kptal/humanoid_ws/install/dynamixel_sdk/local/lib/python3.10/dist-packages/dynamixel_sdk/robotis_def.py
[2.268s] -- Installing: /home/kptal/humanoid_ws/install/dynamixel_sdk/local/lib/python3.10/dist-packages/dynamixel_sdk/group_handler.cpp
[2.268s] -- Installing: /home/kptal/humanoid_ws/install/dynamixel_sdk/local/lib/python3.10/dist-packages/dynamixel_sdk/__init__.py
[2.268s] -- Installing: /home/kptal/humanoid_ws/install/dynamixel_sdk/local/lib/python3.10/dist-packages/dynamixel_sdk/packet_handler.cpp
[2.347s] Listing '/home/kptal/humanoid_ws/install/dynamixel_sdk/local/lib/python3.10/dist-packages/dynamixel_sdk'...
[2.347s] Compiling '/home/kptal/humanoid_ws/install/dynamixel_sdk/local/lib/python3.10/dist-packages/dynamixel_sdk/__init__.py'...
[2.347s] Compiling '/home/kptal/humanoid_ws/install/dynamixel_sdk/local/lib/python3.10/dist-packages/dynamixel_sdk/group_bulk_read.py'...
[2.347s] Compiling '/home/kptal/humanoid_ws/install/dynamixel_sdk/local/lib/python3.10/dist-packages/dynamixel_sdk/group_bulk_write.py'...
[2.347s] Compiling '/home/kptal/humanoid_ws/install/dynamixel_sdk/local/lib/python3.10/dist-packages/dynamixel_sdk/group_sync_read.py'...
[2.347s] Compiling '/home/kptal/humanoid_ws/install/dynamixel_sdk/local/lib/python3.10/dist-packages/dynamixel_sdk/group_sync_write.py'...
[2.347s] Compiling '/home/kptal/humanoid_ws/install/dynamixel_sdk/local/lib/python3.10/dist-packages/dynamixel_sdk/packet_handler.py'...
[2.347s] Compiling '/home/kptal/humanoid_ws/install/dynamixel_sdk/local/lib/python3.10/dist-packages/dynamixel_sdk/port_handler.py'...
[2.347s] Compiling '/home/kptal/humanoid_ws/install/dynamixel_sdk/local/lib/python3.10/dist-packages/dynamixel_sdk/protocol1_packet_handler.py'...
[2.347s] Compiling '/home/kptal/humanoid_ws/install/dynamixel_sdk/local/lib/python3.10/dist-packages/dynamixel_sdk/protocol2_packet_handler.py'...
[2.348s] Compiling '/home/kptal/humanoid_ws/install/dynamixel_sdk/local/lib/python3.10/dist-packages/dynamixel_sdk/robotis_def.py'...
[2.354s] -- Installing: /home/kptal/humanoid_ws/install/dynamixel_sdk/share/dynamixel_sdk/environment/library_path.sh
[2.354s] -- Installing: /home/kptal/humanoid_ws/install/dynamixel_sdk/share/dynamixel_sdk/environment/library_path.dsv
[2.354s] -- Installing: /home/kptal/humanoid_ws/install/dynamixel_sdk/share/ament_index/resource_index/package_run_dependencies/dynamixel_sdk
[2.354s] -- Installing: /home/kptal/humanoid_ws/install/dynamixel_sdk/share/ament_index/resource_index/parent_prefix_path/dynamixel_sdk
[2.354s] -- Installing: /home/kptal/humanoid_ws/install/dynamixel_sdk/share/dynamixel_sdk/environment/ament_prefix_path.sh
[2.354s] -- Installing: /home/kptal/humanoid_ws/install/dynamixel_sdk/share/dynamixel_sdk/environment/ament_prefix_path.dsv
[2.354s] -- Installing: /home/kptal/humanoid_ws/install/dynamixel_sdk/share/dynamixel_sdk/environment/path.sh
[2.355s] -- Installing: /home/kptal/humanoid_ws/install/dynamixel_sdk/share/dynamixel_sdk/environment/path.dsv
[2.355s] -- Installing: /home/kptal/humanoid_ws/install/dynamixel_sdk/share/dynamixel_sdk/local_setup.bash
[2.355s] -- Installing: /home/kptal/humanoid_ws/install/dynamixel_sdk/share/dynamixel_sdk/local_setup.sh
[2.355s] -- Installing: /home/kptal/humanoid_ws/install/dynamixel_sdk/share/dynamixel_sdk/local_setup.zsh
[2.355s] -- Installing: /home/kptal/humanoid_ws/install/dynamixel_sdk/share/dynamixel_sdk/local_setup.dsv
[2.355s] -- Installing: /home/kptal/humanoid_ws/install/dynamixel_sdk/share/dynamixel_sdk/package.dsv
[2.355s] -- Installing: /home/kptal/humanoid_ws/install/dynamixel_sdk/share/ament_index/resource_index/packages/dynamixel_sdk
[2.355s] -- Installing: /home/kptal/humanoid_ws/install/dynamixel_sdk/share/dynamixel_sdk/cmake/ament_cmake_export_include_directories-extras.cmake
[2.355s] -- Installing: /home/kptal/humanoid_ws/install/dynamixel_sdk/share/dynamixel_sdk/cmake/ament_cmake_export_libraries-extras.cmake
[2.356s] -- Installing: /home/kptal/humanoid_ws/install/dynamixel_sdk/share/dynamixel_sdk/cmake/dynamixel_sdkConfig.cmake
[2.356s] -- Installing: /home/kptal/humanoid_ws/install/dynamixel_sdk/share/dynamixel_sdk/cmake/dynamixel_sdkConfig-version.cmake
[2.356s] -- Installing: /home/kptal/humanoid_ws/install/dynamixel_sdk/share/dynamixel_sdk/package.xml
[2.358s] Invoked command in '/home/kptal/humanoid_ws/build/dynamixel_sdk' returned '0': CMAKE_PREFIX_PATH=${CMAKE_PREFIX_PATH}:/home/kptal/humanoid_ws/install/moveit_configs_utils:/home/kptal/humanoid_ws/install/launch_param_builder:/home/kptal/humanoid_ws/install/ik_pick_place:/home/kptal/humanoid_ws/install/half_humanoid_control_actions:/home/kptal/humanoid_ws/install/dynamixel_test_utils:/home/kptal/ws_moveit2/install/moveit_configs_utils:/home/kptal/ws_moveit2/install/launch_param_builder:/opt/ros/humble /usr/bin/cmake --install /home/kptal/humanoid_ws/build/dynamixel_sdk
