[0.092s] Invoking command in '/home/kptal/humanoid_ws/build/rosparam_shortcuts': CMAKE_PREFIX_PATH=${CMAKE_PREFIX_PATH}:/home/kptal/humanoid_ws/install/moveit_configs_utils:/home/kptal/humanoid_ws/install/launch_param_builder:/home/kptal/humanoid_ws/install/ik_pick_place:/home/kptal/humanoid_ws/install/half_humanoid_control_actions:/home/kptal/humanoid_ws/install/dynamixel_test_utils:/home/kptal/ws_moveit2/install/moveit_configs_utils:/home/kptal/ws_moveit2/install/launch_param_builder:/opt/ros/humble /usr/bin/cmake /home/kptal/humanoid_ws/src/rosparam_shortcuts -DCMAKE_INSTALL_PREFIX=/home/kptal/humanoid_ws/install/rosparam_shortcuts
[0.660s] -- The C compiler identification is GNU 11.4.0
[1.073s] -- The CXX compiler identification is GNU 11.4.0
[1.139s] -- Detecting C compiler ABI info
[1.596s] -- Detecting C compiler ABI info - done
[1.626s] -- Check for working C compiler: /usr/bin/cc - skipped
[1.629s] -- Detecting C compile features
[1.629s] -- Detecting C compile features - done
[1.643s] -- Detecting CXX compiler ABI info
[2.215s] -- Detecting CXX compiler ABI info - done
[2.283s] -- Check for working CXX compiler: /usr/bin/c++ - skipped
[2.284s] -- Detecting CXX compile features
[2.286s] -- Detecting CXX compile features - done
[2.361s] -- Found ament_cmake: 1.3.11 (/opt/ros/humble/share/ament_cmake/cmake)
[3.973s] -- Found Python3: /usr/bin/python3 (found version "3.10.12") found components: Interpreter 
[4.798s] -- Found eigen3_cmake_module: 0.1.1 (/opt/ros/humble/share/eigen3_cmake_module/cmake)
[4.860s] -- Found Eigen3: TRUE (found version "3.4.0") 
[4.887s] -- Found geometry_msgs: 4.8.0 (/opt/ros/humble/share/geometry_msgs/cmake)
[5.735s] -- Found rosidl_generator_c: 3.1.6 (/opt/ros/humble/share/rosidl_generator_c/cmake)
[5.799s] -- Found rosidl_adapter: 3.1.6 (/opt/ros/humble/share/rosidl_adapter/cmake)
[5.866s] -- Found rosidl_generator_cpp: 3.1.6 (/opt/ros/humble/share/rosidl_generator_cpp/cmake)
[5.969s] -- Using all available rosidl_typesupport_c: rosidl_typesupport_fastrtps_c;rosidl_typesupport_introspection_c
[6.099s] -- Using all available rosidl_typesupport_cpp: rosidl_typesupport_fastrtps_cpp;rosidl_typesupport_introspection_cpp
[6.320s] -- Found rclcpp: 16.0.12 (/opt/ros/humble/share/rclcpp/cmake)
[6.660s] -- Found rmw_implementation_cmake: 6.1.2 (/opt/ros/humble/share/rmw_implementation_cmake/cmake)
[6.735s] -- Found rmw_fastrtps_cpp: 6.2.7 (/opt/ros/humble/share/rmw_fastrtps_cpp/cmake)
[7.701s] -- Found OpenSSL: /usr/lib/x86_64-linux-gnu/libcrypto.so (found version "3.0.2")  
[8.110s] -- Found FastRTPS: /opt/ros/humble/include  
[8.456s] -- Using RMW implementation 'rmw_fastrtps_cpp' as default
[8.567s] -- Looking for pthread.h
[9.055s] -- Looking for pthread.h - found
[9.055s] -- Performing Test CMAKE_HAVE_LIBC_PTHREAD
[10.037s] -- Performing Test CMAKE_HAVE_LIBC_PTHREAD - Success
[10.073s] -- Found Threads: TRUE  
[10.343s] -- Found tf2_eigen: 0.25.12 (/opt/ros/humble/share/tf2_eigen/cmake)
[11.759s] -- Found ament_lint_auto: 0.12.12 (/opt/ros/humble/share/ament_lint_auto/cmake)
[11.815s] -- Found ament_cmake_gtest: 1.3.11 (/opt/ros/humble/share/ament_cmake_gtest/cmake)
[11.844s] -- Found ros_testing: 0.4.0 (/opt/ros/humble/share/ros_testing/cmake)
[11.866s] -- Found launch_testing_ament_cmake: 1.0.8 (/opt/ros/humble/share/launch_testing_ament_cmake/cmake)
[11.893s] -- Found python_cmake_module: 0.10.0 (/opt/ros/humble/share/python_cmake_module/cmake)
[12.128s] -- Found PythonInterp: /usr/bin/python3 (found suitable version "3.10.12", minimum required is "3.6") 
[12.169s] -- Found PythonLibs: /usr/lib/x86_64-linux-gnu/libpython3.10.so (found suitable version "3.10.12", minimum required is "3.5") 
[12.172s] -- Using PYTHON_EXECUTABLE: /usr/bin/python3
[12.172s] -- Using PYTHON_INCLUDE_DIRS: /usr/include/python3.10
[12.173s] -- Using PYTHON_LIBRARIES: /usr/lib/x86_64-linux-gnu/libpython3.10.so
[12.361s] -- Found PythonExtra: .so  
[13.624s] -- Found gtest sources under '/opt/ros/humble/src/gtest_vendor': C++ tests using 'Google Test' will be built
[13.839s] -- Added test 'copyright' to check source files copyright and LICENSE
[13.853s] -- Added test 'lint_cmake' to check CMake code style
[13.875s] -- Added test 'pep257' to check Python code against some of the docstring style conventions in PEP 257
[13.880s] -- Added test 'xmllint' to check XML markup files
[13.904s] -- Configuring done
[14.120s] -- Generating done
[14.175s] -- Build files have been written to: /home/kptal/humanoid_ws/build/rosparam_shortcuts
[14.218s] Invoked command in '/home/kptal/humanoid_ws/build/rosparam_shortcuts' returned '0': CMAKE_PREFIX_PATH=${CMAKE_PREFIX_PATH}:/home/kptal/humanoid_ws/install/moveit_configs_utils:/home/kptal/humanoid_ws/install/launch_param_builder:/home/kptal/humanoid_ws/install/ik_pick_place:/home/kptal/humanoid_ws/install/half_humanoid_control_actions:/home/kptal/humanoid_ws/install/dynamixel_test_utils:/home/kptal/ws_moveit2/install/moveit_configs_utils:/home/kptal/ws_moveit2/install/launch_param_builder:/opt/ros/humble /usr/bin/cmake /home/kptal/humanoid_ws/src/rosparam_shortcuts -DCMAKE_INSTALL_PREFIX=/home/kptal/humanoid_ws/install/rosparam_shortcuts
[14.220s] Invoking command in '/home/kptal/humanoid_ws/build/rosparam_shortcuts': CMAKE_PREFIX_PATH=${CMAKE_PREFIX_PATH}:/home/kptal/humanoid_ws/install/moveit_configs_utils:/home/kptal/humanoid_ws/install/launch_param_builder:/home/kptal/humanoid_ws/install/ik_pick_place:/home/kptal/humanoid_ws/install/half_humanoid_control_actions:/home/kptal/humanoid_ws/install/dynamixel_test_utils:/home/kptal/ws_moveit2/install/moveit_configs_utils:/home/kptal/ws_moveit2/install/launch_param_builder:/opt/ros/humble /usr/bin/cmake --build /home/kptal/humanoid_ws/build/rosparam_shortcuts -- -j18 -l18
[14.900s] [  7%] [32mBuilding CXX object CMakeFiles/rosparam_shortcuts.dir/src/rosparam_shortcuts.cpp.o[0m
[14.908s] [ 15%] [32mBuilding CXX object gtest/CMakeFiles/gtest.dir/src/gtest-all.cc.o[0m
[14.926s] [ 23%] [32mBuilding CXX object CMakeFiles/rosparam_shortcuts.dir/src/node_parameters.cpp.o[0m
[14.951s] [ 30%] [32mBuilding CXX object gtest/CMakeFiles/gtest_main.dir/src/gtest_main.cc.o[0m
[18.700s] [ 38%] [32m[1mLinking CXX static library libgtest_main.a[0m
[18.876s] [ 38%] Built target gtest_main
[25.776s] [ 46%] [32m[1mLinking CXX static library libgtest.a[0m
[25.963s] [ 46%] Built target gtest
[37.411s] [ 53%] [32m[1mLinking CXX shared library librosparam_shortcuts.so[0m
[37.758s] [ 53%] Built target rosparam_shortcuts
[37.847s] [ 61%] [32mBuilding CXX object CMakeFiles/rosparam_shortcuts_node_parameters_example.dir/src/node_parameters_example.cpp.o[0m
[37.855s] [ 69%] [32mBuilding CXX object CMakeFiles/rosparam_shortcuts_example.dir/src/example.cpp.o[0m
[37.880s] [ 76%] [32mBuilding CXX object CMakeFiles/test_node_parameters.dir/test/test_node_parameters.cpp.o[0m
[52.681s] [ 84%] [32m[1mLinking CXX executable example[0m
[53.751s] [ 84%] Built target rosparam_shortcuts_example
[54.908s] [ 92%] [32m[1mLinking CXX executable node_parameters_example[0m
[55.732s] [ 92%] Built target rosparam_shortcuts_node_parameters_example
[63.033s] [100%] [32m[1mLinking CXX executable test_node_parameters[0m
[64.238s] [100%] Built target test_node_parameters
[64.315s] Invoked command in '/home/kptal/humanoid_ws/build/rosparam_shortcuts' returned '0': CMAKE_PREFIX_PATH=${CMAKE_PREFIX_PATH}:/home/kptal/humanoid_ws/install/moveit_configs_utils:/home/kptal/humanoid_ws/install/launch_param_builder:/home/kptal/humanoid_ws/install/ik_pick_place:/home/kptal/humanoid_ws/install/half_humanoid_control_actions:/home/kptal/humanoid_ws/install/dynamixel_test_utils:/home/kptal/ws_moveit2/install/moveit_configs_utils:/home/kptal/ws_moveit2/install/launch_param_builder:/opt/ros/humble /usr/bin/cmake --build /home/kptal/humanoid_ws/build/rosparam_shortcuts -- -j18 -l18
[64.339s] Invoking command in '/home/kptal/humanoid_ws/build/rosparam_shortcuts': CMAKE_PREFIX_PATH=${CMAKE_PREFIX_PATH}:/home/kptal/humanoid_ws/install/moveit_configs_utils:/home/kptal/humanoid_ws/install/launch_param_builder:/home/kptal/humanoid_ws/install/ik_pick_place:/home/kptal/humanoid_ws/install/half_humanoid_control_actions:/home/kptal/humanoid_ws/install/dynamixel_test_utils:/home/kptal/ws_moveit2/install/moveit_configs_utils:/home/kptal/ws_moveit2/install/launch_param_builder:/opt/ros/humble /usr/bin/cmake --install /home/kptal/humanoid_ws/build/rosparam_shortcuts
[64.408s] -- Install configuration: ""
[64.413s] -- Installing: /home/kptal/humanoid_ws/install/rosparam_shortcuts/lib/librosparam_shortcuts.so
[64.420s] -- Set runtime path of "/home/kptal/humanoid_ws/install/rosparam_shortcuts/lib/librosparam_shortcuts.so" to ""
[64.420s] -- Installing: /home/kptal/humanoid_ws/install/rosparam_shortcuts/lib/rosparam_shortcuts/example
[64.423s] -- Set runtime path of "/home/kptal/humanoid_ws/install/rosparam_shortcuts/lib/rosparam_shortcuts/example" to ""
[64.427s] -- Installing: /home/kptal/humanoid_ws/install/rosparam_shortcuts/lib/rosparam_shortcuts/node_parameters_example
[64.429s] -- Set runtime path of "/home/kptal/humanoid_ws/install/rosparam_shortcuts/lib/rosparam_shortcuts/node_parameters_example" to ""
[64.429s] -- Installing: /home/kptal/humanoid_ws/install/rosparam_shortcuts/include
[64.429s] -- Installing: /home/kptal/humanoid_ws/install/rosparam_shortcuts/include/rosparam_shortcuts
[64.436s] -- Installing: /home/kptal/humanoid_ws/install/rosparam_shortcuts/include/rosparam_shortcuts/rosparam_shortcuts.h
[64.437s] -- Installing: /home/kptal/humanoid_ws/install/rosparam_shortcuts/include/rosparam_shortcuts/node_parameters.h
[64.437s] -- Installing: /home/kptal/humanoid_ws/install/rosparam_shortcuts/share/rosparam_shortcuts/launch
[64.438s] -- Installing: /home/kptal/humanoid_ws/install/rosparam_shortcuts/share/rosparam_shortcuts/launch/example.launch.py
[64.438s] -- Installing: /home/kptal/humanoid_ws/install/rosparam_shortcuts/share/rosparam_shortcuts/config
[64.439s] -- Installing: /home/kptal/humanoid_ws/install/rosparam_shortcuts/share/rosparam_shortcuts/config/example.yaml
[64.442s] -- Installing: /home/kptal/humanoid_ws/install/rosparam_shortcuts/share/rosparam_shortcuts/environment/library_path.sh
[64.442s] -- Installing: /home/kptal/humanoid_ws/install/rosparam_shortcuts/share/rosparam_shortcuts/environment/library_path.dsv
[64.443s] -- Installing: /home/kptal/humanoid_ws/install/rosparam_shortcuts/share/ament_index/resource_index/package_run_dependencies/rosparam_shortcuts
[64.445s] -- Installing: /home/kptal/humanoid_ws/install/rosparam_shortcuts/share/ament_index/resource_index/parent_prefix_path/rosparam_shortcuts
[64.448s] -- Installing: /home/kptal/humanoid_ws/install/rosparam_shortcuts/share/rosparam_shortcuts/environment/ament_prefix_path.sh
[64.449s] -- Installing: /home/kptal/humanoid_ws/install/rosparam_shortcuts/share/rosparam_shortcuts/environment/ament_prefix_path.dsv
[64.449s] -- Installing: /home/kptal/humanoid_ws/install/rosparam_shortcuts/share/rosparam_shortcuts/environment/path.sh
[64.450s] -- Installing: /home/kptal/humanoid_ws/install/rosparam_shortcuts/share/rosparam_shortcuts/environment/path.dsv
[64.450s] -- Installing: /home/kptal/humanoid_ws/install/rosparam_shortcuts/share/rosparam_shortcuts/local_setup.bash
[64.454s] -- Installing: /home/kptal/humanoid_ws/install/rosparam_shortcuts/share/rosparam_shortcuts/local_setup.sh
[64.455s] -- Installing: /home/kptal/humanoid_ws/install/rosparam_shortcuts/share/rosparam_shortcuts/local_setup.zsh
[64.455s] -- Installing: /home/kptal/humanoid_ws/install/rosparam_shortcuts/share/rosparam_shortcuts/local_setup.dsv
[64.456s] -- Installing: /home/kptal/humanoid_ws/install/rosparam_shortcuts/share/rosparam_shortcuts/package.dsv
[64.456s] -- Installing: /home/kptal/humanoid_ws/install/rosparam_shortcuts/share/ament_index/resource_index/packages/rosparam_shortcuts
[64.458s] -- Installing: /home/kptal/humanoid_ws/install/rosparam_shortcuts/share/rosparam_shortcuts/cmake/export_rosparam_shortcutsExport.cmake
[64.458s] -- Installing: /home/kptal/humanoid_ws/install/rosparam_shortcuts/share/rosparam_shortcuts/cmake/export_rosparam_shortcutsExport-noconfig.cmake
[64.458s] -- Installing: /home/kptal/humanoid_ws/install/rosparam_shortcuts/share/rosparam_shortcuts/cmake/ament_cmake_export_targets-extras.cmake
[64.458s] -- Installing: /home/kptal/humanoid_ws/install/rosparam_shortcuts/share/rosparam_shortcuts/cmake/ament_cmake_export_dependencies-extras.cmake
[64.459s] -- Installing: /home/kptal/humanoid_ws/install/rosparam_shortcuts/share/rosparam_shortcuts/cmake/rosparam_shortcutsConfig.cmake
[64.460s] -- Installing: /home/kptal/humanoid_ws/install/rosparam_shortcuts/share/rosparam_shortcuts/cmake/rosparam_shortcutsConfig-version.cmake
[64.460s] -- Installing: /home/kptal/humanoid_ws/install/rosparam_shortcuts/share/rosparam_shortcuts/package.xml
[64.486s] Invoked command in '/home/kptal/humanoid_ws/build/rosparam_shortcuts' returned '0': CMAKE_PREFIX_PATH=${CMAKE_PREFIX_PATH}:/home/kptal/humanoid_ws/install/moveit_configs_utils:/home/kptal/humanoid_ws/install/launch_param_builder:/home/kptal/humanoid_ws/install/ik_pick_place:/home/kptal/humanoid_ws/install/half_humanoid_control_actions:/home/kptal/humanoid_ws/install/dynamixel_test_utils:/home/kptal/ws_moveit2/install/moveit_configs_utils:/home/kptal/ws_moveit2/install/launch_param_builder:/opt/ros/humble /usr/bin/cmake --install /home/kptal/humanoid_ws/build/rosparam_shortcuts
