running egg_info
writing ../../build/half_humanoid_control_actions/half_humanoid_control_actions.egg-info/PKG-INFO
writing dependency_links to ../../build/half_humanoid_control_actions/half_humanoid_control_actions.egg-info/dependency_links.txt
writing entry points to ../../build/half_humanoid_control_actions/half_humanoid_control_actions.egg-info/entry_points.txt
writing requirements to ../../build/half_humanoid_control_actions/half_humanoid_control_actions.egg-info/requires.txt
writing top-level names to ../../build/half_humanoid_control_actions/half_humanoid_control_actions.egg-info/top_level.txt
reading manifest file '../../build/half_humanoid_control_actions/half_humanoid_control_actions.egg-info/SOURCES.txt'
writing manifest file '../../build/half_humanoid_control_actions/half_humanoid_control_actions.egg-info/SOURCES.txt'
running build
running build_py
running install
running install_lib
running install_data
running install_egg_info
removing '/home/kptal/humanoid_ws/install/half_humanoid_control_actions/lib/python3.10/site-packages/half_humanoid_control_actions-0.0.0-py3.10.egg-info' (and everything under it)
Copying ../../build/half_humanoid_control_actions/half_humanoid_control_actions.egg-info to /home/kptal/humanoid_ws/install/half_humanoid_control_actions/lib/python3.10/site-packages/half_humanoid_control_actions-0.0.0-py3.10.egg-info
running install_scripts
Installing humanoid_action_client script to /home/kptal/humanoid_ws/install/half_humanoid_control_actions/lib/half_humanoid_control_actions
Installing humanoid_command_listener script to /home/kptal/humanoid_ws/install/half_humanoid_control_actions/lib/half_humanoid_control_actions
Installing humanoid_command_publisher script to /home/kptal/humanoid_ws/install/half_humanoid_control_actions/lib/half_humanoid_control_actions
Installing obstacle_publisher script to /home/kptal/humanoid_ws/install/half_humanoid_control_actions/lib/half_humanoid_control_actions
writing list of installed files to '/home/kptal/humanoid_ws/build/half_humanoid_control_actions/install.log'
