[0.917s] Invoking command in '/home/kptal/humanoid_ws/src/half_humanoid_control_actions': PYTHONPATH=/home/kptal/humanoid_ws/build/half_humanoid_control_actions/prefix_override:/usr/lib/python3/dist-packages/colcon_core/task/python/colcon_distutils_commands:/home/kptal/humanoid_ws/install/half_humanoid_control_actions/lib/python3.10/site-packages:${PYTHONPATH} /usr/bin/python3 -W ignore:setup.py install is deprecated -W ignore:easy_install command is deprecated setup.py egg_info --egg-base ../../build/half_humanoid_control_actions build --build-base /home/kptal/humanoid_ws/build/half_humanoid_control_actions/build install --record /home/kptal/humanoid_ws/build/half_humanoid_control_actions/install.log --single-version-externally-managed install_data
[1.328s] running egg_info
[1.329s] writing ../../build/half_humanoid_control_actions/half_humanoid_control_actions.egg-info/PKG-INFO
[1.329s] writing dependency_links to ../../build/half_humanoid_control_actions/half_humanoid_control_actions.egg-info/dependency_links.txt
[1.329s] writing entry points to ../../build/half_humanoid_control_actions/half_humanoid_control_actions.egg-info/entry_points.txt
[1.329s] writing requirements to ../../build/half_humanoid_control_actions/half_humanoid_control_actions.egg-info/requires.txt
[1.329s] writing top-level names to ../../build/half_humanoid_control_actions/half_humanoid_control_actions.egg-info/top_level.txt
[1.332s] reading manifest file '../../build/half_humanoid_control_actions/half_humanoid_control_actions.egg-info/SOURCES.txt'
[1.333s] writing manifest file '../../build/half_humanoid_control_actions/half_humanoid_control_actions.egg-info/SOURCES.txt'
[1.333s] running build
[1.334s] running build_py
[1.334s] running install
[1.334s] running install_lib
[1.336s] running install_data
[1.337s] running install_egg_info
[1.339s] removing '/home/kptal/humanoid_ws/install/half_humanoid_control_actions/lib/python3.10/site-packages/half_humanoid_control_actions-0.0.0-py3.10.egg-info' (and everything under it)
[1.340s] Copying ../../build/half_humanoid_control_actions/half_humanoid_control_actions.egg-info to /home/kptal/humanoid_ws/install/half_humanoid_control_actions/lib/python3.10/site-packages/half_humanoid_control_actions-0.0.0-py3.10.egg-info
[1.341s] running install_scripts
[1.375s] Installing humanoid_action_client script to /home/kptal/humanoid_ws/install/half_humanoid_control_actions/lib/half_humanoid_control_actions
[1.376s] Installing humanoid_command_listener script to /home/kptal/humanoid_ws/install/half_humanoid_control_actions/lib/half_humanoid_control_actions
[1.376s] Installing humanoid_command_publisher script to /home/kptal/humanoid_ws/install/half_humanoid_control_actions/lib/half_humanoid_control_actions
[1.376s] Installing obstacle_publisher script to /home/kptal/humanoid_ws/install/half_humanoid_control_actions/lib/half_humanoid_control_actions
[1.376s] writing list of installed files to '/home/kptal/humanoid_ws/build/half_humanoid_control_actions/install.log'
[1.414s] Invoked command in '/home/kptal/humanoid_ws/src/half_humanoid_control_actions' returned '0': PYTHONPATH=/home/kptal/humanoid_ws/build/half_humanoid_control_actions/prefix_override:/usr/lib/python3/dist-packages/colcon_core/task/python/colcon_distutils_commands:/home/kptal/humanoid_ws/install/half_humanoid_control_actions/lib/python3.10/site-packages:${PYTHONPATH} /usr/bin/python3 -W ignore:setup.py install is deprecated -W ignore:easy_install command is deprecated setup.py egg_info --egg-base ../../build/half_humanoid_control_actions build --build-base /home/kptal/humanoid_ws/build/half_humanoid_control_actions/build install --record /home/kptal/humanoid_ws/build/half_humanoid_control_actions/install.log --single-version-externally-managed install_data
