[0.016s] Invoking command in '/home/kptal/humanoid_ws/build/dynamixel_interfaces': CMAKE_PREFIX_PATH=${CMAKE_PREFIX_PATH}:/home/kptal/humanoid_ws/install/moveit_configs_utils:/home/kptal/humanoid_ws/install/launch_param_builder:/home/kptal/humanoid_ws/install/ik_pick_place:/home/kptal/humanoid_ws/install/half_humanoid_control_actions:/home/kptal/humanoid_ws/install/dynamixel_test_utils:/home/kptal/ws_moveit2/install/moveit_configs_utils:/home/kptal/ws_moveit2/install/launch_param_builder:/opt/ros/humble /usr/bin/cmake --build /home/kptal/humanoid_ws/build/dynamixel_interfaces -- -j18 -l18
[0.094s] [ 10%] Built target dynamixel_interfaces__rosidl_generator_c
[0.097s] [ 12%] Built target dynamixel_interfaces__cpp
[0.109s] [ 12%] Built target ament_cmake_python_copy_dynamixel_interfaces
[0.130s] [ 23%] Built target dynamixel_interfaces__rosidl_typesupport_introspection_c
[0.134s] [ 34%] Built target dynamixel_interfaces__rosidl_typesupport_fastrtps_c
[0.135s] [ 45%] Built target dynamixel_interfaces__rosidl_typesupport_c
[0.140s] [ 56%] Built target dynamixel_interfaces__rosidl_typesupport_cpp
[0.141s] [ 67%] Built target dynamixel_interfaces__rosidl_typesupport_introspection_cpp
[0.150s] [ 78%] Built target dynamixel_interfaces__rosidl_typesupport_fastrtps_cpp
[0.188s] [ 78%] Built target dynamixel_interfaces
[0.228s] [ 80%] Built target dynamixel_interfaces__py
[0.263s] [ 89%] Built target dynamixel_interfaces__rosidl_generator_py
[0.296s] [ 96%] Built target dynamixel_interfaces__rosidl_typesupport_fastrtps_c__pyext
[0.296s] [ 96%] Built target dynamixel_interfaces__rosidl_typesupport_introspection_c__pyext
[0.304s] [100%] Built target dynamixel_interfaces__rosidl_typesupport_c__pyext
[0.343s] running egg_info
[0.344s] writing dynamixel_interfaces.egg-info/PKG-INFO
[0.344s] writing dependency_links to dynamixel_interfaces.egg-info/dependency_links.txt
[0.344s] writing top-level names to dynamixel_interfaces.egg-info/top_level.txt
[0.347s] reading manifest file 'dynamixel_interfaces.egg-info/SOURCES.txt'
[0.347s] writing manifest file 'dynamixel_interfaces.egg-info/SOURCES.txt'
[0.378s] [100%] Built target ament_cmake_python_build_dynamixel_interfaces_egg
[0.391s] Invoked command in '/home/kptal/humanoid_ws/build/dynamixel_interfaces' returned '0': CMAKE_PREFIX_PATH=${CMAKE_PREFIX_PATH}:/home/kptal/humanoid_ws/install/moveit_configs_utils:/home/kptal/humanoid_ws/install/launch_param_builder:/home/kptal/humanoid_ws/install/ik_pick_place:/home/kptal/humanoid_ws/install/half_humanoid_control_actions:/home/kptal/humanoid_ws/install/dynamixel_test_utils:/home/kptal/ws_moveit2/install/moveit_configs_utils:/home/kptal/ws_moveit2/install/launch_param_builder:/opt/ros/humble /usr/bin/cmake --build /home/kptal/humanoid_ws/build/dynamixel_interfaces -- -j18 -l18
[0.396s] Invoking command in '/home/kptal/humanoid_ws/build/dynamixel_interfaces': CMAKE_PREFIX_PATH=${CMAKE_PREFIX_PATH}:/home/kptal/humanoid_ws/install/moveit_configs_utils:/home/kptal/humanoid_ws/install/launch_param_builder:/home/kptal/humanoid_ws/install/ik_pick_place:/home/kptal/humanoid_ws/install/half_humanoid_control_actions:/home/kptal/humanoid_ws/install/dynamixel_test_utils:/home/kptal/ws_moveit2/install/moveit_configs_utils:/home/kptal/ws_moveit2/install/launch_param_builder:/opt/ros/humble /usr/bin/cmake --install /home/kptal/humanoid_ws/build/dynamixel_interfaces
[0.409s] -- Install configuration: ""
[0.409s] -- Up-to-date: /home/kptal/humanoid_ws/install/dynamixel_interfaces/share/ament_index/resource_index/rosidl_interfaces/dynamixel_interfaces
[0.409s] -- Up-to-date: /home/kptal/humanoid_ws/install/dynamixel_interfaces/include/dynamixel_interfaces/dynamixel_interfaces
[0.409s] -- Up-to-date: /home/kptal/humanoid_ws/install/dynamixel_interfaces/include/dynamixel_interfaces/dynamixel_interfaces/msg
[0.409s] -- Up-to-date: /home/kptal/humanoid_ws/install/dynamixel_interfaces/include/dynamixel_interfaces/dynamixel_interfaces/msg/rosidl_generator_c__visibility_control.h
[0.409s] -- Up-to-date: /home/kptal/humanoid_ws/install/dynamixel_interfaces/include/dynamixel_interfaces/dynamixel_interfaces/msg/dynamixel_state.h
[0.409s] -- Up-to-date: /home/kptal/humanoid_ws/install/dynamixel_interfaces/include/dynamixel_interfaces/dynamixel_interfaces/msg/detail
[0.409s] -- Up-to-date: /home/kptal/humanoid_ws/install/dynamixel_interfaces/include/dynamixel_interfaces/dynamixel_interfaces/msg/detail/dynamixel_state__functions.h
[0.409s] -- Up-to-date: /home/kptal/humanoid_ws/install/dynamixel_interfaces/include/dynamixel_interfaces/dynamixel_interfaces/msg/detail/dynamixel_state__type_support.h
[0.409s] -- Up-to-date: /home/kptal/humanoid_ws/install/dynamixel_interfaces/include/dynamixel_interfaces/dynamixel_interfaces/msg/detail/dynamixel_state__functions.c
[0.410s] -- Up-to-date: /home/kptal/humanoid_ws/install/dynamixel_interfaces/include/dynamixel_interfaces/dynamixel_interfaces/msg/detail/dynamixel_state__struct.h
[0.410s] -- Up-to-date: /home/kptal/humanoid_ws/install/dynamixel_interfaces/include/dynamixel_interfaces/dynamixel_interfaces/srv
[0.410s] -- Up-to-date: /home/kptal/humanoid_ws/install/dynamixel_interfaces/include/dynamixel_interfaces/dynamixel_interfaces/srv/set_data_to_dxl.h
[0.410s] -- Up-to-date: /home/kptal/humanoid_ws/install/dynamixel_interfaces/include/dynamixel_interfaces/dynamixel_interfaces/srv/get_data_from_dxl.h
[0.410s] -- Up-to-date: /home/kptal/humanoid_ws/install/dynamixel_interfaces/include/dynamixel_interfaces/dynamixel_interfaces/srv/detail
[0.410s] -- Up-to-date: /home/kptal/humanoid_ws/install/dynamixel_interfaces/include/dynamixel_interfaces/dynamixel_interfaces/srv/detail/set_data_to_dxl__functions.h
[0.410s] -- Up-to-date: /home/kptal/humanoid_ws/install/dynamixel_interfaces/include/dynamixel_interfaces/dynamixel_interfaces/srv/detail/set_data_to_dxl__type_support.h
[0.410s] -- Up-to-date: /home/kptal/humanoid_ws/install/dynamixel_interfaces/include/dynamixel_interfaces/dynamixel_interfaces/srv/detail/set_data_to_dxl__struct.h
[0.410s] -- Up-to-date: /home/kptal/humanoid_ws/install/dynamixel_interfaces/include/dynamixel_interfaces/dynamixel_interfaces/srv/detail/get_data_from_dxl__functions.h
[0.410s] -- Up-to-date: /home/kptal/humanoid_ws/install/dynamixel_interfaces/include/dynamixel_interfaces/dynamixel_interfaces/srv/detail/set_data_to_dxl__functions.c
[0.410s] -- Up-to-date: /home/kptal/humanoid_ws/install/dynamixel_interfaces/include/dynamixel_interfaces/dynamixel_interfaces/srv/detail/reboot_dxl__functions.c
[0.410s] -- Up-to-date: /home/kptal/humanoid_ws/install/dynamixel_interfaces/include/dynamixel_interfaces/dynamixel_interfaces/srv/detail/get_data_from_dxl__type_support.h
[0.410s] -- Up-to-date: /home/kptal/humanoid_ws/install/dynamixel_interfaces/include/dynamixel_interfaces/dynamixel_interfaces/srv/detail/reboot_dxl__type_support.h
[0.410s] -- Up-to-date: /home/kptal/humanoid_ws/install/dynamixel_interfaces/include/dynamixel_interfaces/dynamixel_interfaces/srv/detail/reboot_dxl__functions.h
[0.410s] -- Up-to-date: /home/kptal/humanoid_ws/install/dynamixel_interfaces/include/dynamixel_interfaces/dynamixel_interfaces/srv/detail/get_data_from_dxl__functions.c
[0.410s] -- Up-to-date: /home/kptal/humanoid_ws/install/dynamixel_interfaces/include/dynamixel_interfaces/dynamixel_interfaces/srv/detail/get_data_from_dxl__struct.h
[0.410s] -- Up-to-date: /home/kptal/humanoid_ws/install/dynamixel_interfaces/include/dynamixel_interfaces/dynamixel_interfaces/srv/detail/reboot_dxl__struct.h
[0.410s] -- Up-to-date: /home/kptal/humanoid_ws/install/dynamixel_interfaces/include/dynamixel_interfaces/dynamixel_interfaces/srv/reboot_dxl.h
[0.411s] -- Up-to-date: /home/kptal/humanoid_ws/install/dynamixel_interfaces/share/dynamixel_interfaces/environment/library_path.sh
[0.411s] -- Up-to-date: /home/kptal/humanoid_ws/install/dynamixel_interfaces/share/dynamixel_interfaces/environment/library_path.dsv
[0.411s] -- Up-to-date: /home/kptal/humanoid_ws/install/dynamixel_interfaces/lib/libdynamixel_interfaces__rosidl_generator_c.so
[0.411s] -- Up-to-date: /home/kptal/humanoid_ws/install/dynamixel_interfaces/include/dynamixel_interfaces/dynamixel_interfaces
[0.411s] -- Up-to-date: /home/kptal/humanoid_ws/install/dynamixel_interfaces/include/dynamixel_interfaces/dynamixel_interfaces/msg
[0.411s] -- Up-to-date: /home/kptal/humanoid_ws/install/dynamixel_interfaces/include/dynamixel_interfaces/dynamixel_interfaces/msg/rosidl_typesupport_fastrtps_c__visibility_control.h
[0.411s] -- Up-to-date: /home/kptal/humanoid_ws/install/dynamixel_interfaces/include/dynamixel_interfaces/dynamixel_interfaces/msg/detail
[0.412s] -- Up-to-date: /home/kptal/humanoid_ws/install/dynamixel_interfaces/include/dynamixel_interfaces/dynamixel_interfaces/msg/detail/dynamixel_state__rosidl_typesupport_fastrtps_c.h
[0.412s] -- Up-to-date: /home/kptal/humanoid_ws/install/dynamixel_interfaces/include/dynamixel_interfaces/dynamixel_interfaces/srv
[0.412s] -- Up-to-date: /home/kptal/humanoid_ws/install/dynamixel_interfaces/include/dynamixel_interfaces/dynamixel_interfaces/srv/detail
[0.412s] -- Up-to-date: /home/kptal/humanoid_ws/install/dynamixel_interfaces/include/dynamixel_interfaces/dynamixel_interfaces/srv/detail/get_data_from_dxl__rosidl_typesupport_fastrtps_c.h
[0.412s] -- Up-to-date: /home/kptal/humanoid_ws/install/dynamixel_interfaces/include/dynamixel_interfaces/dynamixel_interfaces/srv/detail/reboot_dxl__rosidl_typesupport_fastrtps_c.h
[0.412s] -- Up-to-date: /home/kptal/humanoid_ws/install/dynamixel_interfaces/include/dynamixel_interfaces/dynamixel_interfaces/srv/detail/set_data_to_dxl__rosidl_typesupport_fastrtps_c.h
[0.412s] -- Up-to-date: /home/kptal/humanoid_ws/install/dynamixel_interfaces/lib/libdynamixel_interfaces__rosidl_typesupport_fastrtps_c.so
[0.413s] -- Up-to-date: /home/kptal/humanoid_ws/install/dynamixel_interfaces/include/dynamixel_interfaces/dynamixel_interfaces
[0.413s] -- Up-to-date: /home/kptal/humanoid_ws/install/dynamixel_interfaces/include/dynamixel_interfaces/dynamixel_interfaces/msg
[0.413s] -- Up-to-date: /home/kptal/humanoid_ws/install/dynamixel_interfaces/include/dynamixel_interfaces/dynamixel_interfaces/msg/rosidl_generator_cpp__visibility_control.hpp
[0.413s] -- Up-to-date: /home/kptal/humanoid_ws/install/dynamixel_interfaces/include/dynamixel_interfaces/dynamixel_interfaces/msg/detail
[0.413s] -- Up-to-date: /home/kptal/humanoid_ws/install/dynamixel_interfaces/include/dynamixel_interfaces/dynamixel_interfaces/msg/detail/dynamixel_state__builder.hpp
[0.413s] -- Up-to-date: /home/kptal/humanoid_ws/install/dynamixel_interfaces/include/dynamixel_interfaces/dynamixel_interfaces/msg/detail/dynamixel_state__struct.hpp
[0.413s] -- Up-to-date: /home/kptal/humanoid_ws/install/dynamixel_interfaces/include/dynamixel_interfaces/dynamixel_interfaces/msg/detail/dynamixel_state__type_support.hpp
[0.413s] -- Up-to-date: /home/kptal/humanoid_ws/install/dynamixel_interfaces/include/dynamixel_interfaces/dynamixel_interfaces/msg/detail/dynamixel_state__traits.hpp
[0.413s] -- Up-to-date: /home/kptal/humanoid_ws/install/dynamixel_interfaces/include/dynamixel_interfaces/dynamixel_interfaces/msg/dynamixel_state.hpp
[0.413s] -- Up-to-date: /home/kptal/humanoid_ws/install/dynamixel_interfaces/include/dynamixel_interfaces/dynamixel_interfaces/srv
[0.413s] -- Up-to-date: /home/kptal/humanoid_ws/install/dynamixel_interfaces/include/dynamixel_interfaces/dynamixel_interfaces/srv/get_data_from_dxl.hpp
[0.413s] -- Up-to-date: /home/kptal/humanoid_ws/install/dynamixel_interfaces/include/dynamixel_interfaces/dynamixel_interfaces/srv/reboot_dxl.hpp
[0.413s] -- Up-to-date: /home/kptal/humanoid_ws/install/dynamixel_interfaces/include/dynamixel_interfaces/dynamixel_interfaces/srv/detail
[0.413s] -- Up-to-date: /home/kptal/humanoid_ws/install/dynamixel_interfaces/include/dynamixel_interfaces/dynamixel_interfaces/srv/detail/get_data_from_dxl__struct.hpp
[0.413s] -- Up-to-date: /home/kptal/humanoid_ws/install/dynamixel_interfaces/include/dynamixel_interfaces/dynamixel_interfaces/srv/detail/reboot_dxl__builder.hpp
[0.414s] -- Up-to-date: /home/kptal/humanoid_ws/install/dynamixel_interfaces/include/dynamixel_interfaces/dynamixel_interfaces/srv/detail/get_data_from_dxl__builder.hpp
[0.414s] -- Up-to-date: /home/kptal/humanoid_ws/install/dynamixel_interfaces/include/dynamixel_interfaces/dynamixel_interfaces/srv/detail/reboot_dxl__type_support.hpp
[0.414s] -- Up-to-date: /home/kptal/humanoid_ws/install/dynamixel_interfaces/include/dynamixel_interfaces/dynamixel_interfaces/srv/detail/reboot_dxl__traits.hpp
[0.414s] -- Up-to-date: /home/kptal/humanoid_ws/install/dynamixel_interfaces/include/dynamixel_interfaces/dynamixel_interfaces/srv/detail/set_data_to_dxl__type_support.hpp
[0.414s] -- Up-to-date: /home/kptal/humanoid_ws/install/dynamixel_interfaces/include/dynamixel_interfaces/dynamixel_interfaces/srv/detail/get_data_from_dxl__traits.hpp
[0.414s] -- Up-to-date: /home/kptal/humanoid_ws/install/dynamixel_interfaces/include/dynamixel_interfaces/dynamixel_interfaces/srv/detail/set_data_to_dxl__builder.hpp
[0.414s] -- Up-to-date: /home/kptal/humanoid_ws/install/dynamixel_interfaces/include/dynamixel_interfaces/dynamixel_interfaces/srv/detail/reboot_dxl__struct.hpp
[0.414s] -- Up-to-date: /home/kptal/humanoid_ws/install/dynamixel_interfaces/include/dynamixel_interfaces/dynamixel_interfaces/srv/detail/set_data_to_dxl__struct.hpp
[0.414s] -- Up-to-date: /home/kptal/humanoid_ws/install/dynamixel_interfaces/include/dynamixel_interfaces/dynamixel_interfaces/srv/detail/set_data_to_dxl__traits.hpp
[0.415s] -- Up-to-date: /home/kptal/humanoid_ws/install/dynamixel_interfaces/include/dynamixel_interfaces/dynamixel_interfaces/srv/detail/get_data_from_dxl__type_support.hpp
[0.415s] -- Up-to-date: /home/kptal/humanoid_ws/install/dynamixel_interfaces/include/dynamixel_interfaces/dynamixel_interfaces/srv/set_data_to_dxl.hpp
[0.415s] -- Up-to-date: /home/kptal/humanoid_ws/install/dynamixel_interfaces/include/dynamixel_interfaces/dynamixel_interfaces
[0.415s] -- Up-to-date: /home/kptal/humanoid_ws/install/dynamixel_interfaces/include/dynamixel_interfaces/dynamixel_interfaces/msg
[0.415s] -- Up-to-date: /home/kptal/humanoid_ws/install/dynamixel_interfaces/include/dynamixel_interfaces/dynamixel_interfaces/msg/detail
[0.415s] -- Up-to-date: /home/kptal/humanoid_ws/install/dynamixel_interfaces/include/dynamixel_interfaces/dynamixel_interfaces/msg/detail/dynamixel_state__rosidl_typesupport_fastrtps_cpp.hpp
[0.415s] -- Up-to-date: /home/kptal/humanoid_ws/install/dynamixel_interfaces/include/dynamixel_interfaces/dynamixel_interfaces/msg/detail/dds_fastrtps
[0.415s] -- Up-to-date: /home/kptal/humanoid_ws/install/dynamixel_interfaces/include/dynamixel_interfaces/dynamixel_interfaces/msg/rosidl_typesupport_fastrtps_cpp__visibility_control.h
[0.415s] -- Up-to-date: /home/kptal/humanoid_ws/install/dynamixel_interfaces/include/dynamixel_interfaces/dynamixel_interfaces/srv
[0.416s] -- Up-to-date: /home/kptal/humanoid_ws/install/dynamixel_interfaces/include/dynamixel_interfaces/dynamixel_interfaces/srv/detail
[0.416s] -- Up-to-date: /home/kptal/humanoid_ws/install/dynamixel_interfaces/include/dynamixel_interfaces/dynamixel_interfaces/srv/detail/set_data_to_dxl__rosidl_typesupport_fastrtps_cpp.hpp
[0.416s] -- Up-to-date: /home/kptal/humanoid_ws/install/dynamixel_interfaces/include/dynamixel_interfaces/dynamixel_interfaces/srv/detail/get_data_from_dxl__rosidl_typesupport_fastrtps_cpp.hpp
[0.416s] -- Up-to-date: /home/kptal/humanoid_ws/install/dynamixel_interfaces/include/dynamixel_interfaces/dynamixel_interfaces/srv/detail/dds_fastrtps
[0.416s] -- Up-to-date: /home/kptal/humanoid_ws/install/dynamixel_interfaces/include/dynamixel_interfaces/dynamixel_interfaces/srv/detail/reboot_dxl__rosidl_typesupport_fastrtps_cpp.hpp
[0.416s] -- Up-to-date: /home/kptal/humanoid_ws/install/dynamixel_interfaces/lib/libdynamixel_interfaces__rosidl_typesupport_fastrtps_cpp.so
[0.416s] -- Up-to-date: /home/kptal/humanoid_ws/install/dynamixel_interfaces/include/dynamixel_interfaces/dynamixel_interfaces
[0.416s] -- Up-to-date: /home/kptal/humanoid_ws/install/dynamixel_interfaces/include/dynamixel_interfaces/dynamixel_interfaces/msg
[0.417s] -- Up-to-date: /home/kptal/humanoid_ws/install/dynamixel_interfaces/include/dynamixel_interfaces/dynamixel_interfaces/msg/rosidl_typesupport_introspection_c__visibility_control.h
[0.417s] -- Up-to-date: /home/kptal/humanoid_ws/install/dynamixel_interfaces/include/dynamixel_interfaces/dynamixel_interfaces/msg/detail
[0.417s] -- Up-to-date: /home/kptal/humanoid_ws/install/dynamixel_interfaces/include/dynamixel_interfaces/dynamixel_interfaces/msg/detail/dynamixel_state__type_support.c
[0.418s] -- Up-to-date: /home/kptal/humanoid_ws/install/dynamixel_interfaces/include/dynamixel_interfaces/dynamixel_interfaces/msg/detail/dynamixel_state__rosidl_typesupport_introspection_c.h
[0.418s] -- Up-to-date: /home/kptal/humanoid_ws/install/dynamixel_interfaces/include/dynamixel_interfaces/dynamixel_interfaces/srv
[0.418s] -- Up-to-date: /home/kptal/humanoid_ws/install/dynamixel_interfaces/include/dynamixel_interfaces/dynamixel_interfaces/srv/detail
[0.418s] -- Up-to-date: /home/kptal/humanoid_ws/install/dynamixel_interfaces/include/dynamixel_interfaces/dynamixel_interfaces/srv/detail/reboot_dxl__rosidl_typesupport_introspection_c.h
[0.418s] -- Up-to-date: /home/kptal/humanoid_ws/install/dynamixel_interfaces/include/dynamixel_interfaces/dynamixel_interfaces/srv/detail/get_data_from_dxl__type_support.c
[0.418s] -- Up-to-date: /home/kptal/humanoid_ws/install/dynamixel_interfaces/include/dynamixel_interfaces/dynamixel_interfaces/srv/detail/set_data_to_dxl__type_support.c
[0.418s] -- Up-to-date: /home/kptal/humanoid_ws/install/dynamixel_interfaces/include/dynamixel_interfaces/dynamixel_interfaces/srv/detail/set_data_to_dxl__rosidl_typesupport_introspection_c.h
[0.418s] -- Up-to-date: /home/kptal/humanoid_ws/install/dynamixel_interfaces/include/dynamixel_interfaces/dynamixel_interfaces/srv/detail/get_data_from_dxl__rosidl_typesupport_introspection_c.h
[0.418s] -- Up-to-date: /home/kptal/humanoid_ws/install/dynamixel_interfaces/include/dynamixel_interfaces/dynamixel_interfaces/srv/detail/reboot_dxl__type_support.c
[0.418s] -- Up-to-date: /home/kptal/humanoid_ws/install/dynamixel_interfaces/lib/libdynamixel_interfaces__rosidl_typesupport_introspection_c.so
[0.418s] -- Up-to-date: /home/kptal/humanoid_ws/install/dynamixel_interfaces/lib/libdynamixel_interfaces__rosidl_typesupport_c.so
[0.418s] -- Up-to-date: /home/kptal/humanoid_ws/install/dynamixel_interfaces/include/dynamixel_interfaces/dynamixel_interfaces
[0.418s] -- Up-to-date: /home/kptal/humanoid_ws/install/dynamixel_interfaces/include/dynamixel_interfaces/dynamixel_interfaces/msg
[0.418s] -- Up-to-date: /home/kptal/humanoid_ws/install/dynamixel_interfaces/include/dynamixel_interfaces/dynamixel_interfaces/msg/detail
[0.418s] -- Up-to-date: /home/kptal/humanoid_ws/install/dynamixel_interfaces/include/dynamixel_interfaces/dynamixel_interfaces/msg/detail/dynamixel_state__rosidl_typesupport_introspection_cpp.hpp
[0.418s] -- Up-to-date: /home/kptal/humanoid_ws/install/dynamixel_interfaces/include/dynamixel_interfaces/dynamixel_interfaces/msg/detail/dynamixel_state__type_support.cpp
[0.418s] -- Up-to-date: /home/kptal/humanoid_ws/install/dynamixel_interfaces/include/dynamixel_interfaces/dynamixel_interfaces/srv
[0.418s] -- Up-to-date: /home/kptal/humanoid_ws/install/dynamixel_interfaces/include/dynamixel_interfaces/dynamixel_interfaces/srv/detail
[0.418s] -- Up-to-date: /home/kptal/humanoid_ws/install/dynamixel_interfaces/include/dynamixel_interfaces/dynamixel_interfaces/srv/detail/reboot_dxl__type_support.cpp
[0.419s] -- Up-to-date: /home/kptal/humanoid_ws/install/dynamixel_interfaces/include/dynamixel_interfaces/dynamixel_interfaces/srv/detail/get_data_from_dxl__type_support.cpp
[0.419s] -- Up-to-date: /home/kptal/humanoid_ws/install/dynamixel_interfaces/include/dynamixel_interfaces/dynamixel_interfaces/srv/detail/set_data_to_dxl__rosidl_typesupport_introspection_cpp.hpp
[0.419s] -- Up-to-date: /home/kptal/humanoid_ws/install/dynamixel_interfaces/include/dynamixel_interfaces/dynamixel_interfaces/srv/detail/get_data_from_dxl__rosidl_typesupport_introspection_cpp.hpp
[0.419s] -- Up-to-date: /home/kptal/humanoid_ws/install/dynamixel_interfaces/include/dynamixel_interfaces/dynamixel_interfaces/srv/detail/set_data_to_dxl__type_support.cpp
[0.419s] -- Up-to-date: /home/kptal/humanoid_ws/install/dynamixel_interfaces/include/dynamixel_interfaces/dynamixel_interfaces/srv/detail/reboot_dxl__rosidl_typesupport_introspection_cpp.hpp
[0.419s] -- Up-to-date: /home/kptal/humanoid_ws/install/dynamixel_interfaces/lib/libdynamixel_interfaces__rosidl_typesupport_introspection_cpp.so
[0.419s] -- Up-to-date: /home/kptal/humanoid_ws/install/dynamixel_interfaces/lib/libdynamixel_interfaces__rosidl_typesupport_cpp.so
[0.419s] -- Up-to-date: /home/kptal/humanoid_ws/install/dynamixel_interfaces/share/dynamixel_interfaces/environment/pythonpath.sh
[0.419s] -- Up-to-date: /home/kptal/humanoid_ws/install/dynamixel_interfaces/share/dynamixel_interfaces/environment/pythonpath.dsv
[0.419s] -- Up-to-date: /home/kptal/humanoid_ws/install/dynamixel_interfaces/local/lib/python3.10/dist-packages/dynamixel_interfaces-1.0.1-py3.10.egg-info
[0.419s] -- Installing: /home/kptal/humanoid_ws/install/dynamixel_interfaces/local/lib/python3.10/dist-packages/dynamixel_interfaces-1.0.1-py3.10.egg-info/SOURCES.txt
[0.419s] -- Installing: /home/kptal/humanoid_ws/install/dynamixel_interfaces/local/lib/python3.10/dist-packages/dynamixel_interfaces-1.0.1-py3.10.egg-info/PKG-INFO
[0.419s] -- Installing: /home/kptal/humanoid_ws/install/dynamixel_interfaces/local/lib/python3.10/dist-packages/dynamixel_interfaces-1.0.1-py3.10.egg-info/dependency_links.txt
[0.419s] -- Installing: /home/kptal/humanoid_ws/install/dynamixel_interfaces/local/lib/python3.10/dist-packages/dynamixel_interfaces-1.0.1-py3.10.egg-info/top_level.txt
[0.419s] -- Up-to-date: /home/kptal/humanoid_ws/install/dynamixel_interfaces/local/lib/python3.10/dist-packages/dynamixel_interfaces
[0.419s] -- Up-to-date: /home/kptal/humanoid_ws/install/dynamixel_interfaces/local/lib/python3.10/dist-packages/dynamixel_interfaces/msg
[0.419s] -- Up-to-date: /home/kptal/humanoid_ws/install/dynamixel_interfaces/local/lib/python3.10/dist-packages/dynamixel_interfaces/msg/_dynamixel_state.py
[0.419s] -- Up-to-date: /home/kptal/humanoid_ws/install/dynamixel_interfaces/local/lib/python3.10/dist-packages/dynamixel_interfaces/msg/_dynamixel_state_s.c
[0.419s] -- Up-to-date: /home/kptal/humanoid_ws/install/dynamixel_interfaces/local/lib/python3.10/dist-packages/dynamixel_interfaces/msg/__init__.py
[0.419s] -- Up-to-date: /home/kptal/humanoid_ws/install/dynamixel_interfaces/local/lib/python3.10/dist-packages/dynamixel_interfaces/libdynamixel_interfaces__rosidl_generator_py.so
[0.420s] -- Up-to-date: /home/kptal/humanoid_ws/install/dynamixel_interfaces/local/lib/python3.10/dist-packages/dynamixel_interfaces/dynamixel_interfaces_s__rosidl_typesupport_c.cpython-310-x86_64-linux-gnu.so
[0.420s] -- Up-to-date: /home/kptal/humanoid_ws/install/dynamixel_interfaces/local/lib/python3.10/dist-packages/dynamixel_interfaces/dynamixel_interfaces_s__rosidl_typesupport_fastrtps_c.cpython-310-x86_64-linux-gnu.so
[0.420s] -- Up-to-date: /home/kptal/humanoid_ws/install/dynamixel_interfaces/local/lib/python3.10/dist-packages/dynamixel_interfaces/_dynamixel_interfaces_s.ep.rosidl_typesupport_c.c
[0.420s] -- Up-to-date: /home/kptal/humanoid_ws/install/dynamixel_interfaces/local/lib/python3.10/dist-packages/dynamixel_interfaces/_dynamixel_interfaces_s.ep.rosidl_typesupport_introspection_c.c
[0.420s] -- Up-to-date: /home/kptal/humanoid_ws/install/dynamixel_interfaces/local/lib/python3.10/dist-packages/dynamixel_interfaces/_dynamixel_interfaces_s.ep.rosidl_typesupport_fastrtps_c.c
[0.420s] -- Up-to-date: /home/kptal/humanoid_ws/install/dynamixel_interfaces/local/lib/python3.10/dist-packages/dynamixel_interfaces/dynamixel_interfaces_s__rosidl_typesupport_introspection_c.cpython-310-x86_64-linux-gnu.so
[0.420s] -- Up-to-date: /home/kptal/humanoid_ws/install/dynamixel_interfaces/local/lib/python3.10/dist-packages/dynamixel_interfaces/srv
[0.420s] -- Up-to-date: /home/kptal/humanoid_ws/install/dynamixel_interfaces/local/lib/python3.10/dist-packages/dynamixel_interfaces/srv/_reboot_dxl_s.c
[0.420s] -- Up-to-date: /home/kptal/humanoid_ws/install/dynamixel_interfaces/local/lib/python3.10/dist-packages/dynamixel_interfaces/srv/_reboot_dxl.py
[0.420s] -- Up-to-date: /home/kptal/humanoid_ws/install/dynamixel_interfaces/local/lib/python3.10/dist-packages/dynamixel_interfaces/srv/_get_data_from_dxl_s.c
[0.420s] -- Up-to-date: /home/kptal/humanoid_ws/install/dynamixel_interfaces/local/lib/python3.10/dist-packages/dynamixel_interfaces/srv/_set_data_to_dxl.py
[0.420s] -- Up-to-date: /home/kptal/humanoid_ws/install/dynamixel_interfaces/local/lib/python3.10/dist-packages/dynamixel_interfaces/srv/_set_data_to_dxl_s.c
[0.420s] -- Up-to-date: /home/kptal/humanoid_ws/install/dynamixel_interfaces/local/lib/python3.10/dist-packages/dynamixel_interfaces/srv/_get_data_from_dxl.py
[0.420s] -- Up-to-date: /home/kptal/humanoid_ws/install/dynamixel_interfaces/local/lib/python3.10/dist-packages/dynamixel_interfaces/srv/__init__.py
[0.420s] -- Up-to-date: /home/kptal/humanoid_ws/install/dynamixel_interfaces/local/lib/python3.10/dist-packages/dynamixel_interfaces/__init__.py
[0.461s] Listing '/home/kptal/humanoid_ws/install/dynamixel_interfaces/local/lib/python3.10/dist-packages/dynamixel_interfaces'...
[0.461s] Listing '/home/kptal/humanoid_ws/install/dynamixel_interfaces/local/lib/python3.10/dist-packages/dynamixel_interfaces/msg'...
[0.461s] Listing '/home/kptal/humanoid_ws/install/dynamixel_interfaces/local/lib/python3.10/dist-packages/dynamixel_interfaces/srv'...
[0.468s] -- Up-to-date: /home/kptal/humanoid_ws/install/dynamixel_interfaces/local/lib/python3.10/dist-packages/dynamixel_interfaces/dynamixel_interfaces_s__rosidl_typesupport_fastrtps_c.cpython-310-x86_64-linux-gnu.so
[0.468s] -- Up-to-date: /home/kptal/humanoid_ws/install/dynamixel_interfaces/local/lib/python3.10/dist-packages/dynamixel_interfaces/dynamixel_interfaces_s__rosidl_typesupport_introspection_c.cpython-310-x86_64-linux-gnu.so
[0.469s] -- Up-to-date: /home/kptal/humanoid_ws/install/dynamixel_interfaces/local/lib/python3.10/dist-packages/dynamixel_interfaces/dynamixel_interfaces_s__rosidl_typesupport_c.cpython-310-x86_64-linux-gnu.so
[0.469s] -- Up-to-date: /home/kptal/humanoid_ws/install/dynamixel_interfaces/lib/libdynamixel_interfaces__rosidl_generator_py.so
[0.469s] -- Up-to-date: /home/kptal/humanoid_ws/install/dynamixel_interfaces/share/dynamixel_interfaces/msg/DynamixelState.idl
[0.469s] -- Up-to-date: /home/kptal/humanoid_ws/install/dynamixel_interfaces/share/dynamixel_interfaces/srv/GetDataFromDxl.idl
[0.469s] -- Up-to-date: /home/kptal/humanoid_ws/install/dynamixel_interfaces/share/dynamixel_interfaces/srv/SetDataToDxl.idl
[0.470s] -- Up-to-date: /home/kptal/humanoid_ws/install/dynamixel_interfaces/share/dynamixel_interfaces/srv/RebootDxl.idl
[0.470s] -- Up-to-date: /home/kptal/humanoid_ws/install/dynamixel_interfaces/share/dynamixel_interfaces/msg/DynamixelState.msg
[0.470s] -- Up-to-date: /home/kptal/humanoid_ws/install/dynamixel_interfaces/share/dynamixel_interfaces/srv/GetDataFromDxl.srv
[0.470s] -- Up-to-date: /home/kptal/humanoid_ws/install/dynamixel_interfaces/share/dynamixel_interfaces/srv/GetDataFromDxl_Request.msg
[0.470s] -- Up-to-date: /home/kptal/humanoid_ws/install/dynamixel_interfaces/share/dynamixel_interfaces/srv/GetDataFromDxl_Response.msg
[0.470s] -- Up-to-date: /home/kptal/humanoid_ws/install/dynamixel_interfaces/share/dynamixel_interfaces/srv/SetDataToDxl.srv
[0.470s] -- Up-to-date: /home/kptal/humanoid_ws/install/dynamixel_interfaces/share/dynamixel_interfaces/srv/SetDataToDxl_Request.msg
[0.470s] -- Up-to-date: /home/kptal/humanoid_ws/install/dynamixel_interfaces/share/dynamixel_interfaces/srv/SetDataToDxl_Response.msg
[0.470s] -- Up-to-date: /home/kptal/humanoid_ws/install/dynamixel_interfaces/share/dynamixel_interfaces/srv/RebootDxl.srv
[0.470s] -- Up-to-date: /home/kptal/humanoid_ws/install/dynamixel_interfaces/share/dynamixel_interfaces/srv/RebootDxl_Request.msg
[0.470s] -- Up-to-date: /home/kptal/humanoid_ws/install/dynamixel_interfaces/share/dynamixel_interfaces/srv/RebootDxl_Response.msg
[0.470s] -- Up-to-date: /home/kptal/humanoid_ws/install/dynamixel_interfaces/share/ament_index/resource_index/package_run_dependencies/dynamixel_interfaces
[0.470s] -- Up-to-date: /home/kptal/humanoid_ws/install/dynamixel_interfaces/share/ament_index/resource_index/parent_prefix_path/dynamixel_interfaces
[0.470s] -- Up-to-date: /home/kptal/humanoid_ws/install/dynamixel_interfaces/share/dynamixel_interfaces/environment/ament_prefix_path.sh
[0.470s] -- Up-to-date: /home/kptal/humanoid_ws/install/dynamixel_interfaces/share/dynamixel_interfaces/environment/ament_prefix_path.dsv
[0.471s] -- Up-to-date: /home/kptal/humanoid_ws/install/dynamixel_interfaces/share/dynamixel_interfaces/environment/path.sh
[0.471s] -- Up-to-date: /home/kptal/humanoid_ws/install/dynamixel_interfaces/share/dynamixel_interfaces/environment/path.dsv
[0.471s] -- Up-to-date: /home/kptal/humanoid_ws/install/dynamixel_interfaces/share/dynamixel_interfaces/local_setup.bash
[0.471s] -- Up-to-date: /home/kptal/humanoid_ws/install/dynamixel_interfaces/share/dynamixel_interfaces/local_setup.sh
[0.471s] -- Up-to-date: /home/kptal/humanoid_ws/install/dynamixel_interfaces/share/dynamixel_interfaces/local_setup.zsh
[0.471s] -- Up-to-date: /home/kptal/humanoid_ws/install/dynamixel_interfaces/share/dynamixel_interfaces/local_setup.dsv
[0.471s] -- Installing: /home/kptal/humanoid_ws/install/dynamixel_interfaces/share/dynamixel_interfaces/package.dsv
[0.471s] -- Up-to-date: /home/kptal/humanoid_ws/install/dynamixel_interfaces/share/ament_index/resource_index/packages/dynamixel_interfaces
[0.471s] -- Up-to-date: /home/kptal/humanoid_ws/install/dynamixel_interfaces/share/dynamixel_interfaces/cmake/export_dynamixel_interfaces__rosidl_generator_cExport.cmake
[0.471s] -- Up-to-date: /home/kptal/humanoid_ws/install/dynamixel_interfaces/share/dynamixel_interfaces/cmake/export_dynamixel_interfaces__rosidl_generator_cExport-noconfig.cmake
[0.471s] -- Up-to-date: /home/kptal/humanoid_ws/install/dynamixel_interfaces/share/dynamixel_interfaces/cmake/export_dynamixel_interfaces__rosidl_typesupport_fastrtps_cExport.cmake
[0.471s] -- Up-to-date: /home/kptal/humanoid_ws/install/dynamixel_interfaces/share/dynamixel_interfaces/cmake/export_dynamixel_interfaces__rosidl_typesupport_fastrtps_cExport-noconfig.cmake
[0.471s] -- Up-to-date: /home/kptal/humanoid_ws/install/dynamixel_interfaces/share/dynamixel_interfaces/cmake/export_dynamixel_interfaces__rosidl_generator_cppExport.cmake
[0.471s] -- Up-to-date: /home/kptal/humanoid_ws/install/dynamixel_interfaces/share/dynamixel_interfaces/cmake/export_dynamixel_interfaces__rosidl_typesupport_fastrtps_cppExport.cmake
[0.471s] -- Up-to-date: /home/kptal/humanoid_ws/install/dynamixel_interfaces/share/dynamixel_interfaces/cmake/export_dynamixel_interfaces__rosidl_typesupport_fastrtps_cppExport-noconfig.cmake
[0.471s] -- Up-to-date: /home/kptal/humanoid_ws/install/dynamixel_interfaces/share/dynamixel_interfaces/cmake/dynamixel_interfaces__rosidl_typesupport_introspection_cExport.cmake
[0.471s] -- Up-to-date: /home/kptal/humanoid_ws/install/dynamixel_interfaces/share/dynamixel_interfaces/cmake/dynamixel_interfaces__rosidl_typesupport_introspection_cExport-noconfig.cmake
[0.472s] -- Up-to-date: /home/kptal/humanoid_ws/install/dynamixel_interfaces/share/dynamixel_interfaces/cmake/dynamixel_interfaces__rosidl_typesupport_cExport.cmake
[0.472s] -- Up-to-date: /home/kptal/humanoid_ws/install/dynamixel_interfaces/share/dynamixel_interfaces/cmake/dynamixel_interfaces__rosidl_typesupport_cExport-noconfig.cmake
[0.472s] -- Up-to-date: /home/kptal/humanoid_ws/install/dynamixel_interfaces/share/dynamixel_interfaces/cmake/dynamixel_interfaces__rosidl_typesupport_introspection_cppExport.cmake
[0.472s] -- Up-to-date: /home/kptal/humanoid_ws/install/dynamixel_interfaces/share/dynamixel_interfaces/cmake/dynamixel_interfaces__rosidl_typesupport_introspection_cppExport-noconfig.cmake
[0.472s] -- Up-to-date: /home/kptal/humanoid_ws/install/dynamixel_interfaces/share/dynamixel_interfaces/cmake/dynamixel_interfaces__rosidl_typesupport_cppExport.cmake
[0.472s] -- Up-to-date: /home/kptal/humanoid_ws/install/dynamixel_interfaces/share/dynamixel_interfaces/cmake/dynamixel_interfaces__rosidl_typesupport_cppExport-noconfig.cmake
[0.472s] -- Up-to-date: /home/kptal/humanoid_ws/install/dynamixel_interfaces/share/dynamixel_interfaces/cmake/export_dynamixel_interfaces__rosidl_generator_pyExport.cmake
[0.472s] -- Up-to-date: /home/kptal/humanoid_ws/install/dynamixel_interfaces/share/dynamixel_interfaces/cmake/export_dynamixel_interfaces__rosidl_generator_pyExport-noconfig.cmake
[0.472s] -- Up-to-date: /home/kptal/humanoid_ws/install/dynamixel_interfaces/share/dynamixel_interfaces/cmake/rosidl_cmake-extras.cmake
[0.472s] -- Up-to-date: /home/kptal/humanoid_ws/install/dynamixel_interfaces/share/dynamixel_interfaces/cmake/ament_cmake_export_dependencies-extras.cmake
[0.472s] -- Up-to-date: /home/kptal/humanoid_ws/install/dynamixel_interfaces/share/dynamixel_interfaces/cmake/ament_cmake_export_include_directories-extras.cmake
[0.472s] -- Up-to-date: /home/kptal/humanoid_ws/install/dynamixel_interfaces/share/dynamixel_interfaces/cmake/ament_cmake_export_libraries-extras.cmake
[0.472s] -- Up-to-date: /home/kptal/humanoid_ws/install/dynamixel_interfaces/share/dynamixel_interfaces/cmake/ament_cmake_export_targets-extras.cmake
[0.472s] -- Up-to-date: /home/kptal/humanoid_ws/install/dynamixel_interfaces/share/dynamixel_interfaces/cmake/rosidl_cmake_export_typesupport_targets-extras.cmake
[0.472s] -- Up-to-date: /home/kptal/humanoid_ws/install/dynamixel_interfaces/share/dynamixel_interfaces/cmake/rosidl_cmake_export_typesupport_libraries-extras.cmake
[0.472s] -- Up-to-date: /home/kptal/humanoid_ws/install/dynamixel_interfaces/share/dynamixel_interfaces/cmake/dynamixel_interfacesConfig.cmake
[0.472s] -- Up-to-date: /home/kptal/humanoid_ws/install/dynamixel_interfaces/share/dynamixel_interfaces/cmake/dynamixel_interfacesConfig-version.cmake
[0.472s] -- Up-to-date: /home/kptal/humanoid_ws/install/dynamixel_interfaces/share/dynamixel_interfaces/package.xml
[0.475s] Invoked command in '/home/kptal/humanoid_ws/build/dynamixel_interfaces' returned '0': CMAKE_PREFIX_PATH=${CMAKE_PREFIX_PATH}:/home/kptal/humanoid_ws/install/moveit_configs_utils:/home/kptal/humanoid_ws/install/launch_param_builder:/home/kptal/humanoid_ws/install/ik_pick_place:/home/kptal/humanoid_ws/install/half_humanoid_control_actions:/home/kptal/humanoid_ws/install/dynamixel_test_utils:/home/kptal/ws_moveit2/install/moveit_configs_utils:/home/kptal/ws_moveit2/install/launch_param_builder:/opt/ros/humble /usr/bin/cmake --install /home/kptal/humanoid_ws/build/dynamixel_interfaces
