[0.013s] Invoking command in '/home/kptal/humanoid_ws/build/moveit_common': CMAKE_PREFIX_PATH=${CMAKE_PREFIX_PATH}:/home/kptal/ws_moveit2/install/moveit_configs_utils:/home/kptal/ws_moveit2/install/launch_param_builder:/opt/ros/humble /usr/bin/cmake --build /home/kptal/humanoid_ws/build/moveit_common -- -j18 -l18
[0.062s] Invoked command in '/home/kptal/humanoid_ws/build/moveit_common' returned '0': CMAKE_PREFIX_PATH=${CMAKE_PREFIX_PATH}:/home/kptal/ws_moveit2/install/moveit_configs_utils:/home/kptal/ws_moveit2/install/launch_param_builder:/opt/ros/humble /usr/bin/cmake --build /home/kptal/humanoid_ws/build/moveit_common -- -j18 -l18
[0.064s] Invoking command in '/home/kptal/humanoid_ws/build/moveit_common': CMAKE_PREFIX_PATH=${CMAKE_PREFIX_PATH}:/home/kptal/ws_moveit2/install/moveit_configs_utils:/home/kptal/ws_moveit2/install/launch_param_builder:/opt/ros/humble /usr/bin/cmake --install /home/kptal/humanoid_ws/build/moveit_common
[0.074s] -- Install configuration: ""
[0.074s] -- Up-to-date: /home/kptal/humanoid_ws/install/moveit_common/share/ament_index/resource_index/package_run_dependencies/moveit_common
[0.074s] -- Up-to-date: /home/kptal/humanoid_ws/install/moveit_common/share/ament_index/resource_index/parent_prefix_path/moveit_common
[0.074s] -- Up-to-date: /home/kptal/humanoid_ws/install/moveit_common/share/moveit_common/environment/ament_prefix_path.sh
[0.074s] -- Up-to-date: /home/kptal/humanoid_ws/install/moveit_common/share/moveit_common/environment/ament_prefix_path.dsv
[0.074s] -- Up-to-date: /home/kptal/humanoid_ws/install/moveit_common/share/moveit_common/environment/path.sh
[0.074s] -- Up-to-date: /home/kptal/humanoid_ws/install/moveit_common/share/moveit_common/environment/path.dsv
[0.074s] -- Up-to-date: /home/kptal/humanoid_ws/install/moveit_common/share/moveit_common/local_setup.bash
[0.074s] -- Up-to-date: /home/kptal/humanoid_ws/install/moveit_common/share/moveit_common/local_setup.sh
[0.074s] -- Up-to-date: /home/kptal/humanoid_ws/install/moveit_common/share/moveit_common/local_setup.zsh
[0.074s] -- Up-to-date: /home/kptal/humanoid_ws/install/moveit_common/share/moveit_common/local_setup.dsv
[0.074s] -- Installing: /home/kptal/humanoid_ws/install/moveit_common/share/moveit_common/package.dsv
[0.074s] -- Up-to-date: /home/kptal/humanoid_ws/install/moveit_common/share/ament_index/resource_index/packages/moveit_common
[0.074s] -- Up-to-date: /home/kptal/humanoid_ws/install/moveit_common/share/moveit_common/cmake/moveit_common-extras.cmake
[0.074s] -- Up-to-date: /home/kptal/humanoid_ws/install/moveit_common/share/moveit_common/cmake/moveit_commonConfig.cmake
[0.074s] -- Up-to-date: /home/kptal/humanoid_ws/install/moveit_common/share/moveit_common/cmake/moveit_commonConfig-version.cmake
[0.074s] -- Up-to-date: /home/kptal/humanoid_ws/install/moveit_common/share/moveit_common/package.xml
[0.074s] -- Up-to-date: /home/kptal/humanoid_ws/install/moveit_common/share/moveit_common/cmake
[0.074s] -- Up-to-date: /home/kptal/humanoid_ws/install/moveit_common/share/moveit_common/cmake/moveit_package.cmake
[0.076s] Invoked command in '/home/kptal/humanoid_ws/build/moveit_common' returned '0': CMAKE_PREFIX_PATH=${CMAKE_PREFIX_PATH}:/home/kptal/ws_moveit2/install/moveit_configs_utils:/home/kptal/ws_moveit2/install/launch_param_builder:/opt/ros/humble /usr/bin/cmake --install /home/kptal/humanoid_ws/build/moveit_common
