[0mCMake Deprecation Warning at /opt/ros/humble/share/rosidl_cmake/cmake/rosidl_target_interfaces.cmake:32 (message):
  Use rosidl_get_typesupport_target() and target_link_libraries() instead of
  rosidl_target_interfaces()
Call Stack (most recent call first):
  CMakeLists.txt:36 (rosidl_target_interfaces)

[0m
[01m[K/home/kptal/humanoid_ws/src/reachy_moveit2/src/reachy_sdk.cpp:[m[K In member function ‘[01m[Kvoid ReachyController::processControlCommand(const SharedPtr&)[m[K’:
[01m[K/home/kptal/humanoid_ws/src/reachy_moveit2/src/reachy_sdk.cpp:133:89:[m[K [01;35m[Kwarning: [m[K‘[01m[Kusing MoveItErrorCode = class moveit::core::MoveItErrorCode[m[K’ is deprecated: Use moveit::core::MoveItErrorCode [[01;35m[K]8;;https://gcc.gnu.org/onlinedocs/gcc/Warning-Options.html#index-Wdeprecated-declarations-Wdeprecated-declarations]8;;[m[K]
  133 |       success = (move_group_.plan(plan) == moveit::planning_interface::MoveItErrorCode::[01;35m[KSUCCESS[m[K);
      |                                                                                         [01;35m[K^~~~~~~[m[K
In file included from [01m[K/home/kptal/humanoid_ws/src/reachy_moveit2/src/reachy_sdk.cpp:2[m[K:
[01m[K/home/kptal/humanoid_ws/install/moveit_ros_planning_interface/include/moveit/move_group_interface/move_group_interface.h:25:7:[m[K [01;36m[Knote: [m[Kdeclared here
   25 | using [01;36m[KMoveItErrorCode[m[K [[deprecated("Use moveit::core::MoveItErrorCode")]] = moveit::core::MoveItErrorCode;
      |       [01;36m[K^~~~~~~~~~~~~~~[m[K
[01m[K/home/kptal/humanoid_ws/src/reachy_moveit2/src/reachy_sdk.cpp:140:89:[m[K [01;35m[Kwarning: [m[K‘[01m[Kusing MoveItErrorCode = class moveit::core::MoveItErrorCode[m[K’ is deprecated: Use moveit::core::MoveItErrorCode [[01;35m[K]8;;https://gcc.gnu.org/onlinedocs/gcc/Warning-Options.html#index-Wdeprecated-declarations-Wdeprecated-declarations]8;;[m[K]
  140 |       success = (move_group_.plan(plan) == moveit::planning_interface::MoveItErrorCode::[01;35m[KSUCCESS[m[K);
      |                                                                                         [01;35m[K^~~~~~~[m[K
In file included from [01m[K/home/kptal/humanoid_ws/src/reachy_moveit2/src/reachy_sdk.cpp:2[m[K:
[01m[K/home/kptal/humanoid_ws/install/moveit_ros_planning_interface/include/moveit/move_group_interface/move_group_interface.h:25:7:[m[K [01;36m[Knote: [m[Kdeclared here
   25 | using [01;36m[KMoveItErrorCode[m[K [[deprecated("Use moveit::core::MoveItErrorCode")]] = moveit::core::MoveItErrorCode;
      |       [01;36m[K^~~~~~~~~~~~~~~[m[K
