-- The C compiler identification is GNU 11.4.0
-- The CXX compiler identification is GNU 11.4.0
-- Detecting C compiler ABI info
-- Detecting C compiler ABI info - done
-- Check for working C compiler: /usr/bin/cc - skipped
-- Detecting C compile features
-- Detecting C compile features - done
-- Detecting CXX compiler ABI info
-- Detecting CXX compiler ABI info - done
-- Check for working CXX compiler: /usr/bin/c++ - skipped
-- Detecting CXX compile features
-- Detecting CXX compile features - done
-- Found ament_cmake: 1.3.11 (/opt/ros/humble/share/ament_cmake/cmake)
-- Found Python3: /usr/bin/python3 (found version "3.10.12") found components: Interpreter 
-- Found rclcpp: 16.0.12 (/opt/ros/humble/share/rclcpp/cmake)
-- Found rosidl_generator_c: 3.1.6 (/opt/ros/humble/share/rosidl_generator_c/cmake)
-- Found rosidl_adapter: 3.1.6 (/opt/ros/humble/share/rosidl_adapter/cmake)
-- Found rosidl_generator_cpp: 3.1.6 (/opt/ros/humble/share/rosidl_generator_cpp/cmake)
-- Using all available rosidl_typesupport_c: rosidl_typesupport_fastrtps_c;rosidl_typesupport_introspection_c
-- Using all available rosidl_typesupport_cpp: rosidl_typesupport_fastrtps_cpp;rosidl_typesupport_introspection_cpp
-- Found rmw_implementation_cmake: 6.1.2 (/opt/ros/humble/share/rmw_implementation_cmake/cmake)
-- Found rmw_fastrtps_cpp: 6.2.7 (/opt/ros/humble/share/rmw_fastrtps_cpp/cmake)
-- Found OpenSSL: /usr/lib/x86_64-linux-gnu/libcrypto.so (found version "3.0.2")  
-- Found FastRTPS: /opt/ros/humble/include  
-- Using RMW implementation 'rmw_fastrtps_cpp' as default
-- Looking for pthread.h
-- Looking for pthread.h - found
-- Performing Test CMAKE_HAVE_LIBC_PTHREAD
-- Performing Test CMAKE_HAVE_LIBC_PTHREAD - Success
-- Found Threads: TRUE  
-- Found sensor_msgs: 4.8.0 (/opt/ros/humble/share/sensor_msgs/cmake)
-- Found shape_msgs: 4.8.0 (/opt/ros/humble/share/shape_msgs/cmake)
-- Found rosidl_default_generators: 1.2.0 (/opt/ros/humble/share/rosidl_default_generators/cmake)
-- Found moveit_ros_planning_interface: 2.5.7 (/home/kptal/humanoid_ws/install/moveit_ros_planning_interface/share/moveit_ros_planning_interface/cmake)
-- Found Boost: /usr/lib/x86_64-linux-gnu/cmake/Boost-1.74.0/BoostConfig.cmake (found version "1.74.0") found components: date_time filesystem program_options system thread 
-- Found Boost: /usr/lib/x86_64-linux-gnu/cmake/Boost-1.74.0/BoostConfig.cmake (found version "1.74.0") found components: chrono date_time filesystem iostreams program_options regex serialization system thread 
-- Found parameter_traits: 0.4.0 (/opt/ros/humble/share/parameter_traits/cmake)
-- Found Eigen3: TRUE (found version "3.4.0") 
-- Found rclcpp_lifecycle: 16.0.12 (/opt/ros/humble/share/rclcpp_lifecycle/cmake)
-- Found Boost: /usr/lib/x86_64-linux-gnu/cmake/Boost-1.74.0/BoostConfig.cmake (found version "1.74.0") found components: filesystem 
-- library: /usr/lib/x86_64-linux-gnu/libcurl.so
-- Ensuring Eigen3 include directory is part of orocos-kdl CMake target
-- Found Boost: /usr/lib/x86_64-linux-gnu/cmake/Boost-1.74.0/BoostConfig.cmake (found version "1.74.0") found components: system filesystem date_time program_options thread chrono 
-- Found Boost: /usr/lib/x86_64-linux-gnu/cmake/Boost-1.74.0/BoostConfig.cmake (found version "1.74.0") found components: thread system filesystem regex date_time program_options 
-- Found Boost: /usr/lib/x86_64-linux-gnu/cmake/Boost-1.74.0/BoostConfig.cmake (found version "1.74.0") found components: system filesystem date_time program_options thread 
-- Found ament_cmake_ros: 0.10.0 (/opt/ros/humble/share/ament_cmake_ros/cmake)
-- Using all available rosidl_typesupport_c: rosidl_typesupport_fastrtps_c;rosidl_typesupport_introspection_c
-- Using all available rosidl_typesupport_cpp: rosidl_typesupport_fastrtps_cpp;rosidl_typesupport_introspection_cpp
-- Found PythonInterp: /usr/bin/python3 (found suitable version "3.10.12", minimum required is "3.6") 
-- Found python_cmake_module: 0.10.0 (/opt/ros/humble/share/python_cmake_module/cmake)
-- Found PythonLibs: /usr/lib/x86_64-linux-gnu/libpython3.10.so (found suitable version "3.10.12", minimum required is "3.5") 
-- Using PYTHON_EXECUTABLE: /usr/bin/python3
-- Using PYTHON_INCLUDE_DIRS: /usr/include/python3.10
-- Using PYTHON_LIBRARIES: /usr/lib/x86_64-linux-gnu/libpython3.10.so
-- Found PythonExtra: .so  
-- Configuring done
-- Generating done
-- Build files have been written to: /home/kptal/humanoid_ws/build/reachy_moveit2
[  2%] [34m[1mGenerating C code for ROS interfaces[0m
[  4%] [34m[1mGenerating C++ code for ROS interfaces[0m
[  4%] Built target ament_cmake_python_copy_reachy_moveit2
[  4%] Built target reachy_moveit2__cpp
[  6%] [34m[1mGenerating C++ introspection for ROS interfaces[0m
[  8%] [34m[1mGenerating C++ type support for eProsima Fast-RTPS[0m
[ 10%] [34m[1mGenerating C++ type support dispatch for ROS interfaces[0m
running egg_info
creating reachy_moveit2.egg-info
writing reachy_moveit2.egg-info/PKG-INFO
writing dependency_links to reachy_moveit2.egg-info/dependency_links.txt
writing top-level names to reachy_moveit2.egg-info/top_level.txt
writing manifest file 'reachy_moveit2.egg-info/SOURCES.txt'
reading manifest file 'reachy_moveit2.egg-info/SOURCES.txt'
writing manifest file 'reachy_moveit2.egg-info/SOURCES.txt'
[ 10%] Built target ament_cmake_python_build_reachy_moveit2_egg
[ 12%] [32mBuilding C object CMakeFiles/reachy_moveit2__rosidl_generator_c.dir/rosidl_generator_c/reachy_moveit2/msg/detail/add_obstacle__functions.c.o[0m
[ 16%] [32mBuilding C object CMakeFiles/reachy_moveit2__rosidl_generator_c.dir/rosidl_generator_c/reachy_moveit2/msg/detail/robot_control_command__functions.c.o[0m
[ 16%] [32mBuilding C object CMakeFiles/reachy_moveit2__rosidl_generator_c.dir/rosidl_generator_c/reachy_moveit2/msg/detail/execute_request__functions.c.o[0m
[ 18%] [32m[1mLinking C shared library libreachy_moveit2__rosidl_generator_c.so[0m
[ 18%] Built target reachy_moveit2__rosidl_generator_c
[ 20%] [34m[1mGenerating C introspection for ROS interfaces[0m
[ 22%] [34m[1mGenerating C type support dispatch for ROS interfaces[0m
[ 24%] [34m[1mGenerating C type support for eProsima Fast-RTPS[0m
[ 26%] [32mBuilding CXX object CMakeFiles/reachy_moveit2__rosidl_typesupport_introspection_cpp.dir/rosidl_typesupport_introspection_cpp/reachy_moveit2/msg/detail/execute_request__type_support.cpp.o[0m
[ 28%] [32mBuilding CXX object CMakeFiles/reachy_moveit2__rosidl_typesupport_introspection_cpp.dir/rosidl_typesupport_introspection_cpp/reachy_moveit2/msg/detail/add_obstacle__type_support.cpp.o[0m
[ 30%] [32mBuilding CXX object CMakeFiles/reachy_moveit2__rosidl_typesupport_introspection_cpp.dir/rosidl_typesupport_introspection_cpp/reachy_moveit2/msg/detail/robot_control_command__type_support.cpp.o[0m
[ 32%] [32mBuilding CXX object CMakeFiles/reachy_moveit2__rosidl_typesupport_cpp.dir/rosidl_typesupport_cpp/reachy_moveit2/msg/robot_control_command__type_support.cpp.o[0m
[ 34%] [32mBuilding CXX object CMakeFiles/reachy_moveit2__rosidl_typesupport_cpp.dir/rosidl_typesupport_cpp/reachy_moveit2/msg/add_obstacle__type_support.cpp.o[0m
[ 36%] [32mBuilding CXX object CMakeFiles/reachy_moveit2__rosidl_typesupport_cpp.dir/rosidl_typesupport_cpp/reachy_moveit2/msg/execute_request__type_support.cpp.o[0m
[ 38%] [32mBuilding CXX object CMakeFiles/reachy_moveit2__rosidl_typesupport_fastrtps_cpp.dir/rosidl_typesupport_fastrtps_cpp/reachy_moveit2/msg/detail/dds_fastrtps/robot_control_command__type_support.cpp.o[0m
[ 40%] [32mBuilding CXX object CMakeFiles/reachy_moveit2__rosidl_typesupport_fastrtps_cpp.dir/rosidl_typesupport_fastrtps_cpp/reachy_moveit2/msg/detail/dds_fastrtps/execute_request__type_support.cpp.o[0m
[ 42%] [32mBuilding CXX object CMakeFiles/reachy_moveit2__rosidl_typesupport_fastrtps_cpp.dir/rosidl_typesupport_fastrtps_cpp/reachy_moveit2/msg/detail/dds_fastrtps/add_obstacle__type_support.cpp.o[0m
[ 46%] [32mBuilding C object CMakeFiles/reachy_moveit2__rosidl_typesupport_introspection_c.dir/rosidl_typesupport_introspection_c/reachy_moveit2/msg/detail/robot_control_command__type_support.c.o[0m
[ 46%] [32mBuilding C object CMakeFiles/reachy_moveit2__rosidl_typesupport_introspection_c.dir/rosidl_typesupport_introspection_c/reachy_moveit2/msg/detail/add_obstacle__type_support.c.o[0m
[ 48%] [32mBuilding C object CMakeFiles/reachy_moveit2__rosidl_typesupport_introspection_c.dir/rosidl_typesupport_introspection_c/reachy_moveit2/msg/detail/execute_request__type_support.c.o[0m
[ 51%] [32m[1mLinking CXX shared library libreachy_moveit2__rosidl_typesupport_cpp.so[0m
[ 53%] [32mBuilding CXX object CMakeFiles/reachy_moveit2__rosidl_typesupport_fastrtps_c.dir/rosidl_typesupport_fastrtps_c/reachy_moveit2/msg/detail/add_obstacle__type_support_c.cpp.o[0m
[ 55%] [32m[1mLinking C shared library libreachy_moveit2__rosidl_typesupport_introspection_c.so[0m
[ 57%] [32mBuilding CXX object CMakeFiles/reachy_moveit2__rosidl_typesupport_fastrtps_c.dir/rosidl_typesupport_fastrtps_c/reachy_moveit2/msg/detail/execute_request__type_support_c.cpp.o[0m
[ 59%] [32mBuilding CXX object CMakeFiles/reachy_moveit2__rosidl_typesupport_fastrtps_c.dir/rosidl_typesupport_fastrtps_c/reachy_moveit2/msg/detail/robot_control_command__type_support_c.cpp.o[0m
[ 59%] Built target reachy_moveit2__rosidl_typesupport_cpp
[ 61%] [32mBuilding CXX object CMakeFiles/reachy_moveit2__rosidl_typesupport_c.dir/rosidl_typesupport_c/reachy_moveit2/msg/add_obstacle__type_support.cpp.o[0m
[ 63%] [32mBuilding CXX object CMakeFiles/reachy_moveit2__rosidl_typesupport_c.dir/rosidl_typesupport_c/reachy_moveit2/msg/robot_control_command__type_support.cpp.o[0m
[ 65%] [32mBuilding CXX object CMakeFiles/reachy_moveit2__rosidl_typesupport_c.dir/rosidl_typesupport_c/reachy_moveit2/msg/execute_request__type_support.cpp.o[0m
[ 65%] Built target reachy_moveit2__rosidl_typesupport_introspection_c
[ 67%] [32m[1mLinking CXX shared library libreachy_moveit2__rosidl_typesupport_introspection_cpp.so[0m
[ 69%] [32m[1mLinking CXX shared library libreachy_moveit2__rosidl_typesupport_c.so[0m
[ 69%] Built target reachy_moveit2__rosidl_typesupport_c
[ 69%] Built target reachy_moveit2__rosidl_typesupport_introspection_cpp
[ 71%] [32m[1mLinking CXX shared library libreachy_moveit2__rosidl_typesupport_fastrtps_cpp.so[0m
[ 71%] Built target reachy_moveit2__rosidl_typesupport_fastrtps_cpp
[ 73%] [32m[1mLinking CXX shared library libreachy_moveit2__rosidl_typesupport_fastrtps_c.so[0m
[ 73%] Built target reachy_moveit2__rosidl_typesupport_fastrtps_c
[ 73%] Built target reachy_moveit2
[ 75%] [34m[1mGenerating Python code for ROS interfaces[0m
[ 77%] [32mBuilding CXX object CMakeFiles/reachy_sdk.dir/src/reachy_sdk.cpp.o[0m
[ 77%] Built target reachy_moveit2__py
[ 83%] [32mBuilding C object CMakeFiles/reachy_moveit2__rosidl_generator_py.dir/rosidl_generator_py/reachy_moveit2/msg/_robot_control_command_s.c.o[0m
[ 83%] [32mBuilding C object CMakeFiles/reachy_moveit2__rosidl_generator_py.dir/rosidl_generator_py/reachy_moveit2/msg/_execute_request_s.c.o[0m
[ 83%] [32mBuilding C object CMakeFiles/reachy_moveit2__rosidl_generator_py.dir/rosidl_generator_py/reachy_moveit2/msg/_add_obstacle_s.c.o[0m
[ 85%] [32m[1mLinking C shared library rosidl_generator_py/reachy_moveit2/libreachy_moveit2__rosidl_generator_py.so[0m
[ 85%] Built target reachy_moveit2__rosidl_generator_py
[ 91%] [32mBuilding C object CMakeFiles/reachy_moveit2__rosidl_typesupport_introspection_c__pyext.dir/rosidl_generator_py/reachy_moveit2/_reachy_moveit2_s.ep.rosidl_typesupport_introspection_c.c.o[0m
[ 91%] [32mBuilding C object CMakeFiles/reachy_moveit2__rosidl_typesupport_c__pyext.dir/rosidl_generator_py/reachy_moveit2/_reachy_moveit2_s.ep.rosidl_typesupport_c.c.o[0m
[ 91%] [32mBuilding C object CMakeFiles/reachy_moveit2__rosidl_typesupport_fastrtps_c__pyext.dir/rosidl_generator_py/reachy_moveit2/_reachy_moveit2_s.ep.rosidl_typesupport_fastrtps_c.c.o[0m
[ 93%] [32m[1mLinking C shared library rosidl_generator_py/reachy_moveit2/reachy_moveit2_s__rosidl_typesupport_fastrtps_c.cpython-310-x86_64-linux-gnu.so[0m
[ 97%] [32m[1mLinking C shared library rosidl_generator_py/reachy_moveit2/reachy_moveit2_s__rosidl_typesupport_introspection_c.cpython-310-x86_64-linux-gnu.so[0m
[ 97%] [32m[1mLinking C shared library rosidl_generator_py/reachy_moveit2/reachy_moveit2_s__rosidl_typesupport_c.cpython-310-x86_64-linux-gnu.so[0m
[ 97%] Built target reachy_moveit2__rosidl_typesupport_fastrtps_c__pyext
[ 97%] Built target reachy_moveit2__rosidl_typesupport_c__pyext
[ 97%] Built target reachy_moveit2__rosidl_typesupport_introspection_c__pyext
[100%] [32m[1mLinking CXX executable reachy_sdk[0m
[100%] Built target reachy_sdk
-- Install configuration: ""
-- Installing: /home/kptal/humanoid_ws/install/reachy_moveit2/share/ament_index/resource_index/rosidl_interfaces/reachy_moveit2
-- Installing: /home/kptal/humanoid_ws/install/reachy_moveit2/include/reachy_moveit2/reachy_moveit2
-- Installing: /home/kptal/humanoid_ws/install/reachy_moveit2/include/reachy_moveit2/reachy_moveit2/msg
-- Installing: /home/kptal/humanoid_ws/install/reachy_moveit2/include/reachy_moveit2/reachy_moveit2/msg/execute_request.h
-- Installing: /home/kptal/humanoid_ws/install/reachy_moveit2/include/reachy_moveit2/reachy_moveit2/msg/robot_control_command.h
-- Installing: /home/kptal/humanoid_ws/install/reachy_moveit2/include/reachy_moveit2/reachy_moveit2/msg/rosidl_generator_c__visibility_control.h
-- Installing: /home/kptal/humanoid_ws/install/reachy_moveit2/include/reachy_moveit2/reachy_moveit2/msg/detail
-- Installing: /home/kptal/humanoid_ws/install/reachy_moveit2/include/reachy_moveit2/reachy_moveit2/msg/detail/add_obstacle__functions.h
-- Installing: /home/kptal/humanoid_ws/install/reachy_moveit2/include/reachy_moveit2/reachy_moveit2/msg/detail/robot_control_command__functions.h
-- Installing: /home/kptal/humanoid_ws/install/reachy_moveit2/include/reachy_moveit2/reachy_moveit2/msg/detail/robot_control_command__functions.c
-- Installing: /home/kptal/humanoid_ws/install/reachy_moveit2/include/reachy_moveit2/reachy_moveit2/msg/detail/execute_request__type_support.h
-- Installing: /home/kptal/humanoid_ws/install/reachy_moveit2/include/reachy_moveit2/reachy_moveit2/msg/detail/execute_request__struct.h
-- Installing: /home/kptal/humanoid_ws/install/reachy_moveit2/include/reachy_moveit2/reachy_moveit2/msg/detail/execute_request__functions.h
-- Installing: /home/kptal/humanoid_ws/install/reachy_moveit2/include/reachy_moveit2/reachy_moveit2/msg/detail/add_obstacle__type_support.h
-- Installing: /home/kptal/humanoid_ws/install/reachy_moveit2/include/reachy_moveit2/reachy_moveit2/msg/detail/add_obstacle__struct.h
-- Installing: /home/kptal/humanoid_ws/install/reachy_moveit2/include/reachy_moveit2/reachy_moveit2/msg/detail/robot_control_command__type_support.h
-- Installing: /home/kptal/humanoid_ws/install/reachy_moveit2/include/reachy_moveit2/reachy_moveit2/msg/detail/add_obstacle__functions.c
-- Installing: /home/kptal/humanoid_ws/install/reachy_moveit2/include/reachy_moveit2/reachy_moveit2/msg/detail/execute_request__functions.c
-- Installing: /home/kptal/humanoid_ws/install/reachy_moveit2/include/reachy_moveit2/reachy_moveit2/msg/detail/robot_control_command__struct.h
-- Installing: /home/kptal/humanoid_ws/install/reachy_moveit2/include/reachy_moveit2/reachy_moveit2/msg/add_obstacle.h
-- Installing: /home/kptal/humanoid_ws/install/reachy_moveit2/share/reachy_moveit2/environment/library_path.sh
-- Installing: /home/kptal/humanoid_ws/install/reachy_moveit2/share/reachy_moveit2/environment/library_path.dsv
-- Installing: /home/kptal/humanoid_ws/install/reachy_moveit2/lib/libreachy_moveit2__rosidl_generator_c.so
-- Set runtime path of "/home/kptal/humanoid_ws/install/reachy_moveit2/lib/libreachy_moveit2__rosidl_generator_c.so" to ""
-- Up-to-date: /home/kptal/humanoid_ws/install/reachy_moveit2/include/reachy_moveit2/reachy_moveit2
-- Up-to-date: /home/kptal/humanoid_ws/install/reachy_moveit2/include/reachy_moveit2/reachy_moveit2/msg
-- Installing: /home/kptal/humanoid_ws/install/reachy_moveit2/include/reachy_moveit2/reachy_moveit2/msg/rosidl_typesupport_fastrtps_c__visibility_control.h
-- Up-to-date: /home/kptal/humanoid_ws/install/reachy_moveit2/include/reachy_moveit2/reachy_moveit2/msg/detail
-- Installing: /home/kptal/humanoid_ws/install/reachy_moveit2/include/reachy_moveit2/reachy_moveit2/msg/detail/add_obstacle__rosidl_typesupport_fastrtps_c.h
-- Installing: /home/kptal/humanoid_ws/install/reachy_moveit2/include/reachy_moveit2/reachy_moveit2/msg/detail/robot_control_command__rosidl_typesupport_fastrtps_c.h
-- Installing: /home/kptal/humanoid_ws/install/reachy_moveit2/include/reachy_moveit2/reachy_moveit2/msg/detail/execute_request__rosidl_typesupport_fastrtps_c.h
-- Installing: /home/kptal/humanoid_ws/install/reachy_moveit2/lib/libreachy_moveit2__rosidl_typesupport_fastrtps_c.so
-- Set runtime path of "/home/kptal/humanoid_ws/install/reachy_moveit2/lib/libreachy_moveit2__rosidl_typesupport_fastrtps_c.so" to ""
-- Up-to-date: /home/kptal/humanoid_ws/install/reachy_moveit2/include/reachy_moveit2/reachy_moveit2
-- Up-to-date: /home/kptal/humanoid_ws/install/reachy_moveit2/include/reachy_moveit2/reachy_moveit2/msg
-- Installing: /home/kptal/humanoid_ws/install/reachy_moveit2/include/reachy_moveit2/reachy_moveit2/msg/robot_control_command.hpp
-- Installing: /home/kptal/humanoid_ws/install/reachy_moveit2/include/reachy_moveit2/reachy_moveit2/msg/rosidl_generator_cpp__visibility_control.hpp
-- Installing: /home/kptal/humanoid_ws/install/reachy_moveit2/include/reachy_moveit2/reachy_moveit2/msg/execute_request.hpp
-- Installing: /home/kptal/humanoid_ws/install/reachy_moveit2/include/reachy_moveit2/reachy_moveit2/msg/add_obstacle.hpp
-- Up-to-date: /home/kptal/humanoid_ws/install/reachy_moveit2/include/reachy_moveit2/reachy_moveit2/msg/detail
-- Installing: /home/kptal/humanoid_ws/install/reachy_moveit2/include/reachy_moveit2/reachy_moveit2/msg/detail/add_obstacle__struct.hpp
-- Installing: /home/kptal/humanoid_ws/install/reachy_moveit2/include/reachy_moveit2/reachy_moveit2/msg/detail/execute_request__struct.hpp
-- Installing: /home/kptal/humanoid_ws/install/reachy_moveit2/include/reachy_moveit2/reachy_moveit2/msg/detail/execute_request__type_support.hpp
-- Installing: /home/kptal/humanoid_ws/install/reachy_moveit2/include/reachy_moveit2/reachy_moveit2/msg/detail/robot_control_command__builder.hpp
-- Installing: /home/kptal/humanoid_ws/install/reachy_moveit2/include/reachy_moveit2/reachy_moveit2/msg/detail/robot_control_command__traits.hpp
-- Installing: /home/kptal/humanoid_ws/install/reachy_moveit2/include/reachy_moveit2/reachy_moveit2/msg/detail/add_obstacle__traits.hpp
-- Installing: /home/kptal/humanoid_ws/install/reachy_moveit2/include/reachy_moveit2/reachy_moveit2/msg/detail/add_obstacle__type_support.hpp
-- Installing: /home/kptal/humanoid_ws/install/reachy_moveit2/include/reachy_moveit2/reachy_moveit2/msg/detail/add_obstacle__builder.hpp
-- Installing: /home/kptal/humanoid_ws/install/reachy_moveit2/include/reachy_moveit2/reachy_moveit2/msg/detail/robot_control_command__struct.hpp
-- Installing: /home/kptal/humanoid_ws/install/reachy_moveit2/include/reachy_moveit2/reachy_moveit2/msg/detail/execute_request__traits.hpp
-- Installing: /home/kptal/humanoid_ws/install/reachy_moveit2/include/reachy_moveit2/reachy_moveit2/msg/detail/robot_control_command__type_support.hpp
-- Installing: /home/kptal/humanoid_ws/install/reachy_moveit2/include/reachy_moveit2/reachy_moveit2/msg/detail/execute_request__builder.hpp
-- Up-to-date: /home/kptal/humanoid_ws/install/reachy_moveit2/include/reachy_moveit2/reachy_moveit2
-- Up-to-date: /home/kptal/humanoid_ws/install/reachy_moveit2/include/reachy_moveit2/reachy_moveit2/msg
-- Up-to-date: /home/kptal/humanoid_ws/install/reachy_moveit2/include/reachy_moveit2/reachy_moveit2/msg/detail
-- Installing: /home/kptal/humanoid_ws/install/reachy_moveit2/include/reachy_moveit2/reachy_moveit2/msg/detail/add_obstacle__rosidl_typesupport_fastrtps_cpp.hpp
-- Installing: /home/kptal/humanoid_ws/install/reachy_moveit2/include/reachy_moveit2/reachy_moveit2/msg/detail/robot_control_command__rosidl_typesupport_fastrtps_cpp.hpp
-- Installing: /home/kptal/humanoid_ws/install/reachy_moveit2/include/reachy_moveit2/reachy_moveit2/msg/detail/dds_fastrtps
-- Installing: /home/kptal/humanoid_ws/install/reachy_moveit2/include/reachy_moveit2/reachy_moveit2/msg/detail/execute_request__rosidl_typesupport_fastrtps_cpp.hpp
-- Installing: /home/kptal/humanoid_ws/install/reachy_moveit2/include/reachy_moveit2/reachy_moveit2/msg/rosidl_typesupport_fastrtps_cpp__visibility_control.h
-- Installing: /home/kptal/humanoid_ws/install/reachy_moveit2/lib/libreachy_moveit2__rosidl_typesupport_fastrtps_cpp.so
-- Set runtime path of "/home/kptal/humanoid_ws/install/reachy_moveit2/lib/libreachy_moveit2__rosidl_typesupport_fastrtps_cpp.so" to ""
-- Up-to-date: /home/kptal/humanoid_ws/install/reachy_moveit2/include/reachy_moveit2/reachy_moveit2
-- Up-to-date: /home/kptal/humanoid_ws/install/reachy_moveit2/include/reachy_moveit2/reachy_moveit2/msg
-- Installing: /home/kptal/humanoid_ws/install/reachy_moveit2/include/reachy_moveit2/reachy_moveit2/msg/rosidl_typesupport_introspection_c__visibility_control.h
-- Up-to-date: /home/kptal/humanoid_ws/install/reachy_moveit2/include/reachy_moveit2/reachy_moveit2/msg/detail
-- Installing: /home/kptal/humanoid_ws/install/reachy_moveit2/include/reachy_moveit2/reachy_moveit2/msg/detail/add_obstacle__rosidl_typesupport_introspection_c.h
-- Installing: /home/kptal/humanoid_ws/install/reachy_moveit2/include/reachy_moveit2/reachy_moveit2/msg/detail/execute_request__type_support.c
-- Installing: /home/kptal/humanoid_ws/install/reachy_moveit2/include/reachy_moveit2/reachy_moveit2/msg/detail/robot_control_command__rosidl_typesupport_introspection_c.h
-- Installing: /home/kptal/humanoid_ws/install/reachy_moveit2/include/reachy_moveit2/reachy_moveit2/msg/detail/add_obstacle__type_support.c
-- Installing: /home/kptal/humanoid_ws/install/reachy_moveit2/include/reachy_moveit2/reachy_moveit2/msg/detail/execute_request__rosidl_typesupport_introspection_c.h
-- Installing: /home/kptal/humanoid_ws/install/reachy_moveit2/include/reachy_moveit2/reachy_moveit2/msg/detail/robot_control_command__type_support.c
-- Installing: /home/kptal/humanoid_ws/install/reachy_moveit2/lib/libreachy_moveit2__rosidl_typesupport_introspection_c.so
-- Set runtime path of "/home/kptal/humanoid_ws/install/reachy_moveit2/lib/libreachy_moveit2__rosidl_typesupport_introspection_c.so" to ""
-- Installing: /home/kptal/humanoid_ws/install/reachy_moveit2/lib/libreachy_moveit2__rosidl_typesupport_c.so
-- Set runtime path of "/home/kptal/humanoid_ws/install/reachy_moveit2/lib/libreachy_moveit2__rosidl_typesupport_c.so" to ""
-- Up-to-date: /home/kptal/humanoid_ws/install/reachy_moveit2/include/reachy_moveit2/reachy_moveit2
-- Up-to-date: /home/kptal/humanoid_ws/install/reachy_moveit2/include/reachy_moveit2/reachy_moveit2/msg
-- Up-to-date: /home/kptal/humanoid_ws/install/reachy_moveit2/include/reachy_moveit2/reachy_moveit2/msg/detail
-- Installing: /home/kptal/humanoid_ws/install/reachy_moveit2/include/reachy_moveit2/reachy_moveit2/msg/detail/robot_control_command__rosidl_typesupport_introspection_cpp.hpp
-- Installing: /home/kptal/humanoid_ws/install/reachy_moveit2/include/reachy_moveit2/reachy_moveit2/msg/detail/robot_control_command__type_support.cpp
-- Installing: /home/kptal/humanoid_ws/install/reachy_moveit2/include/reachy_moveit2/reachy_moveit2/msg/detail/add_obstacle__rosidl_typesupport_introspection_cpp.hpp
-- Installing: /home/kptal/humanoid_ws/install/reachy_moveit2/include/reachy_moveit2/reachy_moveit2/msg/detail/add_obstacle__type_support.cpp
-- Installing: /home/kptal/humanoid_ws/install/reachy_moveit2/include/reachy_moveit2/reachy_moveit2/msg/detail/execute_request__rosidl_typesupport_introspection_cpp.hpp
-- Installing: /home/kptal/humanoid_ws/install/reachy_moveit2/include/reachy_moveit2/reachy_moveit2/msg/detail/execute_request__type_support.cpp
-- Installing: /home/kptal/humanoid_ws/install/reachy_moveit2/lib/libreachy_moveit2__rosidl_typesupport_introspection_cpp.so
-- Set runtime path of "/home/kptal/humanoid_ws/install/reachy_moveit2/lib/libreachy_moveit2__rosidl_typesupport_introspection_cpp.so" to ""
-- Installing: /home/kptal/humanoid_ws/install/reachy_moveit2/lib/libreachy_moveit2__rosidl_typesupport_cpp.so
-- Set runtime path of "/home/kptal/humanoid_ws/install/reachy_moveit2/lib/libreachy_moveit2__rosidl_typesupport_cpp.so" to ""
-- Installing: /home/kptal/humanoid_ws/install/reachy_moveit2/share/reachy_moveit2/environment/pythonpath.sh
-- Installing: /home/kptal/humanoid_ws/install/reachy_moveit2/share/reachy_moveit2/environment/pythonpath.dsv
-- Installing: /home/kptal/humanoid_ws/install/reachy_moveit2/local/lib/python3.10/dist-packages/reachy_moveit2-0.0.1-py3.10.egg-info
-- Installing: /home/kptal/humanoid_ws/install/reachy_moveit2/local/lib/python3.10/dist-packages/reachy_moveit2-0.0.1-py3.10.egg-info/SOURCES.txt
-- Installing: /home/kptal/humanoid_ws/install/reachy_moveit2/local/lib/python3.10/dist-packages/reachy_moveit2-0.0.1-py3.10.egg-info/PKG-INFO
-- Installing: /home/kptal/humanoid_ws/install/reachy_moveit2/local/lib/python3.10/dist-packages/reachy_moveit2-0.0.1-py3.10.egg-info/dependency_links.txt
-- Installing: /home/kptal/humanoid_ws/install/reachy_moveit2/local/lib/python3.10/dist-packages/reachy_moveit2-0.0.1-py3.10.egg-info/top_level.txt
-- Installing: /home/kptal/humanoid_ws/install/reachy_moveit2/local/lib/python3.10/dist-packages/reachy_moveit2
-- Installing: /home/kptal/humanoid_ws/install/reachy_moveit2/local/lib/python3.10/dist-packages/reachy_moveit2/_reachy_moveit2_s.ep.rosidl_typesupport_introspection_c.c
-- Installing: /home/kptal/humanoid_ws/install/reachy_moveit2/local/lib/python3.10/dist-packages/reachy_moveit2/msg
-- Installing: /home/kptal/humanoid_ws/install/reachy_moveit2/local/lib/python3.10/dist-packages/reachy_moveit2/msg/_add_obstacle_s.c
-- Installing: /home/kptal/humanoid_ws/install/reachy_moveit2/local/lib/python3.10/dist-packages/reachy_moveit2/msg/_robot_control_command.py
-- Installing: /home/kptal/humanoid_ws/install/reachy_moveit2/local/lib/python3.10/dist-packages/reachy_moveit2/msg/_add_obstacle.py
-- Installing: /home/kptal/humanoid_ws/install/reachy_moveit2/local/lib/python3.10/dist-packages/reachy_moveit2/msg/_robot_control_command_s.c
-- Installing: /home/kptal/humanoid_ws/install/reachy_moveit2/local/lib/python3.10/dist-packages/reachy_moveit2/msg/_execute_request_s.c
-- Installing: /home/kptal/humanoid_ws/install/reachy_moveit2/local/lib/python3.10/dist-packages/reachy_moveit2/msg/_execute_request.py
-- Installing: /home/kptal/humanoid_ws/install/reachy_moveit2/local/lib/python3.10/dist-packages/reachy_moveit2/msg/__init__.py
-- Installing: /home/kptal/humanoid_ws/install/reachy_moveit2/local/lib/python3.10/dist-packages/reachy_moveit2/reachy_moveit2_s__rosidl_typesupport_c.cpython-310-x86_64-linux-gnu.so
-- Installing: /home/kptal/humanoid_ws/install/reachy_moveit2/local/lib/python3.10/dist-packages/reachy_moveit2/reachy_moveit2_s__rosidl_typesupport_fastrtps_c.cpython-310-x86_64-linux-gnu.so
-- Installing: /home/kptal/humanoid_ws/install/reachy_moveit2/local/lib/python3.10/dist-packages/reachy_moveit2/libreachy_moveit2__rosidl_generator_py.so
-- Installing: /home/kptal/humanoid_ws/install/reachy_moveit2/local/lib/python3.10/dist-packages/reachy_moveit2/reachy_moveit2_s__rosidl_typesupport_introspection_c.cpython-310-x86_64-linux-gnu.so
-- Installing: /home/kptal/humanoid_ws/install/reachy_moveit2/local/lib/python3.10/dist-packages/reachy_moveit2/_reachy_moveit2_s.ep.rosidl_typesupport_fastrtps_c.c
-- Installing: /home/kptal/humanoid_ws/install/reachy_moveit2/local/lib/python3.10/dist-packages/reachy_moveit2/__init__.py
-- Installing: /home/kptal/humanoid_ws/install/reachy_moveit2/local/lib/python3.10/dist-packages/reachy_moveit2/_reachy_moveit2_s.ep.rosidl_typesupport_c.c
Listing '/home/kptal/humanoid_ws/install/reachy_moveit2/local/lib/python3.10/dist-packages/reachy_moveit2'...
Compiling '/home/kptal/humanoid_ws/install/reachy_moveit2/local/lib/python3.10/dist-packages/reachy_moveit2/__init__.py'...
Listing '/home/kptal/humanoid_ws/install/reachy_moveit2/local/lib/python3.10/dist-packages/reachy_moveit2/msg'...
Compiling '/home/kptal/humanoid_ws/install/reachy_moveit2/local/lib/python3.10/dist-packages/reachy_moveit2/msg/__init__.py'...
Compiling '/home/kptal/humanoid_ws/install/reachy_moveit2/local/lib/python3.10/dist-packages/reachy_moveit2/msg/_add_obstacle.py'...
Compiling '/home/kptal/humanoid_ws/install/reachy_moveit2/local/lib/python3.10/dist-packages/reachy_moveit2/msg/_execute_request.py'...
Compiling '/home/kptal/humanoid_ws/install/reachy_moveit2/local/lib/python3.10/dist-packages/reachy_moveit2/msg/_robot_control_command.py'...
-- Installing: /home/kptal/humanoid_ws/install/reachy_moveit2/local/lib/python3.10/dist-packages/reachy_moveit2/reachy_moveit2_s__rosidl_typesupport_fastrtps_c.cpython-310-x86_64-linux-gnu.so
-- Set runtime path of "/home/kptal/humanoid_ws/install/reachy_moveit2/local/lib/python3.10/dist-packages/reachy_moveit2/reachy_moveit2_s__rosidl_typesupport_fastrtps_c.cpython-310-x86_64-linux-gnu.so" to ""
-- Installing: /home/kptal/humanoid_ws/install/reachy_moveit2/local/lib/python3.10/dist-packages/reachy_moveit2/reachy_moveit2_s__rosidl_typesupport_introspection_c.cpython-310-x86_64-linux-gnu.so
-- Set runtime path of "/home/kptal/humanoid_ws/install/reachy_moveit2/local/lib/python3.10/dist-packages/reachy_moveit2/reachy_moveit2_s__rosidl_typesupport_introspection_c.cpython-310-x86_64-linux-gnu.so" to ""
-- Installing: /home/kptal/humanoid_ws/install/reachy_moveit2/local/lib/python3.10/dist-packages/reachy_moveit2/reachy_moveit2_s__rosidl_typesupport_c.cpython-310-x86_64-linux-gnu.so
-- Set runtime path of "/home/kptal/humanoid_ws/install/reachy_moveit2/local/lib/python3.10/dist-packages/reachy_moveit2/reachy_moveit2_s__rosidl_typesupport_c.cpython-310-x86_64-linux-gnu.so" to ""
-- Installing: /home/kptal/humanoid_ws/install/reachy_moveit2/lib/libreachy_moveit2__rosidl_generator_py.so
-- Set runtime path of "/home/kptal/humanoid_ws/install/reachy_moveit2/lib/libreachy_moveit2__rosidl_generator_py.so" to ""
-- Installing: /home/kptal/humanoid_ws/install/reachy_moveit2/share/reachy_moveit2/msg/RobotControlCommand.idl
-- Installing: /home/kptal/humanoid_ws/install/reachy_moveit2/share/reachy_moveit2/msg/AddObstacle.idl
-- Installing: /home/kptal/humanoid_ws/install/reachy_moveit2/share/reachy_moveit2/msg/ExecuteRequest.idl
-- Installing: /home/kptal/humanoid_ws/install/reachy_moveit2/share/reachy_moveit2/msg/RobotControlCommand.msg
-- Installing: /home/kptal/humanoid_ws/install/reachy_moveit2/share/reachy_moveit2/msg/AddObstacle.msg
-- Installing: /home/kptal/humanoid_ws/install/reachy_moveit2/share/reachy_moveit2/msg/ExecuteRequest.msg
-- Installing: /home/kptal/humanoid_ws/install/reachy_moveit2/lib/reachy_moveit2/reachy_sdk
-- Set runtime path of "/home/kptal/humanoid_ws/install/reachy_moveit2/lib/reachy_moveit2/reachy_sdk" to ""
-- Installing: /home/kptal/humanoid_ws/install/reachy_moveit2/share/reachy_moveit2//launch
-- Installing: /home/kptal/humanoid_ws/install/reachy_moveit2/share/reachy_moveit2//launch/demo.launch.py
-- Installing: /home/kptal/humanoid_ws/install/reachy_moveit2/share/ament_index/resource_index/package_run_dependencies/reachy_moveit2
-- Installing: /home/kptal/humanoid_ws/install/reachy_moveit2/share/ament_index/resource_index/parent_prefix_path/reachy_moveit2
-- Installing: /home/kptal/humanoid_ws/install/reachy_moveit2/share/reachy_moveit2/environment/ament_prefix_path.sh
-- Installing: /home/kptal/humanoid_ws/install/reachy_moveit2/share/reachy_moveit2/environment/ament_prefix_path.dsv
-- Installing: /home/kptal/humanoid_ws/install/reachy_moveit2/share/reachy_moveit2/environment/path.sh
-- Installing: /home/kptal/humanoid_ws/install/reachy_moveit2/share/reachy_moveit2/environment/path.dsv
-- Installing: /home/kptal/humanoid_ws/install/reachy_moveit2/share/reachy_moveit2/local_setup.bash
-- Installing: /home/kptal/humanoid_ws/install/reachy_moveit2/share/reachy_moveit2/local_setup.sh
-- Installing: /home/kptal/humanoid_ws/install/reachy_moveit2/share/reachy_moveit2/local_setup.zsh
-- Installing: /home/kptal/humanoid_ws/install/reachy_moveit2/share/reachy_moveit2/local_setup.dsv
-- Installing: /home/kptal/humanoid_ws/install/reachy_moveit2/share/reachy_moveit2/package.dsv
-- Installing: /home/kptal/humanoid_ws/install/reachy_moveit2/share/ament_index/resource_index/packages/reachy_moveit2
-- Installing: /home/kptal/humanoid_ws/install/reachy_moveit2/share/reachy_moveit2/cmake/export_reachy_moveit2__rosidl_generator_cExport.cmake
-- Installing: /home/kptal/humanoid_ws/install/reachy_moveit2/share/reachy_moveit2/cmake/export_reachy_moveit2__rosidl_generator_cExport-noconfig.cmake
-- Installing: /home/kptal/humanoid_ws/install/reachy_moveit2/share/reachy_moveit2/cmake/export_reachy_moveit2__rosidl_typesupport_fastrtps_cExport.cmake
-- Installing: /home/kptal/humanoid_ws/install/reachy_moveit2/share/reachy_moveit2/cmake/export_reachy_moveit2__rosidl_typesupport_fastrtps_cExport-noconfig.cmake
-- Installing: /home/kptal/humanoid_ws/install/reachy_moveit2/share/reachy_moveit2/cmake/export_reachy_moveit2__rosidl_generator_cppExport.cmake
-- Installing: /home/kptal/humanoid_ws/install/reachy_moveit2/share/reachy_moveit2/cmake/export_reachy_moveit2__rosidl_typesupport_fastrtps_cppExport.cmake
-- Installing: /home/kptal/humanoid_ws/install/reachy_moveit2/share/reachy_moveit2/cmake/export_reachy_moveit2__rosidl_typesupport_fastrtps_cppExport-noconfig.cmake
-- Installing: /home/kptal/humanoid_ws/install/reachy_moveit2/share/reachy_moveit2/cmake/reachy_moveit2__rosidl_typesupport_introspection_cExport.cmake
-- Installing: /home/kptal/humanoid_ws/install/reachy_moveit2/share/reachy_moveit2/cmake/reachy_moveit2__rosidl_typesupport_introspection_cExport-noconfig.cmake
-- Installing: /home/kptal/humanoid_ws/install/reachy_moveit2/share/reachy_moveit2/cmake/reachy_moveit2__rosidl_typesupport_cExport.cmake
-- Installing: /home/kptal/humanoid_ws/install/reachy_moveit2/share/reachy_moveit2/cmake/reachy_moveit2__rosidl_typesupport_cExport-noconfig.cmake
-- Installing: /home/kptal/humanoid_ws/install/reachy_moveit2/share/reachy_moveit2/cmake/reachy_moveit2__rosidl_typesupport_introspection_cppExport.cmake
-- Installing: /home/kptal/humanoid_ws/install/reachy_moveit2/share/reachy_moveit2/cmake/reachy_moveit2__rosidl_typesupport_introspection_cppExport-noconfig.cmake
-- Installing: /home/kptal/humanoid_ws/install/reachy_moveit2/share/reachy_moveit2/cmake/reachy_moveit2__rosidl_typesupport_cppExport.cmake
-- Installing: /home/kptal/humanoid_ws/install/reachy_moveit2/share/reachy_moveit2/cmake/reachy_moveit2__rosidl_typesupport_cppExport-noconfig.cmake
-- Installing: /home/kptal/humanoid_ws/install/reachy_moveit2/share/reachy_moveit2/cmake/export_reachy_moveit2__rosidl_generator_pyExport.cmake
-- Installing: /home/kptal/humanoid_ws/install/reachy_moveit2/share/reachy_moveit2/cmake/export_reachy_moveit2__rosidl_generator_pyExport-noconfig.cmake
-- Installing: /home/kptal/humanoid_ws/install/reachy_moveit2/share/reachy_moveit2/cmake/rosidl_cmake-extras.cmake
-- Installing: /home/kptal/humanoid_ws/install/reachy_moveit2/share/reachy_moveit2/cmake/ament_cmake_export_dependencies-extras.cmake
-- Installing: /home/kptal/humanoid_ws/install/reachy_moveit2/share/reachy_moveit2/cmake/ament_cmake_export_include_directories-extras.cmake
-- Installing: /home/kptal/humanoid_ws/install/reachy_moveit2/share/reachy_moveit2/cmake/ament_cmake_export_libraries-extras.cmake
-- Installing: /home/kptal/humanoid_ws/install/reachy_moveit2/share/reachy_moveit2/cmake/ament_cmake_export_targets-extras.cmake
-- Installing: /home/kptal/humanoid_ws/install/reachy_moveit2/share/reachy_moveit2/cmake/rosidl_cmake_export_typesupport_targets-extras.cmake
-- Installing: /home/kptal/humanoid_ws/install/reachy_moveit2/share/reachy_moveit2/cmake/rosidl_cmake_export_typesupport_libraries-extras.cmake
-- Installing: /home/kptal/humanoid_ws/install/reachy_moveit2/share/reachy_moveit2/cmake/reachy_moveit2Config.cmake
-- Installing: /home/kptal/humanoid_ws/install/reachy_moveit2/share/reachy_moveit2/cmake/reachy_moveit2Config-version.cmake
-- Installing: /home/kptal/humanoid_ws/install/reachy_moveit2/share/reachy_moveit2/package.xml
