running egg_info
creating ../../build/ik_pick_place/ik_pick_place.egg-info
writing ../../build/ik_pick_place/ik_pick_place.egg-info/PKG-INFO
writing dependency_links to ../../build/ik_pick_place/ik_pick_place.egg-info/dependency_links.txt
writing entry points to ../../build/ik_pick_place/ik_pick_place.egg-info/entry_points.txt
writing requirements to ../../build/ik_pick_place/ik_pick_place.egg-info/requires.txt
writing top-level names to ../../build/ik_pick_place/ik_pick_place.egg-info/top_level.txt
writing manifest file '../../build/ik_pick_place/ik_pick_place.egg-info/SOURCES.txt'
reading manifest file '../../build/ik_pick_place/ik_pick_place.egg-info/SOURCES.txt'
writing manifest file '../../build/ik_pick_place/ik_pick_place.egg-info/SOURCES.txt'
running build
running build_py
creating /home/kptal/humanoid_ws/build/ik_pick_place/build
creating /home/kptal/humanoid_ws/build/ik_pick_place/build/lib
creating /home/kptal/humanoid_ws/build/ik_pick_place/build/lib/ik_pick_place
copying ik_pick_place/ik_pick_place_node.py -> /home/kptal/humanoid_ws/build/ik_pick_place/build/lib/ik_pick_place
copying ik_pick_place/debug_ik_node.py -> /home/kptal/humanoid_ws/build/ik_pick_place/build/lib/ik_pick_place
copying ik_pick_place/simple_ik_test.py -> /home/kptal/humanoid_ws/build/ik_pick_place/build/lib/ik_pick_place
copying ik_pick_place/__init__.py -> /home/kptal/humanoid_ws/build/ik_pick_place/build/lib/ik_pick_place
running install
running install_lib
creating /home/kptal/humanoid_ws/install/ik_pick_place/lib/python3.10/site-packages/ik_pick_place
copying /home/kptal/humanoid_ws/build/ik_pick_place/build/lib/ik_pick_place/ik_pick_place_node.py -> /home/kptal/humanoid_ws/install/ik_pick_place/lib/python3.10/site-packages/ik_pick_place
copying /home/kptal/humanoid_ws/build/ik_pick_place/build/lib/ik_pick_place/debug_ik_node.py -> /home/kptal/humanoid_ws/install/ik_pick_place/lib/python3.10/site-packages/ik_pick_place
copying /home/kptal/humanoid_ws/build/ik_pick_place/build/lib/ik_pick_place/simple_ik_test.py -> /home/kptal/humanoid_ws/install/ik_pick_place/lib/python3.10/site-packages/ik_pick_place
copying /home/kptal/humanoid_ws/build/ik_pick_place/build/lib/ik_pick_place/__init__.py -> /home/kptal/humanoid_ws/install/ik_pick_place/lib/python3.10/site-packages/ik_pick_place
byte-compiling /home/kptal/humanoid_ws/install/ik_pick_place/lib/python3.10/site-packages/ik_pick_place/ik_pick_place_node.py to ik_pick_place_node.cpython-310.pyc
byte-compiling /home/kptal/humanoid_ws/install/ik_pick_place/lib/python3.10/site-packages/ik_pick_place/debug_ik_node.py to debug_ik_node.cpython-310.pyc
byte-compiling /home/kptal/humanoid_ws/install/ik_pick_place/lib/python3.10/site-packages/ik_pick_place/simple_ik_test.py to simple_ik_test.cpython-310.pyc
byte-compiling /home/kptal/humanoid_ws/install/ik_pick_place/lib/python3.10/site-packages/ik_pick_place/__init__.py to __init__.cpython-310.pyc
running install_data
creating /home/kptal/humanoid_ws/install/ik_pick_place/share/ament_index
creating /home/kptal/humanoid_ws/install/ik_pick_place/share/ament_index/resource_index
creating /home/kptal/humanoid_ws/install/ik_pick_place/share/ament_index/resource_index/packages
copying resource/ik_pick_place -> /home/kptal/humanoid_ws/install/ik_pick_place/share/ament_index/resource_index/packages
copying package.xml -> /home/kptal/humanoid_ws/install/ik_pick_place/share/ik_pick_place
running install_egg_info
Copying ../../build/ik_pick_place/ik_pick_place.egg-info to /home/kptal/humanoid_ws/install/ik_pick_place/lib/python3.10/site-packages/ik_pick_place-0.0.0-py3.10.egg-info
running install_scripts
Installing debug_ik_node script to /home/kptal/humanoid_ws/install/ik_pick_place/lib/ik_pick_place
Installing ik_pick_place_node script to /home/kptal/humanoid_ws/install/ik_pick_place/lib/ik_pick_place
Installing simple_ik_test script to /home/kptal/humanoid_ws/install/ik_pick_place/lib/ik_pick_place
writing list of installed files to '/home/kptal/humanoid_ws/build/ik_pick_place/install.log'
