[0.756s] Invoking command in '/home/kptal/humanoid_ws/src/ik_pick_place': PYTHONPATH=/home/kptal/humanoid_ws/build/ik_pick_place/prefix_override:/usr/lib/python3/dist-packages/colcon_core/task/python/colcon_distutils_commands:/home/kptal/humanoid_ws/install/ik_pick_place/lib/python3.10/site-packages:${PYTHONPATH} /usr/bin/python3 -W ignore:setup.py install is deprecated -W ignore:easy_install command is deprecated setup.py egg_info --egg-base ../../build/ik_pick_place build --build-base /home/kptal/humanoid_ws/build/ik_pick_place/build install --record /home/kptal/humanoid_ws/build/ik_pick_place/install.log --single-version-externally-managed install_data
[1.026s] running egg_info
[1.027s] creating ../../build/ik_pick_place/ik_pick_place.egg-info
[1.027s] writing ../../build/ik_pick_place/ik_pick_place.egg-info/PKG-INFO
[1.027s] writing dependency_links to ../../build/ik_pick_place/ik_pick_place.egg-info/dependency_links.txt
[1.027s] writing entry points to ../../build/ik_pick_place/ik_pick_place.egg-info/entry_points.txt
[1.027s] writing requirements to ../../build/ik_pick_place/ik_pick_place.egg-info/requires.txt
[1.027s] writing top-level names to ../../build/ik_pick_place/ik_pick_place.egg-info/top_level.txt
[1.027s] writing manifest file '../../build/ik_pick_place/ik_pick_place.egg-info/SOURCES.txt'
[1.032s] reading manifest file '../../build/ik_pick_place/ik_pick_place.egg-info/SOURCES.txt'
[1.032s] writing manifest file '../../build/ik_pick_place/ik_pick_place.egg-info/SOURCES.txt'
[1.032s] running build
[1.033s] running build_py
[1.033s] creating /home/kptal/humanoid_ws/build/ik_pick_place/build
[1.033s] creating /home/kptal/humanoid_ws/build/ik_pick_place/build/lib
[1.033s] creating /home/kptal/humanoid_ws/build/ik_pick_place/build/lib/ik_pick_place
[1.033s] copying ik_pick_place/ik_pick_place_node.py -> /home/kptal/humanoid_ws/build/ik_pick_place/build/lib/ik_pick_place
[1.033s] copying ik_pick_place/debug_ik_node.py -> /home/kptal/humanoid_ws/build/ik_pick_place/build/lib/ik_pick_place
[1.033s] copying ik_pick_place/simple_ik_test.py -> /home/kptal/humanoid_ws/build/ik_pick_place/build/lib/ik_pick_place
[1.034s] copying ik_pick_place/__init__.py -> /home/kptal/humanoid_ws/build/ik_pick_place/build/lib/ik_pick_place
[1.034s] running install
[1.034s] running install_lib
[1.035s] creating /home/kptal/humanoid_ws/install/ik_pick_place/lib/python3.10/site-packages/ik_pick_place
[1.035s] copying /home/kptal/humanoid_ws/build/ik_pick_place/build/lib/ik_pick_place/ik_pick_place_node.py -> /home/kptal/humanoid_ws/install/ik_pick_place/lib/python3.10/site-packages/ik_pick_place
[1.035s] copying /home/kptal/humanoid_ws/build/ik_pick_place/build/lib/ik_pick_place/debug_ik_node.py -> /home/kptal/humanoid_ws/install/ik_pick_place/lib/python3.10/site-packages/ik_pick_place
[1.035s] copying /home/kptal/humanoid_ws/build/ik_pick_place/build/lib/ik_pick_place/simple_ik_test.py -> /home/kptal/humanoid_ws/install/ik_pick_place/lib/python3.10/site-packages/ik_pick_place
[1.035s] copying /home/kptal/humanoid_ws/build/ik_pick_place/build/lib/ik_pick_place/__init__.py -> /home/kptal/humanoid_ws/install/ik_pick_place/lib/python3.10/site-packages/ik_pick_place
[1.036s] byte-compiling /home/kptal/humanoid_ws/install/ik_pick_place/lib/python3.10/site-packages/ik_pick_place/ik_pick_place_node.py to ik_pick_place_node.cpython-310.pyc
[1.040s] byte-compiling /home/kptal/humanoid_ws/install/ik_pick_place/lib/python3.10/site-packages/ik_pick_place/debug_ik_node.py to debug_ik_node.cpython-310.pyc
[1.042s] byte-compiling /home/kptal/humanoid_ws/install/ik_pick_place/lib/python3.10/site-packages/ik_pick_place/simple_ik_test.py to simple_ik_test.cpython-310.pyc
[1.043s] byte-compiling /home/kptal/humanoid_ws/install/ik_pick_place/lib/python3.10/site-packages/ik_pick_place/__init__.py to __init__.cpython-310.pyc
[1.043s] running install_data
[1.043s] creating /home/kptal/humanoid_ws/install/ik_pick_place/share/ament_index
[1.043s] creating /home/kptal/humanoid_ws/install/ik_pick_place/share/ament_index/resource_index
[1.043s] creating /home/kptal/humanoid_ws/install/ik_pick_place/share/ament_index/resource_index/packages
[1.043s] copying resource/ik_pick_place -> /home/kptal/humanoid_ws/install/ik_pick_place/share/ament_index/resource_index/packages
[1.043s] copying package.xml -> /home/kptal/humanoid_ws/install/ik_pick_place/share/ik_pick_place
[1.043s] running install_egg_info
[1.045s] Copying ../../build/ik_pick_place/ik_pick_place.egg-info to /home/kptal/humanoid_ws/install/ik_pick_place/lib/python3.10/site-packages/ik_pick_place-0.0.0-py3.10.egg-info
[1.046s] running install_scripts
[1.067s] Installing debug_ik_node script to /home/kptal/humanoid_ws/install/ik_pick_place/lib/ik_pick_place
[1.067s] Installing ik_pick_place_node script to /home/kptal/humanoid_ws/install/ik_pick_place/lib/ik_pick_place
[1.067s] Installing simple_ik_test script to /home/kptal/humanoid_ws/install/ik_pick_place/lib/ik_pick_place
[1.068s] writing list of installed files to '/home/kptal/humanoid_ws/build/ik_pick_place/install.log'
[1.091s] Invoked command in '/home/kptal/humanoid_ws/src/ik_pick_place' returned '0': PYTHONPATH=/home/kptal/humanoid_ws/build/ik_pick_place/prefix_override:/usr/lib/python3/dist-packages/colcon_core/task/python/colcon_distutils_commands:/home/kptal/humanoid_ws/install/ik_pick_place/lib/python3.10/site-packages:${PYTHONPATH} /usr/bin/python3 -W ignore:setup.py install is deprecated -W ignore:easy_install command is deprecated setup.py egg_info --egg-base ../../build/ik_pick_place build --build-base /home/kptal/humanoid_ws/build/ik_pick_place/build install --record /home/kptal/humanoid_ws/build/ik_pick_place/install.log --single-version-externally-managed install_data
