[0.615s] Invoking command in '/home/kptal/humanoid_ws/src/half_humanoid_control_actions': PYTHONPATH=/home/kptal/humanoid_ws/build/half_humanoid_control_actions/prefix_override:/usr/lib/python3/dist-packages/colcon_core/task/python/colcon_distutils_commands:/home/kptal/humanoid_ws/install/half_humanoid_control_actions/lib/python3.10/site-packages:${PYTHONPATH} /usr/bin/python3 -W ignore:setup.py install is deprecated -W ignore:easy_install command is deprecated setup.py egg_info --egg-base ../../build/half_humanoid_control_actions build --build-base /home/kptal/humanoid_ws/build/half_humanoid_control_actions/build install --record /home/kptal/humanoid_ws/build/half_humanoid_control_actions/install.log --single-version-externally-managed install_data
[0.834s] running egg_info
[0.834s] writing ../../build/half_humanoid_control_actions/half_humanoid_control_actions.egg-info/PKG-INFO
[0.834s] writing dependency_links to ../../build/half_humanoid_control_actions/half_humanoid_control_actions.egg-info/dependency_links.txt
[0.834s] writing entry points to ../../build/half_humanoid_control_actions/half_humanoid_control_actions.egg-info/entry_points.txt
[0.835s] writing requirements to ../../build/half_humanoid_control_actions/half_humanoid_control_actions.egg-info/requires.txt
[0.835s] writing top-level names to ../../build/half_humanoid_control_actions/half_humanoid_control_actions.egg-info/top_level.txt
[0.836s] reading manifest file '../../build/half_humanoid_control_actions/half_humanoid_control_actions.egg-info/SOURCES.txt'
[0.837s] writing manifest file '../../build/half_humanoid_control_actions/half_humanoid_control_actions.egg-info/SOURCES.txt'
[0.837s] running build
[0.837s] running build_py
[0.837s] running install
[0.837s] running install_lib
[0.838s] running install_data
[0.838s] running install_egg_info
[0.840s] removing '/home/kptal/humanoid_ws/install/half_humanoid_control_actions/lib/python3.10/site-packages/half_humanoid_control_actions-0.0.0-py3.10.egg-info' (and everything under it)
[0.840s] Copying ../../build/half_humanoid_control_actions/half_humanoid_control_actions.egg-info to /home/kptal/humanoid_ws/install/half_humanoid_control_actions/lib/python3.10/site-packages/half_humanoid_control_actions-0.0.0-py3.10.egg-info
[0.841s] running install_scripts
[0.860s] Installing humanoid_action_client script to /home/kptal/humanoid_ws/install/half_humanoid_control_actions/lib/half_humanoid_control_actions
[0.860s] Installing humanoid_command_listener script to /home/kptal/humanoid_ws/install/half_humanoid_control_actions/lib/half_humanoid_control_actions
[0.860s] Installing humanoid_command_publisher script to /home/kptal/humanoid_ws/install/half_humanoid_control_actions/lib/half_humanoid_control_actions
[0.861s] Installing obstacle_publisher script to /home/kptal/humanoid_ws/install/half_humanoid_control_actions/lib/half_humanoid_control_actions
[0.861s] writing list of installed files to '/home/kptal/humanoid_ws/build/half_humanoid_control_actions/install.log'
[0.881s] Invoked command in '/home/kptal/humanoid_ws/src/half_humanoid_control_actions' returned '0': PYTHONPATH=/home/kptal/humanoid_ws/build/half_humanoid_control_actions/prefix_override:/usr/lib/python3/dist-packages/colcon_core/task/python/colcon_distutils_commands:/home/kptal/humanoid_ws/install/half_humanoid_control_actions/lib/python3.10/site-packages:${PYTHONPATH} /usr/bin/python3 -W ignore:setup.py install is deprecated -W ignore:easy_install command is deprecated setup.py egg_info --egg-base ../../build/half_humanoid_control_actions build --build-base /home/kptal/humanoid_ws/build/half_humanoid_control_actions/build install --record /home/kptal/humanoid_ws/build/half_humanoid_control_actions/install.log --single-version-externally-managed install_data
