[0.402s] Invoking command in '/home/kptal/humanoid_ws/build/dual_panda_moveit2_interface': CMAKE_PREFIX_PATH=${CMAKE_PREFIX_PATH}:/home/kptal/humanoid_ws/install/moveit_configs_utils:/home/kptal/humanoid_ws/install/launch_param_builder:/home/kptal/humanoid_ws/install/ik_pick_place:/home/kptal/humanoid_ws/install/half_humanoid_control_actions:/home/kptal/humanoid_ws/install/dynamixel_test_utils:/home/kptal/ws_moveit2/install/moveit_configs_utils:/home/kptal/ws_moveit2/install/launch_param_builder:/opt/ros/humble /usr/bin/cmake --build /home/kptal/humanoid_ws/build/dual_panda_moveit2_interface -- -j18 -l18
[1.257s] [ 11%] Built target dual_panda_moveit2_interface__rosidl_generator_c
[1.257s] [ 12%] Built target dual_panda_moveit2_interface__cpp
[1.257s] [ 24%] Built target dual_panda_moveit2_interface__rosidl_typesupport_fastrtps_c
[1.257s] [ 35%] Built target dual_panda_moveit2_interface__rosidl_typesupport_cpp
[1.257s] [ 47%] Built target dual_panda_moveit2_interface__rosidl_typesupport_introspection_c
[1.257s] [ 58%] Built target dual_panda_moveit2_interface__rosidl_typesupport_fastrtps_cpp
[1.257s] [ 70%] Built target dual_panda_moveit2_interface__rosidl_typesupport_c
[1.257s] [ 82%] Built target dual_panda_moveit2_interface__rosidl_typesupport_introspection_cpp
[1.257s] [ 82%] Built target ament_cmake_python_copy_dual_panda_moveit2_interface
[1.257s] [ 82%] Built target dual_panda_moveit2_interface
[1.257s] [ 83%] Built target dual_panda_moveit2_interface__py
[1.257s] [ 93%] Built target dual_panda_moveit2_interface__rosidl_generator_py
[1.257s] [ 95%] Built target dual_panda_moveit2_interface__rosidl_typesupport_introspection_c__pyext
[1.257s] [ 97%] Built target dual_panda_moveit2_interface__rosidl_typesupport_fastrtps_c__pyext
[1.257s] [100%] Built target dual_panda_moveit2_interface__rosidl_typesupport_c__pyext
[1.257s] running egg_info
[1.258s] writing dual_panda_moveit2_interface.egg-info/PKG-INFO
[1.258s] writing dependency_links to dual_panda_moveit2_interface.egg-info/dependency_links.txt
[1.258s] writing top-level names to dual_panda_moveit2_interface.egg-info/top_level.txt
[1.258s] reading manifest file 'dual_panda_moveit2_interface.egg-info/SOURCES.txt'
[1.258s] writing manifest file 'dual_panda_moveit2_interface.egg-info/SOURCES.txt'
[1.258s] [100%] Built target ament_cmake_python_build_dual_panda_moveit2_interface_egg
[1.311s] Invoked command in '/home/kptal/humanoid_ws/build/dual_panda_moveit2_interface' returned '0': CMAKE_PREFIX_PATH=${CMAKE_PREFIX_PATH}:/home/kptal/humanoid_ws/install/moveit_configs_utils:/home/kptal/humanoid_ws/install/launch_param_builder:/home/kptal/humanoid_ws/install/ik_pick_place:/home/kptal/humanoid_ws/install/half_humanoid_control_actions:/home/kptal/humanoid_ws/install/dynamixel_test_utils:/home/kptal/ws_moveit2/install/moveit_configs_utils:/home/kptal/ws_moveit2/install/launch_param_builder:/opt/ros/humble /usr/bin/cmake --build /home/kptal/humanoid_ws/build/dual_panda_moveit2_interface -- -j18 -l18
[1.313s] Invoking command in '/home/kptal/humanoid_ws/build/dual_panda_moveit2_interface': CMAKE_PREFIX_PATH=${CMAKE_PREFIX_PATH}:/home/kptal/humanoid_ws/install/moveit_configs_utils:/home/kptal/humanoid_ws/install/launch_param_builder:/home/kptal/humanoid_ws/install/ik_pick_place:/home/kptal/humanoid_ws/install/half_humanoid_control_actions:/home/kptal/humanoid_ws/install/dynamixel_test_utils:/home/kptal/ws_moveit2/install/moveit_configs_utils:/home/kptal/ws_moveit2/install/launch_param_builder:/opt/ros/humble /usr/bin/cmake --install /home/kptal/humanoid_ws/build/dual_panda_moveit2_interface
[1.562s] -- Install configuration: ""
[1.562s] -- Up-to-date: /home/kptal/humanoid_ws/install/dual_panda_moveit2_interface/share/ament_index/resource_index/rosidl_interfaces/dual_panda_moveit2_interface
[1.562s] -- Up-to-date: /home/kptal/humanoid_ws/install/dual_panda_moveit2_interface/include/dual_panda_moveit2_interface/dual_panda_moveit2_interface
[1.562s] -- Up-to-date: /home/kptal/humanoid_ws/install/dual_panda_moveit2_interface/include/dual_panda_moveit2_interface/dual_panda_moveit2_interface/msg
[1.562s] -- Up-to-date: /home/kptal/humanoid_ws/install/dual_panda_moveit2_interface/include/dual_panda_moveit2_interface/dual_panda_moveit2_interface/msg/spawn_batch.h
[1.562s] -- Up-to-date: /home/kptal/humanoid_ws/install/dual_panda_moveit2_interface/include/dual_panda_moveit2_interface/dual_panda_moveit2_interface/msg/robot_pose.h
[1.562s] -- Up-to-date: /home/kptal/humanoid_ws/install/dual_panda_moveit2_interface/include/dual_panda_moveit2_interface/dual_panda_moveit2_interface/msg/rosidl_generator_c__visibility_control.h
[1.562s] -- Up-to-date: /home/kptal/humanoid_ws/install/dual_panda_moveit2_interface/include/dual_panda_moveit2_interface/dual_panda_moveit2_interface/msg/object_spec.h
[1.563s] -- Up-to-date: /home/kptal/humanoid_ws/install/dual_panda_moveit2_interface/include/dual_panda_moveit2_interface/dual_panda_moveit2_interface/msg/detail
[1.563s] -- Up-to-date: /home/kptal/humanoid_ws/install/dual_panda_moveit2_interface/include/dual_panda_moveit2_interface/dual_panda_moveit2_interface/msg/detail/robot_pose__functions.c
[1.563s] -- Up-to-date: /home/kptal/humanoid_ws/install/dual_panda_moveit2_interface/include/dual_panda_moveit2_interface/dual_panda_moveit2_interface/msg/detail/object_spec__type_support.h
[1.563s] -- Up-to-date: /home/kptal/humanoid_ws/install/dual_panda_moveit2_interface/include/dual_panda_moveit2_interface/dual_panda_moveit2_interface/msg/detail/spawn_batch__type_support.h
[1.563s] -- Up-to-date: /home/kptal/humanoid_ws/install/dual_panda_moveit2_interface/include/dual_panda_moveit2_interface/dual_panda_moveit2_interface/msg/detail/spawn_batch__struct.h
[1.563s] -- Up-to-date: /home/kptal/humanoid_ws/install/dual_panda_moveit2_interface/include/dual_panda_moveit2_interface/dual_panda_moveit2_interface/msg/detail/object_spec__functions.h
[1.563s] -- Up-to-date: /home/kptal/humanoid_ws/install/dual_panda_moveit2_interface/include/dual_panda_moveit2_interface/dual_panda_moveit2_interface/msg/detail/robot_pose__type_support.h
[1.563s] -- Up-to-date: /home/kptal/humanoid_ws/install/dual_panda_moveit2_interface/include/dual_panda_moveit2_interface/dual_panda_moveit2_interface/msg/detail/robot_pose__struct.h
[1.563s] -- Up-to-date: /home/kptal/humanoid_ws/install/dual_panda_moveit2_interface/include/dual_panda_moveit2_interface/dual_panda_moveit2_interface/msg/detail/object_spec__struct.h
[1.564s] -- Up-to-date: /home/kptal/humanoid_ws/install/dual_panda_moveit2_interface/include/dual_panda_moveit2_interface/dual_panda_moveit2_interface/msg/detail/spawn_batch__functions.c
[1.564s] -- Up-to-date: /home/kptal/humanoid_ws/install/dual_panda_moveit2_interface/include/dual_panda_moveit2_interface/dual_panda_moveit2_interface/msg/detail/object_spec__functions.c
[1.564s] -- Up-to-date: /home/kptal/humanoid_ws/install/dual_panda_moveit2_interface/include/dual_panda_moveit2_interface/dual_panda_moveit2_interface/msg/detail/spawn_batch__functions.h
[1.564s] -- Up-to-date: /home/kptal/humanoid_ws/install/dual_panda_moveit2_interface/include/dual_panda_moveit2_interface/dual_panda_moveit2_interface/msg/detail/robot_pose__functions.h
[1.564s] -- Up-to-date: /home/kptal/humanoid_ws/install/dual_panda_moveit2_interface/include/dual_panda_moveit2_interface/dual_panda_moveit2_interface/action
[1.564s] -- Up-to-date: /home/kptal/humanoid_ws/install/dual_panda_moveit2_interface/include/dual_panda_moveit2_interface/dual_panda_moveit2_interface/action/move.h
[1.565s] -- Up-to-date: /home/kptal/humanoid_ws/install/dual_panda_moveit2_interface/include/dual_panda_moveit2_interface/dual_panda_moveit2_interface/action/detail
[1.565s] -- Up-to-date: /home/kptal/humanoid_ws/install/dual_panda_moveit2_interface/include/dual_panda_moveit2_interface/dual_panda_moveit2_interface/action/detail/move__struct.h
[1.565s] -- Up-to-date: /home/kptal/humanoid_ws/install/dual_panda_moveit2_interface/include/dual_panda_moveit2_interface/dual_panda_moveit2_interface/action/detail/move__functions.h
[1.565s] -- Up-to-date: /home/kptal/humanoid_ws/install/dual_panda_moveit2_interface/include/dual_panda_moveit2_interface/dual_panda_moveit2_interface/action/detail/move__type_support.h
[1.566s] -- Up-to-date: /home/kptal/humanoid_ws/install/dual_panda_moveit2_interface/include/dual_panda_moveit2_interface/dual_panda_moveit2_interface/action/detail/move__functions.c
[1.566s] -- Up-to-date: /home/kptal/humanoid_ws/install/dual_panda_moveit2_interface/include/dual_panda_moveit2_interface/dual_panda_moveit2_interface/srv
[1.566s] -- Up-to-date: /home/kptal/humanoid_ws/install/dual_panda_moveit2_interface/include/dual_panda_moveit2_interface/dual_panda_moveit2_interface/srv/gripper_control.h
[1.566s] -- Up-to-date: /home/kptal/humanoid_ws/install/dual_panda_moveit2_interface/include/dual_panda_moveit2_interface/dual_panda_moveit2_interface/srv/spawn_object.h
[1.567s] -- Up-to-date: /home/kptal/humanoid_ws/install/dual_panda_moveit2_interface/include/dual_panda_moveit2_interface/dual_panda_moveit2_interface/srv/attach_object.h
[1.567s] -- Up-to-date: /home/kptal/humanoid_ws/install/dual_panda_moveit2_interface/include/dual_panda_moveit2_interface/dual_panda_moveit2_interface/srv/detail
[1.567s] -- Up-to-date: /home/kptal/humanoid_ws/install/dual_panda_moveit2_interface/include/dual_panda_moveit2_interface/dual_panda_moveit2_interface/srv/detail/detach_object__functions.c
[1.567s] -- Up-to-date: /home/kptal/humanoid_ws/install/dual_panda_moveit2_interface/include/dual_panda_moveit2_interface/dual_panda_moveit2_interface/srv/detail/spawn_object__struct.h
[1.568s] -- Up-to-date: /home/kptal/humanoid_ws/install/dual_panda_moveit2_interface/include/dual_panda_moveit2_interface/dual_panda_moveit2_interface/srv/detail/gripper_control__functions.c
[1.568s] -- Up-to-date: /home/kptal/humanoid_ws/install/dual_panda_moveit2_interface/include/dual_panda_moveit2_interface/dual_panda_moveit2_interface/srv/detail/detach_object__functions.h
[1.568s] -- Up-to-date: /home/kptal/humanoid_ws/install/dual_panda_moveit2_interface/include/dual_panda_moveit2_interface/dual_panda_moveit2_interface/srv/detail/gripper_control__struct.h
[1.569s] -- Up-to-date: /home/kptal/humanoid_ws/install/dual_panda_moveit2_interface/include/dual_panda_moveit2_interface/dual_panda_moveit2_interface/srv/detail/gripper_control__functions.h
[1.569s] -- Up-to-date: /home/kptal/humanoid_ws/install/dual_panda_moveit2_interface/include/dual_panda_moveit2_interface/dual_panda_moveit2_interface/srv/detail/attach_object__functions.h
[1.569s] -- Up-to-date: /home/kptal/humanoid_ws/install/dual_panda_moveit2_interface/include/dual_panda_moveit2_interface/dual_panda_moveit2_interface/srv/detail/detach_object__struct.h
[1.570s] -- Up-to-date: /home/kptal/humanoid_ws/install/dual_panda_moveit2_interface/include/dual_panda_moveit2_interface/dual_panda_moveit2_interface/srv/detail/attach_object__functions.c
[1.570s] -- Up-to-date: /home/kptal/humanoid_ws/install/dual_panda_moveit2_interface/include/dual_panda_moveit2_interface/dual_panda_moveit2_interface/srv/detail/spawn_object__type_support.h
[1.570s] -- Up-to-date: /home/kptal/humanoid_ws/install/dual_panda_moveit2_interface/include/dual_panda_moveit2_interface/dual_panda_moveit2_interface/srv/detail/remove_object__type_support.h
[1.570s] -- Up-to-date: /home/kptal/humanoid_ws/install/dual_panda_moveit2_interface/include/dual_panda_moveit2_interface/dual_panda_moveit2_interface/srv/detail/attach_object__struct.h
[1.570s] -- Up-to-date: /home/kptal/humanoid_ws/install/dual_panda_moveit2_interface/include/dual_panda_moveit2_interface/dual_panda_moveit2_interface/srv/detail/gripper_control__type_support.h
[1.570s] -- Up-to-date: /home/kptal/humanoid_ws/install/dual_panda_moveit2_interface/include/dual_panda_moveit2_interface/dual_panda_moveit2_interface/srv/detail/spawn_object__functions.c
[1.570s] -- Up-to-date: /home/kptal/humanoid_ws/install/dual_panda_moveit2_interface/include/dual_panda_moveit2_interface/dual_panda_moveit2_interface/srv/detail/attach_object__type_support.h
[1.570s] -- Up-to-date: /home/kptal/humanoid_ws/install/dual_panda_moveit2_interface/include/dual_panda_moveit2_interface/dual_panda_moveit2_interface/srv/detail/remove_object__functions.h
[1.571s] -- Up-to-date: /home/kptal/humanoid_ws/install/dual_panda_moveit2_interface/include/dual_panda_moveit2_interface/dual_panda_moveit2_interface/srv/detail/remove_object__struct.h
[1.571s] -- Up-to-date: /home/kptal/humanoid_ws/install/dual_panda_moveit2_interface/include/dual_panda_moveit2_interface/dual_panda_moveit2_interface/srv/detail/detach_object__type_support.h
[1.571s] -- Up-to-date: /home/kptal/humanoid_ws/install/dual_panda_moveit2_interface/include/dual_panda_moveit2_interface/dual_panda_moveit2_interface/srv/detail/spawn_object__functions.h
[1.571s] -- Up-to-date: /home/kptal/humanoid_ws/install/dual_panda_moveit2_interface/include/dual_panda_moveit2_interface/dual_panda_moveit2_interface/srv/detail/remove_object__functions.c
[1.571s] -- Up-to-date: /home/kptal/humanoid_ws/install/dual_panda_moveit2_interface/include/dual_panda_moveit2_interface/dual_panda_moveit2_interface/srv/remove_object.h
[1.571s] -- Up-to-date: /home/kptal/humanoid_ws/install/dual_panda_moveit2_interface/include/dual_panda_moveit2_interface/dual_panda_moveit2_interface/srv/detach_object.h
[1.571s] -- Up-to-date: /home/kptal/humanoid_ws/install/dual_panda_moveit2_interface/share/dual_panda_moveit2_interface/environment/library_path.sh
[1.571s] -- Up-to-date: /home/kptal/humanoid_ws/install/dual_panda_moveit2_interface/share/dual_panda_moveit2_interface/environment/library_path.dsv
[1.571s] -- Up-to-date: /home/kptal/humanoid_ws/install/dual_panda_moveit2_interface/lib/libdual_panda_moveit2_interface__rosidl_generator_c.so
[1.572s] -- Up-to-date: /home/kptal/humanoid_ws/install/dual_panda_moveit2_interface/include/dual_panda_moveit2_interface/dual_panda_moveit2_interface
[1.572s] -- Up-to-date: /home/kptal/humanoid_ws/install/dual_panda_moveit2_interface/include/dual_panda_moveit2_interface/dual_panda_moveit2_interface/msg
[1.572s] -- Up-to-date: /home/kptal/humanoid_ws/install/dual_panda_moveit2_interface/include/dual_panda_moveit2_interface/dual_panda_moveit2_interface/msg/rosidl_typesupport_fastrtps_c__visibility_control.h
[1.572s] -- Up-to-date: /home/kptal/humanoid_ws/install/dual_panda_moveit2_interface/include/dual_panda_moveit2_interface/dual_panda_moveit2_interface/msg/detail
[1.572s] -- Up-to-date: /home/kptal/humanoid_ws/install/dual_panda_moveit2_interface/include/dual_panda_moveit2_interface/dual_panda_moveit2_interface/msg/detail/object_spec__rosidl_typesupport_fastrtps_c.h
[1.572s] -- Up-to-date: /home/kptal/humanoid_ws/install/dual_panda_moveit2_interface/include/dual_panda_moveit2_interface/dual_panda_moveit2_interface/msg/detail/spawn_batch__rosidl_typesupport_fastrtps_c.h
[1.573s] -- Up-to-date: /home/kptal/humanoid_ws/install/dual_panda_moveit2_interface/include/dual_panda_moveit2_interface/dual_panda_moveit2_interface/msg/detail/robot_pose__rosidl_typesupport_fastrtps_c.h
[1.573s] -- Up-to-date: /home/kptal/humanoid_ws/install/dual_panda_moveit2_interface/include/dual_panda_moveit2_interface/dual_panda_moveit2_interface/action
[1.573s] -- Up-to-date: /home/kptal/humanoid_ws/install/dual_panda_moveit2_interface/include/dual_panda_moveit2_interface/dual_panda_moveit2_interface/action/detail
[1.573s] -- Up-to-date: /home/kptal/humanoid_ws/install/dual_panda_moveit2_interface/include/dual_panda_moveit2_interface/dual_panda_moveit2_interface/action/detail/move__rosidl_typesupport_fastrtps_c.h
[1.573s] -- Up-to-date: /home/kptal/humanoid_ws/install/dual_panda_moveit2_interface/include/dual_panda_moveit2_interface/dual_panda_moveit2_interface/srv
[1.573s] -- Up-to-date: /home/kptal/humanoid_ws/install/dual_panda_moveit2_interface/include/dual_panda_moveit2_interface/dual_panda_moveit2_interface/srv/detail
[1.574s] -- Up-to-date: /home/kptal/humanoid_ws/install/dual_panda_moveit2_interface/include/dual_panda_moveit2_interface/dual_panda_moveit2_interface/srv/detail/spawn_object__rosidl_typesupport_fastrtps_c.h
[1.574s] -- Up-to-date: /home/kptal/humanoid_ws/install/dual_panda_moveit2_interface/include/dual_panda_moveit2_interface/dual_panda_moveit2_interface/srv/detail/detach_object__rosidl_typesupport_fastrtps_c.h
[1.574s] -- Up-to-date: /home/kptal/humanoid_ws/install/dual_panda_moveit2_interface/include/dual_panda_moveit2_interface/dual_panda_moveit2_interface/srv/detail/remove_object__rosidl_typesupport_fastrtps_c.h
[1.574s] -- Up-to-date: /home/kptal/humanoid_ws/install/dual_panda_moveit2_interface/include/dual_panda_moveit2_interface/dual_panda_moveit2_interface/srv/detail/attach_object__rosidl_typesupport_fastrtps_c.h
[1.574s] -- Up-to-date: /home/kptal/humanoid_ws/install/dual_panda_moveit2_interface/include/dual_panda_moveit2_interface/dual_panda_moveit2_interface/srv/detail/gripper_control__rosidl_typesupport_fastrtps_c.h
[1.574s] -- Up-to-date: /home/kptal/humanoid_ws/install/dual_panda_moveit2_interface/lib/libdual_panda_moveit2_interface__rosidl_typesupport_fastrtps_c.so
[1.575s] -- Up-to-date: /home/kptal/humanoid_ws/install/dual_panda_moveit2_interface/include/dual_panda_moveit2_interface/dual_panda_moveit2_interface
[1.575s] -- Up-to-date: /home/kptal/humanoid_ws/install/dual_panda_moveit2_interface/include/dual_panda_moveit2_interface/dual_panda_moveit2_interface/msg
[1.575s] -- Up-to-date: /home/kptal/humanoid_ws/install/dual_panda_moveit2_interface/include/dual_panda_moveit2_interface/dual_panda_moveit2_interface/msg/object_spec.hpp
[1.575s] -- Up-to-date: /home/kptal/humanoid_ws/install/dual_panda_moveit2_interface/include/dual_panda_moveit2_interface/dual_panda_moveit2_interface/msg/spawn_batch.hpp
[1.575s] -- Up-to-date: /home/kptal/humanoid_ws/install/dual_panda_moveit2_interface/include/dual_panda_moveit2_interface/dual_panda_moveit2_interface/msg/rosidl_generator_cpp__visibility_control.hpp
[1.575s] -- Up-to-date: /home/kptal/humanoid_ws/install/dual_panda_moveit2_interface/include/dual_panda_moveit2_interface/dual_panda_moveit2_interface/msg/detail
[1.575s] -- Up-to-date: /home/kptal/humanoid_ws/install/dual_panda_moveit2_interface/include/dual_panda_moveit2_interface/dual_panda_moveit2_interface/msg/detail/spawn_batch__type_support.hpp
[1.575s] -- Up-to-date: /home/kptal/humanoid_ws/install/dual_panda_moveit2_interface/include/dual_panda_moveit2_interface/dual_panda_moveit2_interface/msg/detail/spawn_batch__struct.hpp
[1.575s] -- Up-to-date: /home/kptal/humanoid_ws/install/dual_panda_moveit2_interface/include/dual_panda_moveit2_interface/dual_panda_moveit2_interface/msg/detail/spawn_batch__builder.hpp
[1.575s] -- Up-to-date: /home/kptal/humanoid_ws/install/dual_panda_moveit2_interface/include/dual_panda_moveit2_interface/dual_panda_moveit2_interface/msg/detail/robot_pose__builder.hpp
[1.575s] -- Up-to-date: /home/kptal/humanoid_ws/install/dual_panda_moveit2_interface/include/dual_panda_moveit2_interface/dual_panda_moveit2_interface/msg/detail/robot_pose__traits.hpp
[1.577s] -- Up-to-date: /home/kptal/humanoid_ws/install/dual_panda_moveit2_interface/include/dual_panda_moveit2_interface/dual_panda_moveit2_interface/msg/detail/object_spec__struct.hpp
[1.577s] -- Up-to-date: /home/kptal/humanoid_ws/install/dual_panda_moveit2_interface/include/dual_panda_moveit2_interface/dual_panda_moveit2_interface/msg/detail/object_spec__builder.hpp
[1.577s] -- Up-to-date: /home/kptal/humanoid_ws/install/dual_panda_moveit2_interface/include/dual_panda_moveit2_interface/dual_panda_moveit2_interface/msg/detail/robot_pose__struct.hpp
[1.577s] -- Up-to-date: /home/kptal/humanoid_ws/install/dual_panda_moveit2_interface/include/dual_panda_moveit2_interface/dual_panda_moveit2_interface/msg/detail/spawn_batch__traits.hpp
[1.577s] -- Up-to-date: /home/kptal/humanoid_ws/install/dual_panda_moveit2_interface/include/dual_panda_moveit2_interface/dual_panda_moveit2_interface/msg/detail/robot_pose__type_support.hpp
[1.578s] -- Up-to-date: /home/kptal/humanoid_ws/install/dual_panda_moveit2_interface/include/dual_panda_moveit2_interface/dual_panda_moveit2_interface/msg/detail/object_spec__traits.hpp
[1.578s] -- Up-to-date: /home/kptal/humanoid_ws/install/dual_panda_moveit2_interface/include/dual_panda_moveit2_interface/dual_panda_moveit2_interface/msg/detail/object_spec__type_support.hpp
[1.578s] -- Up-to-date: /home/kptal/humanoid_ws/install/dual_panda_moveit2_interface/include/dual_panda_moveit2_interface/dual_panda_moveit2_interface/msg/robot_pose.hpp
[1.578s] -- Up-to-date: /home/kptal/humanoid_ws/install/dual_panda_moveit2_interface/include/dual_panda_moveit2_interface/dual_panda_moveit2_interface/action
[1.578s] -- Up-to-date: /home/kptal/humanoid_ws/install/dual_panda_moveit2_interface/include/dual_panda_moveit2_interface/dual_panda_moveit2_interface/action/move.hpp
[1.579s] -- Up-to-date: /home/kptal/humanoid_ws/install/dual_panda_moveit2_interface/include/dual_panda_moveit2_interface/dual_panda_moveit2_interface/action/detail
[1.579s] -- Up-to-date: /home/kptal/humanoid_ws/install/dual_panda_moveit2_interface/include/dual_panda_moveit2_interface/dual_panda_moveit2_interface/action/detail/move__traits.hpp
[1.579s] -- Up-to-date: /home/kptal/humanoid_ws/install/dual_panda_moveit2_interface/include/dual_panda_moveit2_interface/dual_panda_moveit2_interface/action/detail/move__struct.hpp
[1.579s] -- Up-to-date: /home/kptal/humanoid_ws/install/dual_panda_moveit2_interface/include/dual_panda_moveit2_interface/dual_panda_moveit2_interface/action/detail/move__type_support.hpp
[1.579s] -- Up-to-date: /home/kptal/humanoid_ws/install/dual_panda_moveit2_interface/include/dual_panda_moveit2_interface/dual_panda_moveit2_interface/action/detail/move__builder.hpp
[1.579s] -- Up-to-date: /home/kptal/humanoid_ws/install/dual_panda_moveit2_interface/include/dual_panda_moveit2_interface/dual_panda_moveit2_interface/srv
[1.579s] -- Up-to-date: /home/kptal/humanoid_ws/install/dual_panda_moveit2_interface/include/dual_panda_moveit2_interface/dual_panda_moveit2_interface/srv/spawn_object.hpp
[1.579s] -- Up-to-date: /home/kptal/humanoid_ws/install/dual_panda_moveit2_interface/include/dual_panda_moveit2_interface/dual_panda_moveit2_interface/srv/gripper_control.hpp
[1.579s] -- Up-to-date: /home/kptal/humanoid_ws/install/dual_panda_moveit2_interface/include/dual_panda_moveit2_interface/dual_panda_moveit2_interface/srv/detail
[1.579s] -- Up-to-date: /home/kptal/humanoid_ws/install/dual_panda_moveit2_interface/include/dual_panda_moveit2_interface/dual_panda_moveit2_interface/srv/detail/attach_object__builder.hpp
[1.579s] -- Up-to-date: /home/kptal/humanoid_ws/install/dual_panda_moveit2_interface/include/dual_panda_moveit2_interface/dual_panda_moveit2_interface/srv/detail/remove_object__struct.hpp
[1.579s] -- Up-to-date: /home/kptal/humanoid_ws/install/dual_panda_moveit2_interface/include/dual_panda_moveit2_interface/dual_panda_moveit2_interface/srv/detail/gripper_control__type_support.hpp
[1.579s] -- Up-to-date: /home/kptal/humanoid_ws/install/dual_panda_moveit2_interface/include/dual_panda_moveit2_interface/dual_panda_moveit2_interface/srv/detail/spawn_object__struct.hpp
[1.579s] -- Up-to-date: /home/kptal/humanoid_ws/install/dual_panda_moveit2_interface/include/dual_panda_moveit2_interface/dual_panda_moveit2_interface/srv/detail/remove_object__traits.hpp
[1.580s] -- Up-to-date: /home/kptal/humanoid_ws/install/dual_panda_moveit2_interface/include/dual_panda_moveit2_interface/dual_panda_moveit2_interface/srv/detail/attach_object__traits.hpp
[1.580s] -- Up-to-date: /home/kptal/humanoid_ws/install/dual_panda_moveit2_interface/include/dual_panda_moveit2_interface/dual_panda_moveit2_interface/srv/detail/spawn_object__type_support.hpp
[1.580s] -- Up-to-date: /home/kptal/humanoid_ws/install/dual_panda_moveit2_interface/include/dual_panda_moveit2_interface/dual_panda_moveit2_interface/srv/detail/detach_object__traits.hpp
[1.580s] -- Up-to-date: /home/kptal/humanoid_ws/install/dual_panda_moveit2_interface/include/dual_panda_moveit2_interface/dual_panda_moveit2_interface/srv/detail/detach_object__type_support.hpp
[1.580s] -- Up-to-date: /home/kptal/humanoid_ws/install/dual_panda_moveit2_interface/include/dual_panda_moveit2_interface/dual_panda_moveit2_interface/srv/detail/attach_object__struct.hpp
[1.580s] -- Up-to-date: /home/kptal/humanoid_ws/install/dual_panda_moveit2_interface/include/dual_panda_moveit2_interface/dual_panda_moveit2_interface/srv/detail/detach_object__builder.hpp
[1.580s] -- Up-to-date: /home/kptal/humanoid_ws/install/dual_panda_moveit2_interface/include/dual_panda_moveit2_interface/dual_panda_moveit2_interface/srv/detail/gripper_control__builder.hpp
[1.580s] -- Up-to-date: /home/kptal/humanoid_ws/install/dual_panda_moveit2_interface/include/dual_panda_moveit2_interface/dual_panda_moveit2_interface/srv/detail/gripper_control__traits.hpp
[1.580s] -- Up-to-date: /home/kptal/humanoid_ws/install/dual_panda_moveit2_interface/include/dual_panda_moveit2_interface/dual_panda_moveit2_interface/srv/detail/attach_object__type_support.hpp
[1.580s] -- Up-to-date: /home/kptal/humanoid_ws/install/dual_panda_moveit2_interface/include/dual_panda_moveit2_interface/dual_panda_moveit2_interface/srv/detail/detach_object__struct.hpp
[1.580s] -- Up-to-date: /home/kptal/humanoid_ws/install/dual_panda_moveit2_interface/include/dual_panda_moveit2_interface/dual_panda_moveit2_interface/srv/detail/remove_object__builder.hpp
[1.580s] -- Up-to-date: /home/kptal/humanoid_ws/install/dual_panda_moveit2_interface/include/dual_panda_moveit2_interface/dual_panda_moveit2_interface/srv/detail/gripper_control__struct.hpp
[1.580s] -- Up-to-date: /home/kptal/humanoid_ws/install/dual_panda_moveit2_interface/include/dual_panda_moveit2_interface/dual_panda_moveit2_interface/srv/detail/remove_object__type_support.hpp
[1.580s] -- Up-to-date: /home/kptal/humanoid_ws/install/dual_panda_moveit2_interface/include/dual_panda_moveit2_interface/dual_panda_moveit2_interface/srv/detail/spawn_object__builder.hpp
[1.581s] -- Up-to-date: /home/kptal/humanoid_ws/install/dual_panda_moveit2_interface/include/dual_panda_moveit2_interface/dual_panda_moveit2_interface/srv/detail/spawn_object__traits.hpp
[1.581s] -- Up-to-date: /home/kptal/humanoid_ws/install/dual_panda_moveit2_interface/include/dual_panda_moveit2_interface/dual_panda_moveit2_interface/srv/remove_object.hpp
[1.581s] -- Up-to-date: /home/kptal/humanoid_ws/install/dual_panda_moveit2_interface/include/dual_panda_moveit2_interface/dual_panda_moveit2_interface/srv/attach_object.hpp
[1.581s] -- Up-to-date: /home/kptal/humanoid_ws/install/dual_panda_moveit2_interface/include/dual_panda_moveit2_interface/dual_panda_moveit2_interface/srv/detach_object.hpp
[1.581s] -- Up-to-date: /home/kptal/humanoid_ws/install/dual_panda_moveit2_interface/include/dual_panda_moveit2_interface/dual_panda_moveit2_interface
[1.581s] -- Up-to-date: /home/kptal/humanoid_ws/install/dual_panda_moveit2_interface/include/dual_panda_moveit2_interface/dual_panda_moveit2_interface/msg
[1.581s] -- Up-to-date: /home/kptal/humanoid_ws/install/dual_panda_moveit2_interface/include/dual_panda_moveit2_interface/dual_panda_moveit2_interface/msg/detail
[1.581s] -- Up-to-date: /home/kptal/humanoid_ws/install/dual_panda_moveit2_interface/include/dual_panda_moveit2_interface/dual_panda_moveit2_interface/msg/detail/object_spec__rosidl_typesupport_fastrtps_cpp.hpp
[1.581s] -- Up-to-date: /home/kptal/humanoid_ws/install/dual_panda_moveit2_interface/include/dual_panda_moveit2_interface/dual_panda_moveit2_interface/msg/detail/dds_fastrtps
[1.581s] -- Up-to-date: /home/kptal/humanoid_ws/install/dual_panda_moveit2_interface/include/dual_panda_moveit2_interface/dual_panda_moveit2_interface/msg/detail/robot_pose__rosidl_typesupport_fastrtps_cpp.hpp
[1.581s] -- Up-to-date: /home/kptal/humanoid_ws/install/dual_panda_moveit2_interface/include/dual_panda_moveit2_interface/dual_panda_moveit2_interface/msg/detail/spawn_batch__rosidl_typesupport_fastrtps_cpp.hpp
[1.581s] -- Up-to-date: /home/kptal/humanoid_ws/install/dual_panda_moveit2_interface/include/dual_panda_moveit2_interface/dual_panda_moveit2_interface/msg/rosidl_typesupport_fastrtps_cpp__visibility_control.h
[1.581s] -- Up-to-date: /home/kptal/humanoid_ws/install/dual_panda_moveit2_interface/include/dual_panda_moveit2_interface/dual_panda_moveit2_interface/action
[1.581s] -- Up-to-date: /home/kptal/humanoid_ws/install/dual_panda_moveit2_interface/include/dual_panda_moveit2_interface/dual_panda_moveit2_interface/action/detail
[1.581s] -- Up-to-date: /home/kptal/humanoid_ws/install/dual_panda_moveit2_interface/include/dual_panda_moveit2_interface/dual_panda_moveit2_interface/action/detail/dds_fastrtps
[1.582s] -- Up-to-date: /home/kptal/humanoid_ws/install/dual_panda_moveit2_interface/include/dual_panda_moveit2_interface/dual_panda_moveit2_interface/action/detail/move__rosidl_typesupport_fastrtps_cpp.hpp
[1.582s] -- Up-to-date: /home/kptal/humanoid_ws/install/dual_panda_moveit2_interface/include/dual_panda_moveit2_interface/dual_panda_moveit2_interface/srv
[1.582s] -- Up-to-date: /home/kptal/humanoid_ws/install/dual_panda_moveit2_interface/include/dual_panda_moveit2_interface/dual_panda_moveit2_interface/srv/detail
[1.582s] -- Up-to-date: /home/kptal/humanoid_ws/install/dual_panda_moveit2_interface/include/dual_panda_moveit2_interface/dual_panda_moveit2_interface/srv/detail/attach_object__rosidl_typesupport_fastrtps_cpp.hpp
[1.582s] -- Up-to-date: /home/kptal/humanoid_ws/install/dual_panda_moveit2_interface/include/dual_panda_moveit2_interface/dual_panda_moveit2_interface/srv/detail/gripper_control__rosidl_typesupport_fastrtps_cpp.hpp
[1.582s] -- Up-to-date: /home/kptal/humanoid_ws/install/dual_panda_moveit2_interface/include/dual_panda_moveit2_interface/dual_panda_moveit2_interface/srv/detail/detach_object__rosidl_typesupport_fastrtps_cpp.hpp
[1.582s] -- Up-to-date: /home/kptal/humanoid_ws/install/dual_panda_moveit2_interface/include/dual_panda_moveit2_interface/dual_panda_moveit2_interface/srv/detail/remove_object__rosidl_typesupport_fastrtps_cpp.hpp
[1.582s] -- Up-to-date: /home/kptal/humanoid_ws/install/dual_panda_moveit2_interface/include/dual_panda_moveit2_interface/dual_panda_moveit2_interface/srv/detail/spawn_object__rosidl_typesupport_fastrtps_cpp.hpp
[1.582s] -- Up-to-date: /home/kptal/humanoid_ws/install/dual_panda_moveit2_interface/include/dual_panda_moveit2_interface/dual_panda_moveit2_interface/srv/detail/dds_fastrtps
[1.582s] -- Up-to-date: /home/kptal/humanoid_ws/install/dual_panda_moveit2_interface/lib/libdual_panda_moveit2_interface__rosidl_typesupport_fastrtps_cpp.so
[1.582s] -- Up-to-date: /home/kptal/humanoid_ws/install/dual_panda_moveit2_interface/include/dual_panda_moveit2_interface/dual_panda_moveit2_interface
[1.583s] -- Up-to-date: /home/kptal/humanoid_ws/install/dual_panda_moveit2_interface/include/dual_panda_moveit2_interface/dual_panda_moveit2_interface/msg
[1.583s] -- Up-to-date: /home/kptal/humanoid_ws/install/dual_panda_moveit2_interface/include/dual_panda_moveit2_interface/dual_panda_moveit2_interface/msg/rosidl_typesupport_introspection_c__visibility_control.h
[1.583s] -- Up-to-date: /home/kptal/humanoid_ws/install/dual_panda_moveit2_interface/include/dual_panda_moveit2_interface/dual_panda_moveit2_interface/msg/detail
[1.583s] -- Up-to-date: /home/kptal/humanoid_ws/install/dual_panda_moveit2_interface/include/dual_panda_moveit2_interface/dual_panda_moveit2_interface/msg/detail/robot_pose__rosidl_typesupport_introspection_c.h
[1.583s] -- Up-to-date: /home/kptal/humanoid_ws/install/dual_panda_moveit2_interface/include/dual_panda_moveit2_interface/dual_panda_moveit2_interface/msg/detail/object_spec__rosidl_typesupport_introspection_c.h
[1.583s] -- Up-to-date: /home/kptal/humanoid_ws/install/dual_panda_moveit2_interface/include/dual_panda_moveit2_interface/dual_panda_moveit2_interface/msg/detail/spawn_batch__type_support.c
[1.583s] -- Up-to-date: /home/kptal/humanoid_ws/install/dual_panda_moveit2_interface/include/dual_panda_moveit2_interface/dual_panda_moveit2_interface/msg/detail/spawn_batch__rosidl_typesupport_introspection_c.h
[1.584s] -- Up-to-date: /home/kptal/humanoid_ws/install/dual_panda_moveit2_interface/include/dual_panda_moveit2_interface/dual_panda_moveit2_interface/msg/detail/object_spec__type_support.c
[1.584s] -- Up-to-date: /home/kptal/humanoid_ws/install/dual_panda_moveit2_interface/include/dual_panda_moveit2_interface/dual_panda_moveit2_interface/msg/detail/robot_pose__type_support.c
[1.584s] -- Up-to-date: /home/kptal/humanoid_ws/install/dual_panda_moveit2_interface/include/dual_panda_moveit2_interface/dual_panda_moveit2_interface/action
[1.584s] -- Up-to-date: /home/kptal/humanoid_ws/install/dual_panda_moveit2_interface/include/dual_panda_moveit2_interface/dual_panda_moveit2_interface/action/detail
[1.584s] -- Up-to-date: /home/kptal/humanoid_ws/install/dual_panda_moveit2_interface/include/dual_panda_moveit2_interface/dual_panda_moveit2_interface/action/detail/move__type_support.c
[1.584s] -- Up-to-date: /home/kptal/humanoid_ws/install/dual_panda_moveit2_interface/include/dual_panda_moveit2_interface/dual_panda_moveit2_interface/action/detail/move__rosidl_typesupport_introspection_c.h
[1.584s] -- Up-to-date: /home/kptal/humanoid_ws/install/dual_panda_moveit2_interface/include/dual_panda_moveit2_interface/dual_panda_moveit2_interface/srv
[1.585s] -- Up-to-date: /home/kptal/humanoid_ws/install/dual_panda_moveit2_interface/include/dual_panda_moveit2_interface/dual_panda_moveit2_interface/srv/detail
[1.585s] -- Up-to-date: /home/kptal/humanoid_ws/install/dual_panda_moveit2_interface/include/dual_panda_moveit2_interface/dual_panda_moveit2_interface/srv/detail/remove_object__type_support.c
[1.585s] -- Up-to-date: /home/kptal/humanoid_ws/install/dual_panda_moveit2_interface/include/dual_panda_moveit2_interface/dual_panda_moveit2_interface/srv/detail/gripper_control__rosidl_typesupport_introspection_c.h
[1.585s] -- Up-to-date: /home/kptal/humanoid_ws/install/dual_panda_moveit2_interface/include/dual_panda_moveit2_interface/dual_panda_moveit2_interface/srv/detail/detach_object__rosidl_typesupport_introspection_c.h
[1.585s] -- Up-to-date: /home/kptal/humanoid_ws/install/dual_panda_moveit2_interface/include/dual_panda_moveit2_interface/dual_panda_moveit2_interface/srv/detail/spawn_object__type_support.c
[1.586s] -- Up-to-date: /home/kptal/humanoid_ws/install/dual_panda_moveit2_interface/include/dual_panda_moveit2_interface/dual_panda_moveit2_interface/srv/detail/remove_object__rosidl_typesupport_introspection_c.h
[1.586s] -- Up-to-date: /home/kptal/humanoid_ws/install/dual_panda_moveit2_interface/include/dual_panda_moveit2_interface/dual_panda_moveit2_interface/srv/detail/gripper_control__type_support.c
[1.586s] -- Up-to-date: /home/kptal/humanoid_ws/install/dual_panda_moveit2_interface/include/dual_panda_moveit2_interface/dual_panda_moveit2_interface/srv/detail/attach_object__rosidl_typesupport_introspection_c.h
[1.586s] -- Up-to-date: /home/kptal/humanoid_ws/install/dual_panda_moveit2_interface/include/dual_panda_moveit2_interface/dual_panda_moveit2_interface/srv/detail/detach_object__type_support.c
[1.586s] -- Up-to-date: /home/kptal/humanoid_ws/install/dual_panda_moveit2_interface/include/dual_panda_moveit2_interface/dual_panda_moveit2_interface/srv/detail/spawn_object__rosidl_typesupport_introspection_c.h
[1.586s] -- Up-to-date: /home/kptal/humanoid_ws/install/dual_panda_moveit2_interface/include/dual_panda_moveit2_interface/dual_panda_moveit2_interface/srv/detail/attach_object__type_support.c
[1.586s] -- Up-to-date: /home/kptal/humanoid_ws/install/dual_panda_moveit2_interface/lib/libdual_panda_moveit2_interface__rosidl_typesupport_introspection_c.so
[1.586s] -- Up-to-date: /home/kptal/humanoid_ws/install/dual_panda_moveit2_interface/lib/libdual_panda_moveit2_interface__rosidl_typesupport_c.so
[1.587s] -- Up-to-date: /home/kptal/humanoid_ws/install/dual_panda_moveit2_interface/include/dual_panda_moveit2_interface/dual_panda_moveit2_interface
[1.587s] -- Up-to-date: /home/kptal/humanoid_ws/install/dual_panda_moveit2_interface/include/dual_panda_moveit2_interface/dual_panda_moveit2_interface/msg
[1.587s] -- Up-to-date: /home/kptal/humanoid_ws/install/dual_panda_moveit2_interface/include/dual_panda_moveit2_interface/dual_panda_moveit2_interface/msg/detail
[1.587s] -- Up-to-date: /home/kptal/humanoid_ws/install/dual_panda_moveit2_interface/include/dual_panda_moveit2_interface/dual_panda_moveit2_interface/msg/detail/object_spec__rosidl_typesupport_introspection_cpp.hpp
[1.587s] -- Up-to-date: /home/kptal/humanoid_ws/install/dual_panda_moveit2_interface/include/dual_panda_moveit2_interface/dual_panda_moveit2_interface/msg/detail/spawn_batch__type_support.cpp
[1.587s] -- Up-to-date: /home/kptal/humanoid_ws/install/dual_panda_moveit2_interface/include/dual_panda_moveit2_interface/dual_panda_moveit2_interface/msg/detail/robot_pose__rosidl_typesupport_introspection_cpp.hpp
[1.587s] -- Up-to-date: /home/kptal/humanoid_ws/install/dual_panda_moveit2_interface/include/dual_panda_moveit2_interface/dual_panda_moveit2_interface/msg/detail/spawn_batch__rosidl_typesupport_introspection_cpp.hpp
[1.587s] -- Up-to-date: /home/kptal/humanoid_ws/install/dual_panda_moveit2_interface/include/dual_panda_moveit2_interface/dual_panda_moveit2_interface/msg/detail/object_spec__type_support.cpp
[1.587s] -- Up-to-date: /home/kptal/humanoid_ws/install/dual_panda_moveit2_interface/include/dual_panda_moveit2_interface/dual_panda_moveit2_interface/msg/detail/robot_pose__type_support.cpp
[1.587s] -- Up-to-date: /home/kptal/humanoid_ws/install/dual_panda_moveit2_interface/include/dual_panda_moveit2_interface/dual_panda_moveit2_interface/action
[1.587s] -- Up-to-date: /home/kptal/humanoid_ws/install/dual_panda_moveit2_interface/include/dual_panda_moveit2_interface/dual_panda_moveit2_interface/action/detail
[1.587s] -- Up-to-date: /home/kptal/humanoid_ws/install/dual_panda_moveit2_interface/include/dual_panda_moveit2_interface/dual_panda_moveit2_interface/action/detail/move__rosidl_typesupport_introspection_cpp.hpp
[1.587s] -- Up-to-date: /home/kptal/humanoid_ws/install/dual_panda_moveit2_interface/include/dual_panda_moveit2_interface/dual_panda_moveit2_interface/action/detail/move__type_support.cpp
[1.587s] -- Up-to-date: /home/kptal/humanoid_ws/install/dual_panda_moveit2_interface/include/dual_panda_moveit2_interface/dual_panda_moveit2_interface/srv
[1.587s] -- Up-to-date: /home/kptal/humanoid_ws/install/dual_panda_moveit2_interface/include/dual_panda_moveit2_interface/dual_panda_moveit2_interface/srv/detail
[1.587s] -- Up-to-date: /home/kptal/humanoid_ws/install/dual_panda_moveit2_interface/include/dual_panda_moveit2_interface/dual_panda_moveit2_interface/srv/detail/spawn_object__rosidl_typesupport_introspection_cpp.hpp
[1.588s] -- Up-to-date: /home/kptal/humanoid_ws/install/dual_panda_moveit2_interface/include/dual_panda_moveit2_interface/dual_panda_moveit2_interface/srv/detail/attach_object__rosidl_typesupport_introspection_cpp.hpp
[1.588s] -- Up-to-date: /home/kptal/humanoid_ws/install/dual_panda_moveit2_interface/include/dual_panda_moveit2_interface/dual_panda_moveit2_interface/srv/detail/gripper_control__type_support.cpp
[1.588s] -- Up-to-date: /home/kptal/humanoid_ws/install/dual_panda_moveit2_interface/include/dual_panda_moveit2_interface/dual_panda_moveit2_interface/srv/detail/detach_object__rosidl_typesupport_introspection_cpp.hpp
[1.588s] -- Up-to-date: /home/kptal/humanoid_ws/install/dual_panda_moveit2_interface/include/dual_panda_moveit2_interface/dual_panda_moveit2_interface/srv/detail/spawn_object__type_support.cpp
[1.588s] -- Up-to-date: /home/kptal/humanoid_ws/install/dual_panda_moveit2_interface/include/dual_panda_moveit2_interface/dual_panda_moveit2_interface/srv/detail/attach_object__type_support.cpp
[1.588s] -- Up-to-date: /home/kptal/humanoid_ws/install/dual_panda_moveit2_interface/include/dual_panda_moveit2_interface/dual_panda_moveit2_interface/srv/detail/detach_object__type_support.cpp
[1.588s] -- Up-to-date: /home/kptal/humanoid_ws/install/dual_panda_moveit2_interface/include/dual_panda_moveit2_interface/dual_panda_moveit2_interface/srv/detail/remove_object__type_support.cpp
[1.588s] -- Up-to-date: /home/kptal/humanoid_ws/install/dual_panda_moveit2_interface/include/dual_panda_moveit2_interface/dual_panda_moveit2_interface/srv/detail/gripper_control__rosidl_typesupport_introspection_cpp.hpp
[1.588s] -- Up-to-date: /home/kptal/humanoid_ws/install/dual_panda_moveit2_interface/include/dual_panda_moveit2_interface/dual_panda_moveit2_interface/srv/detail/remove_object__rosidl_typesupport_introspection_cpp.hpp
[1.588s] -- Up-to-date: /home/kptal/humanoid_ws/install/dual_panda_moveit2_interface/lib/libdual_panda_moveit2_interface__rosidl_typesupport_introspection_cpp.so
[1.588s] -- Up-to-date: /home/kptal/humanoid_ws/install/dual_panda_moveit2_interface/lib/libdual_panda_moveit2_interface__rosidl_typesupport_cpp.so
[1.588s] -- Up-to-date: /home/kptal/humanoid_ws/install/dual_panda_moveit2_interface/share/dual_panda_moveit2_interface/environment/pythonpath.sh
[1.588s] -- Up-to-date: /home/kptal/humanoid_ws/install/dual_panda_moveit2_interface/share/dual_panda_moveit2_interface/environment/pythonpath.dsv
[1.588s] -- Up-to-date: /home/kptal/humanoid_ws/install/dual_panda_moveit2_interface/local/lib/python3.10/dist-packages/dual_panda_moveit2_interface-0.0.0-py3.10.egg-info
[1.589s] -- Installing: /home/kptal/humanoid_ws/install/dual_panda_moveit2_interface/local/lib/python3.10/dist-packages/dual_panda_moveit2_interface-0.0.0-py3.10.egg-info/SOURCES.txt
[1.589s] -- Installing: /home/kptal/humanoid_ws/install/dual_panda_moveit2_interface/local/lib/python3.10/dist-packages/dual_panda_moveit2_interface-0.0.0-py3.10.egg-info/PKG-INFO
[1.589s] -- Installing: /home/kptal/humanoid_ws/install/dual_panda_moveit2_interface/local/lib/python3.10/dist-packages/dual_panda_moveit2_interface-0.0.0-py3.10.egg-info/dependency_links.txt
[1.589s] -- Installing: /home/kptal/humanoid_ws/install/dual_panda_moveit2_interface/local/lib/python3.10/dist-packages/dual_panda_moveit2_interface-0.0.0-py3.10.egg-info/top_level.txt
[1.589s] -- Up-to-date: /home/kptal/humanoid_ws/install/dual_panda_moveit2_interface/local/lib/python3.10/dist-packages/dual_panda_moveit2_interface
[1.589s] -- Up-to-date: /home/kptal/humanoid_ws/install/dual_panda_moveit2_interface/local/lib/python3.10/dist-packages/dual_panda_moveit2_interface/msg
[1.589s] -- Up-to-date: /home/kptal/humanoid_ws/install/dual_panda_moveit2_interface/local/lib/python3.10/dist-packages/dual_panda_moveit2_interface/msg/_object_spec.py
[1.589s] -- Up-to-date: /home/kptal/humanoid_ws/install/dual_panda_moveit2_interface/local/lib/python3.10/dist-packages/dual_panda_moveit2_interface/msg/_robot_pose.py
[1.589s] -- Up-to-date: /home/kptal/humanoid_ws/install/dual_panda_moveit2_interface/local/lib/python3.10/dist-packages/dual_panda_moveit2_interface/msg/_robot_pose_s.c
[1.589s] -- Up-to-date: /home/kptal/humanoid_ws/install/dual_panda_moveit2_interface/local/lib/python3.10/dist-packages/dual_panda_moveit2_interface/msg/_object_spec_s.c
[1.589s] -- Up-to-date: /home/kptal/humanoid_ws/install/dual_panda_moveit2_interface/local/lib/python3.10/dist-packages/dual_panda_moveit2_interface/msg/_spawn_batch_s.c
[1.589s] -- Up-to-date: /home/kptal/humanoid_ws/install/dual_panda_moveit2_interface/local/lib/python3.10/dist-packages/dual_panda_moveit2_interface/msg/__init__.py
[1.589s] -- Up-to-date: /home/kptal/humanoid_ws/install/dual_panda_moveit2_interface/local/lib/python3.10/dist-packages/dual_panda_moveit2_interface/msg/_spawn_batch.py
[1.589s] -- Up-to-date: /home/kptal/humanoid_ws/install/dual_panda_moveit2_interface/local/lib/python3.10/dist-packages/dual_panda_moveit2_interface/_dual_panda_moveit2_interface_s.ep.rosidl_typesupport_c.c
[1.589s] -- Up-to-date: /home/kptal/humanoid_ws/install/dual_panda_moveit2_interface/local/lib/python3.10/dist-packages/dual_panda_moveit2_interface/_dual_panda_moveit2_interface_s.ep.rosidl_typesupport_fastrtps_c.c
[1.589s] -- Up-to-date: /home/kptal/humanoid_ws/install/dual_panda_moveit2_interface/local/lib/python3.10/dist-packages/dual_panda_moveit2_interface/_dual_panda_moveit2_interface_s.ep.rosidl_typesupport_introspection_c.c
[1.589s] -- Up-to-date: /home/kptal/humanoid_ws/install/dual_panda_moveit2_interface/local/lib/python3.10/dist-packages/dual_panda_moveit2_interface/dual_panda_moveit2_interface_s__rosidl_typesupport_c.cpython-310-x86_64-linux-gnu.so
[1.589s] -- Up-to-date: /home/kptal/humanoid_ws/install/dual_panda_moveit2_interface/local/lib/python3.10/dist-packages/dual_panda_moveit2_interface/dual_panda_moveit2_interface_s__rosidl_typesupport_fastrtps_c.cpython-310-x86_64-linux-gnu.so
[1.589s] -- Up-to-date: /home/kptal/humanoid_ws/install/dual_panda_moveit2_interface/local/lib/python3.10/dist-packages/dual_panda_moveit2_interface/dual_panda_moveit2_interface_s__rosidl_typesupport_introspection_c.cpython-310-x86_64-linux-gnu.so
[1.589s] -- Up-to-date: /home/kptal/humanoid_ws/install/dual_panda_moveit2_interface/local/lib/python3.10/dist-packages/dual_panda_moveit2_interface/action
[1.590s] -- Up-to-date: /home/kptal/humanoid_ws/install/dual_panda_moveit2_interface/local/lib/python3.10/dist-packages/dual_panda_moveit2_interface/action/_move.py
[1.590s] -- Up-to-date: /home/kptal/humanoid_ws/install/dual_panda_moveit2_interface/local/lib/python3.10/dist-packages/dual_panda_moveit2_interface/action/_move_s.c
[1.590s] -- Up-to-date: /home/kptal/humanoid_ws/install/dual_panda_moveit2_interface/local/lib/python3.10/dist-packages/dual_panda_moveit2_interface/action/__init__.py
[1.590s] -- Up-to-date: /home/kptal/humanoid_ws/install/dual_panda_moveit2_interface/local/lib/python3.10/dist-packages/dual_panda_moveit2_interface/libdual_panda_moveit2_interface__rosidl_generator_py.so
[1.590s] -- Up-to-date: /home/kptal/humanoid_ws/install/dual_panda_moveit2_interface/local/lib/python3.10/dist-packages/dual_panda_moveit2_interface/srv
[1.590s] -- Up-to-date: /home/kptal/humanoid_ws/install/dual_panda_moveit2_interface/local/lib/python3.10/dist-packages/dual_panda_moveit2_interface/srv/_attach_object.py
[1.590s] -- Up-to-date: /home/kptal/humanoid_ws/install/dual_panda_moveit2_interface/local/lib/python3.10/dist-packages/dual_panda_moveit2_interface/srv/_spawn_object.py
[1.590s] -- Up-to-date: /home/kptal/humanoid_ws/install/dual_panda_moveit2_interface/local/lib/python3.10/dist-packages/dual_panda_moveit2_interface/srv/_gripper_control_s.c
[1.590s] -- Up-to-date: /home/kptal/humanoid_ws/install/dual_panda_moveit2_interface/local/lib/python3.10/dist-packages/dual_panda_moveit2_interface/srv/_spawn_object_s.c
[1.590s] -- Up-to-date: /home/kptal/humanoid_ws/install/dual_panda_moveit2_interface/local/lib/python3.10/dist-packages/dual_panda_moveit2_interface/srv/_detach_object.py
[1.590s] -- Up-to-date: /home/kptal/humanoid_ws/install/dual_panda_moveit2_interface/local/lib/python3.10/dist-packages/dual_panda_moveit2_interface/srv/_remove_object_s.c
[1.590s] -- Up-to-date: /home/kptal/humanoid_ws/install/dual_panda_moveit2_interface/local/lib/python3.10/dist-packages/dual_panda_moveit2_interface/srv/_attach_object_s.c
[1.590s] -- Up-to-date: /home/kptal/humanoid_ws/install/dual_panda_moveit2_interface/local/lib/python3.10/dist-packages/dual_panda_moveit2_interface/srv/_gripper_control.py
[1.590s] -- Up-to-date: /home/kptal/humanoid_ws/install/dual_panda_moveit2_interface/local/lib/python3.10/dist-packages/dual_panda_moveit2_interface/srv/_detach_object_s.c
[1.590s] -- Up-to-date: /home/kptal/humanoid_ws/install/dual_panda_moveit2_interface/local/lib/python3.10/dist-packages/dual_panda_moveit2_interface/srv/_remove_object.py
[1.590s] -- Up-to-date: /home/kptal/humanoid_ws/install/dual_panda_moveit2_interface/local/lib/python3.10/dist-packages/dual_panda_moveit2_interface/srv/__init__.py
[1.590s] -- Up-to-date: /home/kptal/humanoid_ws/install/dual_panda_moveit2_interface/local/lib/python3.10/dist-packages/dual_panda_moveit2_interface/__init__.py
[1.617s] Listing '/home/kptal/humanoid_ws/install/dual_panda_moveit2_interface/local/lib/python3.10/dist-packages/dual_panda_moveit2_interface'...
[1.617s] Listing '/home/kptal/humanoid_ws/install/dual_panda_moveit2_interface/local/lib/python3.10/dist-packages/dual_panda_moveit2_interface/action'...
[1.618s] Listing '/home/kptal/humanoid_ws/install/dual_panda_moveit2_interface/local/lib/python3.10/dist-packages/dual_panda_moveit2_interface/msg'...
[1.618s] Listing '/home/kptal/humanoid_ws/install/dual_panda_moveit2_interface/local/lib/python3.10/dist-packages/dual_panda_moveit2_interface/srv'...
[1.620s] -- Up-to-date: /home/kptal/humanoid_ws/install/dual_panda_moveit2_interface/local/lib/python3.10/dist-packages/dual_panda_moveit2_interface/dual_panda_moveit2_interface_s__rosidl_typesupport_fastrtps_c.cpython-310-x86_64-linux-gnu.so
[1.620s] -- Up-to-date: /home/kptal/humanoid_ws/install/dual_panda_moveit2_interface/local/lib/python3.10/dist-packages/dual_panda_moveit2_interface/dual_panda_moveit2_interface_s__rosidl_typesupport_introspection_c.cpython-310-x86_64-linux-gnu.so
[1.620s] -- Up-to-date: /home/kptal/humanoid_ws/install/dual_panda_moveit2_interface/local/lib/python3.10/dist-packages/dual_panda_moveit2_interface/dual_panda_moveit2_interface_s__rosidl_typesupport_c.cpython-310-x86_64-linux-gnu.so
[1.620s] -- Up-to-date: /home/kptal/humanoid_ws/install/dual_panda_moveit2_interface/lib/libdual_panda_moveit2_interface__rosidl_generator_py.so
[1.620s] -- Up-to-date: /home/kptal/humanoid_ws/install/dual_panda_moveit2_interface/share/dual_panda_moveit2_interface/msg/ObjectSpec.idl
[1.620s] -- Up-to-date: /home/kptal/humanoid_ws/install/dual_panda_moveit2_interface/share/dual_panda_moveit2_interface/msg/RobotPose.idl
[1.620s] -- Up-to-date: /home/kptal/humanoid_ws/install/dual_panda_moveit2_interface/share/dual_panda_moveit2_interface/msg/SpawnBatch.idl
[1.621s] -- Up-to-date: /home/kptal/humanoid_ws/install/dual_panda_moveit2_interface/share/dual_panda_moveit2_interface/action/Move.idl
[1.621s] -- Up-to-date: /home/kptal/humanoid_ws/install/dual_panda_moveit2_interface/share/dual_panda_moveit2_interface/srv/GripperControl.idl
[1.621s] -- Up-to-date: /home/kptal/humanoid_ws/install/dual_panda_moveit2_interface/share/dual_panda_moveit2_interface/srv/SpawnObject.idl
[1.621s] -- Up-to-date: /home/kptal/humanoid_ws/install/dual_panda_moveit2_interface/share/dual_panda_moveit2_interface/srv/RemoveObject.idl
[1.621s] -- Up-to-date: /home/kptal/humanoid_ws/install/dual_panda_moveit2_interface/share/dual_panda_moveit2_interface/srv/AttachObject.idl
[1.621s] -- Up-to-date: /home/kptal/humanoid_ws/install/dual_panda_moveit2_interface/share/dual_panda_moveit2_interface/srv/DetachObject.idl
[1.621s] -- Up-to-date: /home/kptal/humanoid_ws/install/dual_panda_moveit2_interface/share/dual_panda_moveit2_interface/msg/ObjectSpec.msg
[1.621s] -- Up-to-date: /home/kptal/humanoid_ws/install/dual_panda_moveit2_interface/share/dual_panda_moveit2_interface/msg/RobotPose.msg
[1.621s] -- Up-to-date: /home/kptal/humanoid_ws/install/dual_panda_moveit2_interface/share/dual_panda_moveit2_interface/msg/SpawnBatch.msg
[1.621s] -- Up-to-date: /home/kptal/humanoid_ws/install/dual_panda_moveit2_interface/share/dual_panda_moveit2_interface/action/Move.action
[1.621s] -- Up-to-date: /home/kptal/humanoid_ws/install/dual_panda_moveit2_interface/share/dual_panda_moveit2_interface/srv/GripperControl.srv
[1.621s] -- Up-to-date: /home/kptal/humanoid_ws/install/dual_panda_moveit2_interface/share/dual_panda_moveit2_interface/srv/GripperControl_Request.msg
[1.621s] -- Up-to-date: /home/kptal/humanoid_ws/install/dual_panda_moveit2_interface/share/dual_panda_moveit2_interface/srv/GripperControl_Response.msg
[1.621s] -- Up-to-date: /home/kptal/humanoid_ws/install/dual_panda_moveit2_interface/share/dual_panda_moveit2_interface/srv/SpawnObject.srv
[1.621s] -- Up-to-date: /home/kptal/humanoid_ws/install/dual_panda_moveit2_interface/share/dual_panda_moveit2_interface/srv/SpawnObject_Request.msg
[1.621s] -- Up-to-date: /home/kptal/humanoid_ws/install/dual_panda_moveit2_interface/share/dual_panda_moveit2_interface/srv/SpawnObject_Response.msg
[1.621s] -- Up-to-date: /home/kptal/humanoid_ws/install/dual_panda_moveit2_interface/share/dual_panda_moveit2_interface/srv/RemoveObject.srv
[1.621s] -- Up-to-date: /home/kptal/humanoid_ws/install/dual_panda_moveit2_interface/share/dual_panda_moveit2_interface/srv/RemoveObject_Request.msg
[1.621s] -- Up-to-date: /home/kptal/humanoid_ws/install/dual_panda_moveit2_interface/share/dual_panda_moveit2_interface/srv/RemoveObject_Response.msg
[1.621s] -- Up-to-date: /home/kptal/humanoid_ws/install/dual_panda_moveit2_interface/share/dual_panda_moveit2_interface/srv/AttachObject.srv
[1.621s] -- Up-to-date: /home/kptal/humanoid_ws/install/dual_panda_moveit2_interface/share/dual_panda_moveit2_interface/srv/AttachObject_Request.msg
[1.621s] -- Up-to-date: /home/kptal/humanoid_ws/install/dual_panda_moveit2_interface/share/dual_panda_moveit2_interface/srv/AttachObject_Response.msg
[1.622s] -- Up-to-date: /home/kptal/humanoid_ws/install/dual_panda_moveit2_interface/share/dual_panda_moveit2_interface/srv/DetachObject.srv
[1.622s] -- Up-to-date: /home/kptal/humanoid_ws/install/dual_panda_moveit2_interface/share/dual_panda_moveit2_interface/srv/DetachObject_Request.msg
[1.622s] -- Up-to-date: /home/kptal/humanoid_ws/install/dual_panda_moveit2_interface/share/dual_panda_moveit2_interface/srv/DetachObject_Response.msg
[1.622s] -- Up-to-date: /home/kptal/humanoid_ws/install/dual_panda_moveit2_interface/share/ament_index/resource_index/package_run_dependencies/dual_panda_moveit2_interface
[1.622s] -- Up-to-date: /home/kptal/humanoid_ws/install/dual_panda_moveit2_interface/share/ament_index/resource_index/parent_prefix_path/dual_panda_moveit2_interface
[1.622s] -- Up-to-date: /home/kptal/humanoid_ws/install/dual_panda_moveit2_interface/share/dual_panda_moveit2_interface/environment/ament_prefix_path.sh
[1.622s] -- Up-to-date: /home/kptal/humanoid_ws/install/dual_panda_moveit2_interface/share/dual_panda_moveit2_interface/environment/ament_prefix_path.dsv
[1.622s] -- Up-to-date: /home/kptal/humanoid_ws/install/dual_panda_moveit2_interface/share/dual_panda_moveit2_interface/environment/path.sh
[1.622s] -- Up-to-date: /home/kptal/humanoid_ws/install/dual_panda_moveit2_interface/share/dual_panda_moveit2_interface/environment/path.dsv
[1.622s] -- Up-to-date: /home/kptal/humanoid_ws/install/dual_panda_moveit2_interface/share/dual_panda_moveit2_interface/local_setup.bash
[1.622s] -- Up-to-date: /home/kptal/humanoid_ws/install/dual_panda_moveit2_interface/share/dual_panda_moveit2_interface/local_setup.sh
[1.622s] -- Up-to-date: /home/kptal/humanoid_ws/install/dual_panda_moveit2_interface/share/dual_panda_moveit2_interface/local_setup.zsh
[1.622s] -- Up-to-date: /home/kptal/humanoid_ws/install/dual_panda_moveit2_interface/share/dual_panda_moveit2_interface/local_setup.dsv
[1.623s] -- Installing: /home/kptal/humanoid_ws/install/dual_panda_moveit2_interface/share/dual_panda_moveit2_interface/package.dsv
[1.623s] -- Up-to-date: /home/kptal/humanoid_ws/install/dual_panda_moveit2_interface/share/ament_index/resource_index/packages/dual_panda_moveit2_interface
[1.623s] -- Up-to-date: /home/kptal/humanoid_ws/install/dual_panda_moveit2_interface/share/dual_panda_moveit2_interface/cmake/export_dual_panda_moveit2_interface__rosidl_generator_cExport.cmake
[1.623s] -- Up-to-date: /home/kptal/humanoid_ws/install/dual_panda_moveit2_interface/share/dual_panda_moveit2_interface/cmake/export_dual_panda_moveit2_interface__rosidl_generator_cExport-noconfig.cmake
[1.623s] -- Up-to-date: /home/kptal/humanoid_ws/install/dual_panda_moveit2_interface/share/dual_panda_moveit2_interface/cmake/export_dual_panda_moveit2_interface__rosidl_typesupport_fastrtps_cExport.cmake
[1.623s] -- Up-to-date: /home/kptal/humanoid_ws/install/dual_panda_moveit2_interface/share/dual_panda_moveit2_interface/cmake/export_dual_panda_moveit2_interface__rosidl_typesupport_fastrtps_cExport-noconfig.cmake
[1.623s] -- Up-to-date: /home/kptal/humanoid_ws/install/dual_panda_moveit2_interface/share/dual_panda_moveit2_interface/cmake/export_dual_panda_moveit2_interface__rosidl_generator_cppExport.cmake
[1.623s] -- Up-to-date: /home/kptal/humanoid_ws/install/dual_panda_moveit2_interface/share/dual_panda_moveit2_interface/cmake/export_dual_panda_moveit2_interface__rosidl_typesupport_fastrtps_cppExport.cmake
[1.623s] -- Up-to-date: /home/kptal/humanoid_ws/install/dual_panda_moveit2_interface/share/dual_panda_moveit2_interface/cmake/export_dual_panda_moveit2_interface__rosidl_typesupport_fastrtps_cppExport-noconfig.cmake
[1.624s] -- Up-to-date: /home/kptal/humanoid_ws/install/dual_panda_moveit2_interface/share/dual_panda_moveit2_interface/cmake/dual_panda_moveit2_interface__rosidl_typesupport_introspection_cExport.cmake
[1.624s] -- Up-to-date: /home/kptal/humanoid_ws/install/dual_panda_moveit2_interface/share/dual_panda_moveit2_interface/cmake/dual_panda_moveit2_interface__rosidl_typesupport_introspection_cExport-noconfig.cmake
[1.624s] -- Up-to-date: /home/kptal/humanoid_ws/install/dual_panda_moveit2_interface/share/dual_panda_moveit2_interface/cmake/dual_panda_moveit2_interface__rosidl_typesupport_cExport.cmake
[1.625s] -- Up-to-date: /home/kptal/humanoid_ws/install/dual_panda_moveit2_interface/share/dual_panda_moveit2_interface/cmake/dual_panda_moveit2_interface__rosidl_typesupport_cExport-noconfig.cmake
[1.625s] -- Up-to-date: /home/kptal/humanoid_ws/install/dual_panda_moveit2_interface/share/dual_panda_moveit2_interface/cmake/dual_panda_moveit2_interface__rosidl_typesupport_introspection_cppExport.cmake
[1.625s] -- Up-to-date: /home/kptal/humanoid_ws/install/dual_panda_moveit2_interface/share/dual_panda_moveit2_interface/cmake/dual_panda_moveit2_interface__rosidl_typesupport_introspection_cppExport-noconfig.cmake
[1.625s] -- Up-to-date: /home/kptal/humanoid_ws/install/dual_panda_moveit2_interface/share/dual_panda_moveit2_interface/cmake/dual_panda_moveit2_interface__rosidl_typesupport_cppExport.cmake
[1.625s] -- Up-to-date: /home/kptal/humanoid_ws/install/dual_panda_moveit2_interface/share/dual_panda_moveit2_interface/cmake/dual_panda_moveit2_interface__rosidl_typesupport_cppExport-noconfig.cmake
[1.625s] -- Up-to-date: /home/kptal/humanoid_ws/install/dual_panda_moveit2_interface/share/dual_panda_moveit2_interface/cmake/export_dual_panda_moveit2_interface__rosidl_generator_pyExport.cmake
[1.625s] -- Up-to-date: /home/kptal/humanoid_ws/install/dual_panda_moveit2_interface/share/dual_panda_moveit2_interface/cmake/export_dual_panda_moveit2_interface__rosidl_generator_pyExport-noconfig.cmake
[1.625s] -- Up-to-date: /home/kptal/humanoid_ws/install/dual_panda_moveit2_interface/share/dual_panda_moveit2_interface/cmake/rosidl_cmake-extras.cmake
[1.625s] -- Up-to-date: /home/kptal/humanoid_ws/install/dual_panda_moveit2_interface/share/dual_panda_moveit2_interface/cmake/ament_cmake_export_dependencies-extras.cmake
[1.625s] -- Up-to-date: /home/kptal/humanoid_ws/install/dual_panda_moveit2_interface/share/dual_panda_moveit2_interface/cmake/ament_cmake_export_include_directories-extras.cmake
[1.626s] -- Up-to-date: /home/kptal/humanoid_ws/install/dual_panda_moveit2_interface/share/dual_panda_moveit2_interface/cmake/ament_cmake_export_libraries-extras.cmake
[1.626s] -- Up-to-date: /home/kptal/humanoid_ws/install/dual_panda_moveit2_interface/share/dual_panda_moveit2_interface/cmake/ament_cmake_export_targets-extras.cmake
[1.626s] -- Up-to-date: /home/kptal/humanoid_ws/install/dual_panda_moveit2_interface/share/dual_panda_moveit2_interface/cmake/rosidl_cmake_export_typesupport_targets-extras.cmake
[1.626s] -- Up-to-date: /home/kptal/humanoid_ws/install/dual_panda_moveit2_interface/share/dual_panda_moveit2_interface/cmake/rosidl_cmake_export_typesupport_libraries-extras.cmake
[1.626s] -- Up-to-date: /home/kptal/humanoid_ws/install/dual_panda_moveit2_interface/share/dual_panda_moveit2_interface/cmake/dual_panda_moveit2_interfaceConfig.cmake
[1.626s] -- Up-to-date: /home/kptal/humanoid_ws/install/dual_panda_moveit2_interface/share/dual_panda_moveit2_interface/cmake/dual_panda_moveit2_interfaceConfig-version.cmake
[1.626s] -- Up-to-date: /home/kptal/humanoid_ws/install/dual_panda_moveit2_interface/share/dual_panda_moveit2_interface/package.xml
[1.807s] Invoked command in '/home/kptal/humanoid_ws/build/dual_panda_moveit2_interface' returned '0': CMAKE_PREFIX_PATH=${CMAKE_PREFIX_PATH}:/home/kptal/humanoid_ws/install/moveit_configs_utils:/home/kptal/humanoid_ws/install/launch_param_builder:/home/kptal/humanoid_ws/install/ik_pick_place:/home/kptal/humanoid_ws/install/half_humanoid_control_actions:/home/kptal/humanoid_ws/install/dynamixel_test_utils:/home/kptal/ws_moveit2/install/moveit_configs_utils:/home/kptal/ws_moveit2/install/launch_param_builder:/opt/ros/humble /usr/bin/cmake --install /home/kptal/humanoid_ws/build/dual_panda_moveit2_interface
