[0.023s] Invoking command in '/home/kptal/humanoid_ws/build/reachy_description': CMAKE_PREFIX_PATH=${CMAKE_PREFIX_PATH}:/home/kptal/humanoid_ws/install/moveit_configs_utils:/home/kptal/humanoid_ws/install/launch_param_builder:/home/kptal/humanoid_ws/install/ik_pick_place:/home/kptal/humanoid_ws/install/half_humanoid_control_actions:/home/kptal/humanoid_ws/install/dynamixel_test_utils:/home/kptal/ws_moveit2/install/moveit_configs_utils:/home/kptal/ws_moveit2/install/launch_param_builder:/opt/ros/humble /usr/bin/cmake /home/kptal/humanoid_ws/src/reachy_description -DCMAKE_INSTALL_PREFIX=/home/kptal/humanoid_ws/install/reachy_description
[0.123s] -- The C compiler identification is GNU 11.4.0
[0.212s] -- The CXX compiler identification is GNU 11.4.0
[0.224s] -- Detecting C compiler ABI info
[0.349s] -- Detecting C compiler ABI info - done
[0.359s] -- Check for working C compiler: /usr/bin/cc - skipped
[0.359s] -- Detecting C compile features
[0.359s] -- Detecting C compile features - done
[0.363s] -- Detecting CXX compiler ABI info
[0.505s] -- Detecting CXX compiler ABI info - done
[0.517s] -- Check for working CXX compiler: /usr/bin/c++ - skipped
[0.517s] -- Detecting CXX compile features
[0.518s] -- Detecting CXX compile features - done
[0.530s] -- Found ament_cmake: 1.3.11 (/opt/ros/humble/share/ament_cmake/cmake)
[0.804s] -- Found Python3: /usr/bin/python3 (found version "3.10.12") found components: Interpreter 
[0.999s] -- Found ament_lint_auto: 0.12.12 (/opt/ros/humble/share/ament_lint_auto/cmake)
[1.144s] -- Added test 'copyright' to check source files copyright and LICENSE
[1.151s] -- Added test 'flake8' to check Python code syntax and style conventions
[1.153s] -- Added test 'lint_cmake' to check CMake code style
[1.155s] -- Added test 'pep257' to check Python code against some of the docstring style conventions in PEP 257
[1.158s] -- Added test 'xmllint' to check XML markup files
[1.162s] -- Configuring done
[1.164s] -- Generating done
[1.166s] -- Build files have been written to: /home/kptal/humanoid_ws/build/reachy_description
[1.171s] Invoked command in '/home/kptal/humanoid_ws/build/reachy_description' returned '0': CMAKE_PREFIX_PATH=${CMAKE_PREFIX_PATH}:/home/kptal/humanoid_ws/install/moveit_configs_utils:/home/kptal/humanoid_ws/install/launch_param_builder:/home/kptal/humanoid_ws/install/ik_pick_place:/home/kptal/humanoid_ws/install/half_humanoid_control_actions:/home/kptal/humanoid_ws/install/dynamixel_test_utils:/home/kptal/ws_moveit2/install/moveit_configs_utils:/home/kptal/ws_moveit2/install/launch_param_builder:/opt/ros/humble /usr/bin/cmake /home/kptal/humanoid_ws/src/reachy_description -DCMAKE_INSTALL_PREFIX=/home/kptal/humanoid_ws/install/reachy_description
[1.173s] Invoking command in '/home/kptal/humanoid_ws/build/reachy_description': CMAKE_PREFIX_PATH=${CMAKE_PREFIX_PATH}:/home/kptal/humanoid_ws/install/moveit_configs_utils:/home/kptal/humanoid_ws/install/launch_param_builder:/home/kptal/humanoid_ws/install/ik_pick_place:/home/kptal/humanoid_ws/install/half_humanoid_control_actions:/home/kptal/humanoid_ws/install/dynamixel_test_utils:/home/kptal/ws_moveit2/install/moveit_configs_utils:/home/kptal/ws_moveit2/install/launch_param_builder:/opt/ros/humble /usr/bin/cmake --build /home/kptal/humanoid_ws/build/reachy_description -- -j18 -l18
[1.240s] Invoked command in '/home/kptal/humanoid_ws/build/reachy_description' returned '0': CMAKE_PREFIX_PATH=${CMAKE_PREFIX_PATH}:/home/kptal/humanoid_ws/install/moveit_configs_utils:/home/kptal/humanoid_ws/install/launch_param_builder:/home/kptal/humanoid_ws/install/ik_pick_place:/home/kptal/humanoid_ws/install/half_humanoid_control_actions:/home/kptal/humanoid_ws/install/dynamixel_test_utils:/home/kptal/ws_moveit2/install/moveit_configs_utils:/home/kptal/ws_moveit2/install/launch_param_builder:/opt/ros/humble /usr/bin/cmake --build /home/kptal/humanoid_ws/build/reachy_description -- -j18 -l18
[1.242s] Invoking command in '/home/kptal/humanoid_ws/build/reachy_description': CMAKE_PREFIX_PATH=${CMAKE_PREFIX_PATH}:/home/kptal/humanoid_ws/install/moveit_configs_utils:/home/kptal/humanoid_ws/install/launch_param_builder:/home/kptal/humanoid_ws/install/ik_pick_place:/home/kptal/humanoid_ws/install/half_humanoid_control_actions:/home/kptal/humanoid_ws/install/dynamixel_test_utils:/home/kptal/ws_moveit2/install/moveit_configs_utils:/home/kptal/ws_moveit2/install/launch_param_builder:/opt/ros/humble /usr/bin/cmake --install /home/kptal/humanoid_ws/build/reachy_description
[1.254s] -- Install configuration: ""
[1.254s] -- Installing: /home/kptal/humanoid_ws/install/reachy_description/share/reachy_description/config
[1.254s] -- Installing: /home/kptal/humanoid_ws/install/reachy_description/share/reachy_description/config/reachy.rviz
[1.255s] -- Installing: /home/kptal/humanoid_ws/install/reachy_description/share/reachy_description/launch
[1.255s] -- Installing: /home/kptal/humanoid_ws/install/reachy_description/share/reachy_description/launch/display.launch.py
[1.255s] -- Installing: /home/kptal/humanoid_ws/install/reachy_description/share/reachy_description/meshes
[1.255s] -- Installing: /home/kptal/humanoid_ws/install/reachy_description/share/reachy_description/meshes/torso.dae
[1.264s] -- Installing: /home/kptal/humanoid_ws/install/reachy_description/share/reachy_description/meshes/r_gripper_thumb.dae
[1.272s] -- Installing: /home/kptal/humanoid_ws/install/reachy_description/share/reachy_description/meshes/shoulder-pitch-right.dae
[1.297s] -- Installing: /home/kptal/humanoid_ws/install/reachy_description/share/reachy_description/meshes/forearm.dae
[1.334s] -- Installing: /home/kptal/humanoid_ws/install/reachy_description/share/reachy_description/meshes/shoulder_x.dae
[1.340s] -- Installing: /home/kptal/humanoid_ws/install/reachy_description/share/reachy_description/meshes/l_gripper_thumb.dae
[1.348s] -- Installing: /home/kptal/humanoid_ws/install/reachy_description/share/reachy_description/meshes/r_gripper_finger.dae
[1.349s] -- Installing: /home/kptal/humanoid_ws/install/reachy_description/share/reachy_description/meshes/upper_arm.dae
[1.385s] -- Installing: /home/kptal/humanoid_ws/install/reachy_description/share/reachy_description/meshes/wrist.dae
[1.393s] -- Installing: /home/kptal/humanoid_ws/install/reachy_description/share/reachy_description/meshes/head.dae
[1.405s] -- Installing: /home/kptal/humanoid_ws/install/reachy_description/share/reachy_description/meshes/orbita_arm.dae
[1.406s] -- Installing: /home/kptal/humanoid_ws/install/reachy_description/share/reachy_description/meshes/shoulder.dae
[1.410s] -- Installing: /home/kptal/humanoid_ws/install/reachy_description/share/reachy_description/meshes/antenna.dae
[1.411s] -- Installing: /home/kptal/humanoid_ws/install/reachy_description/share/reachy_description/meshes/wrist2hand.dae
[1.414s] -- Installing: /home/kptal/humanoid_ws/install/reachy_description/share/reachy_description/meshes/l_gripper_finger.dae
[1.415s] -- Installing: /home/kptal/humanoid_ws/install/reachy_description/share/reachy_description/urdf
[1.415s] -- Installing: /home/kptal/humanoid_ws/install/reachy_description/share/reachy_description/urdf/reachy.urdf.xacro
[1.416s] -- Installing: /home/kptal/humanoid_ws/install/reachy_description/share/reachy_description/urdf/head.urdf.xacro
[1.416s] -- Installing: /home/kptal/humanoid_ws/install/reachy_description/share/reachy_description/urdf/reachy.urdf
[1.416s] -- Installing: /home/kptal/humanoid_ws/install/reachy_description/share/reachy_description/urdf/arm.urdf.xacro
[1.417s] -- Installing: /home/kptal/humanoid_ws/install/reachy_description/share/reachy_description/ros2_control
[1.417s] -- Installing: /home/kptal/humanoid_ws/install/reachy_description/share/reachy_description/ros2_control/joint.ros2_control.xacro
[1.417s] -- Installing: /home/kptal/humanoid_ws/install/reachy_description/share/reachy_description/ros2_control/arm.ros2_control.xacro
[1.417s] -- Installing: /home/kptal/humanoid_ws/install/reachy_description/share/reachy_description/ros2_control/head.ros2_control.xacro
[1.417s] -- Installing: /home/kptal/humanoid_ws/install/reachy_description/share/ament_index/resource_index/package_run_dependencies/reachy_description
[1.417s] -- Installing: /home/kptal/humanoid_ws/install/reachy_description/share/ament_index/resource_index/parent_prefix_path/reachy_description
[1.417s] -- Installing: /home/kptal/humanoid_ws/install/reachy_description/share/reachy_description/environment/ament_prefix_path.sh
[1.417s] -- Installing: /home/kptal/humanoid_ws/install/reachy_description/share/reachy_description/environment/ament_prefix_path.dsv
[1.417s] -- Installing: /home/kptal/humanoid_ws/install/reachy_description/share/reachy_description/environment/path.sh
[1.417s] -- Installing: /home/kptal/humanoid_ws/install/reachy_description/share/reachy_description/environment/path.dsv
[1.418s] -- Installing: /home/kptal/humanoid_ws/install/reachy_description/share/reachy_description/local_setup.bash
[1.418s] -- Installing: /home/kptal/humanoid_ws/install/reachy_description/share/reachy_description/local_setup.sh
[1.418s] -- Installing: /home/kptal/humanoid_ws/install/reachy_description/share/reachy_description/local_setup.zsh
[1.418s] -- Installing: /home/kptal/humanoid_ws/install/reachy_description/share/reachy_description/local_setup.dsv
[1.418s] -- Installing: /home/kptal/humanoid_ws/install/reachy_description/share/reachy_description/package.dsv
[1.418s] -- Installing: /home/kptal/humanoid_ws/install/reachy_description/share/ament_index/resource_index/packages/reachy_description
[1.418s] -- Installing: /home/kptal/humanoid_ws/install/reachy_description/share/reachy_description/cmake/reachy_descriptionConfig.cmake
[1.418s] -- Installing: /home/kptal/humanoid_ws/install/reachy_description/share/reachy_description/cmake/reachy_descriptionConfig-version.cmake
[1.418s] -- Installing: /home/kptal/humanoid_ws/install/reachy_description/share/reachy_description/package.xml
[1.421s] Invoked command in '/home/kptal/humanoid_ws/build/reachy_description' returned '0': CMAKE_PREFIX_PATH=${CMAKE_PREFIX_PATH}:/home/kptal/humanoid_ws/install/moveit_configs_utils:/home/kptal/humanoid_ws/install/launch_param_builder:/home/kptal/humanoid_ws/install/ik_pick_place:/home/kptal/humanoid_ws/install/half_humanoid_control_actions:/home/kptal/humanoid_ws/install/dynamixel_test_utils:/home/kptal/ws_moveit2/install/moveit_configs_utils:/home/kptal/ws_moveit2/install/launch_param_builder:/opt/ros/humble /usr/bin/cmake --install /home/kptal/humanoid_ws/build/reachy_description
