[1.237s] Invoking command in '/home/kptal/humanoid_ws/build/rosparam_shortcuts': CMAKE_PREFIX_PATH=${CMAKE_PREFIX_PATH}:/home/kptal/humanoid_ws/install/moveit_configs_utils:/home/kptal/humanoid_ws/install/launch_param_builder:/home/kptal/humanoid_ws/install/ik_pick_place:/home/kptal/humanoid_ws/install/half_humanoid_control_actions:/home/kptal/humanoid_ws/install/dynamixel_test_utils:/home/kptal/ws_moveit2/install/moveit_configs_utils:/home/kptal/ws_moveit2/install/launch_param_builder:/opt/ros/humble /usr/bin/cmake --build /home/kptal/humanoid_ws/build/rosparam_shortcuts -- -j18 -l18
[1.549s] [ 15%] Built target gtest
[1.553s] [ 30%] Built target gtest_main
[1.553s] [ 53%] Built target rosparam_shortcuts
[1.554s] [ 69%] Built target rosparam_shortcuts_example
[1.554s] [ 84%] Built target rosparam_shortcuts_node_parameters_example
[1.554s] [100%] Built target test_node_parameters
[1.768s] Invoked command in '/home/kptal/humanoid_ws/build/rosparam_shortcuts' returned '0': CMAKE_PREFIX_PATH=${CMAKE_PREFIX_PATH}:/home/kptal/humanoid_ws/install/moveit_configs_utils:/home/kptal/humanoid_ws/install/launch_param_builder:/home/kptal/humanoid_ws/install/ik_pick_place:/home/kptal/humanoid_ws/install/half_humanoid_control_actions:/home/kptal/humanoid_ws/install/dynamixel_test_utils:/home/kptal/ws_moveit2/install/moveit_configs_utils:/home/kptal/ws_moveit2/install/launch_param_builder:/opt/ros/humble /usr/bin/cmake --build /home/kptal/humanoid_ws/build/rosparam_shortcuts -- -j18 -l18
[1.770s] Invoking command in '/home/kptal/humanoid_ws/build/rosparam_shortcuts': CMAKE_PREFIX_PATH=${CMAKE_PREFIX_PATH}:/home/kptal/humanoid_ws/install/moveit_configs_utils:/home/kptal/humanoid_ws/install/launch_param_builder:/home/kptal/humanoid_ws/install/ik_pick_place:/home/kptal/humanoid_ws/install/half_humanoid_control_actions:/home/kptal/humanoid_ws/install/dynamixel_test_utils:/home/kptal/ws_moveit2/install/moveit_configs_utils:/home/kptal/ws_moveit2/install/launch_param_builder:/opt/ros/humble /usr/bin/cmake --install /home/kptal/humanoid_ws/build/rosparam_shortcuts
[1.831s] -- Install configuration: ""
[1.831s] -- Up-to-date: /home/kptal/humanoid_ws/install/rosparam_shortcuts/lib/librosparam_shortcuts.so
[1.831s] -- Up-to-date: /home/kptal/humanoid_ws/install/rosparam_shortcuts/lib/rosparam_shortcuts/example
[1.831s] -- Up-to-date: /home/kptal/humanoid_ws/install/rosparam_shortcuts/lib/rosparam_shortcuts/node_parameters_example
[1.832s] -- Up-to-date: /home/kptal/humanoid_ws/install/rosparam_shortcuts/include
[1.832s] -- Up-to-date: /home/kptal/humanoid_ws/install/rosparam_shortcuts/include/rosparam_shortcuts
[1.833s] -- Up-to-date: /home/kptal/humanoid_ws/install/rosparam_shortcuts/include/rosparam_shortcuts/rosparam_shortcuts.h
[1.836s] -- Up-to-date: /home/kptal/humanoid_ws/install/rosparam_shortcuts/include/rosparam_shortcuts/node_parameters.h
[1.838s] -- Up-to-date: /home/kptal/humanoid_ws/install/rosparam_shortcuts/share/rosparam_shortcuts/launch
[1.839s] -- Up-to-date: /home/kptal/humanoid_ws/install/rosparam_shortcuts/share/rosparam_shortcuts/launch/example.launch.py
[1.839s] -- Up-to-date: /home/kptal/humanoid_ws/install/rosparam_shortcuts/share/rosparam_shortcuts/config
[1.839s] -- Up-to-date: /home/kptal/humanoid_ws/install/rosparam_shortcuts/share/rosparam_shortcuts/config/example.yaml
[1.840s] -- Up-to-date: /home/kptal/humanoid_ws/install/rosparam_shortcuts/share/rosparam_shortcuts/environment/library_path.sh
[1.840s] -- Up-to-date: /home/kptal/humanoid_ws/install/rosparam_shortcuts/share/rosparam_shortcuts/environment/library_path.dsv
[1.840s] -- Up-to-date: /home/kptal/humanoid_ws/install/rosparam_shortcuts/share/ament_index/resource_index/package_run_dependencies/rosparam_shortcuts
[1.840s] -- Up-to-date: /home/kptal/humanoid_ws/install/rosparam_shortcuts/share/ament_index/resource_index/parent_prefix_path/rosparam_shortcuts
[1.840s] -- Up-to-date: /home/kptal/humanoid_ws/install/rosparam_shortcuts/share/rosparam_shortcuts/environment/ament_prefix_path.sh
[1.840s] -- Up-to-date: /home/kptal/humanoid_ws/install/rosparam_shortcuts/share/rosparam_shortcuts/environment/ament_prefix_path.dsv
[1.841s] -- Up-to-date: /home/kptal/humanoid_ws/install/rosparam_shortcuts/share/rosparam_shortcuts/environment/path.sh
[1.841s] -- Up-to-date: /home/kptal/humanoid_ws/install/rosparam_shortcuts/share/rosparam_shortcuts/environment/path.dsv
[1.841s] -- Up-to-date: /home/kptal/humanoid_ws/install/rosparam_shortcuts/share/rosparam_shortcuts/local_setup.bash
[1.841s] -- Up-to-date: /home/kptal/humanoid_ws/install/rosparam_shortcuts/share/rosparam_shortcuts/local_setup.sh
[1.841s] -- Up-to-date: /home/kptal/humanoid_ws/install/rosparam_shortcuts/share/rosparam_shortcuts/local_setup.zsh
[1.841s] -- Up-to-date: /home/kptal/humanoid_ws/install/rosparam_shortcuts/share/rosparam_shortcuts/local_setup.dsv
[1.841s] -- Installing: /home/kptal/humanoid_ws/install/rosparam_shortcuts/share/rosparam_shortcuts/package.dsv
[1.841s] -- Up-to-date: /home/kptal/humanoid_ws/install/rosparam_shortcuts/share/ament_index/resource_index/packages/rosparam_shortcuts
[1.841s] -- Up-to-date: /home/kptal/humanoid_ws/install/rosparam_shortcuts/share/rosparam_shortcuts/cmake/export_rosparam_shortcutsExport.cmake
[1.841s] -- Up-to-date: /home/kptal/humanoid_ws/install/rosparam_shortcuts/share/rosparam_shortcuts/cmake/export_rosparam_shortcutsExport-noconfig.cmake
[1.842s] -- Up-to-date: /home/kptal/humanoid_ws/install/rosparam_shortcuts/share/rosparam_shortcuts/cmake/ament_cmake_export_targets-extras.cmake
[1.842s] -- Up-to-date: /home/kptal/humanoid_ws/install/rosparam_shortcuts/share/rosparam_shortcuts/cmake/ament_cmake_export_dependencies-extras.cmake
[1.842s] -- Up-to-date: /home/kptal/humanoid_ws/install/rosparam_shortcuts/share/rosparam_shortcuts/cmake/rosparam_shortcutsConfig.cmake
[1.842s] -- Up-to-date: /home/kptal/humanoid_ws/install/rosparam_shortcuts/share/rosparam_shortcuts/cmake/rosparam_shortcutsConfig-version.cmake
[1.842s] -- Up-to-date: /home/kptal/humanoid_ws/install/rosparam_shortcuts/share/rosparam_shortcuts/package.xml
[1.874s] Invoked command in '/home/kptal/humanoid_ws/build/rosparam_shortcuts' returned '0': CMAKE_PREFIX_PATH=${CMAKE_PREFIX_PATH}:/home/kptal/humanoid_ws/install/moveit_configs_utils:/home/kptal/humanoid_ws/install/launch_param_builder:/home/kptal/humanoid_ws/install/ik_pick_place:/home/kptal/humanoid_ws/install/half_humanoid_control_actions:/home/kptal/humanoid_ws/install/dynamixel_test_utils:/home/kptal/ws_moveit2/install/moveit_configs_utils:/home/kptal/ws_moveit2/install/launch_param_builder:/opt/ros/humble /usr/bin/cmake --install /home/kptal/humanoid_ws/build/rosparam_shortcuts
