[0.179s] Invoking command in '/home/kptal/humanoid_ws/build/moveit_common': CMAKE_PREFIX_PATH=${CMAKE_PREFIX_PATH}:/home/kptal/humanoid_ws/install/moveit_configs_utils:/home/kptal/humanoid_ws/install/launch_param_builder:/home/kptal/humanoid_ws/install/ik_pick_place:/home/kptal/humanoid_ws/install/half_humanoid_control_actions:/home/kptal/humanoid_ws/install/dynamixel_test_utils:/home/kptal/ws_moveit2/install/moveit_configs_utils:/home/kptal/ws_moveit2/install/launch_param_builder:/opt/ros/humble /usr/bin/cmake --build /home/kptal/humanoid_ws/build/moveit_common -- -j18 -l18
[1.355s] Invoked command in '/home/kptal/humanoid_ws/build/moveit_common' returned '0': CMAKE_PREFIX_PATH=${CMAKE_PREFIX_PATH}:/home/kptal/humanoid_ws/install/moveit_configs_utils:/home/kptal/humanoid_ws/install/launch_param_builder:/home/kptal/humanoid_ws/install/ik_pick_place:/home/kptal/humanoid_ws/install/half_humanoid_control_actions:/home/kptal/humanoid_ws/install/dynamixel_test_utils:/home/kptal/ws_moveit2/install/moveit_configs_utils:/home/kptal/ws_moveit2/install/launch_param_builder:/opt/ros/humble /usr/bin/cmake --build /home/kptal/humanoid_ws/build/moveit_common -- -j18 -l18
[1.357s] Invoking command in '/home/kptal/humanoid_ws/build/moveit_common': CMAKE_PREFIX_PATH=${CMAKE_PREFIX_PATH}:/home/kptal/humanoid_ws/install/moveit_configs_utils:/home/kptal/humanoid_ws/install/launch_param_builder:/home/kptal/humanoid_ws/install/ik_pick_place:/home/kptal/humanoid_ws/install/half_humanoid_control_actions:/home/kptal/humanoid_ws/install/dynamixel_test_utils:/home/kptal/ws_moveit2/install/moveit_configs_utils:/home/kptal/ws_moveit2/install/launch_param_builder:/opt/ros/humble /usr/bin/cmake --install /home/kptal/humanoid_ws/build/moveit_common
[1.419s] -- Install configuration: ""
[1.419s] -- Up-to-date: /home/kptal/humanoid_ws/install/moveit_common/share/ament_index/resource_index/package_run_dependencies/moveit_common
[1.420s] -- Up-to-date: /home/kptal/humanoid_ws/install/moveit_common/share/ament_index/resource_index/parent_prefix_path/moveit_common
[1.420s] -- Up-to-date: /home/kptal/humanoid_ws/install/moveit_common/share/moveit_common/environment/ament_prefix_path.sh
[1.420s] -- Up-to-date: /home/kptal/humanoid_ws/install/moveit_common/share/moveit_common/environment/ament_prefix_path.dsv
[1.420s] -- Up-to-date: /home/kptal/humanoid_ws/install/moveit_common/share/moveit_common/environment/path.sh
[1.422s] -- Up-to-date: /home/kptal/humanoid_ws/install/moveit_common/share/moveit_common/environment/path.dsv
[1.422s] -- Up-to-date: /home/kptal/humanoid_ws/install/moveit_common/share/moveit_common/local_setup.bash
[1.422s] -- Up-to-date: /home/kptal/humanoid_ws/install/moveit_common/share/moveit_common/local_setup.sh
[1.423s] -- Up-to-date: /home/kptal/humanoid_ws/install/moveit_common/share/moveit_common/local_setup.zsh
[1.423s] -- Up-to-date: /home/kptal/humanoid_ws/install/moveit_common/share/moveit_common/local_setup.dsv
[1.423s] -- Installing: /home/kptal/humanoid_ws/install/moveit_common/share/moveit_common/package.dsv
[1.423s] -- Up-to-date: /home/kptal/humanoid_ws/install/moveit_common/share/ament_index/resource_index/packages/moveit_common
[1.425s] -- Up-to-date: /home/kptal/humanoid_ws/install/moveit_common/share/moveit_common/cmake/moveit_common-extras.cmake
[1.426s] -- Up-to-date: /home/kptal/humanoid_ws/install/moveit_common/share/moveit_common/cmake/moveit_commonConfig.cmake
[1.426s] -- Up-to-date: /home/kptal/humanoid_ws/install/moveit_common/share/moveit_common/cmake/moveit_commonConfig-version.cmake
[1.428s] -- Up-to-date: /home/kptal/humanoid_ws/install/moveit_common/share/moveit_common/package.xml
[1.428s] -- Up-to-date: /home/kptal/humanoid_ws/install/moveit_common/share/moveit_common/cmake
[1.428s] -- Up-to-date: /home/kptal/humanoid_ws/install/moveit_common/share/moveit_common/cmake/moveit_package.cmake
[1.708s] Invoked command in '/home/kptal/humanoid_ws/build/moveit_common' returned '0': CMAKE_PREFIX_PATH=${CMAKE_PREFIX_PATH}:/home/kptal/humanoid_ws/install/moveit_configs_utils:/home/kptal/humanoid_ws/install/launch_param_builder:/home/kptal/humanoid_ws/install/ik_pick_place:/home/kptal/humanoid_ws/install/half_humanoid_control_actions:/home/kptal/humanoid_ws/install/dynamixel_test_utils:/home/kptal/ws_moveit2/install/moveit_configs_utils:/home/kptal/ws_moveit2/install/launch_param_builder:/opt/ros/humble /usr/bin/cmake --install /home/kptal/humanoid_ws/build/moveit_common
