running egg_info
creating ../../build/dual_arm_ik_solver/dual_arm_ik_solver.egg-info
writing ../../build/dual_arm_ik_solver/dual_arm_ik_solver.egg-info/PKG-INFO
writing dependency_links to ../../build/dual_arm_ik_solver/dual_arm_ik_solver.egg-info/dependency_links.txt
writing entry points to ../../build/dual_arm_ik_solver/dual_arm_ik_solver.egg-info/entry_points.txt
writing requirements to ../../build/dual_arm_ik_solver/dual_arm_ik_solver.egg-info/requires.txt
writing top-level names to ../../build/dual_arm_ik_solver/dual_arm_ik_solver.egg-info/top_level.txt
writing manifest file '../../build/dual_arm_ik_solver/dual_arm_ik_solver.egg-info/SOURCES.txt'
reading manifest file '../../build/dual_arm_ik_solver/dual_arm_ik_solver.egg-info/SOURCES.txt'
writing manifest file '../../build/dual_arm_ik_solver/dual_arm_ik_solver.egg-info/SOURCES.txt'
running build
running build_py
creating /home/kptal/humanoid_ws/build/dual_arm_ik_solver/build
creating /home/kptal/humanoid_ws/build/dual_arm_ik_solver/build/lib
creating /home/kptal/humanoid_ws/build/dual_arm_ik_solver/build/lib/dual_arm_ik_solver
copying dual_arm_ik_solver/dual_arm_ik_solver.py -> /home/kptal/humanoid_ws/build/dual_arm_ik_solver/build/lib/dual_arm_ik_solver
copying dual_arm_ik_solver/__init__.py -> /home/kptal/humanoid_ws/build/dual_arm_ik_solver/build/lib/dual_arm_ik_solver
running install
running install_lib
creating /home/kptal/humanoid_ws/install/dual_arm_ik_solver/lib/python3.10/site-packages/dual_arm_ik_solver
copying /home/kptal/humanoid_ws/build/dual_arm_ik_solver/build/lib/dual_arm_ik_solver/dual_arm_ik_solver.py -> /home/kptal/humanoid_ws/install/dual_arm_ik_solver/lib/python3.10/site-packages/dual_arm_ik_solver
copying /home/kptal/humanoid_ws/build/dual_arm_ik_solver/build/lib/dual_arm_ik_solver/__init__.py -> /home/kptal/humanoid_ws/install/dual_arm_ik_solver/lib/python3.10/site-packages/dual_arm_ik_solver
byte-compiling /home/kptal/humanoid_ws/install/dual_arm_ik_solver/lib/python3.10/site-packages/dual_arm_ik_solver/dual_arm_ik_solver.py to dual_arm_ik_solver.cpython-310.pyc
byte-compiling /home/kptal/humanoid_ws/install/dual_arm_ik_solver/lib/python3.10/site-packages/dual_arm_ik_solver/__init__.py to __init__.cpython-310.pyc
running install_data
creating /home/kptal/humanoid_ws/install/dual_arm_ik_solver/share
creating /home/kptal/humanoid_ws/install/dual_arm_ik_solver/share/ament_index
creating /home/kptal/humanoid_ws/install/dual_arm_ik_solver/share/ament_index/resource_index
creating /home/kptal/humanoid_ws/install/dual_arm_ik_solver/share/ament_index/resource_index/packages
copying resource/dual_arm_ik_solver -> /home/kptal/humanoid_ws/install/dual_arm_ik_solver/share/ament_index/resource_index/packages
creating /home/kptal/humanoid_ws/install/dual_arm_ik_solver/share/dual_arm_ik_solver
copying package.xml -> /home/kptal/humanoid_ws/install/dual_arm_ik_solver/share/dual_arm_ik_solver
running install_egg_info
Copying ../../build/dual_arm_ik_solver/dual_arm_ik_solver.egg-info to /home/kptal/humanoid_ws/install/dual_arm_ik_solver/lib/python3.10/site-packages/dual_arm_ik_solver-0.0.0-py3.10.egg-info
running install_scripts
Installing dual_arm_ik_solver script to /home/kptal/humanoid_ws/install/dual_arm_ik_solver/lib/dual_arm_ik_solver
writing list of installed files to '/home/kptal/humanoid_ws/build/dual_arm_ik_solver/install.log'
