[0.466s] Invoking command in '/home/kptal/humanoid_ws/src/dual_arm_ik_solver': PYTHONPATH=/home/kptal/humanoid_ws/build/dual_arm_ik_solver/prefix_override:/usr/lib/python3/dist-packages/colcon_core/task/python/colcon_distutils_commands:/home/kptal/humanoid_ws/install/dual_arm_ik_solver/lib/python3.10/site-packages:${PYTHONPATH} /usr/bin/python3 -W ignore:setup.py install is deprecated -W ignore:easy_install command is deprecated setup.py egg_info --egg-base ../../build/dual_arm_ik_solver build --build-base /home/kptal/humanoid_ws/build/dual_arm_ik_solver/build install --record /home/kptal/humanoid_ws/build/dual_arm_ik_solver/install.log --single-version-externally-managed install_data
[0.650s] running egg_info
[0.650s] creating ../../build/dual_arm_ik_solver/dual_arm_ik_solver.egg-info
[0.650s] writing ../../build/dual_arm_ik_solver/dual_arm_ik_solver.egg-info/PKG-INFO
[0.650s] writing dependency_links to ../../build/dual_arm_ik_solver/dual_arm_ik_solver.egg-info/dependency_links.txt
[0.651s] writing entry points to ../../build/dual_arm_ik_solver/dual_arm_ik_solver.egg-info/entry_points.txt
[0.651s] writing requirements to ../../build/dual_arm_ik_solver/dual_arm_ik_solver.egg-info/requires.txt
[0.651s] writing top-level names to ../../build/dual_arm_ik_solver/dual_arm_ik_solver.egg-info/top_level.txt
[0.651s] writing manifest file '../../build/dual_arm_ik_solver/dual_arm_ik_solver.egg-info/SOURCES.txt'
[0.652s] reading manifest file '../../build/dual_arm_ik_solver/dual_arm_ik_solver.egg-info/SOURCES.txt'
[0.652s] writing manifest file '../../build/dual_arm_ik_solver/dual_arm_ik_solver.egg-info/SOURCES.txt'
[0.652s] running build
[0.652s] running build_py
[0.652s] creating /home/kptal/humanoid_ws/build/dual_arm_ik_solver/build
[0.653s] creating /home/kptal/humanoid_ws/build/dual_arm_ik_solver/build/lib
[0.653s] creating /home/kptal/humanoid_ws/build/dual_arm_ik_solver/build/lib/dual_arm_ik_solver
[0.653s] copying dual_arm_ik_solver/dual_arm_ik_solver.py -> /home/kptal/humanoid_ws/build/dual_arm_ik_solver/build/lib/dual_arm_ik_solver
[0.653s] copying dual_arm_ik_solver/__init__.py -> /home/kptal/humanoid_ws/build/dual_arm_ik_solver/build/lib/dual_arm_ik_solver
[0.653s] running install
[0.653s] running install_lib
[0.653s] creating /home/kptal/humanoid_ws/install/dual_arm_ik_solver/lib/python3.10/site-packages/dual_arm_ik_solver
[0.653s] copying /home/kptal/humanoid_ws/build/dual_arm_ik_solver/build/lib/dual_arm_ik_solver/dual_arm_ik_solver.py -> /home/kptal/humanoid_ws/install/dual_arm_ik_solver/lib/python3.10/site-packages/dual_arm_ik_solver
[0.653s] copying /home/kptal/humanoid_ws/build/dual_arm_ik_solver/build/lib/dual_arm_ik_solver/__init__.py -> /home/kptal/humanoid_ws/install/dual_arm_ik_solver/lib/python3.10/site-packages/dual_arm_ik_solver
[0.654s] byte-compiling /home/kptal/humanoid_ws/install/dual_arm_ik_solver/lib/python3.10/site-packages/dual_arm_ik_solver/dual_arm_ik_solver.py to dual_arm_ik_solver.cpython-310.pyc
[0.657s] byte-compiling /home/kptal/humanoid_ws/install/dual_arm_ik_solver/lib/python3.10/site-packages/dual_arm_ik_solver/__init__.py to __init__.cpython-310.pyc
[0.657s] running install_data
[0.657s] creating /home/kptal/humanoid_ws/install/dual_arm_ik_solver/share
[0.657s] creating /home/kptal/humanoid_ws/install/dual_arm_ik_solver/share/ament_index
[0.657s] creating /home/kptal/humanoid_ws/install/dual_arm_ik_solver/share/ament_index/resource_index
[0.657s] creating /home/kptal/humanoid_ws/install/dual_arm_ik_solver/share/ament_index/resource_index/packages
[0.657s] copying resource/dual_arm_ik_solver -> /home/kptal/humanoid_ws/install/dual_arm_ik_solver/share/ament_index/resource_index/packages
[0.657s] creating /home/kptal/humanoid_ws/install/dual_arm_ik_solver/share/dual_arm_ik_solver
[0.657s] copying package.xml -> /home/kptal/humanoid_ws/install/dual_arm_ik_solver/share/dual_arm_ik_solver
[0.657s] running install_egg_info
[0.658s] Copying ../../build/dual_arm_ik_solver/dual_arm_ik_solver.egg-info to /home/kptal/humanoid_ws/install/dual_arm_ik_solver/lib/python3.10/site-packages/dual_arm_ik_solver-0.0.0-py3.10.egg-info
[0.659s] running install_scripts
[0.674s] Installing dual_arm_ik_solver script to /home/kptal/humanoid_ws/install/dual_arm_ik_solver/lib/dual_arm_ik_solver
[0.674s] writing list of installed files to '/home/kptal/humanoid_ws/build/dual_arm_ik_solver/install.log'
[0.694s] Invoked command in '/home/kptal/humanoid_ws/src/dual_arm_ik_solver' returned '0': PYTHONPATH=/home/kptal/humanoid_ws/build/dual_arm_ik_solver/prefix_override:/usr/lib/python3/dist-packages/colcon_core/task/python/colcon_distutils_commands:/home/kptal/humanoid_ws/install/dual_arm_ik_solver/lib/python3.10/site-packages:${PYTHONPATH} /usr/bin/python3 -W ignore:setup.py install is deprecated -W ignore:easy_install command is deprecated setup.py egg_info --egg-base ../../build/dual_arm_ik_solver build --build-base /home/kptal/humanoid_ws/build/dual_arm_ik_solver/build install --record /home/kptal/humanoid_ws/build/dual_arm_ik_solver/install.log --single-version-externally-managed install_data
