[2.417s] Invoking command in '/home/kptal/humanoid_ws/src/ik_pick_place': PYTHONPATH=/home/kptal/humanoid_ws/build/ik_pick_place/prefix_override:/usr/lib/python3/dist-packages/colcon_core/task/python/colcon_distutils_commands:/home/kptal/humanoid_ws/install/ik_pick_place/lib/python3.10/site-packages:${PYTHONPATH} /usr/bin/python3 -W ignore:setup.py install is deprecated -W ignore:easy_install command is deprecated setup.py egg_info --egg-base ../../build/ik_pick_place build --build-base /home/kptal/humanoid_ws/build/ik_pick_place/build install --record /home/kptal/humanoid_ws/build/ik_pick_place/install.log --single-version-externally-managed install_data
[2.763s] running egg_info
[2.764s] writing ../../build/ik_pick_place/ik_pick_place.egg-info/PKG-INFO
[2.765s] writing dependency_links to ../../build/ik_pick_place/ik_pick_place.egg-info/dependency_links.txt
[2.765s] writing entry points to ../../build/ik_pick_place/ik_pick_place.egg-info/entry_points.txt
[2.765s] writing requirements to ../../build/ik_pick_place/ik_pick_place.egg-info/requires.txt
[2.765s] writing top-level names to ../../build/ik_pick_place/ik_pick_place.egg-info/top_level.txt
[2.776s] reading manifest file '../../build/ik_pick_place/ik_pick_place.egg-info/SOURCES.txt'
[2.776s] writing manifest file '../../build/ik_pick_place/ik_pick_place.egg-info/SOURCES.txt'
[2.776s] running build
[2.776s] running build_py
[2.777s] running install
[2.777s] running install_lib
[2.780s] running install_data
[2.780s] running install_egg_info
[2.781s] removing '/home/kptal/humanoid_ws/install/ik_pick_place/lib/python3.10/site-packages/ik_pick_place-0.0.0-py3.10.egg-info' (and everything under it)
[2.781s] Copying ../../build/ik_pick_place/ik_pick_place.egg-info to /home/kptal/humanoid_ws/install/ik_pick_place/lib/python3.10/site-packages/ik_pick_place-0.0.0-py3.10.egg-info
[2.793s] running install_scripts
[2.850s] Installing debug_ik_node script to /home/kptal/humanoid_ws/install/ik_pick_place/lib/ik_pick_place
[2.850s] Installing ik_pick_place_node script to /home/kptal/humanoid_ws/install/ik_pick_place/lib/ik_pick_place
[2.850s] Installing simple_ik_test script to /home/kptal/humanoid_ws/install/ik_pick_place/lib/ik_pick_place
[2.850s] writing list of installed files to '/home/kptal/humanoid_ws/build/ik_pick_place/install.log'
[2.950s] Invoked command in '/home/kptal/humanoid_ws/src/ik_pick_place' returned '0': PYTHONPATH=/home/kptal/humanoid_ws/build/ik_pick_place/prefix_override:/usr/lib/python3/dist-packages/colcon_core/task/python/colcon_distutils_commands:/home/kptal/humanoid_ws/install/ik_pick_place/lib/python3.10/site-packages:${PYTHONPATH} /usr/bin/python3 -W ignore:setup.py install is deprecated -W ignore:easy_install command is deprecated setup.py egg_info --egg-base ../../build/ik_pick_place build --build-base /home/kptal/humanoid_ws/build/ik_pick_place/build install --record /home/kptal/humanoid_ws/build/ik_pick_place/install.log --single-version-externally-managed install_data
