[  2%] Built target reachy_moveit2__cpp
[ 12%] Built target reachy_moveit2__rosidl_generator_c
[ 12%] Built target ament_cmake_python_copy_reachy_moveit2
[ 48%] Built target reachy_moveit2__rosidl_typesupport_cpp
[ 48%] Built target reachy_moveit2__rosidl_typesupport_fastrtps_cpp
[ 51%] Built target reachy_moveit2__rosidl_typesupport_introspection_c
[ 53%] Built target reachy_moveit2__rosidl_typesupport_c
[ 63%] Built target reachy_moveit2__rosidl_typesupport_introspection_cpp
[ 73%] Built target reachy_moveit2__rosidl_typesupport_fastrtps_c
[ 73%] Built target reachy_moveit2
[ 75%] Built target reachy_moveit2__py
[ 79%] Built target reachy_sdk
[ 87%] Built target reachy_moveit2__rosidl_generator_py
[ 91%] Built target reachy_moveit2__rosidl_typesupport_introspection_c__pyext
[100%] Built target reachy_moveit2__rosidl_typesupport_fastrtps_c__pyext
[100%] Built target reachy_moveit2__rosidl_typesupport_c__pyext
running egg_info
writing reachy_moveit2.egg-info/PKG-INFO
writing dependency_links to reachy_moveit2.egg-info/dependency_links.txt
writing top-level names to reachy_moveit2.egg-info/top_level.txt
reading manifest file 'reachy_moveit2.egg-info/SOURCES.txt'
writing manifest file 'reachy_moveit2.egg-info/SOURCES.txt'
[100%] Built target ament_cmake_python_build_reachy_moveit2_egg
-- Install configuration: ""
-- Up-to-date: /home/kptal/humanoid_ws/install/reachy_moveit2/share/ament_index/resource_index/rosidl_interfaces/reachy_moveit2
-- Up-to-date: /home/kptal/humanoid_ws/install/reachy_moveit2/include/reachy_moveit2/reachy_moveit2
-- Up-to-date: /home/kptal/humanoid_ws/install/reachy_moveit2/include/reachy_moveit2/reachy_moveit2/msg
-- Up-to-date: /home/kptal/humanoid_ws/install/reachy_moveit2/include/reachy_moveit2/reachy_moveit2/msg/execute_request.h
-- Up-to-date: /home/kptal/humanoid_ws/install/reachy_moveit2/include/reachy_moveit2/reachy_moveit2/msg/robot_control_command.h
-- Up-to-date: /home/kptal/humanoid_ws/install/reachy_moveit2/include/reachy_moveit2/reachy_moveit2/msg/rosidl_generator_c__visibility_control.h
-- Up-to-date: /home/kptal/humanoid_ws/install/reachy_moveit2/include/reachy_moveit2/reachy_moveit2/msg/detail
-- Up-to-date: /home/kptal/humanoid_ws/install/reachy_moveit2/include/reachy_moveit2/reachy_moveit2/msg/detail/add_obstacle__functions.h
-- Up-to-date: /home/kptal/humanoid_ws/install/reachy_moveit2/include/reachy_moveit2/reachy_moveit2/msg/detail/robot_control_command__functions.h
-- Up-to-date: /home/kptal/humanoid_ws/install/reachy_moveit2/include/reachy_moveit2/reachy_moveit2/msg/detail/robot_control_command__functions.c
-- Up-to-date: /home/kptal/humanoid_ws/install/reachy_moveit2/include/reachy_moveit2/reachy_moveit2/msg/detail/execute_request__type_support.h
-- Up-to-date: /home/kptal/humanoid_ws/install/reachy_moveit2/include/reachy_moveit2/reachy_moveit2/msg/detail/execute_request__struct.h
-- Up-to-date: /home/kptal/humanoid_ws/install/reachy_moveit2/include/reachy_moveit2/reachy_moveit2/msg/detail/execute_request__functions.h
-- Up-to-date: /home/kptal/humanoid_ws/install/reachy_moveit2/include/reachy_moveit2/reachy_moveit2/msg/detail/add_obstacle__type_support.h
-- Up-to-date: /home/kptal/humanoid_ws/install/reachy_moveit2/include/reachy_moveit2/reachy_moveit2/msg/detail/add_obstacle__struct.h
-- Up-to-date: /home/kptal/humanoid_ws/install/reachy_moveit2/include/reachy_moveit2/reachy_moveit2/msg/detail/robot_control_command__type_support.h
-- Up-to-date: /home/kptal/humanoid_ws/install/reachy_moveit2/include/reachy_moveit2/reachy_moveit2/msg/detail/add_obstacle__functions.c
-- Up-to-date: /home/kptal/humanoid_ws/install/reachy_moveit2/include/reachy_moveit2/reachy_moveit2/msg/detail/execute_request__functions.c
-- Up-to-date: /home/kptal/humanoid_ws/install/reachy_moveit2/include/reachy_moveit2/reachy_moveit2/msg/detail/robot_control_command__struct.h
-- Up-to-date: /home/kptal/humanoid_ws/install/reachy_moveit2/include/reachy_moveit2/reachy_moveit2/msg/add_obstacle.h
-- Up-to-date: /home/kptal/humanoid_ws/install/reachy_moveit2/share/reachy_moveit2/environment/library_path.sh
-- Up-to-date: /home/kptal/humanoid_ws/install/reachy_moveit2/share/reachy_moveit2/environment/library_path.dsv
-- Up-to-date: /home/kptal/humanoid_ws/install/reachy_moveit2/lib/libreachy_moveit2__rosidl_generator_c.so
-- Up-to-date: /home/kptal/humanoid_ws/install/reachy_moveit2/include/reachy_moveit2/reachy_moveit2
-- Up-to-date: /home/kptal/humanoid_ws/install/reachy_moveit2/include/reachy_moveit2/reachy_moveit2/msg
-- Up-to-date: /home/kptal/humanoid_ws/install/reachy_moveit2/include/reachy_moveit2/reachy_moveit2/msg/rosidl_typesupport_fastrtps_c__visibility_control.h
-- Up-to-date: /home/kptal/humanoid_ws/install/reachy_moveit2/include/reachy_moveit2/reachy_moveit2/msg/detail
-- Up-to-date: /home/kptal/humanoid_ws/install/reachy_moveit2/include/reachy_moveit2/reachy_moveit2/msg/detail/add_obstacle__rosidl_typesupport_fastrtps_c.h
-- Up-to-date: /home/kptal/humanoid_ws/install/reachy_moveit2/include/reachy_moveit2/reachy_moveit2/msg/detail/robot_control_command__rosidl_typesupport_fastrtps_c.h
-- Up-to-date: /home/kptal/humanoid_ws/install/reachy_moveit2/include/reachy_moveit2/reachy_moveit2/msg/detail/execute_request__rosidl_typesupport_fastrtps_c.h
-- Up-to-date: /home/kptal/humanoid_ws/install/reachy_moveit2/lib/libreachy_moveit2__rosidl_typesupport_fastrtps_c.so
-- Up-to-date: /home/kptal/humanoid_ws/install/reachy_moveit2/include/reachy_moveit2/reachy_moveit2
-- Up-to-date: /home/kptal/humanoid_ws/install/reachy_moveit2/include/reachy_moveit2/reachy_moveit2/msg
-- Up-to-date: /home/kptal/humanoid_ws/install/reachy_moveit2/include/reachy_moveit2/reachy_moveit2/msg/robot_control_command.hpp
-- Up-to-date: /home/kptal/humanoid_ws/install/reachy_moveit2/include/reachy_moveit2/reachy_moveit2/msg/rosidl_generator_cpp__visibility_control.hpp
-- Up-to-date: /home/kptal/humanoid_ws/install/reachy_moveit2/include/reachy_moveit2/reachy_moveit2/msg/execute_request.hpp
-- Up-to-date: /home/kptal/humanoid_ws/install/reachy_moveit2/include/reachy_moveit2/reachy_moveit2/msg/add_obstacle.hpp
-- Up-to-date: /home/kptal/humanoid_ws/install/reachy_moveit2/include/reachy_moveit2/reachy_moveit2/msg/detail
-- Up-to-date: /home/kptal/humanoid_ws/install/reachy_moveit2/include/reachy_moveit2/reachy_moveit2/msg/detail/add_obstacle__struct.hpp
-- Up-to-date: /home/kptal/humanoid_ws/install/reachy_moveit2/include/reachy_moveit2/reachy_moveit2/msg/detail/execute_request__struct.hpp
-- Up-to-date: /home/kptal/humanoid_ws/install/reachy_moveit2/include/reachy_moveit2/reachy_moveit2/msg/detail/execute_request__type_support.hpp
-- Up-to-date: /home/kptal/humanoid_ws/install/reachy_moveit2/include/reachy_moveit2/reachy_moveit2/msg/detail/robot_control_command__builder.hpp
-- Up-to-date: /home/kptal/humanoid_ws/install/reachy_moveit2/include/reachy_moveit2/reachy_moveit2/msg/detail/robot_control_command__traits.hpp
-- Up-to-date: /home/kptal/humanoid_ws/install/reachy_moveit2/include/reachy_moveit2/reachy_moveit2/msg/detail/add_obstacle__traits.hpp
-- Up-to-date: /home/kptal/humanoid_ws/install/reachy_moveit2/include/reachy_moveit2/reachy_moveit2/msg/detail/add_obstacle__type_support.hpp
-- Up-to-date: /home/kptal/humanoid_ws/install/reachy_moveit2/include/reachy_moveit2/reachy_moveit2/msg/detail/add_obstacle__builder.hpp
-- Up-to-date: /home/kptal/humanoid_ws/install/reachy_moveit2/include/reachy_moveit2/reachy_moveit2/msg/detail/robot_control_command__struct.hpp
-- Up-to-date: /home/kptal/humanoid_ws/install/reachy_moveit2/include/reachy_moveit2/reachy_moveit2/msg/detail/execute_request__traits.hpp
-- Up-to-date: /home/kptal/humanoid_ws/install/reachy_moveit2/include/reachy_moveit2/reachy_moveit2/msg/detail/robot_control_command__type_support.hpp
-- Up-to-date: /home/kptal/humanoid_ws/install/reachy_moveit2/include/reachy_moveit2/reachy_moveit2/msg/detail/execute_request__builder.hpp
-- Up-to-date: /home/kptal/humanoid_ws/install/reachy_moveit2/include/reachy_moveit2/reachy_moveit2
-- Up-to-date: /home/kptal/humanoid_ws/install/reachy_moveit2/include/reachy_moveit2/reachy_moveit2/msg
-- Up-to-date: /home/kptal/humanoid_ws/install/reachy_moveit2/include/reachy_moveit2/reachy_moveit2/msg/detail
-- Up-to-date: /home/kptal/humanoid_ws/install/reachy_moveit2/include/reachy_moveit2/reachy_moveit2/msg/detail/add_obstacle__rosidl_typesupport_fastrtps_cpp.hpp
-- Up-to-date: /home/kptal/humanoid_ws/install/reachy_moveit2/include/reachy_moveit2/reachy_moveit2/msg/detail/robot_control_command__rosidl_typesupport_fastrtps_cpp.hpp
-- Up-to-date: /home/kptal/humanoid_ws/install/reachy_moveit2/include/reachy_moveit2/reachy_moveit2/msg/detail/dds_fastrtps
-- Up-to-date: /home/kptal/humanoid_ws/install/reachy_moveit2/include/reachy_moveit2/reachy_moveit2/msg/detail/execute_request__rosidl_typesupport_fastrtps_cpp.hpp
-- Up-to-date: /home/kptal/humanoid_ws/install/reachy_moveit2/include/reachy_moveit2/reachy_moveit2/msg/rosidl_typesupport_fastrtps_cpp__visibility_control.h
-- Up-to-date: /home/kptal/humanoid_ws/install/reachy_moveit2/lib/libreachy_moveit2__rosidl_typesupport_fastrtps_cpp.so
-- Up-to-date: /home/kptal/humanoid_ws/install/reachy_moveit2/include/reachy_moveit2/reachy_moveit2
-- Up-to-date: /home/kptal/humanoid_ws/install/reachy_moveit2/include/reachy_moveit2/reachy_moveit2/msg
-- Up-to-date: /home/kptal/humanoid_ws/install/reachy_moveit2/include/reachy_moveit2/reachy_moveit2/msg/rosidl_typesupport_introspection_c__visibility_control.h
-- Up-to-date: /home/kptal/humanoid_ws/install/reachy_moveit2/include/reachy_moveit2/reachy_moveit2/msg/detail
-- Up-to-date: /home/kptal/humanoid_ws/install/reachy_moveit2/include/reachy_moveit2/reachy_moveit2/msg/detail/add_obstacle__rosidl_typesupport_introspection_c.h
-- Up-to-date: /home/kptal/humanoid_ws/install/reachy_moveit2/include/reachy_moveit2/reachy_moveit2/msg/detail/execute_request__type_support.c
-- Up-to-date: /home/kptal/humanoid_ws/install/reachy_moveit2/include/reachy_moveit2/reachy_moveit2/msg/detail/robot_control_command__rosidl_typesupport_introspection_c.h
-- Up-to-date: /home/kptal/humanoid_ws/install/reachy_moveit2/include/reachy_moveit2/reachy_moveit2/msg/detail/add_obstacle__type_support.c
-- Up-to-date: /home/kptal/humanoid_ws/install/reachy_moveit2/include/reachy_moveit2/reachy_moveit2/msg/detail/execute_request__rosidl_typesupport_introspection_c.h
-- Up-to-date: /home/kptal/humanoid_ws/install/reachy_moveit2/include/reachy_moveit2/reachy_moveit2/msg/detail/robot_control_command__type_support.c
-- Up-to-date: /home/kptal/humanoid_ws/install/reachy_moveit2/lib/libreachy_moveit2__rosidl_typesupport_introspection_c.so
-- Up-to-date: /home/kptal/humanoid_ws/install/reachy_moveit2/lib/libreachy_moveit2__rosidl_typesupport_c.so
-- Up-to-date: /home/kptal/humanoid_ws/install/reachy_moveit2/include/reachy_moveit2/reachy_moveit2
-- Up-to-date: /home/kptal/humanoid_ws/install/reachy_moveit2/include/reachy_moveit2/reachy_moveit2/msg
-- Up-to-date: /home/kptal/humanoid_ws/install/reachy_moveit2/include/reachy_moveit2/reachy_moveit2/msg/detail
-- Up-to-date: /home/kptal/humanoid_ws/install/reachy_moveit2/include/reachy_moveit2/reachy_moveit2/msg/detail/robot_control_command__rosidl_typesupport_introspection_cpp.hpp
-- Up-to-date: /home/kptal/humanoid_ws/install/reachy_moveit2/include/reachy_moveit2/reachy_moveit2/msg/detail/robot_control_command__type_support.cpp
-- Up-to-date: /home/kptal/humanoid_ws/install/reachy_moveit2/include/reachy_moveit2/reachy_moveit2/msg/detail/add_obstacle__rosidl_typesupport_introspection_cpp.hpp
-- Up-to-date: /home/kptal/humanoid_ws/install/reachy_moveit2/include/reachy_moveit2/reachy_moveit2/msg/detail/add_obstacle__type_support.cpp
-- Up-to-date: /home/kptal/humanoid_ws/install/reachy_moveit2/include/reachy_moveit2/reachy_moveit2/msg/detail/execute_request__rosidl_typesupport_introspection_cpp.hpp
-- Up-to-date: /home/kptal/humanoid_ws/install/reachy_moveit2/include/reachy_moveit2/reachy_moveit2/msg/detail/execute_request__type_support.cpp
-- Up-to-date: /home/kptal/humanoid_ws/install/reachy_moveit2/lib/libreachy_moveit2__rosidl_typesupport_introspection_cpp.so
-- Up-to-date: /home/kptal/humanoid_ws/install/reachy_moveit2/lib/libreachy_moveit2__rosidl_typesupport_cpp.so
-- Up-to-date: /home/kptal/humanoid_ws/install/reachy_moveit2/share/reachy_moveit2/environment/pythonpath.sh
-- Up-to-date: /home/kptal/humanoid_ws/install/reachy_moveit2/share/reachy_moveit2/environment/pythonpath.dsv
-- Up-to-date: /home/kptal/humanoid_ws/install/reachy_moveit2/local/lib/python3.10/dist-packages/reachy_moveit2-0.0.1-py3.10.egg-info
-- Installing: /home/kptal/humanoid_ws/install/reachy_moveit2/local/lib/python3.10/dist-packages/reachy_moveit2-0.0.1-py3.10.egg-info/SOURCES.txt
-- Installing: /home/kptal/humanoid_ws/install/reachy_moveit2/local/lib/python3.10/dist-packages/reachy_moveit2-0.0.1-py3.10.egg-info/PKG-INFO
-- Installing: /home/kptal/humanoid_ws/install/reachy_moveit2/local/lib/python3.10/dist-packages/reachy_moveit2-0.0.1-py3.10.egg-info/dependency_links.txt
-- Installing: /home/kptal/humanoid_ws/install/reachy_moveit2/local/lib/python3.10/dist-packages/reachy_moveit2-0.0.1-py3.10.egg-info/top_level.txt
-- Up-to-date: /home/kptal/humanoid_ws/install/reachy_moveit2/local/lib/python3.10/dist-packages/reachy_moveit2
-- Up-to-date: /home/kptal/humanoid_ws/install/reachy_moveit2/local/lib/python3.10/dist-packages/reachy_moveit2/_reachy_moveit2_s.ep.rosidl_typesupport_introspection_c.c
-- Up-to-date: /home/kptal/humanoid_ws/install/reachy_moveit2/local/lib/python3.10/dist-packages/reachy_moveit2/msg
-- Up-to-date: /home/kptal/humanoid_ws/install/reachy_moveit2/local/lib/python3.10/dist-packages/reachy_moveit2/msg/_add_obstacle_s.c
-- Up-to-date: /home/kptal/humanoid_ws/install/reachy_moveit2/local/lib/python3.10/dist-packages/reachy_moveit2/msg/_robot_control_command.py
-- Up-to-date: /home/kptal/humanoid_ws/install/reachy_moveit2/local/lib/python3.10/dist-packages/reachy_moveit2/msg/_add_obstacle.py
-- Up-to-date: /home/kptal/humanoid_ws/install/reachy_moveit2/local/lib/python3.10/dist-packages/reachy_moveit2/msg/_robot_control_command_s.c
-- Up-to-date: /home/kptal/humanoid_ws/install/reachy_moveit2/local/lib/python3.10/dist-packages/reachy_moveit2/msg/_execute_request_s.c
-- Up-to-date: /home/kptal/humanoid_ws/install/reachy_moveit2/local/lib/python3.10/dist-packages/reachy_moveit2/msg/_execute_request.py
-- Up-to-date: /home/kptal/humanoid_ws/install/reachy_moveit2/local/lib/python3.10/dist-packages/reachy_moveit2/msg/__init__.py
-- Up-to-date: /home/kptal/humanoid_ws/install/reachy_moveit2/local/lib/python3.10/dist-packages/reachy_moveit2/reachy_moveit2_s__rosidl_typesupport_c.cpython-310-x86_64-linux-gnu.so
-- Up-to-date: /home/kptal/humanoid_ws/install/reachy_moveit2/local/lib/python3.10/dist-packages/reachy_moveit2/reachy_moveit2_s__rosidl_typesupport_fastrtps_c.cpython-310-x86_64-linux-gnu.so
-- Up-to-date: /home/kptal/humanoid_ws/install/reachy_moveit2/local/lib/python3.10/dist-packages/reachy_moveit2/libreachy_moveit2__rosidl_generator_py.so
-- Up-to-date: /home/kptal/humanoid_ws/install/reachy_moveit2/local/lib/python3.10/dist-packages/reachy_moveit2/reachy_moveit2_s__rosidl_typesupport_introspection_c.cpython-310-x86_64-linux-gnu.so
-- Up-to-date: /home/kptal/humanoid_ws/install/reachy_moveit2/local/lib/python3.10/dist-packages/reachy_moveit2/_reachy_moveit2_s.ep.rosidl_typesupport_fastrtps_c.c
-- Up-to-date: /home/kptal/humanoid_ws/install/reachy_moveit2/local/lib/python3.10/dist-packages/reachy_moveit2/__init__.py
-- Up-to-date: /home/kptal/humanoid_ws/install/reachy_moveit2/local/lib/python3.10/dist-packages/reachy_moveit2/_reachy_moveit2_s.ep.rosidl_typesupport_c.c
Listing '/home/kptal/humanoid_ws/install/reachy_moveit2/local/lib/python3.10/dist-packages/reachy_moveit2'...
Listing '/home/kptal/humanoid_ws/install/reachy_moveit2/local/lib/python3.10/dist-packages/reachy_moveit2/msg'...
-- Up-to-date: /home/kptal/humanoid_ws/install/reachy_moveit2/local/lib/python3.10/dist-packages/reachy_moveit2/reachy_moveit2_s__rosidl_typesupport_fastrtps_c.cpython-310-x86_64-linux-gnu.so
-- Up-to-date: /home/kptal/humanoid_ws/install/reachy_moveit2/local/lib/python3.10/dist-packages/reachy_moveit2/reachy_moveit2_s__rosidl_typesupport_introspection_c.cpython-310-x86_64-linux-gnu.so
-- Up-to-date: /home/kptal/humanoid_ws/install/reachy_moveit2/local/lib/python3.10/dist-packages/reachy_moveit2/reachy_moveit2_s__rosidl_typesupport_c.cpython-310-x86_64-linux-gnu.so
-- Up-to-date: /home/kptal/humanoid_ws/install/reachy_moveit2/lib/libreachy_moveit2__rosidl_generator_py.so
-- Up-to-date: /home/kptal/humanoid_ws/install/reachy_moveit2/share/reachy_moveit2/msg/RobotControlCommand.idl
-- Up-to-date: /home/kptal/humanoid_ws/install/reachy_moveit2/share/reachy_moveit2/msg/AddObstacle.idl
-- Up-to-date: /home/kptal/humanoid_ws/install/reachy_moveit2/share/reachy_moveit2/msg/ExecuteRequest.idl
-- Up-to-date: /home/kptal/humanoid_ws/install/reachy_moveit2/share/reachy_moveit2/msg/RobotControlCommand.msg
-- Up-to-date: /home/kptal/humanoid_ws/install/reachy_moveit2/share/reachy_moveit2/msg/AddObstacle.msg
-- Up-to-date: /home/kptal/humanoid_ws/install/reachy_moveit2/share/reachy_moveit2/msg/ExecuteRequest.msg
-- Up-to-date: /home/kptal/humanoid_ws/install/reachy_moveit2/lib/reachy_moveit2/reachy_sdk
-- Up-to-date: /home/kptal/humanoid_ws/install/reachy_moveit2/share/reachy_moveit2//launch
-- Up-to-date: /home/kptal/humanoid_ws/install/reachy_moveit2/share/reachy_moveit2//launch/demo.launch.py
-- Up-to-date: /home/kptal/humanoid_ws/install/reachy_moveit2/share/ament_index/resource_index/package_run_dependencies/reachy_moveit2
-- Up-to-date: /home/kptal/humanoid_ws/install/reachy_moveit2/share/ament_index/resource_index/parent_prefix_path/reachy_moveit2
-- Up-to-date: /home/kptal/humanoid_ws/install/reachy_moveit2/share/reachy_moveit2/environment/ament_prefix_path.sh
-- Up-to-date: /home/kptal/humanoid_ws/install/reachy_moveit2/share/reachy_moveit2/environment/ament_prefix_path.dsv
-- Up-to-date: /home/kptal/humanoid_ws/install/reachy_moveit2/share/reachy_moveit2/environment/path.sh
-- Up-to-date: /home/kptal/humanoid_ws/install/reachy_moveit2/share/reachy_moveit2/environment/path.dsv
-- Up-to-date: /home/kptal/humanoid_ws/install/reachy_moveit2/share/reachy_moveit2/local_setup.bash
-- Up-to-date: /home/kptal/humanoid_ws/install/reachy_moveit2/share/reachy_moveit2/local_setup.sh
-- Up-to-date: /home/kptal/humanoid_ws/install/reachy_moveit2/share/reachy_moveit2/local_setup.zsh
-- Up-to-date: /home/kptal/humanoid_ws/install/reachy_moveit2/share/reachy_moveit2/local_setup.dsv
-- Installing: /home/kptal/humanoid_ws/install/reachy_moveit2/share/reachy_moveit2/package.dsv
-- Up-to-date: /home/kptal/humanoid_ws/install/reachy_moveit2/share/ament_index/resource_index/packages/reachy_moveit2
-- Up-to-date: /home/kptal/humanoid_ws/install/reachy_moveit2/share/reachy_moveit2/cmake/export_reachy_moveit2__rosidl_generator_cExport.cmake
-- Up-to-date: /home/kptal/humanoid_ws/install/reachy_moveit2/share/reachy_moveit2/cmake/export_reachy_moveit2__rosidl_generator_cExport-noconfig.cmake
-- Up-to-date: /home/kptal/humanoid_ws/install/reachy_moveit2/share/reachy_moveit2/cmake/export_reachy_moveit2__rosidl_typesupport_fastrtps_cExport.cmake
-- Up-to-date: /home/kptal/humanoid_ws/install/reachy_moveit2/share/reachy_moveit2/cmake/export_reachy_moveit2__rosidl_typesupport_fastrtps_cExport-noconfig.cmake
-- Up-to-date: /home/kptal/humanoid_ws/install/reachy_moveit2/share/reachy_moveit2/cmake/export_reachy_moveit2__rosidl_generator_cppExport.cmake
-- Up-to-date: /home/kptal/humanoid_ws/install/reachy_moveit2/share/reachy_moveit2/cmake/export_reachy_moveit2__rosidl_typesupport_fastrtps_cppExport.cmake
-- Up-to-date: /home/kptal/humanoid_ws/install/reachy_moveit2/share/reachy_moveit2/cmake/export_reachy_moveit2__rosidl_typesupport_fastrtps_cppExport-noconfig.cmake
-- Up-to-date: /home/kptal/humanoid_ws/install/reachy_moveit2/share/reachy_moveit2/cmake/reachy_moveit2__rosidl_typesupport_introspection_cExport.cmake
-- Up-to-date: /home/kptal/humanoid_ws/install/reachy_moveit2/share/reachy_moveit2/cmake/reachy_moveit2__rosidl_typesupport_introspection_cExport-noconfig.cmake
-- Up-to-date: /home/kptal/humanoid_ws/install/reachy_moveit2/share/reachy_moveit2/cmake/reachy_moveit2__rosidl_typesupport_cExport.cmake
-- Up-to-date: /home/kptal/humanoid_ws/install/reachy_moveit2/share/reachy_moveit2/cmake/reachy_moveit2__rosidl_typesupport_cExport-noconfig.cmake
-- Up-to-date: /home/kptal/humanoid_ws/install/reachy_moveit2/share/reachy_moveit2/cmake/reachy_moveit2__rosidl_typesupport_introspection_cppExport.cmake
-- Up-to-date: /home/kptal/humanoid_ws/install/reachy_moveit2/share/reachy_moveit2/cmake/reachy_moveit2__rosidl_typesupport_introspection_cppExport-noconfig.cmake
-- Up-to-date: /home/kptal/humanoid_ws/install/reachy_moveit2/share/reachy_moveit2/cmake/reachy_moveit2__rosidl_typesupport_cppExport.cmake
-- Up-to-date: /home/kptal/humanoid_ws/install/reachy_moveit2/share/reachy_moveit2/cmake/reachy_moveit2__rosidl_typesupport_cppExport-noconfig.cmake
-- Up-to-date: /home/kptal/humanoid_ws/install/reachy_moveit2/share/reachy_moveit2/cmake/export_reachy_moveit2__rosidl_generator_pyExport.cmake
-- Up-to-date: /home/kptal/humanoid_ws/install/reachy_moveit2/share/reachy_moveit2/cmake/export_reachy_moveit2__rosidl_generator_pyExport-noconfig.cmake
-- Up-to-date: /home/kptal/humanoid_ws/install/reachy_moveit2/share/reachy_moveit2/cmake/rosidl_cmake-extras.cmake
-- Up-to-date: /home/kptal/humanoid_ws/install/reachy_moveit2/share/reachy_moveit2/cmake/ament_cmake_export_dependencies-extras.cmake
-- Up-to-date: /home/kptal/humanoid_ws/install/reachy_moveit2/share/reachy_moveit2/cmake/ament_cmake_export_include_directories-extras.cmake
-- Up-to-date: /home/kptal/humanoid_ws/install/reachy_moveit2/share/reachy_moveit2/cmake/ament_cmake_export_libraries-extras.cmake
-- Up-to-date: /home/kptal/humanoid_ws/install/reachy_moveit2/share/reachy_moveit2/cmake/ament_cmake_export_targets-extras.cmake
-- Up-to-date: /home/kptal/humanoid_ws/install/reachy_moveit2/share/reachy_moveit2/cmake/rosidl_cmake_export_typesupport_targets-extras.cmake
-- Up-to-date: /home/kptal/humanoid_ws/install/reachy_moveit2/share/reachy_moveit2/cmake/rosidl_cmake_export_typesupport_libraries-extras.cmake
-- Up-to-date: /home/kptal/humanoid_ws/install/reachy_moveit2/share/reachy_moveit2/cmake/reachy_moveit2Config.cmake
-- Up-to-date: /home/kptal/humanoid_ws/install/reachy_moveit2/share/reachy_moveit2/cmake/reachy_moveit2Config-version.cmake
-- Up-to-date: /home/kptal/humanoid_ws/install/reachy_moveit2/share/reachy_moveit2/package.xml
