[0.021s] Invoking command in '/home/kptal/humanoid_ws/build/dual_panda_moveit2_interface': CMAKE_PREFIX_PATH=${CMAKE_PREFIX_PATH}:/home/kptal/humanoid_ws/install/moveit_configs_utils:/home/kptal/humanoid_ws/install/launch_param_builder:/home/kptal/humanoid_ws/install/ik_pick_place:/home/kptal/humanoid_ws/install/half_humanoid_control_actions:/home/kptal/humanoid_ws/install/dynamixel_test_utils:/home/kptal/ws_moveit2/install/moveit_configs_utils:/home/kptal/ws_moveit2/install/launch_param_builder:/opt/ros/humble /usr/bin/cmake --build /home/kptal/humanoid_ws/build/dual_panda_moveit2_interface -- -j18 -l18
[0.106s] [35m[1mConsolidate compiler generated dependencies of target dual_panda_moveit2_interface__rosidl_generator_c[0m
[0.125s] [  1%] Built target dual_panda_moveit2_interface__cpp
[0.133s] [ 12%] Built target dual_panda_moveit2_interface__rosidl_generator_c
[0.151s] [ 12%] Built target ament_cmake_python_copy_dual_panda_moveit2_interface
[0.157s] [35m[1mConsolidate compiler generated dependencies of target dual_panda_moveit2_interface__rosidl_typesupport_cpp[0m
[0.157s] [35m[1mConsolidate compiler generated dependencies of target dual_panda_moveit2_interface__rosidl_typesupport_introspection_cpp[0m
[0.158s] [35m[1mConsolidate compiler generated dependencies of target dual_panda_moveit2_interface__rosidl_typesupport_fastrtps_cpp[0m
[0.159s] [35m[1mConsolidate compiler generated dependencies of target dual_panda_moveit2_interface__rosidl_typesupport_c[0m
[0.162s] [35m[1mConsolidate compiler generated dependencies of target dual_panda_moveit2_interface__rosidl_typesupport_introspection_c[0m
[0.167s] [35m[1mConsolidate compiler generated dependencies of target dual_panda_moveit2_interface__rosidl_typesupport_fastrtps_c[0m
[0.190s] [ 29%] Built target dual_panda_moveit2_interface__rosidl_typesupport_c
[0.190s] [ 35%] Built target dual_panda_moveit2_interface__rosidl_typesupport_cpp
[0.194s] [ 47%] Built target dual_panda_moveit2_interface__rosidl_typesupport_fastrtps_cpp
[0.194s] [ 63%] Built target dual_panda_moveit2_interface__rosidl_typesupport_introspection_c
[0.195s] [ 70%] Built target dual_panda_moveit2_interface__rosidl_typesupport_introspection_cpp
[0.198s] [ 82%] Built target dual_panda_moveit2_interface__rosidl_typesupport_fastrtps_c
[0.256s] [ 82%] Built target dual_panda_moveit2_interface
[0.306s] [ 83%] Built target dual_panda_moveit2_interface__py
[0.342s] [35m[1mConsolidate compiler generated dependencies of target dual_panda_moveit2_interface__rosidl_generator_py[0m
[0.371s] [ 93%] Built target dual_panda_moveit2_interface__rosidl_generator_py
[0.402s] [35m[1mConsolidate compiler generated dependencies of target dual_panda_moveit2_interface__rosidl_typesupport_c__pyext[0m
[0.402s] [35m[1mConsolidate compiler generated dependencies of target dual_panda_moveit2_interface__rosidl_typesupport_fastrtps_c__pyext[0m
[0.402s] [35m[1mConsolidate compiler generated dependencies of target dual_panda_moveit2_interface__rosidl_typesupport_introspection_c__pyext[0m
[0.431s] [ 95%] Built target dual_panda_moveit2_interface__rosidl_typesupport_c__pyext
[0.432s] [100%] Built target dual_panda_moveit2_interface__rosidl_typesupport_fastrtps_c__pyext
[0.433s] [100%] Built target dual_panda_moveit2_interface__rosidl_typesupport_introspection_c__pyext
[0.466s] running egg_info
[0.467s] writing dual_panda_moveit2_interface.egg-info/PKG-INFO
[0.467s] writing dependency_links to dual_panda_moveit2_interface.egg-info/dependency_links.txt
[0.467s] writing top-level names to dual_panda_moveit2_interface.egg-info/top_level.txt
[0.470s] reading manifest file 'dual_panda_moveit2_interface.egg-info/SOURCES.txt'
[0.471s] writing manifest file 'dual_panda_moveit2_interface.egg-info/SOURCES.txt'
[0.511s] [100%] Built target ament_cmake_python_build_dual_panda_moveit2_interface_egg
[0.530s] Invoked command in '/home/kptal/humanoid_ws/build/dual_panda_moveit2_interface' returned '0': CMAKE_PREFIX_PATH=${CMAKE_PREFIX_PATH}:/home/kptal/humanoid_ws/install/moveit_configs_utils:/home/kptal/humanoid_ws/install/launch_param_builder:/home/kptal/humanoid_ws/install/ik_pick_place:/home/kptal/humanoid_ws/install/half_humanoid_control_actions:/home/kptal/humanoid_ws/install/dynamixel_test_utils:/home/kptal/ws_moveit2/install/moveit_configs_utils:/home/kptal/ws_moveit2/install/launch_param_builder:/opt/ros/humble /usr/bin/cmake --build /home/kptal/humanoid_ws/build/dual_panda_moveit2_interface -- -j18 -l18
[0.533s] Invoking command in '/home/kptal/humanoid_ws/build/dual_panda_moveit2_interface': CMAKE_PREFIX_PATH=${CMAKE_PREFIX_PATH}:/home/kptal/humanoid_ws/install/moveit_configs_utils:/home/kptal/humanoid_ws/install/launch_param_builder:/home/kptal/humanoid_ws/install/ik_pick_place:/home/kptal/humanoid_ws/install/half_humanoid_control_actions:/home/kptal/humanoid_ws/install/dynamixel_test_utils:/home/kptal/ws_moveit2/install/moveit_configs_utils:/home/kptal/ws_moveit2/install/launch_param_builder:/opt/ros/humble /usr/bin/cmake --install /home/kptal/humanoid_ws/build/dual_panda_moveit2_interface
[0.549s] -- Install configuration: ""
[0.550s] -- Up-to-date: /home/kptal/humanoid_ws/install/dual_panda_moveit2_interface/share/ament_index/resource_index/rosidl_interfaces/dual_panda_moveit2_interface
[0.550s] -- Up-to-date: /home/kptal/humanoid_ws/install/dual_panda_moveit2_interface/include/dual_panda_moveit2_interface/dual_panda_moveit2_interface
[0.550s] -- Up-to-date: /home/kptal/humanoid_ws/install/dual_panda_moveit2_interface/include/dual_panda_moveit2_interface/dual_panda_moveit2_interface/msg
[0.550s] -- Up-to-date: /home/kptal/humanoid_ws/install/dual_panda_moveit2_interface/include/dual_panda_moveit2_interface/dual_panda_moveit2_interface/msg/spawn_batch.h
[0.550s] -- Up-to-date: /home/kptal/humanoid_ws/install/dual_panda_moveit2_interface/include/dual_panda_moveit2_interface/dual_panda_moveit2_interface/msg/robot_pose.h
[0.550s] -- Up-to-date: /home/kptal/humanoid_ws/install/dual_panda_moveit2_interface/include/dual_panda_moveit2_interface/dual_panda_moveit2_interface/msg/rosidl_generator_c__visibility_control.h
[0.550s] -- Up-to-date: /home/kptal/humanoid_ws/install/dual_panda_moveit2_interface/include/dual_panda_moveit2_interface/dual_panda_moveit2_interface/msg/object_spec.h
[0.550s] -- Up-to-date: /home/kptal/humanoid_ws/install/dual_panda_moveit2_interface/include/dual_panda_moveit2_interface/dual_panda_moveit2_interface/msg/detail
[0.551s] -- Up-to-date: /home/kptal/humanoid_ws/install/dual_panda_moveit2_interface/include/dual_panda_moveit2_interface/dual_panda_moveit2_interface/msg/detail/robot_pose__functions.c
[0.551s] -- Up-to-date: /home/kptal/humanoid_ws/install/dual_panda_moveit2_interface/include/dual_panda_moveit2_interface/dual_panda_moveit2_interface/msg/detail/object_spec__type_support.h
[0.551s] -- Up-to-date: /home/kptal/humanoid_ws/install/dual_panda_moveit2_interface/include/dual_panda_moveit2_interface/dual_panda_moveit2_interface/msg/detail/spawn_batch__type_support.h
[0.551s] -- Up-to-date: /home/kptal/humanoid_ws/install/dual_panda_moveit2_interface/include/dual_panda_moveit2_interface/dual_panda_moveit2_interface/msg/detail/spawn_batch__struct.h
[0.551s] -- Up-to-date: /home/kptal/humanoid_ws/install/dual_panda_moveit2_interface/include/dual_panda_moveit2_interface/dual_panda_moveit2_interface/msg/detail/object_spec__functions.h
[0.551s] -- Up-to-date: /home/kptal/humanoid_ws/install/dual_panda_moveit2_interface/include/dual_panda_moveit2_interface/dual_panda_moveit2_interface/msg/detail/robot_pose__type_support.h
[0.551s] -- Up-to-date: /home/kptal/humanoid_ws/install/dual_panda_moveit2_interface/include/dual_panda_moveit2_interface/dual_panda_moveit2_interface/msg/detail/robot_pose__struct.h
[0.551s] -- Up-to-date: /home/kptal/humanoid_ws/install/dual_panda_moveit2_interface/include/dual_panda_moveit2_interface/dual_panda_moveit2_interface/msg/detail/object_spec__struct.h
[0.551s] -- Up-to-date: /home/kptal/humanoid_ws/install/dual_panda_moveit2_interface/include/dual_panda_moveit2_interface/dual_panda_moveit2_interface/msg/detail/spawn_batch__functions.c
[0.551s] -- Up-to-date: /home/kptal/humanoid_ws/install/dual_panda_moveit2_interface/include/dual_panda_moveit2_interface/dual_panda_moveit2_interface/msg/detail/object_spec__functions.c
[0.551s] -- Up-to-date: /home/kptal/humanoid_ws/install/dual_panda_moveit2_interface/include/dual_panda_moveit2_interface/dual_panda_moveit2_interface/msg/detail/spawn_batch__functions.h
[0.551s] -- Up-to-date: /home/kptal/humanoid_ws/install/dual_panda_moveit2_interface/include/dual_panda_moveit2_interface/dual_panda_moveit2_interface/msg/detail/robot_pose__functions.h
[0.552s] -- Up-to-date: /home/kptal/humanoid_ws/install/dual_panda_moveit2_interface/include/dual_panda_moveit2_interface/dual_panda_moveit2_interface/action
[0.552s] -- Up-to-date: /home/kptal/humanoid_ws/install/dual_panda_moveit2_interface/include/dual_panda_moveit2_interface/dual_panda_moveit2_interface/action/move.h
[0.552s] -- Up-to-date: /home/kptal/humanoid_ws/install/dual_panda_moveit2_interface/include/dual_panda_moveit2_interface/dual_panda_moveit2_interface/action/detail
[0.552s] -- Up-to-date: /home/kptal/humanoid_ws/install/dual_panda_moveit2_interface/include/dual_panda_moveit2_interface/dual_panda_moveit2_interface/action/detail/move__struct.h
[0.552s] -- Up-to-date: /home/kptal/humanoid_ws/install/dual_panda_moveit2_interface/include/dual_panda_moveit2_interface/dual_panda_moveit2_interface/action/detail/move__functions.h
[0.552s] -- Up-to-date: /home/kptal/humanoid_ws/install/dual_panda_moveit2_interface/include/dual_panda_moveit2_interface/dual_panda_moveit2_interface/action/detail/move__type_support.h
[0.552s] -- Up-to-date: /home/kptal/humanoid_ws/install/dual_panda_moveit2_interface/include/dual_panda_moveit2_interface/dual_panda_moveit2_interface/action/detail/move__functions.c
[0.552s] -- Up-to-date: /home/kptal/humanoid_ws/install/dual_panda_moveit2_interface/include/dual_panda_moveit2_interface/dual_panda_moveit2_interface/srv
[0.552s] -- Up-to-date: /home/kptal/humanoid_ws/install/dual_panda_moveit2_interface/include/dual_panda_moveit2_interface/dual_panda_moveit2_interface/srv/gripper_control.h
[0.552s] -- Up-to-date: /home/kptal/humanoid_ws/install/dual_panda_moveit2_interface/include/dual_panda_moveit2_interface/dual_panda_moveit2_interface/srv/spawn_object.h
[0.552s] -- Up-to-date: /home/kptal/humanoid_ws/install/dual_panda_moveit2_interface/include/dual_panda_moveit2_interface/dual_panda_moveit2_interface/srv/attach_object.h
[0.552s] -- Up-to-date: /home/kptal/humanoid_ws/install/dual_panda_moveit2_interface/include/dual_panda_moveit2_interface/dual_panda_moveit2_interface/srv/detail
[0.553s] -- Up-to-date: /home/kptal/humanoid_ws/install/dual_panda_moveit2_interface/include/dual_panda_moveit2_interface/dual_panda_moveit2_interface/srv/detail/detach_object__functions.c
[0.553s] -- Up-to-date: /home/kptal/humanoid_ws/install/dual_panda_moveit2_interface/include/dual_panda_moveit2_interface/dual_panda_moveit2_interface/srv/detail/spawn_object__struct.h
[0.553s] -- Up-to-date: /home/kptal/humanoid_ws/install/dual_panda_moveit2_interface/include/dual_panda_moveit2_interface/dual_panda_moveit2_interface/srv/detail/gripper_control__functions.c
[0.553s] -- Up-to-date: /home/kptal/humanoid_ws/install/dual_panda_moveit2_interface/include/dual_panda_moveit2_interface/dual_panda_moveit2_interface/srv/detail/detach_object__functions.h
[0.553s] -- Up-to-date: /home/kptal/humanoid_ws/install/dual_panda_moveit2_interface/include/dual_panda_moveit2_interface/dual_panda_moveit2_interface/srv/detail/gripper_control__struct.h
[0.553s] -- Up-to-date: /home/kptal/humanoid_ws/install/dual_panda_moveit2_interface/include/dual_panda_moveit2_interface/dual_panda_moveit2_interface/srv/detail/gripper_control__functions.h
[0.553s] -- Up-to-date: /home/kptal/humanoid_ws/install/dual_panda_moveit2_interface/include/dual_panda_moveit2_interface/dual_panda_moveit2_interface/srv/detail/attach_object__functions.h
[0.553s] -- Up-to-date: /home/kptal/humanoid_ws/install/dual_panda_moveit2_interface/include/dual_panda_moveit2_interface/dual_panda_moveit2_interface/srv/detail/detach_object__struct.h
[0.553s] -- Up-to-date: /home/kptal/humanoid_ws/install/dual_panda_moveit2_interface/include/dual_panda_moveit2_interface/dual_panda_moveit2_interface/srv/detail/attach_object__functions.c
[0.554s] -- Up-to-date: /home/kptal/humanoid_ws/install/dual_panda_moveit2_interface/include/dual_panda_moveit2_interface/dual_panda_moveit2_interface/srv/detail/spawn_object__type_support.h
[0.554s] -- Up-to-date: /home/kptal/humanoid_ws/install/dual_panda_moveit2_interface/include/dual_panda_moveit2_interface/dual_panda_moveit2_interface/srv/detail/remove_object__type_support.h
[0.554s] -- Up-to-date: /home/kptal/humanoid_ws/install/dual_panda_moveit2_interface/include/dual_panda_moveit2_interface/dual_panda_moveit2_interface/srv/detail/attach_object__struct.h
[0.554s] -- Up-to-date: /home/kptal/humanoid_ws/install/dual_panda_moveit2_interface/include/dual_panda_moveit2_interface/dual_panda_moveit2_interface/srv/detail/gripper_control__type_support.h
[0.554s] -- Up-to-date: /home/kptal/humanoid_ws/install/dual_panda_moveit2_interface/include/dual_panda_moveit2_interface/dual_panda_moveit2_interface/srv/detail/spawn_object__functions.c
[0.554s] -- Up-to-date: /home/kptal/humanoid_ws/install/dual_panda_moveit2_interface/include/dual_panda_moveit2_interface/dual_panda_moveit2_interface/srv/detail/attach_object__type_support.h
[0.554s] -- Up-to-date: /home/kptal/humanoid_ws/install/dual_panda_moveit2_interface/include/dual_panda_moveit2_interface/dual_panda_moveit2_interface/srv/detail/remove_object__functions.h
[0.554s] -- Up-to-date: /home/kptal/humanoid_ws/install/dual_panda_moveit2_interface/include/dual_panda_moveit2_interface/dual_panda_moveit2_interface/srv/detail/remove_object__struct.h
[0.554s] -- Up-to-date: /home/kptal/humanoid_ws/install/dual_panda_moveit2_interface/include/dual_panda_moveit2_interface/dual_panda_moveit2_interface/srv/detail/detach_object__type_support.h
[0.554s] -- Up-to-date: /home/kptal/humanoid_ws/install/dual_panda_moveit2_interface/include/dual_panda_moveit2_interface/dual_panda_moveit2_interface/srv/detail/spawn_object__functions.h
[0.554s] -- Up-to-date: /home/kptal/humanoid_ws/install/dual_panda_moveit2_interface/include/dual_panda_moveit2_interface/dual_panda_moveit2_interface/srv/detail/remove_object__functions.c
[0.554s] -- Up-to-date: /home/kptal/humanoid_ws/install/dual_panda_moveit2_interface/include/dual_panda_moveit2_interface/dual_panda_moveit2_interface/srv/remove_object.h
[0.554s] -- Up-to-date: /home/kptal/humanoid_ws/install/dual_panda_moveit2_interface/include/dual_panda_moveit2_interface/dual_panda_moveit2_interface/srv/detach_object.h
[0.555s] -- Up-to-date: /home/kptal/humanoid_ws/install/dual_panda_moveit2_interface/share/dual_panda_moveit2_interface/environment/library_path.sh
[0.555s] -- Up-to-date: /home/kptal/humanoid_ws/install/dual_panda_moveit2_interface/share/dual_panda_moveit2_interface/environment/library_path.dsv
[0.555s] -- Up-to-date: /home/kptal/humanoid_ws/install/dual_panda_moveit2_interface/lib/libdual_panda_moveit2_interface__rosidl_generator_c.so
[0.555s] -- Up-to-date: /home/kptal/humanoid_ws/install/dual_panda_moveit2_interface/include/dual_panda_moveit2_interface/dual_panda_moveit2_interface
[0.555s] -- Up-to-date: /home/kptal/humanoid_ws/install/dual_panda_moveit2_interface/include/dual_panda_moveit2_interface/dual_panda_moveit2_interface/msg
[0.555s] -- Up-to-date: /home/kptal/humanoid_ws/install/dual_panda_moveit2_interface/include/dual_panda_moveit2_interface/dual_panda_moveit2_interface/msg/rosidl_typesupport_fastrtps_c__visibility_control.h
[0.555s] -- Up-to-date: /home/kptal/humanoid_ws/install/dual_panda_moveit2_interface/include/dual_panda_moveit2_interface/dual_panda_moveit2_interface/msg/detail
[0.555s] -- Up-to-date: /home/kptal/humanoid_ws/install/dual_panda_moveit2_interface/include/dual_panda_moveit2_interface/dual_panda_moveit2_interface/msg/detail/object_spec__rosidl_typesupport_fastrtps_c.h
[0.556s] -- Up-to-date: /home/kptal/humanoid_ws/install/dual_panda_moveit2_interface/include/dual_panda_moveit2_interface/dual_panda_moveit2_interface/msg/detail/spawn_batch__rosidl_typesupport_fastrtps_c.h
[0.556s] -- Up-to-date: /home/kptal/humanoid_ws/install/dual_panda_moveit2_interface/include/dual_panda_moveit2_interface/dual_panda_moveit2_interface/msg/detail/robot_pose__rosidl_typesupport_fastrtps_c.h
[0.556s] -- Up-to-date: /home/kptal/humanoid_ws/install/dual_panda_moveit2_interface/include/dual_panda_moveit2_interface/dual_panda_moveit2_interface/action
[0.556s] -- Up-to-date: /home/kptal/humanoid_ws/install/dual_panda_moveit2_interface/include/dual_panda_moveit2_interface/dual_panda_moveit2_interface/action/detail
[0.556s] -- Up-to-date: /home/kptal/humanoid_ws/install/dual_panda_moveit2_interface/include/dual_panda_moveit2_interface/dual_panda_moveit2_interface/action/detail/move__rosidl_typesupport_fastrtps_c.h
[0.556s] -- Up-to-date: /home/kptal/humanoid_ws/install/dual_panda_moveit2_interface/include/dual_panda_moveit2_interface/dual_panda_moveit2_interface/srv
[0.556s] -- Up-to-date: /home/kptal/humanoid_ws/install/dual_panda_moveit2_interface/include/dual_panda_moveit2_interface/dual_panda_moveit2_interface/srv/detail
[0.556s] -- Up-to-date: /home/kptal/humanoid_ws/install/dual_panda_moveit2_interface/include/dual_panda_moveit2_interface/dual_panda_moveit2_interface/srv/detail/spawn_object__rosidl_typesupport_fastrtps_c.h
[0.556s] -- Up-to-date: /home/kptal/humanoid_ws/install/dual_panda_moveit2_interface/include/dual_panda_moveit2_interface/dual_panda_moveit2_interface/srv/detail/detach_object__rosidl_typesupport_fastrtps_c.h
[0.556s] -- Up-to-date: /home/kptal/humanoid_ws/install/dual_panda_moveit2_interface/include/dual_panda_moveit2_interface/dual_panda_moveit2_interface/srv/detail/remove_object__rosidl_typesupport_fastrtps_c.h
[0.556s] -- Up-to-date: /home/kptal/humanoid_ws/install/dual_panda_moveit2_interface/include/dual_panda_moveit2_interface/dual_panda_moveit2_interface/srv/detail/attach_object__rosidl_typesupport_fastrtps_c.h
[0.556s] -- Up-to-date: /home/kptal/humanoid_ws/install/dual_panda_moveit2_interface/include/dual_panda_moveit2_interface/dual_panda_moveit2_interface/srv/detail/gripper_control__rosidl_typesupport_fastrtps_c.h
[0.556s] -- Up-to-date: /home/kptal/humanoid_ws/install/dual_panda_moveit2_interface/lib/libdual_panda_moveit2_interface__rosidl_typesupport_fastrtps_c.so
[0.556s] -- Up-to-date: /home/kptal/humanoid_ws/install/dual_panda_moveit2_interface/include/dual_panda_moveit2_interface/dual_panda_moveit2_interface
[0.556s] -- Up-to-date: /home/kptal/humanoid_ws/install/dual_panda_moveit2_interface/include/dual_panda_moveit2_interface/dual_panda_moveit2_interface/msg
[0.556s] -- Up-to-date: /home/kptal/humanoid_ws/install/dual_panda_moveit2_interface/include/dual_panda_moveit2_interface/dual_panda_moveit2_interface/msg/object_spec.hpp
[0.557s] -- Up-to-date: /home/kptal/humanoid_ws/install/dual_panda_moveit2_interface/include/dual_panda_moveit2_interface/dual_panda_moveit2_interface/msg/spawn_batch.hpp
[0.557s] -- Up-to-date: /home/kptal/humanoid_ws/install/dual_panda_moveit2_interface/include/dual_panda_moveit2_interface/dual_panda_moveit2_interface/msg/rosidl_generator_cpp__visibility_control.hpp
[0.557s] -- Up-to-date: /home/kptal/humanoid_ws/install/dual_panda_moveit2_interface/include/dual_panda_moveit2_interface/dual_panda_moveit2_interface/msg/detail
[0.557s] -- Up-to-date: /home/kptal/humanoid_ws/install/dual_panda_moveit2_interface/include/dual_panda_moveit2_interface/dual_panda_moveit2_interface/msg/detail/spawn_batch__type_support.hpp
[0.557s] -- Up-to-date: /home/kptal/humanoid_ws/install/dual_panda_moveit2_interface/include/dual_panda_moveit2_interface/dual_panda_moveit2_interface/msg/detail/spawn_batch__struct.hpp
[0.557s] -- Up-to-date: /home/kptal/humanoid_ws/install/dual_panda_moveit2_interface/include/dual_panda_moveit2_interface/dual_panda_moveit2_interface/msg/detail/spawn_batch__builder.hpp
[0.557s] -- Up-to-date: /home/kptal/humanoid_ws/install/dual_panda_moveit2_interface/include/dual_panda_moveit2_interface/dual_panda_moveit2_interface/msg/detail/robot_pose__builder.hpp
[0.557s] -- Up-to-date: /home/kptal/humanoid_ws/install/dual_panda_moveit2_interface/include/dual_panda_moveit2_interface/dual_panda_moveit2_interface/msg/detail/robot_pose__traits.hpp
[0.557s] -- Up-to-date: /home/kptal/humanoid_ws/install/dual_panda_moveit2_interface/include/dual_panda_moveit2_interface/dual_panda_moveit2_interface/msg/detail/object_spec__struct.hpp
[0.557s] -- Up-to-date: /home/kptal/humanoid_ws/install/dual_panda_moveit2_interface/include/dual_panda_moveit2_interface/dual_panda_moveit2_interface/msg/detail/object_spec__builder.hpp
[0.557s] -- Up-to-date: /home/kptal/humanoid_ws/install/dual_panda_moveit2_interface/include/dual_panda_moveit2_interface/dual_panda_moveit2_interface/msg/detail/robot_pose__struct.hpp
[0.557s] -- Up-to-date: /home/kptal/humanoid_ws/install/dual_panda_moveit2_interface/include/dual_panda_moveit2_interface/dual_panda_moveit2_interface/msg/detail/spawn_batch__traits.hpp
[0.557s] -- Up-to-date: /home/kptal/humanoid_ws/install/dual_panda_moveit2_interface/include/dual_panda_moveit2_interface/dual_panda_moveit2_interface/msg/detail/robot_pose__type_support.hpp
[0.557s] -- Up-to-date: /home/kptal/humanoid_ws/install/dual_panda_moveit2_interface/include/dual_panda_moveit2_interface/dual_panda_moveit2_interface/msg/detail/object_spec__traits.hpp
[0.557s] -- Up-to-date: /home/kptal/humanoid_ws/install/dual_panda_moveit2_interface/include/dual_panda_moveit2_interface/dual_panda_moveit2_interface/msg/detail/object_spec__type_support.hpp
[0.557s] -- Up-to-date: /home/kptal/humanoid_ws/install/dual_panda_moveit2_interface/include/dual_panda_moveit2_interface/dual_panda_moveit2_interface/msg/robot_pose.hpp
[0.557s] -- Up-to-date: /home/kptal/humanoid_ws/install/dual_panda_moveit2_interface/include/dual_panda_moveit2_interface/dual_panda_moveit2_interface/action
[0.557s] -- Up-to-date: /home/kptal/humanoid_ws/install/dual_panda_moveit2_interface/include/dual_panda_moveit2_interface/dual_panda_moveit2_interface/action/move.hpp
[0.558s] -- Up-to-date: /home/kptal/humanoid_ws/install/dual_panda_moveit2_interface/include/dual_panda_moveit2_interface/dual_panda_moveit2_interface/action/detail
[0.558s] -- Up-to-date: /home/kptal/humanoid_ws/install/dual_panda_moveit2_interface/include/dual_panda_moveit2_interface/dual_panda_moveit2_interface/action/detail/move__traits.hpp
[0.558s] -- Up-to-date: /home/kptal/humanoid_ws/install/dual_panda_moveit2_interface/include/dual_panda_moveit2_interface/dual_panda_moveit2_interface/action/detail/move__struct.hpp
[0.558s] -- Up-to-date: /home/kptal/humanoid_ws/install/dual_panda_moveit2_interface/include/dual_panda_moveit2_interface/dual_panda_moveit2_interface/action/detail/move__type_support.hpp
[0.558s] -- Up-to-date: /home/kptal/humanoid_ws/install/dual_panda_moveit2_interface/include/dual_panda_moveit2_interface/dual_panda_moveit2_interface/action/detail/move__builder.hpp
[0.558s] -- Up-to-date: /home/kptal/humanoid_ws/install/dual_panda_moveit2_interface/include/dual_panda_moveit2_interface/dual_panda_moveit2_interface/srv
[0.558s] -- Up-to-date: /home/kptal/humanoid_ws/install/dual_panda_moveit2_interface/include/dual_panda_moveit2_interface/dual_panda_moveit2_interface/srv/spawn_object.hpp
[0.558s] -- Up-to-date: /home/kptal/humanoid_ws/install/dual_panda_moveit2_interface/include/dual_panda_moveit2_interface/dual_panda_moveit2_interface/srv/gripper_control.hpp
[0.558s] -- Up-to-date: /home/kptal/humanoid_ws/install/dual_panda_moveit2_interface/include/dual_panda_moveit2_interface/dual_panda_moveit2_interface/srv/detail
[0.558s] -- Up-to-date: /home/kptal/humanoid_ws/install/dual_panda_moveit2_interface/include/dual_panda_moveit2_interface/dual_panda_moveit2_interface/srv/detail/attach_object__builder.hpp
[0.558s] -- Up-to-date: /home/kptal/humanoid_ws/install/dual_panda_moveit2_interface/include/dual_panda_moveit2_interface/dual_panda_moveit2_interface/srv/detail/remove_object__struct.hpp
[0.558s] -- Up-to-date: /home/kptal/humanoid_ws/install/dual_panda_moveit2_interface/include/dual_panda_moveit2_interface/dual_panda_moveit2_interface/srv/detail/gripper_control__type_support.hpp
[0.558s] -- Up-to-date: /home/kptal/humanoid_ws/install/dual_panda_moveit2_interface/include/dual_panda_moveit2_interface/dual_panda_moveit2_interface/srv/detail/spawn_object__struct.hpp
[0.558s] -- Up-to-date: /home/kptal/humanoid_ws/install/dual_panda_moveit2_interface/include/dual_panda_moveit2_interface/dual_panda_moveit2_interface/srv/detail/remove_object__traits.hpp
[0.558s] -- Up-to-date: /home/kptal/humanoid_ws/install/dual_panda_moveit2_interface/include/dual_panda_moveit2_interface/dual_panda_moveit2_interface/srv/detail/attach_object__traits.hpp
[0.558s] -- Up-to-date: /home/kptal/humanoid_ws/install/dual_panda_moveit2_interface/include/dual_panda_moveit2_interface/dual_panda_moveit2_interface/srv/detail/spawn_object__type_support.hpp
[0.558s] -- Up-to-date: /home/kptal/humanoid_ws/install/dual_panda_moveit2_interface/include/dual_panda_moveit2_interface/dual_panda_moveit2_interface/srv/detail/detach_object__traits.hpp
[0.558s] -- Up-to-date: /home/kptal/humanoid_ws/install/dual_panda_moveit2_interface/include/dual_panda_moveit2_interface/dual_panda_moveit2_interface/srv/detail/detach_object__type_support.hpp
[0.559s] -- Up-to-date: /home/kptal/humanoid_ws/install/dual_panda_moveit2_interface/include/dual_panda_moveit2_interface/dual_panda_moveit2_interface/srv/detail/attach_object__struct.hpp
[0.559s] -- Up-to-date: /home/kptal/humanoid_ws/install/dual_panda_moveit2_interface/include/dual_panda_moveit2_interface/dual_panda_moveit2_interface/srv/detail/detach_object__builder.hpp
[0.559s] -- Up-to-date: /home/kptal/humanoid_ws/install/dual_panda_moveit2_interface/include/dual_panda_moveit2_interface/dual_panda_moveit2_interface/srv/detail/gripper_control__builder.hpp
[0.559s] -- Up-to-date: /home/kptal/humanoid_ws/install/dual_panda_moveit2_interface/include/dual_panda_moveit2_interface/dual_panda_moveit2_interface/srv/detail/gripper_control__traits.hpp
[0.559s] -- Up-to-date: /home/kptal/humanoid_ws/install/dual_panda_moveit2_interface/include/dual_panda_moveit2_interface/dual_panda_moveit2_interface/srv/detail/attach_object__type_support.hpp
[0.559s] -- Up-to-date: /home/kptal/humanoid_ws/install/dual_panda_moveit2_interface/include/dual_panda_moveit2_interface/dual_panda_moveit2_interface/srv/detail/detach_object__struct.hpp
[0.559s] -- Up-to-date: /home/kptal/humanoid_ws/install/dual_panda_moveit2_interface/include/dual_panda_moveit2_interface/dual_panda_moveit2_interface/srv/detail/remove_object__builder.hpp
[0.559s] -- Up-to-date: /home/kptal/humanoid_ws/install/dual_panda_moveit2_interface/include/dual_panda_moveit2_interface/dual_panda_moveit2_interface/srv/detail/gripper_control__struct.hpp
[0.559s] -- Up-to-date: /home/kptal/humanoid_ws/install/dual_panda_moveit2_interface/include/dual_panda_moveit2_interface/dual_panda_moveit2_interface/srv/detail/remove_object__type_support.hpp
[0.559s] -- Up-to-date: /home/kptal/humanoid_ws/install/dual_panda_moveit2_interface/include/dual_panda_moveit2_interface/dual_panda_moveit2_interface/srv/detail/spawn_object__builder.hpp
[0.559s] -- Up-to-date: /home/kptal/humanoid_ws/install/dual_panda_moveit2_interface/include/dual_panda_moveit2_interface/dual_panda_moveit2_interface/srv/detail/spawn_object__traits.hpp
[0.559s] -- Up-to-date: /home/kptal/humanoid_ws/install/dual_panda_moveit2_interface/include/dual_panda_moveit2_interface/dual_panda_moveit2_interface/srv/remove_object.hpp
[0.559s] -- Up-to-date: /home/kptal/humanoid_ws/install/dual_panda_moveit2_interface/include/dual_panda_moveit2_interface/dual_panda_moveit2_interface/srv/attach_object.hpp
[0.559s] -- Up-to-date: /home/kptal/humanoid_ws/install/dual_panda_moveit2_interface/include/dual_panda_moveit2_interface/dual_panda_moveit2_interface/srv/detach_object.hpp
[0.559s] -- Up-to-date: /home/kptal/humanoid_ws/install/dual_panda_moveit2_interface/include/dual_panda_moveit2_interface/dual_panda_moveit2_interface
[0.559s] -- Up-to-date: /home/kptal/humanoid_ws/install/dual_panda_moveit2_interface/include/dual_panda_moveit2_interface/dual_panda_moveit2_interface/msg
[0.559s] -- Up-to-date: /home/kptal/humanoid_ws/install/dual_panda_moveit2_interface/include/dual_panda_moveit2_interface/dual_panda_moveit2_interface/msg/detail
[0.560s] -- Up-to-date: /home/kptal/humanoid_ws/install/dual_panda_moveit2_interface/include/dual_panda_moveit2_interface/dual_panda_moveit2_interface/msg/detail/object_spec__rosidl_typesupport_fastrtps_cpp.hpp
[0.560s] -- Up-to-date: /home/kptal/humanoid_ws/install/dual_panda_moveit2_interface/include/dual_panda_moveit2_interface/dual_panda_moveit2_interface/msg/detail/dds_fastrtps
[0.560s] -- Up-to-date: /home/kptal/humanoid_ws/install/dual_panda_moveit2_interface/include/dual_panda_moveit2_interface/dual_panda_moveit2_interface/msg/detail/robot_pose__rosidl_typesupport_fastrtps_cpp.hpp
[0.560s] -- Up-to-date: /home/kptal/humanoid_ws/install/dual_panda_moveit2_interface/include/dual_panda_moveit2_interface/dual_panda_moveit2_interface/msg/detail/spawn_batch__rosidl_typesupport_fastrtps_cpp.hpp
[0.560s] -- Up-to-date: /home/kptal/humanoid_ws/install/dual_panda_moveit2_interface/include/dual_panda_moveit2_interface/dual_panda_moveit2_interface/msg/rosidl_typesupport_fastrtps_cpp__visibility_control.h
[0.560s] -- Up-to-date: /home/kptal/humanoid_ws/install/dual_panda_moveit2_interface/include/dual_panda_moveit2_interface/dual_panda_moveit2_interface/action
[0.560s] -- Up-to-date: /home/kptal/humanoid_ws/install/dual_panda_moveit2_interface/include/dual_panda_moveit2_interface/dual_panda_moveit2_interface/action/detail
[0.560s] -- Up-to-date: /home/kptal/humanoid_ws/install/dual_panda_moveit2_interface/include/dual_panda_moveit2_interface/dual_panda_moveit2_interface/action/detail/dds_fastrtps
[0.560s] -- Up-to-date: /home/kptal/humanoid_ws/install/dual_panda_moveit2_interface/include/dual_panda_moveit2_interface/dual_panda_moveit2_interface/action/detail/move__rosidl_typesupport_fastrtps_cpp.hpp
[0.560s] -- Up-to-date: /home/kptal/humanoid_ws/install/dual_panda_moveit2_interface/include/dual_panda_moveit2_interface/dual_panda_moveit2_interface/srv
[0.560s] -- Up-to-date: /home/kptal/humanoid_ws/install/dual_panda_moveit2_interface/include/dual_panda_moveit2_interface/dual_panda_moveit2_interface/srv/detail
[0.560s] -- Up-to-date: /home/kptal/humanoid_ws/install/dual_panda_moveit2_interface/include/dual_panda_moveit2_interface/dual_panda_moveit2_interface/srv/detail/attach_object__rosidl_typesupport_fastrtps_cpp.hpp
[0.560s] -- Up-to-date: /home/kptal/humanoid_ws/install/dual_panda_moveit2_interface/include/dual_panda_moveit2_interface/dual_panda_moveit2_interface/srv/detail/gripper_control__rosidl_typesupport_fastrtps_cpp.hpp
[0.560s] -- Up-to-date: /home/kptal/humanoid_ws/install/dual_panda_moveit2_interface/include/dual_panda_moveit2_interface/dual_panda_moveit2_interface/srv/detail/detach_object__rosidl_typesupport_fastrtps_cpp.hpp
[0.560s] -- Up-to-date: /home/kptal/humanoid_ws/install/dual_panda_moveit2_interface/include/dual_panda_moveit2_interface/dual_panda_moveit2_interface/srv/detail/remove_object__rosidl_typesupport_fastrtps_cpp.hpp
[0.560s] -- Up-to-date: /home/kptal/humanoid_ws/install/dual_panda_moveit2_interface/include/dual_panda_moveit2_interface/dual_panda_moveit2_interface/srv/detail/spawn_object__rosidl_typesupport_fastrtps_cpp.hpp
[0.560s] -- Up-to-date: /home/kptal/humanoid_ws/install/dual_panda_moveit2_interface/include/dual_panda_moveit2_interface/dual_panda_moveit2_interface/srv/detail/dds_fastrtps
[0.561s] -- Up-to-date: /home/kptal/humanoid_ws/install/dual_panda_moveit2_interface/lib/libdual_panda_moveit2_interface__rosidl_typesupport_fastrtps_cpp.so
[0.561s] -- Up-to-date: /home/kptal/humanoid_ws/install/dual_panda_moveit2_interface/include/dual_panda_moveit2_interface/dual_panda_moveit2_interface
[0.561s] -- Up-to-date: /home/kptal/humanoid_ws/install/dual_panda_moveit2_interface/include/dual_panda_moveit2_interface/dual_panda_moveit2_interface/msg
[0.561s] -- Up-to-date: /home/kptal/humanoid_ws/install/dual_panda_moveit2_interface/include/dual_panda_moveit2_interface/dual_panda_moveit2_interface/msg/rosidl_typesupport_introspection_c__visibility_control.h
[0.561s] -- Up-to-date: /home/kptal/humanoid_ws/install/dual_panda_moveit2_interface/include/dual_panda_moveit2_interface/dual_panda_moveit2_interface/msg/detail
[0.561s] -- Up-to-date: /home/kptal/humanoid_ws/install/dual_panda_moveit2_interface/include/dual_panda_moveit2_interface/dual_panda_moveit2_interface/msg/detail/robot_pose__rosidl_typesupport_introspection_c.h
[0.561s] -- Up-to-date: /home/kptal/humanoid_ws/install/dual_panda_moveit2_interface/include/dual_panda_moveit2_interface/dual_panda_moveit2_interface/msg/detail/object_spec__rosidl_typesupport_introspection_c.h
[0.561s] -- Up-to-date: /home/kptal/humanoid_ws/install/dual_panda_moveit2_interface/include/dual_panda_moveit2_interface/dual_panda_moveit2_interface/msg/detail/spawn_batch__type_support.c
[0.561s] -- Up-to-date: /home/kptal/humanoid_ws/install/dual_panda_moveit2_interface/include/dual_panda_moveit2_interface/dual_panda_moveit2_interface/msg/detail/spawn_batch__rosidl_typesupport_introspection_c.h
[0.561s] -- Up-to-date: /home/kptal/humanoid_ws/install/dual_panda_moveit2_interface/include/dual_panda_moveit2_interface/dual_panda_moveit2_interface/msg/detail/object_spec__type_support.c
[0.561s] -- Up-to-date: /home/kptal/humanoid_ws/install/dual_panda_moveit2_interface/include/dual_panda_moveit2_interface/dual_panda_moveit2_interface/msg/detail/robot_pose__type_support.c
[0.561s] -- Up-to-date: /home/kptal/humanoid_ws/install/dual_panda_moveit2_interface/include/dual_panda_moveit2_interface/dual_panda_moveit2_interface/action
[0.561s] -- Up-to-date: /home/kptal/humanoid_ws/install/dual_panda_moveit2_interface/include/dual_panda_moveit2_interface/dual_panda_moveit2_interface/action/detail
[0.561s] -- Up-to-date: /home/kptal/humanoid_ws/install/dual_panda_moveit2_interface/include/dual_panda_moveit2_interface/dual_panda_moveit2_interface/action/detail/move__type_support.c
[0.561s] -- Up-to-date: /home/kptal/humanoid_ws/install/dual_panda_moveit2_interface/include/dual_panda_moveit2_interface/dual_panda_moveit2_interface/action/detail/move__rosidl_typesupport_introspection_c.h
[0.561s] -- Up-to-date: /home/kptal/humanoid_ws/install/dual_panda_moveit2_interface/include/dual_panda_moveit2_interface/dual_panda_moveit2_interface/srv
[0.561s] -- Up-to-date: /home/kptal/humanoid_ws/install/dual_panda_moveit2_interface/include/dual_panda_moveit2_interface/dual_panda_moveit2_interface/srv/detail
[0.561s] -- Up-to-date: /home/kptal/humanoid_ws/install/dual_panda_moveit2_interface/include/dual_panda_moveit2_interface/dual_panda_moveit2_interface/srv/detail/remove_object__type_support.c
[0.561s] -- Up-to-date: /home/kptal/humanoid_ws/install/dual_panda_moveit2_interface/include/dual_panda_moveit2_interface/dual_panda_moveit2_interface/srv/detail/gripper_control__rosidl_typesupport_introspection_c.h
[0.562s] -- Up-to-date: /home/kptal/humanoid_ws/install/dual_panda_moveit2_interface/include/dual_panda_moveit2_interface/dual_panda_moveit2_interface/srv/detail/detach_object__rosidl_typesupport_introspection_c.h
[0.562s] -- Up-to-date: /home/kptal/humanoid_ws/install/dual_panda_moveit2_interface/include/dual_panda_moveit2_interface/dual_panda_moveit2_interface/srv/detail/spawn_object__type_support.c
[0.562s] -- Up-to-date: /home/kptal/humanoid_ws/install/dual_panda_moveit2_interface/include/dual_panda_moveit2_interface/dual_panda_moveit2_interface/srv/detail/remove_object__rosidl_typesupport_introspection_c.h
[0.562s] -- Up-to-date: /home/kptal/humanoid_ws/install/dual_panda_moveit2_interface/include/dual_panda_moveit2_interface/dual_panda_moveit2_interface/srv/detail/gripper_control__type_support.c
[0.562s] -- Up-to-date: /home/kptal/humanoid_ws/install/dual_panda_moveit2_interface/include/dual_panda_moveit2_interface/dual_panda_moveit2_interface/srv/detail/attach_object__rosidl_typesupport_introspection_c.h
[0.562s] -- Up-to-date: /home/kptal/humanoid_ws/install/dual_panda_moveit2_interface/include/dual_panda_moveit2_interface/dual_panda_moveit2_interface/srv/detail/detach_object__type_support.c
[0.562s] -- Up-to-date: /home/kptal/humanoid_ws/install/dual_panda_moveit2_interface/include/dual_panda_moveit2_interface/dual_panda_moveit2_interface/srv/detail/spawn_object__rosidl_typesupport_introspection_c.h
[0.562s] -- Up-to-date: /home/kptal/humanoid_ws/install/dual_panda_moveit2_interface/include/dual_panda_moveit2_interface/dual_panda_moveit2_interface/srv/detail/attach_object__type_support.c
[0.562s] -- Up-to-date: /home/kptal/humanoid_ws/install/dual_panda_moveit2_interface/lib/libdual_panda_moveit2_interface__rosidl_typesupport_introspection_c.so
[0.562s] -- Up-to-date: /home/kptal/humanoid_ws/install/dual_panda_moveit2_interface/lib/libdual_panda_moveit2_interface__rosidl_typesupport_c.so
[0.562s] -- Up-to-date: /home/kptal/humanoid_ws/install/dual_panda_moveit2_interface/include/dual_panda_moveit2_interface/dual_panda_moveit2_interface
[0.562s] -- Up-to-date: /home/kptal/humanoid_ws/install/dual_panda_moveit2_interface/include/dual_panda_moveit2_interface/dual_panda_moveit2_interface/msg
[0.562s] -- Up-to-date: /home/kptal/humanoid_ws/install/dual_panda_moveit2_interface/include/dual_panda_moveit2_interface/dual_panda_moveit2_interface/msg/detail
[0.562s] -- Up-to-date: /home/kptal/humanoid_ws/install/dual_panda_moveit2_interface/include/dual_panda_moveit2_interface/dual_panda_moveit2_interface/msg/detail/object_spec__rosidl_typesupport_introspection_cpp.hpp
[0.562s] -- Up-to-date: /home/kptal/humanoid_ws/install/dual_panda_moveit2_interface/include/dual_panda_moveit2_interface/dual_panda_moveit2_interface/msg/detail/spawn_batch__type_support.cpp
[0.562s] -- Up-to-date: /home/kptal/humanoid_ws/install/dual_panda_moveit2_interface/include/dual_panda_moveit2_interface/dual_panda_moveit2_interface/msg/detail/robot_pose__rosidl_typesupport_introspection_cpp.hpp
[0.562s] -- Up-to-date: /home/kptal/humanoid_ws/install/dual_panda_moveit2_interface/include/dual_panda_moveit2_interface/dual_panda_moveit2_interface/msg/detail/spawn_batch__rosidl_typesupport_introspection_cpp.hpp
[0.562s] -- Up-to-date: /home/kptal/humanoid_ws/install/dual_panda_moveit2_interface/include/dual_panda_moveit2_interface/dual_panda_moveit2_interface/msg/detail/object_spec__type_support.cpp
[0.562s] -- Up-to-date: /home/kptal/humanoid_ws/install/dual_panda_moveit2_interface/include/dual_panda_moveit2_interface/dual_panda_moveit2_interface/msg/detail/robot_pose__type_support.cpp
[0.562s] -- Up-to-date: /home/kptal/humanoid_ws/install/dual_panda_moveit2_interface/include/dual_panda_moveit2_interface/dual_panda_moveit2_interface/action
[0.562s] -- Up-to-date: /home/kptal/humanoid_ws/install/dual_panda_moveit2_interface/include/dual_panda_moveit2_interface/dual_panda_moveit2_interface/action/detail
[0.562s] -- Up-to-date: /home/kptal/humanoid_ws/install/dual_panda_moveit2_interface/include/dual_panda_moveit2_interface/dual_panda_moveit2_interface/action/detail/move__rosidl_typesupport_introspection_cpp.hpp
[0.563s] -- Up-to-date: /home/kptal/humanoid_ws/install/dual_panda_moveit2_interface/include/dual_panda_moveit2_interface/dual_panda_moveit2_interface/action/detail/move__type_support.cpp
[0.563s] -- Up-to-date: /home/kptal/humanoid_ws/install/dual_panda_moveit2_interface/include/dual_panda_moveit2_interface/dual_panda_moveit2_interface/srv
[0.563s] -- Up-to-date: /home/kptal/humanoid_ws/install/dual_panda_moveit2_interface/include/dual_panda_moveit2_interface/dual_panda_moveit2_interface/srv/detail
[0.563s] -- Up-to-date: /home/kptal/humanoid_ws/install/dual_panda_moveit2_interface/include/dual_panda_moveit2_interface/dual_panda_moveit2_interface/srv/detail/spawn_object__rosidl_typesupport_introspection_cpp.hpp
[0.563s] -- Up-to-date: /home/kptal/humanoid_ws/install/dual_panda_moveit2_interface/include/dual_panda_moveit2_interface/dual_panda_moveit2_interface/srv/detail/attach_object__rosidl_typesupport_introspection_cpp.hpp
[0.563s] -- Up-to-date: /home/kptal/humanoid_ws/install/dual_panda_moveit2_interface/include/dual_panda_moveit2_interface/dual_panda_moveit2_interface/srv/detail/gripper_control__type_support.cpp
[0.563s] -- Up-to-date: /home/kptal/humanoid_ws/install/dual_panda_moveit2_interface/include/dual_panda_moveit2_interface/dual_panda_moveit2_interface/srv/detail/detach_object__rosidl_typesupport_introspection_cpp.hpp
[0.563s] -- Up-to-date: /home/kptal/humanoid_ws/install/dual_panda_moveit2_interface/include/dual_panda_moveit2_interface/dual_panda_moveit2_interface/srv/detail/spawn_object__type_support.cpp
[0.563s] -- Up-to-date: /home/kptal/humanoid_ws/install/dual_panda_moveit2_interface/include/dual_panda_moveit2_interface/dual_panda_moveit2_interface/srv/detail/attach_object__type_support.cpp
[0.563s] -- Up-to-date: /home/kptal/humanoid_ws/install/dual_panda_moveit2_interface/include/dual_panda_moveit2_interface/dual_panda_moveit2_interface/srv/detail/detach_object__type_support.cpp
[0.563s] -- Up-to-date: /home/kptal/humanoid_ws/install/dual_panda_moveit2_interface/include/dual_panda_moveit2_interface/dual_panda_moveit2_interface/srv/detail/remove_object__type_support.cpp
[0.563s] -- Up-to-date: /home/kptal/humanoid_ws/install/dual_panda_moveit2_interface/include/dual_panda_moveit2_interface/dual_panda_moveit2_interface/srv/detail/gripper_control__rosidl_typesupport_introspection_cpp.hpp
[0.563s] -- Up-to-date: /home/kptal/humanoid_ws/install/dual_panda_moveit2_interface/include/dual_panda_moveit2_interface/dual_panda_moveit2_interface/srv/detail/remove_object__rosidl_typesupport_introspection_cpp.hpp
[0.563s] -- Up-to-date: /home/kptal/humanoid_ws/install/dual_panda_moveit2_interface/lib/libdual_panda_moveit2_interface__rosidl_typesupport_introspection_cpp.so
[0.563s] -- Up-to-date: /home/kptal/humanoid_ws/install/dual_panda_moveit2_interface/lib/libdual_panda_moveit2_interface__rosidl_typesupport_cpp.so
[0.563s] -- Up-to-date: /home/kptal/humanoid_ws/install/dual_panda_moveit2_interface/share/dual_panda_moveit2_interface/environment/pythonpath.sh
[0.563s] -- Up-to-date: /home/kptal/humanoid_ws/install/dual_panda_moveit2_interface/share/dual_panda_moveit2_interface/environment/pythonpath.dsv
[0.563s] -- Up-to-date: /home/kptal/humanoid_ws/install/dual_panda_moveit2_interface/local/lib/python3.10/dist-packages/dual_panda_moveit2_interface-0.0.0-py3.10.egg-info
[0.563s] -- Installing: /home/kptal/humanoid_ws/install/dual_panda_moveit2_interface/local/lib/python3.10/dist-packages/dual_panda_moveit2_interface-0.0.0-py3.10.egg-info/SOURCES.txt
[0.563s] -- Installing: /home/kptal/humanoid_ws/install/dual_panda_moveit2_interface/local/lib/python3.10/dist-packages/dual_panda_moveit2_interface-0.0.0-py3.10.egg-info/PKG-INFO
[0.563s] -- Installing: /home/kptal/humanoid_ws/install/dual_panda_moveit2_interface/local/lib/python3.10/dist-packages/dual_panda_moveit2_interface-0.0.0-py3.10.egg-info/dependency_links.txt
[0.564s] -- Installing: /home/kptal/humanoid_ws/install/dual_panda_moveit2_interface/local/lib/python3.10/dist-packages/dual_panda_moveit2_interface-0.0.0-py3.10.egg-info/top_level.txt
[0.564s] -- Up-to-date: /home/kptal/humanoid_ws/install/dual_panda_moveit2_interface/local/lib/python3.10/dist-packages/dual_panda_moveit2_interface
[0.564s] -- Up-to-date: /home/kptal/humanoid_ws/install/dual_panda_moveit2_interface/local/lib/python3.10/dist-packages/dual_panda_moveit2_interface/msg
[0.564s] -- Up-to-date: /home/kptal/humanoid_ws/install/dual_panda_moveit2_interface/local/lib/python3.10/dist-packages/dual_panda_moveit2_interface/msg/_object_spec.py
[0.564s] -- Up-to-date: /home/kptal/humanoid_ws/install/dual_panda_moveit2_interface/local/lib/python3.10/dist-packages/dual_panda_moveit2_interface/msg/_robot_pose.py
[0.564s] -- Up-to-date: /home/kptal/humanoid_ws/install/dual_panda_moveit2_interface/local/lib/python3.10/dist-packages/dual_panda_moveit2_interface/msg/_robot_pose_s.c
[0.564s] -- Up-to-date: /home/kptal/humanoid_ws/install/dual_panda_moveit2_interface/local/lib/python3.10/dist-packages/dual_panda_moveit2_interface/msg/_object_spec_s.c
[0.564s] -- Up-to-date: /home/kptal/humanoid_ws/install/dual_panda_moveit2_interface/local/lib/python3.10/dist-packages/dual_panda_moveit2_interface/msg/_spawn_batch_s.c
[0.564s] -- Up-to-date: /home/kptal/humanoid_ws/install/dual_panda_moveit2_interface/local/lib/python3.10/dist-packages/dual_panda_moveit2_interface/msg/__init__.py
[0.564s] -- Up-to-date: /home/kptal/humanoid_ws/install/dual_panda_moveit2_interface/local/lib/python3.10/dist-packages/dual_panda_moveit2_interface/msg/_spawn_batch.py
[0.564s] -- Up-to-date: /home/kptal/humanoid_ws/install/dual_panda_moveit2_interface/local/lib/python3.10/dist-packages/dual_panda_moveit2_interface/_dual_panda_moveit2_interface_s.ep.rosidl_typesupport_c.c
[0.564s] -- Up-to-date: /home/kptal/humanoid_ws/install/dual_panda_moveit2_interface/local/lib/python3.10/dist-packages/dual_panda_moveit2_interface/_dual_panda_moveit2_interface_s.ep.rosidl_typesupport_fastrtps_c.c
[0.564s] -- Up-to-date: /home/kptal/humanoid_ws/install/dual_panda_moveit2_interface/local/lib/python3.10/dist-packages/dual_panda_moveit2_interface/_dual_panda_moveit2_interface_s.ep.rosidl_typesupport_introspection_c.c
[0.564s] -- Up-to-date: /home/kptal/humanoid_ws/install/dual_panda_moveit2_interface/local/lib/python3.10/dist-packages/dual_panda_moveit2_interface/dual_panda_moveit2_interface_s__rosidl_typesupport_c.cpython-310-x86_64-linux-gnu.so
[0.564s] -- Up-to-date: /home/kptal/humanoid_ws/install/dual_panda_moveit2_interface/local/lib/python3.10/dist-packages/dual_panda_moveit2_interface/dual_panda_moveit2_interface_s__rosidl_typesupport_fastrtps_c.cpython-310-x86_64-linux-gnu.so
[0.564s] -- Up-to-date: /home/kptal/humanoid_ws/install/dual_panda_moveit2_interface/local/lib/python3.10/dist-packages/dual_panda_moveit2_interface/dual_panda_moveit2_interface_s__rosidl_typesupport_introspection_c.cpython-310-x86_64-linux-gnu.so
[0.564s] -- Up-to-date: /home/kptal/humanoid_ws/install/dual_panda_moveit2_interface/local/lib/python3.10/dist-packages/dual_panda_moveit2_interface/action
[0.564s] -- Up-to-date: /home/kptal/humanoid_ws/install/dual_panda_moveit2_interface/local/lib/python3.10/dist-packages/dual_panda_moveit2_interface/action/_move.py
[0.564s] -- Up-to-date: /home/kptal/humanoid_ws/install/dual_panda_moveit2_interface/local/lib/python3.10/dist-packages/dual_panda_moveit2_interface/action/_move_s.c
[0.564s] -- Up-to-date: /home/kptal/humanoid_ws/install/dual_panda_moveit2_interface/local/lib/python3.10/dist-packages/dual_panda_moveit2_interface/action/__init__.py
[0.564s] -- Up-to-date: /home/kptal/humanoid_ws/install/dual_panda_moveit2_interface/local/lib/python3.10/dist-packages/dual_panda_moveit2_interface/libdual_panda_moveit2_interface__rosidl_generator_py.so
[0.565s] -- Up-to-date: /home/kptal/humanoid_ws/install/dual_panda_moveit2_interface/local/lib/python3.10/dist-packages/dual_panda_moveit2_interface/srv
[0.565s] -- Up-to-date: /home/kptal/humanoid_ws/install/dual_panda_moveit2_interface/local/lib/python3.10/dist-packages/dual_panda_moveit2_interface/srv/_attach_object.py
[0.565s] -- Up-to-date: /home/kptal/humanoid_ws/install/dual_panda_moveit2_interface/local/lib/python3.10/dist-packages/dual_panda_moveit2_interface/srv/_spawn_object.py
[0.565s] -- Up-to-date: /home/kptal/humanoid_ws/install/dual_panda_moveit2_interface/local/lib/python3.10/dist-packages/dual_panda_moveit2_interface/srv/_gripper_control_s.c
[0.565s] -- Up-to-date: /home/kptal/humanoid_ws/install/dual_panda_moveit2_interface/local/lib/python3.10/dist-packages/dual_panda_moveit2_interface/srv/_spawn_object_s.c
[0.565s] -- Up-to-date: /home/kptal/humanoid_ws/install/dual_panda_moveit2_interface/local/lib/python3.10/dist-packages/dual_panda_moveit2_interface/srv/_detach_object.py
[0.565s] -- Up-to-date: /home/kptal/humanoid_ws/install/dual_panda_moveit2_interface/local/lib/python3.10/dist-packages/dual_panda_moveit2_interface/srv/_remove_object_s.c
[0.565s] -- Up-to-date: /home/kptal/humanoid_ws/install/dual_panda_moveit2_interface/local/lib/python3.10/dist-packages/dual_panda_moveit2_interface/srv/_attach_object_s.c
[0.565s] -- Up-to-date: /home/kptal/humanoid_ws/install/dual_panda_moveit2_interface/local/lib/python3.10/dist-packages/dual_panda_moveit2_interface/srv/_gripper_control.py
[0.565s] -- Up-to-date: /home/kptal/humanoid_ws/install/dual_panda_moveit2_interface/local/lib/python3.10/dist-packages/dual_panda_moveit2_interface/srv/_detach_object_s.c
[0.565s] -- Up-to-date: /home/kptal/humanoid_ws/install/dual_panda_moveit2_interface/local/lib/python3.10/dist-packages/dual_panda_moveit2_interface/srv/_remove_object.py
[0.565s] -- Up-to-date: /home/kptal/humanoid_ws/install/dual_panda_moveit2_interface/local/lib/python3.10/dist-packages/dual_panda_moveit2_interface/srv/__init__.py
[0.565s] -- Up-to-date: /home/kptal/humanoid_ws/install/dual_panda_moveit2_interface/local/lib/python3.10/dist-packages/dual_panda_moveit2_interface/__init__.py
[0.614s] Listing '/home/kptal/humanoid_ws/install/dual_panda_moveit2_interface/local/lib/python3.10/dist-packages/dual_panda_moveit2_interface'...
[0.614s] Listing '/home/kptal/humanoid_ws/install/dual_panda_moveit2_interface/local/lib/python3.10/dist-packages/dual_panda_moveit2_interface/action'...
[0.614s] Listing '/home/kptal/humanoid_ws/install/dual_panda_moveit2_interface/local/lib/python3.10/dist-packages/dual_panda_moveit2_interface/msg'...
[0.614s] Listing '/home/kptal/humanoid_ws/install/dual_panda_moveit2_interface/local/lib/python3.10/dist-packages/dual_panda_moveit2_interface/srv'...
[0.620s] -- Up-to-date: /home/kptal/humanoid_ws/install/dual_panda_moveit2_interface/local/lib/python3.10/dist-packages/dual_panda_moveit2_interface/dual_panda_moveit2_interface_s__rosidl_typesupport_fastrtps_c.cpython-310-x86_64-linux-gnu.so
[0.621s] -- Up-to-date: /home/kptal/humanoid_ws/install/dual_panda_moveit2_interface/local/lib/python3.10/dist-packages/dual_panda_moveit2_interface/dual_panda_moveit2_interface_s__rosidl_typesupport_introspection_c.cpython-310-x86_64-linux-gnu.so
[0.622s] -- Up-to-date: /home/kptal/humanoid_ws/install/dual_panda_moveit2_interface/local/lib/python3.10/dist-packages/dual_panda_moveit2_interface/dual_panda_moveit2_interface_s__rosidl_typesupport_c.cpython-310-x86_64-linux-gnu.so
[0.623s] -- Up-to-date: /home/kptal/humanoid_ws/install/dual_panda_moveit2_interface/lib/libdual_panda_moveit2_interface__rosidl_generator_py.so
[0.623s] -- Up-to-date: /home/kptal/humanoid_ws/install/dual_panda_moveit2_interface/share/dual_panda_moveit2_interface/msg/ObjectSpec.idl
[0.623s] -- Up-to-date: /home/kptal/humanoid_ws/install/dual_panda_moveit2_interface/share/dual_panda_moveit2_interface/msg/RobotPose.idl
[0.623s] -- Up-to-date: /home/kptal/humanoid_ws/install/dual_panda_moveit2_interface/share/dual_panda_moveit2_interface/msg/SpawnBatch.idl
[0.623s] -- Up-to-date: /home/kptal/humanoid_ws/install/dual_panda_moveit2_interface/share/dual_panda_moveit2_interface/action/Move.idl
[0.623s] -- Up-to-date: /home/kptal/humanoid_ws/install/dual_panda_moveit2_interface/share/dual_panda_moveit2_interface/srv/GripperControl.idl
[0.624s] -- Up-to-date: /home/kptal/humanoid_ws/install/dual_panda_moveit2_interface/share/dual_panda_moveit2_interface/srv/SpawnObject.idl
[0.624s] -- Up-to-date: /home/kptal/humanoid_ws/install/dual_panda_moveit2_interface/share/dual_panda_moveit2_interface/srv/RemoveObject.idl
[0.624s] -- Up-to-date: /home/kptal/humanoid_ws/install/dual_panda_moveit2_interface/share/dual_panda_moveit2_interface/srv/AttachObject.idl
[0.624s] -- Up-to-date: /home/kptal/humanoid_ws/install/dual_panda_moveit2_interface/share/dual_panda_moveit2_interface/srv/DetachObject.idl
[0.624s] -- Up-to-date: /home/kptal/humanoid_ws/install/dual_panda_moveit2_interface/share/dual_panda_moveit2_interface/msg/ObjectSpec.msg
[0.624s] -- Up-to-date: /home/kptal/humanoid_ws/install/dual_panda_moveit2_interface/share/dual_panda_moveit2_interface/msg/RobotPose.msg
[0.624s] -- Up-to-date: /home/kptal/humanoid_ws/install/dual_panda_moveit2_interface/share/dual_panda_moveit2_interface/msg/SpawnBatch.msg
[0.624s] -- Up-to-date: /home/kptal/humanoid_ws/install/dual_panda_moveit2_interface/share/dual_panda_moveit2_interface/action/Move.action
[0.624s] -- Up-to-date: /home/kptal/humanoid_ws/install/dual_panda_moveit2_interface/share/dual_panda_moveit2_interface/srv/GripperControl.srv
[0.624s] -- Up-to-date: /home/kptal/humanoid_ws/install/dual_panda_moveit2_interface/share/dual_panda_moveit2_interface/srv/GripperControl_Request.msg
[0.624s] -- Up-to-date: /home/kptal/humanoid_ws/install/dual_panda_moveit2_interface/share/dual_panda_moveit2_interface/srv/GripperControl_Response.msg
[0.624s] -- Up-to-date: /home/kptal/humanoid_ws/install/dual_panda_moveit2_interface/share/dual_panda_moveit2_interface/srv/SpawnObject.srv
[0.625s] -- Up-to-date: /home/kptal/humanoid_ws/install/dual_panda_moveit2_interface/share/dual_panda_moveit2_interface/srv/SpawnObject_Request.msg
[0.625s] -- Up-to-date: /home/kptal/humanoid_ws/install/dual_panda_moveit2_interface/share/dual_panda_moveit2_interface/srv/SpawnObject_Response.msg
[0.625s] -- Up-to-date: /home/kptal/humanoid_ws/install/dual_panda_moveit2_interface/share/dual_panda_moveit2_interface/srv/RemoveObject.srv
[0.625s] -- Up-to-date: /home/kptal/humanoid_ws/install/dual_panda_moveit2_interface/share/dual_panda_moveit2_interface/srv/RemoveObject_Request.msg
[0.625s] -- Up-to-date: /home/kptal/humanoid_ws/install/dual_panda_moveit2_interface/share/dual_panda_moveit2_interface/srv/RemoveObject_Response.msg
[0.625s] -- Up-to-date: /home/kptal/humanoid_ws/install/dual_panda_moveit2_interface/share/dual_panda_moveit2_interface/srv/AttachObject.srv
[0.625s] -- Up-to-date: /home/kptal/humanoid_ws/install/dual_panda_moveit2_interface/share/dual_panda_moveit2_interface/srv/AttachObject_Request.msg
[0.625s] -- Up-to-date: /home/kptal/humanoid_ws/install/dual_panda_moveit2_interface/share/dual_panda_moveit2_interface/srv/AttachObject_Response.msg
[0.625s] -- Up-to-date: /home/kptal/humanoid_ws/install/dual_panda_moveit2_interface/share/dual_panda_moveit2_interface/srv/DetachObject.srv
[0.625s] -- Up-to-date: /home/kptal/humanoid_ws/install/dual_panda_moveit2_interface/share/dual_panda_moveit2_interface/srv/DetachObject_Request.msg
[0.625s] -- Up-to-date: /home/kptal/humanoid_ws/install/dual_panda_moveit2_interface/share/dual_panda_moveit2_interface/srv/DetachObject_Response.msg
[0.625s] -- Up-to-date: /home/kptal/humanoid_ws/install/dual_panda_moveit2_interface/share/ament_index/resource_index/package_run_dependencies/dual_panda_moveit2_interface
[0.625s] -- Up-to-date: /home/kptal/humanoid_ws/install/dual_panda_moveit2_interface/share/ament_index/resource_index/parent_prefix_path/dual_panda_moveit2_interface
[0.625s] -- Up-to-date: /home/kptal/humanoid_ws/install/dual_panda_moveit2_interface/share/dual_panda_moveit2_interface/environment/ament_prefix_path.sh
[0.626s] -- Up-to-date: /home/kptal/humanoid_ws/install/dual_panda_moveit2_interface/share/dual_panda_moveit2_interface/environment/ament_prefix_path.dsv
[0.626s] -- Up-to-date: /home/kptal/humanoid_ws/install/dual_panda_moveit2_interface/share/dual_panda_moveit2_interface/environment/path.sh
[0.626s] -- Up-to-date: /home/kptal/humanoid_ws/install/dual_panda_moveit2_interface/share/dual_panda_moveit2_interface/environment/path.dsv
[0.626s] -- Up-to-date: /home/kptal/humanoid_ws/install/dual_panda_moveit2_interface/share/dual_panda_moveit2_interface/local_setup.bash
[0.626s] -- Up-to-date: /home/kptal/humanoid_ws/install/dual_panda_moveit2_interface/share/dual_panda_moveit2_interface/local_setup.sh
[0.626s] -- Up-to-date: /home/kptal/humanoid_ws/install/dual_panda_moveit2_interface/share/dual_panda_moveit2_interface/local_setup.zsh
[0.626s] -- Up-to-date: /home/kptal/humanoid_ws/install/dual_panda_moveit2_interface/share/dual_panda_moveit2_interface/local_setup.dsv
[0.626s] -- Installing: /home/kptal/humanoid_ws/install/dual_panda_moveit2_interface/share/dual_panda_moveit2_interface/package.dsv
[0.626s] -- Up-to-date: /home/kptal/humanoid_ws/install/dual_panda_moveit2_interface/share/ament_index/resource_index/packages/dual_panda_moveit2_interface
[0.626s] -- Up-to-date: /home/kptal/humanoid_ws/install/dual_panda_moveit2_interface/share/dual_panda_moveit2_interface/cmake/export_dual_panda_moveit2_interface__rosidl_generator_cExport.cmake
[0.626s] -- Up-to-date: /home/kptal/humanoid_ws/install/dual_panda_moveit2_interface/share/dual_panda_moveit2_interface/cmake/export_dual_panda_moveit2_interface__rosidl_generator_cExport-noconfig.cmake
[0.626s] -- Up-to-date: /home/kptal/humanoid_ws/install/dual_panda_moveit2_interface/share/dual_panda_moveit2_interface/cmake/export_dual_panda_moveit2_interface__rosidl_typesupport_fastrtps_cExport.cmake
[0.626s] -- Up-to-date: /home/kptal/humanoid_ws/install/dual_panda_moveit2_interface/share/dual_panda_moveit2_interface/cmake/export_dual_panda_moveit2_interface__rosidl_typesupport_fastrtps_cExport-noconfig.cmake
[0.627s] -- Up-to-date: /home/kptal/humanoid_ws/install/dual_panda_moveit2_interface/share/dual_panda_moveit2_interface/cmake/export_dual_panda_moveit2_interface__rosidl_generator_cppExport.cmake
[0.627s] -- Up-to-date: /home/kptal/humanoid_ws/install/dual_panda_moveit2_interface/share/dual_panda_moveit2_interface/cmake/export_dual_panda_moveit2_interface__rosidl_typesupport_fastrtps_cppExport.cmake
[0.627s] -- Up-to-date: /home/kptal/humanoid_ws/install/dual_panda_moveit2_interface/share/dual_panda_moveit2_interface/cmake/export_dual_panda_moveit2_interface__rosidl_typesupport_fastrtps_cppExport-noconfig.cmake
[0.627s] -- Up-to-date: /home/kptal/humanoid_ws/install/dual_panda_moveit2_interface/share/dual_panda_moveit2_interface/cmake/dual_panda_moveit2_interface__rosidl_typesupport_introspection_cExport.cmake
[0.627s] -- Up-to-date: /home/kptal/humanoid_ws/install/dual_panda_moveit2_interface/share/dual_panda_moveit2_interface/cmake/dual_panda_moveit2_interface__rosidl_typesupport_introspection_cExport-noconfig.cmake
[0.628s] -- Up-to-date: /home/kptal/humanoid_ws/install/dual_panda_moveit2_interface/share/dual_panda_moveit2_interface/cmake/dual_panda_moveit2_interface__rosidl_typesupport_cExport.cmake
[0.628s] -- Up-to-date: /home/kptal/humanoid_ws/install/dual_panda_moveit2_interface/share/dual_panda_moveit2_interface/cmake/dual_panda_moveit2_interface__rosidl_typesupport_cExport-noconfig.cmake
[0.628s] -- Up-to-date: /home/kptal/humanoid_ws/install/dual_panda_moveit2_interface/share/dual_panda_moveit2_interface/cmake/dual_panda_moveit2_interface__rosidl_typesupport_introspection_cppExport.cmake
[0.628s] -- Up-to-date: /home/kptal/humanoid_ws/install/dual_panda_moveit2_interface/share/dual_panda_moveit2_interface/cmake/dual_panda_moveit2_interface__rosidl_typesupport_introspection_cppExport-noconfig.cmake
[0.629s] -- Up-to-date: /home/kptal/humanoid_ws/install/dual_panda_moveit2_interface/share/dual_panda_moveit2_interface/cmake/dual_panda_moveit2_interface__rosidl_typesupport_cppExport.cmake
[0.629s] -- Up-to-date: /home/kptal/humanoid_ws/install/dual_panda_moveit2_interface/share/dual_panda_moveit2_interface/cmake/dual_panda_moveit2_interface__rosidl_typesupport_cppExport-noconfig.cmake
[0.629s] -- Up-to-date: /home/kptal/humanoid_ws/install/dual_panda_moveit2_interface/share/dual_panda_moveit2_interface/cmake/export_dual_panda_moveit2_interface__rosidl_generator_pyExport.cmake
[0.629s] -- Up-to-date: /home/kptal/humanoid_ws/install/dual_panda_moveit2_interface/share/dual_panda_moveit2_interface/cmake/export_dual_panda_moveit2_interface__rosidl_generator_pyExport-noconfig.cmake
[0.629s] -- Up-to-date: /home/kptal/humanoid_ws/install/dual_panda_moveit2_interface/share/dual_panda_moveit2_interface/cmake/rosidl_cmake-extras.cmake
[0.630s] -- Up-to-date: /home/kptal/humanoid_ws/install/dual_panda_moveit2_interface/share/dual_panda_moveit2_interface/cmake/ament_cmake_export_dependencies-extras.cmake
[0.630s] -- Up-to-date: /home/kptal/humanoid_ws/install/dual_panda_moveit2_interface/share/dual_panda_moveit2_interface/cmake/ament_cmake_export_include_directories-extras.cmake
[0.630s] -- Up-to-date: /home/kptal/humanoid_ws/install/dual_panda_moveit2_interface/share/dual_panda_moveit2_interface/cmake/ament_cmake_export_libraries-extras.cmake
[0.630s] -- Up-to-date: /home/kptal/humanoid_ws/install/dual_panda_moveit2_interface/share/dual_panda_moveit2_interface/cmake/ament_cmake_export_targets-extras.cmake
[0.630s] -- Up-to-date: /home/kptal/humanoid_ws/install/dual_panda_moveit2_interface/share/dual_panda_moveit2_interface/cmake/rosidl_cmake_export_typesupport_targets-extras.cmake
[0.630s] -- Up-to-date: /home/kptal/humanoid_ws/install/dual_panda_moveit2_interface/share/dual_panda_moveit2_interface/cmake/rosidl_cmake_export_typesupport_libraries-extras.cmake
[0.630s] -- Up-to-date: /home/kptal/humanoid_ws/install/dual_panda_moveit2_interface/share/dual_panda_moveit2_interface/cmake/dual_panda_moveit2_interfaceConfig.cmake
[0.630s] -- Up-to-date: /home/kptal/humanoid_ws/install/dual_panda_moveit2_interface/share/dual_panda_moveit2_interface/cmake/dual_panda_moveit2_interfaceConfig-version.cmake
[0.630s] -- Up-to-date: /home/kptal/humanoid_ws/install/dual_panda_moveit2_interface/share/dual_panda_moveit2_interface/package.xml
[0.633s] Invoked command in '/home/kptal/humanoid_ws/build/dual_panda_moveit2_interface' returned '0': CMAKE_PREFIX_PATH=${CMAKE_PREFIX_PATH}:/home/kptal/humanoid_ws/install/moveit_configs_utils:/home/kptal/humanoid_ws/install/launch_param_builder:/home/kptal/humanoid_ws/install/ik_pick_place:/home/kptal/humanoid_ws/install/half_humanoid_control_actions:/home/kptal/humanoid_ws/install/dynamixel_test_utils:/home/kptal/ws_moveit2/install/moveit_configs_utils:/home/kptal/ws_moveit2/install/launch_param_builder:/opt/ros/humble /usr/bin/cmake --install /home/kptal/humanoid_ws/build/dual_panda_moveit2_interface
