-- The C compiler identification is GNU 11.4.0
-- The CXX compiler identification is GNU 11.4.0
-- Detecting C compiler ABI info
-- Detecting C compiler ABI info - done
-- Check for working C compiler: /usr/bin/cc - skipped
-- Detecting C compile features
-- Detecting C compile features - done
-- Detecting CXX compiler ABI info
-- Detecting CXX compiler ABI info - done
-- Check for working CXX compiler: /usr/bin/c++ - skipped
-- Detecting CXX compile features
-- Detecting CXX compile features - done
-- Found ament_cmake: 1.3.11 (/opt/ros/humble/share/ament_cmake/cmake)
-- Found Python3: /usr/bin/python3 (found version "3.10.12") found components: Interpreter 
-- Found geometry_msgs: 4.8.0 (/opt/ros/humble/share/geometry_msgs/cmake)
-- Found rosidl_generator_c: 3.1.6 (/opt/ros/humble/share/rosidl_generator_c/cmake)
-- Found rosidl_adapter: 3.1.6 (/opt/ros/humble/share/rosidl_adapter/cmake)
-- Found rosidl_generator_cpp: 3.1.6 (/opt/ros/humble/share/rosidl_generator_cpp/cmake)
-- Using all available rosidl_typesupport_c: rosidl_typesupport_fastrtps_c;rosidl_typesupport_introspection_c
-- Using all available rosidl_typesupport_cpp: rosidl_typesupport_fastrtps_cpp;rosidl_typesupport_introspection_cpp
-- Found rosidl_default_generators: 1.2.0 (/opt/ros/humble/share/rosidl_default_generators/cmake)
-- Found ament_cmake_ros: 0.10.0 (/opt/ros/humble/share/ament_cmake_ros/cmake)
-- Using all available rosidl_typesupport_c: rosidl_typesupport_fastrtps_c;rosidl_typesupport_introspection_c
-- Using all available rosidl_typesupport_cpp: rosidl_typesupport_fastrtps_cpp;rosidl_typesupport_introspection_cpp
-- Found PythonInterp: /usr/bin/python3 (found suitable version "3.10.12", minimum required is "3.6") 
-- Found python_cmake_module: 0.10.0 (/opt/ros/humble/share/python_cmake_module/cmake)
-- Found PythonLibs: /usr/lib/x86_64-linux-gnu/libpython3.10.so (found suitable version "3.10.12", minimum required is "3.5") 
-- Using PYTHON_EXECUTABLE: /usr/bin/python3
-- Using PYTHON_INCLUDE_DIRS: /usr/include/python3.10
-- Using PYTHON_LIBRARIES: /usr/lib/x86_64-linux-gnu/libpython3.10.so
-- Found PythonExtra: .so  
-- Found ament_lint_auto: 0.12.12 (/opt/ros/humble/share/ament_lint_auto/cmake)
-- Added test 'lint_cmake' to check CMake code style
-- Added test 'xmllint' to check XML markup files
-- Configuring done
-- Generating done
-- Build files have been written to: /home/kptal/humanoid_ws/build/dual_panda_moveit2_interface
[  1%] [34m[1mGenerating C code for ROS interfaces[0m
[  2%] [34m[1mGenerating C++ code for ROS interfaces[0m
[  2%] Built target ament_cmake_python_copy_dual_panda_moveit2_interface
running egg_info
creating dual_panda_moveit2_interface.egg-info
writing dual_panda_moveit2_interface.egg-info/PKG-INFO
writing dependency_links to dual_panda_moveit2_interface.egg-info/dependency_links.txt
writing top-level names to dual_panda_moveit2_interface.egg-info/top_level.txt
writing manifest file 'dual_panda_moveit2_interface.egg-info/SOURCES.txt'
reading manifest file 'dual_panda_moveit2_interface.egg-info/SOURCES.txt'
writing manifest file 'dual_panda_moveit2_interface.egg-info/SOURCES.txt'
[  2%] Built target ament_cmake_python_build_dual_panda_moveit2_interface_egg
[  6%] [32mBuilding C object CMakeFiles/dual_panda_moveit2_interface__rosidl_generator_c.dir/rosidl_generator_c/dual_panda_moveit2_interface/msg/detail/spawn_batch__functions.c.o[0m
[  6%] [32mBuilding C object CMakeFiles/dual_panda_moveit2_interface__rosidl_generator_c.dir/rosidl_generator_c/dual_panda_moveit2_interface/srv/detail/spawn_object__functions.c.o[0m
[  6%] [32mBuilding C object CMakeFiles/dual_panda_moveit2_interface__rosidl_generator_c.dir/rosidl_generator_c/dual_panda_moveit2_interface/srv/detail/gripper_control__functions.c.o[0m
[  6%] [32mBuilding C object CMakeFiles/dual_panda_moveit2_interface__rosidl_generator_c.dir/rosidl_generator_c/dual_panda_moveit2_interface/msg/detail/robot_pose__functions.c.o[0m
[  7%] [32mBuilding C object CMakeFiles/dual_panda_moveit2_interface__rosidl_generator_c.dir/rosidl_generator_c/dual_panda_moveit2_interface/srv/detail/detach_object__functions.c.o[0m
[  8%] [32mBuilding C object CMakeFiles/dual_panda_moveit2_interface__rosidl_generator_c.dir/rosidl_generator_c/dual_panda_moveit2_interface/action/detail/move__functions.c.o[0m
[  9%] [32mBuilding C object CMakeFiles/dual_panda_moveit2_interface__rosidl_generator_c.dir/rosidl_generator_c/dual_panda_moveit2_interface/msg/detail/object_spec__functions.c.o[0m
[ 10%] [32mBuilding C object CMakeFiles/dual_panda_moveit2_interface__rosidl_generator_c.dir/rosidl_generator_c/dual_panda_moveit2_interface/srv/detail/attach_object__functions.c.o[0m
[ 11%] [32mBuilding C object CMakeFiles/dual_panda_moveit2_interface__rosidl_generator_c.dir/rosidl_generator_c/dual_panda_moveit2_interface/srv/detail/remove_object__functions.c.o[0m
[ 12%] [32m[1mLinking C shared library libdual_panda_moveit2_interface__rosidl_generator_c.so[0m
[ 12%] Built target dual_panda_moveit2_interface__rosidl_generator_c
[ 15%] [34m[1mGenerating C introspection for ROS interfaces[0m
[ 15%] [34m[1mGenerating C type support dispatch for ROS interfaces[0m
[ 15%] [34m[1mGenerating C type support for eProsima Fast-RTPS[0m
[ 15%] Built target dual_panda_moveit2_interface__cpp
[ 16%] [34m[1mGenerating C++ type support for eProsima Fast-RTPS[0m
[ 17%] [34m[1mGenerating C++ type support dispatch for ROS interfaces[0m
[ 18%] [34m[1mGenerating C++ introspection for ROS interfaces[0m
[ 20%] [32mBuilding CXX object CMakeFiles/dual_panda_moveit2_interface__rosidl_typesupport_c.dir/rosidl_typesupport_c/dual_panda_moveit2_interface/action/move__type_support.cpp.o[0m
[ 21%] [32mBuilding CXX object CMakeFiles/dual_panda_moveit2_interface__rosidl_typesupport_c.dir/rosidl_typesupport_c/dual_panda_moveit2_interface/srv/gripper_control__type_support.cpp.o[0m
[ 22%] [32mBuilding CXX object CMakeFiles/dual_panda_moveit2_interface__rosidl_typesupport_c.dir/rosidl_typesupport_c/dual_panda_moveit2_interface/srv/spawn_object__type_support.cpp.o[0m
[ 23%] [32mBuilding CXX object CMakeFiles/dual_panda_moveit2_interface__rosidl_typesupport_c.dir/rosidl_typesupport_c/dual_panda_moveit2_interface/srv/detach_object__type_support.cpp.o[0m
[ 24%] [32mBuilding CXX object CMakeFiles/dual_panda_moveit2_interface__rosidl_typesupport_c.dir/rosidl_typesupport_c/dual_panda_moveit2_interface/srv/attach_object__type_support.cpp.o[0m
[ 25%] [32mBuilding CXX object CMakeFiles/dual_panda_moveit2_interface__rosidl_typesupport_c.dir/rosidl_typesupport_c/dual_panda_moveit2_interface/msg/spawn_batch__type_support.cpp.o[0m
[ 26%] [32mBuilding CXX object CMakeFiles/dual_panda_moveit2_interface__rosidl_typesupport_c.dir/rosidl_typesupport_c/dual_panda_moveit2_interface/srv/remove_object__type_support.cpp.o[0m
[ 27%] [32mBuilding CXX object CMakeFiles/dual_panda_moveit2_interface__rosidl_typesupport_c.dir/rosidl_typesupport_c/dual_panda_moveit2_interface/msg/object_spec__type_support.cpp.o[0m
[ 28%] [32mBuilding CXX object CMakeFiles/dual_panda_moveit2_interface__rosidl_typesupport_c.dir/rosidl_typesupport_c/dual_panda_moveit2_interface/msg/robot_pose__type_support.cpp.o[0m
[ 29%] [32m[1mLinking CXX shared library libdual_panda_moveit2_interface__rosidl_typesupport_c.so[0m
[ 31%] [32mBuilding CXX object CMakeFiles/dual_panda_moveit2_interface__rosidl_typesupport_cpp.dir/rosidl_typesupport_cpp/dual_panda_moveit2_interface/msg/robot_pose__type_support.cpp.o[0m
[ 31%] [32mBuilding CXX object CMakeFiles/dual_panda_moveit2_interface__rosidl_typesupport_cpp.dir/rosidl_typesupport_cpp/dual_panda_moveit2_interface/msg/object_spec__type_support.cpp.o[0m
[ 32%] [32mBuilding CXX object CMakeFiles/dual_panda_moveit2_interface__rosidl_typesupport_cpp.dir/rosidl_typesupport_cpp/dual_panda_moveit2_interface/srv/spawn_object__type_support.cpp.o[0m
[ 33%] [32mBuilding CXX object CMakeFiles/dual_panda_moveit2_interface__rosidl_typesupport_cpp.dir/rosidl_typesupport_cpp/dual_panda_moveit2_interface/srv/gripper_control__type_support.cpp.o[0m
[ 34%] [32mBuilding CXX object CMakeFiles/dual_panda_moveit2_interface__rosidl_typesupport_cpp.dir/rosidl_typesupport_cpp/dual_panda_moveit2_interface/srv/attach_object__type_support.cpp.o[0m
[ 35%] [32mBuilding CXX object CMakeFiles/dual_panda_moveit2_interface__rosidl_typesupport_cpp.dir/rosidl_typesupport_cpp/dual_panda_moveit2_interface/srv/remove_object__type_support.cpp.o[0m
[ 36%] [32mBuilding CXX object CMakeFiles/dual_panda_moveit2_interface__rosidl_typesupport_cpp.dir/rosidl_typesupport_cpp/dual_panda_moveit2_interface/srv/detach_object__type_support.cpp.o[0m
[ 37%] [32mBuilding CXX object CMakeFiles/dual_panda_moveit2_interface__rosidl_typesupport_cpp.dir/rosidl_typesupport_cpp/dual_panda_moveit2_interface/action/move__type_support.cpp.o[0m
[ 40%] [32mBuilding CXX object CMakeFiles/dual_panda_moveit2_interface__rosidl_typesupport_fastrtps_c.dir/rosidl_typesupport_fastrtps_c/dual_panda_moveit2_interface/msg/detail/object_spec__type_support_c.cpp.o[0m
[ 40%] [32mBuilding CXX object CMakeFiles/dual_panda_moveit2_interface__rosidl_typesupport_fastrtps_c.dir/rosidl_typesupport_fastrtps_c/dual_panda_moveit2_interface/msg/detail/robot_pose__type_support_c.cpp.o[0m
[ 41%] [32mBuilding CXX object CMakeFiles/dual_panda_moveit2_interface__rosidl_typesupport_fastrtps_c.dir/rosidl_typesupport_fastrtps_c/dual_panda_moveit2_interface/msg/detail/spawn_batch__type_support_c.cpp.o[0m
[ 42%] [32mBuilding CXX object CMakeFiles/dual_panda_moveit2_interface__rosidl_typesupport_cpp.dir/rosidl_typesupport_cpp/dual_panda_moveit2_interface/msg/spawn_batch__type_support.cpp.o[0m
[ 43%] [32mBuilding C object CMakeFiles/dual_panda_moveit2_interface__rosidl_typesupport_introspection_c.dir/rosidl_typesupport_introspection_c/dual_panda_moveit2_interface/msg/detail/object_spec__type_support.c.o[0m
[ 44%] [32mBuilding CXX object CMakeFiles/dual_panda_moveit2_interface__rosidl_typesupport_fastrtps_c.dir/rosidl_typesupport_fastrtps_c/dual_panda_moveit2_interface/action/detail/move__type_support_c.cpp.o[0m
[ 45%] [32mBuilding CXX object CMakeFiles/dual_panda_moveit2_interface__rosidl_typesupport_fastrtps_c.dir/rosidl_typesupport_fastrtps_c/dual_panda_moveit2_interface/srv/detail/gripper_control__type_support_c.cpp.o[0m
[ 45%] Built target dual_panda_moveit2_interface__rosidl_typesupport_c
[ 46%] [32mBuilding C object CMakeFiles/dual_panda_moveit2_interface__rosidl_typesupport_introspection_c.dir/rosidl_typesupport_introspection_c/dual_panda_moveit2_interface/msg/detail/robot_pose__type_support.c.o[0m
[ 47%] [32mBuilding C object CMakeFiles/dual_panda_moveit2_interface__rosidl_typesupport_introspection_c.dir/rosidl_typesupport_introspection_c/dual_panda_moveit2_interface/msg/detail/spawn_batch__type_support.c.o[0m
[ 48%] [32mBuilding C object CMakeFiles/dual_panda_moveit2_interface__rosidl_typesupport_introspection_c.dir/rosidl_typesupport_introspection_c/dual_panda_moveit2_interface/srv/detail/gripper_control__type_support.c.o[0m
[ 49%] [32mBuilding C object CMakeFiles/dual_panda_moveit2_interface__rosidl_typesupport_introspection_c.dir/rosidl_typesupport_introspection_c/dual_panda_moveit2_interface/action/detail/move__type_support.c.o[0m
[ 50%] [32mBuilding C object CMakeFiles/dual_panda_moveit2_interface__rosidl_typesupport_introspection_c.dir/rosidl_typesupport_introspection_c/dual_panda_moveit2_interface/srv/detail/spawn_object__type_support.c.o[0m
[ 51%] [32mBuilding CXX object CMakeFiles/dual_panda_moveit2_interface__rosidl_typesupport_fastrtps_c.dir/rosidl_typesupport_fastrtps_c/dual_panda_moveit2_interface/srv/detail/spawn_object__type_support_c.cpp.o[0m
[ 52%] [32mBuilding C object CMakeFiles/dual_panda_moveit2_interface__rosidl_typesupport_introspection_c.dir/rosidl_typesupport_introspection_c/dual_panda_moveit2_interface/srv/detail/attach_object__type_support.c.o[0m
[ 53%] [32mBuilding C object CMakeFiles/dual_panda_moveit2_interface__rosidl_typesupport_introspection_c.dir/rosidl_typesupport_introspection_c/dual_panda_moveit2_interface/srv/detail/remove_object__type_support.c.o[0m
[ 54%] [32mBuilding C object CMakeFiles/dual_panda_moveit2_interface__rosidl_typesupport_introspection_c.dir/rosidl_typesupport_introspection_c/dual_panda_moveit2_interface/srv/detail/detach_object__type_support.c.o[0m
[ 55%] [32mBuilding CXX object CMakeFiles/dual_panda_moveit2_interface__rosidl_typesupport_fastrtps_c.dir/rosidl_typesupport_fastrtps_c/dual_panda_moveit2_interface/srv/detail/remove_object__type_support_c.cpp.o[0m
[ 56%] [32mBuilding CXX object CMakeFiles/dual_panda_moveit2_interface__rosidl_typesupport_fastrtps_c.dir/rosidl_typesupport_fastrtps_c/dual_panda_moveit2_interface/srv/detail/attach_object__type_support_c.cpp.o[0m
[ 57%] [32mBuilding CXX object CMakeFiles/dual_panda_moveit2_interface__rosidl_typesupport_fastrtps_c.dir/rosidl_typesupport_fastrtps_c/dual_panda_moveit2_interface/srv/detail/detach_object__type_support_c.cpp.o[0m
[ 58%] [32m[1mLinking C shared library libdual_panda_moveit2_interface__rosidl_typesupport_introspection_c.so[0m
[ 60%] [32m[1mLinking CXX shared library libdual_panda_moveit2_interface__rosidl_typesupport_cpp.so[0m
[ 61%] [32mBuilding CXX object CMakeFiles/dual_panda_moveit2_interface__rosidl_typesupport_introspection_cpp.dir/rosidl_typesupport_introspection_cpp/dual_panda_moveit2_interface/srv/detail/spawn_object__type_support.cpp.o[0m
[ 62%] [32mBuilding CXX object CMakeFiles/dual_panda_moveit2_interface__rosidl_typesupport_introspection_cpp.dir/rosidl_typesupport_introspection_cpp/dual_panda_moveit2_interface/msg/detail/spawn_batch__type_support.cpp.o[0m
[ 63%] [32mBuilding CXX object CMakeFiles/dual_panda_moveit2_interface__rosidl_typesupport_introspection_cpp.dir/rosidl_typesupport_introspection_cpp/dual_panda_moveit2_interface/msg/detail/object_spec__type_support.cpp.o[0m
[ 64%] [32mBuilding CXX object CMakeFiles/dual_panda_moveit2_interface__rosidl_typesupport_introspection_cpp.dir/rosidl_typesupport_introspection_cpp/dual_panda_moveit2_interface/srv/detail/gripper_control__type_support.cpp.o[0m
[ 64%] Built target dual_panda_moveit2_interface__rosidl_typesupport_introspection_c
[ 65%] [32mBuilding CXX object CMakeFiles/dual_panda_moveit2_interface__rosidl_typesupport_introspection_cpp.dir/rosidl_typesupport_introspection_cpp/dual_panda_moveit2_interface/msg/detail/robot_pose__type_support.cpp.o[0m
[ 66%] [32mBuilding CXX object CMakeFiles/dual_panda_moveit2_interface__rosidl_typesupport_introspection_cpp.dir/rosidl_typesupport_introspection_cpp/dual_panda_moveit2_interface/action/detail/move__type_support.cpp.o[0m
[ 67%] [32mBuilding CXX object CMakeFiles/dual_panda_moveit2_interface__rosidl_typesupport_fastrtps_cpp.dir/rosidl_typesupport_fastrtps_cpp/dual_panda_moveit2_interface/msg/detail/dds_fastrtps/object_spec__type_support.cpp.o[0m
[ 68%] [32mBuilding CXX object CMakeFiles/dual_panda_moveit2_interface__rosidl_typesupport_introspection_cpp.dir/rosidl_typesupport_introspection_cpp/dual_panda_moveit2_interface/srv/detail/remove_object__type_support.cpp.o[0m
[ 69%] [32mBuilding CXX object CMakeFiles/dual_panda_moveit2_interface__rosidl_typesupport_introspection_cpp.dir/rosidl_typesupport_introspection_cpp/dual_panda_moveit2_interface/srv/detail/attach_object__type_support.cpp.o[0m
[ 70%] [32mBuilding CXX object CMakeFiles/dual_panda_moveit2_interface__rosidl_typesupport_introspection_cpp.dir/rosidl_typesupport_introspection_cpp/dual_panda_moveit2_interface/srv/detail/detach_object__type_support.cpp.o[0m
[ 71%] [32mBuilding CXX object CMakeFiles/dual_panda_moveit2_interface__rosidl_typesupport_fastrtps_cpp.dir/rosidl_typesupport_fastrtps_cpp/dual_panda_moveit2_interface/msg/detail/dds_fastrtps/robot_pose__type_support.cpp.o[0m
[ 72%] [32mBuilding CXX object CMakeFiles/dual_panda_moveit2_interface__rosidl_typesupport_fastrtps_cpp.dir/rosidl_typesupport_fastrtps_cpp/dual_panda_moveit2_interface/msg/detail/dds_fastrtps/spawn_batch__type_support.cpp.o[0m
[ 72%] Built target dual_panda_moveit2_interface__rosidl_typesupport_cpp
[ 73%] [32mBuilding CXX object CMakeFiles/dual_panda_moveit2_interface__rosidl_typesupport_fastrtps_cpp.dir/rosidl_typesupport_fastrtps_cpp/dual_panda_moveit2_interface/action/detail/dds_fastrtps/move__type_support.cpp.o[0m
[ 74%] [32mBuilding CXX object CMakeFiles/dual_panda_moveit2_interface__rosidl_typesupport_fastrtps_cpp.dir/rosidl_typesupport_fastrtps_cpp/dual_panda_moveit2_interface/srv/detail/dds_fastrtps/gripper_control__type_support.cpp.o[0m
[ 75%] [32mBuilding CXX object CMakeFiles/dual_panda_moveit2_interface__rosidl_typesupport_fastrtps_cpp.dir/rosidl_typesupport_fastrtps_cpp/dual_panda_moveit2_interface/srv/detail/dds_fastrtps/spawn_object__type_support.cpp.o[0m
[ 76%] [32mBuilding CXX object CMakeFiles/dual_panda_moveit2_interface__rosidl_typesupport_fastrtps_cpp.dir/rosidl_typesupport_fastrtps_cpp/dual_panda_moveit2_interface/srv/detail/dds_fastrtps/remove_object__type_support.cpp.o[0m
[ 77%] [32mBuilding CXX object CMakeFiles/dual_panda_moveit2_interface__rosidl_typesupport_fastrtps_cpp.dir/rosidl_typesupport_fastrtps_cpp/dual_panda_moveit2_interface/srv/detail/dds_fastrtps/attach_object__type_support.cpp.o[0m
[ 78%] [32mBuilding CXX object CMakeFiles/dual_panda_moveit2_interface__rosidl_typesupport_fastrtps_cpp.dir/rosidl_typesupport_fastrtps_cpp/dual_panda_moveit2_interface/srv/detail/dds_fastrtps/detach_object__type_support.cpp.o[0m
[ 80%] [32m[1mLinking CXX shared library libdual_panda_moveit2_interface__rosidl_typesupport_fastrtps_c.so[0m
[ 80%] Built target dual_panda_moveit2_interface__rosidl_typesupport_fastrtps_c
[ 81%] [32m[1mLinking CXX shared library libdual_panda_moveit2_interface__rosidl_typesupport_introspection_cpp.so[0m
[ 81%] Built target dual_panda_moveit2_interface__rosidl_typesupport_introspection_cpp
[ 82%] [32m[1mLinking CXX shared library libdual_panda_moveit2_interface__rosidl_typesupport_fastrtps_cpp.so[0m
[ 82%] Built target dual_panda_moveit2_interface__rosidl_typesupport_fastrtps_cpp
[ 82%] Built target dual_panda_moveit2_interface
[ 83%] [34m[1mGenerating Python code for ROS interfaces[0m
[ 83%] Built target dual_panda_moveit2_interface__py
[ 86%] [32mBuilding C object CMakeFiles/dual_panda_moveit2_interface__rosidl_generator_py.dir/rosidl_generator_py/dual_panda_moveit2_interface/msg/_object_spec_s.c.o[0m
[ 86%] [32mBuilding C object CMakeFiles/dual_panda_moveit2_interface__rosidl_generator_py.dir/rosidl_generator_py/dual_panda_moveit2_interface/msg/_spawn_batch_s.c.o[0m
[ 86%] [32mBuilding C object CMakeFiles/dual_panda_moveit2_interface__rosidl_generator_py.dir/rosidl_generator_py/dual_panda_moveit2_interface/msg/_robot_pose_s.c.o[0m
[ 87%] [32mBuilding C object CMakeFiles/dual_panda_moveit2_interface__rosidl_generator_py.dir/rosidl_generator_py/dual_panda_moveit2_interface/srv/_spawn_object_s.c.o[0m
[ 89%] [32mBuilding C object CMakeFiles/dual_panda_moveit2_interface__rosidl_generator_py.dir/rosidl_generator_py/dual_panda_moveit2_interface/action/_move_s.c.o[0m
[ 89%] [32mBuilding C object CMakeFiles/dual_panda_moveit2_interface__rosidl_generator_py.dir/rosidl_generator_py/dual_panda_moveit2_interface/srv/_gripper_control_s.c.o[0m
[ 90%] [32mBuilding C object CMakeFiles/dual_panda_moveit2_interface__rosidl_generator_py.dir/rosidl_generator_py/dual_panda_moveit2_interface/srv/_attach_object_s.c.o[0m
[ 91%] [32mBuilding C object CMakeFiles/dual_panda_moveit2_interface__rosidl_generator_py.dir/rosidl_generator_py/dual_panda_moveit2_interface/srv/_remove_object_s.c.o[0m
[ 92%] [32mBuilding C object CMakeFiles/dual_panda_moveit2_interface__rosidl_generator_py.dir/rosidl_generator_py/dual_panda_moveit2_interface/srv/_detach_object_s.c.o[0m
[ 93%] [32m[1mLinking C shared library rosidl_generator_py/dual_panda_moveit2_interface/libdual_panda_moveit2_interface__rosidl_generator_py.so[0m
[ 93%] Built target dual_panda_moveit2_interface__rosidl_generator_py
[ 94%] [32mBuilding C object CMakeFiles/dual_panda_moveit2_interface__rosidl_typesupport_fastrtps_c__pyext.dir/rosidl_generator_py/dual_panda_moveit2_interface/_dual_panda_moveit2_interface_s.ep.rosidl_typesupport_fastrtps_c.c.o[0m
[ 95%] [32mBuilding C object CMakeFiles/dual_panda_moveit2_interface__rosidl_typesupport_introspection_c__pyext.dir/rosidl_generator_py/dual_panda_moveit2_interface/_dual_panda_moveit2_interface_s.ep.rosidl_typesupport_introspection_c.c.o[0m
[ 96%] [32mBuilding C object CMakeFiles/dual_panda_moveit2_interface__rosidl_typesupport_c__pyext.dir/rosidl_generator_py/dual_panda_moveit2_interface/_dual_panda_moveit2_interface_s.ep.rosidl_typesupport_c.c.o[0m
[ 97%] [32m[1mLinking C shared library rosidl_generator_py/dual_panda_moveit2_interface/dual_panda_moveit2_interface_s__rosidl_typesupport_c.cpython-310-x86_64-linux-gnu.so[0m
[ 98%] [32m[1mLinking C shared library rosidl_generator_py/dual_panda_moveit2_interface/dual_panda_moveit2_interface_s__rosidl_typesupport_introspection_c.cpython-310-x86_64-linux-gnu.so[0m
[ 98%] Built target dual_panda_moveit2_interface__rosidl_typesupport_c__pyext
[ 98%] Built target dual_panda_moveit2_interface__rosidl_typesupport_introspection_c__pyext
[100%] [32m[1mLinking C shared library rosidl_generator_py/dual_panda_moveit2_interface/dual_panda_moveit2_interface_s__rosidl_typesupport_fastrtps_c.cpython-310-x86_64-linux-gnu.so[0m
[100%] Built target dual_panda_moveit2_interface__rosidl_typesupport_fastrtps_c__pyext
-- Install configuration: ""
-- Installing: /home/kptal/humanoid_ws/install/dual_panda_moveit2_interface/share/ament_index/resource_index/rosidl_interfaces/dual_panda_moveit2_interface
-- Installing: /home/kptal/humanoid_ws/install/dual_panda_moveit2_interface/include/dual_panda_moveit2_interface/dual_panda_moveit2_interface
-- Installing: /home/kptal/humanoid_ws/install/dual_panda_moveit2_interface/include/dual_panda_moveit2_interface/dual_panda_moveit2_interface/msg
-- Installing: /home/kptal/humanoid_ws/install/dual_panda_moveit2_interface/include/dual_panda_moveit2_interface/dual_panda_moveit2_interface/msg/spawn_batch.h
-- Installing: /home/kptal/humanoid_ws/install/dual_panda_moveit2_interface/include/dual_panda_moveit2_interface/dual_panda_moveit2_interface/msg/robot_pose.h
-- Installing: /home/kptal/humanoid_ws/install/dual_panda_moveit2_interface/include/dual_panda_moveit2_interface/dual_panda_moveit2_interface/msg/rosidl_generator_c__visibility_control.h
-- Installing: /home/kptal/humanoid_ws/install/dual_panda_moveit2_interface/include/dual_panda_moveit2_interface/dual_panda_moveit2_interface/msg/object_spec.h
-- Installing: /home/kptal/humanoid_ws/install/dual_panda_moveit2_interface/include/dual_panda_moveit2_interface/dual_panda_moveit2_interface/msg/detail
-- Installing: /home/kptal/humanoid_ws/install/dual_panda_moveit2_interface/include/dual_panda_moveit2_interface/dual_panda_moveit2_interface/msg/detail/robot_pose__functions.c
-- Installing: /home/kptal/humanoid_ws/install/dual_panda_moveit2_interface/include/dual_panda_moveit2_interface/dual_panda_moveit2_interface/msg/detail/object_spec__type_support.h
-- Installing: /home/kptal/humanoid_ws/install/dual_panda_moveit2_interface/include/dual_panda_moveit2_interface/dual_panda_moveit2_interface/msg/detail/spawn_batch__type_support.h
-- Installing: /home/kptal/humanoid_ws/install/dual_panda_moveit2_interface/include/dual_panda_moveit2_interface/dual_panda_moveit2_interface/msg/detail/spawn_batch__struct.h
-- Installing: /home/kptal/humanoid_ws/install/dual_panda_moveit2_interface/include/dual_panda_moveit2_interface/dual_panda_moveit2_interface/msg/detail/object_spec__functions.h
-- Installing: /home/kptal/humanoid_ws/install/dual_panda_moveit2_interface/include/dual_panda_moveit2_interface/dual_panda_moveit2_interface/msg/detail/robot_pose__type_support.h
-- Installing: /home/kptal/humanoid_ws/install/dual_panda_moveit2_interface/include/dual_panda_moveit2_interface/dual_panda_moveit2_interface/msg/detail/robot_pose__struct.h
-- Installing: /home/kptal/humanoid_ws/install/dual_panda_moveit2_interface/include/dual_panda_moveit2_interface/dual_panda_moveit2_interface/msg/detail/object_spec__struct.h
-- Installing: /home/kptal/humanoid_ws/install/dual_panda_moveit2_interface/include/dual_panda_moveit2_interface/dual_panda_moveit2_interface/msg/detail/spawn_batch__functions.c
-- Installing: /home/kptal/humanoid_ws/install/dual_panda_moveit2_interface/include/dual_panda_moveit2_interface/dual_panda_moveit2_interface/msg/detail/object_spec__functions.c
-- Installing: /home/kptal/humanoid_ws/install/dual_panda_moveit2_interface/include/dual_panda_moveit2_interface/dual_panda_moveit2_interface/msg/detail/spawn_batch__functions.h
-- Installing: /home/kptal/humanoid_ws/install/dual_panda_moveit2_interface/include/dual_panda_moveit2_interface/dual_panda_moveit2_interface/msg/detail/robot_pose__functions.h
-- Installing: /home/kptal/humanoid_ws/install/dual_panda_moveit2_interface/include/dual_panda_moveit2_interface/dual_panda_moveit2_interface/action
-- Installing: /home/kptal/humanoid_ws/install/dual_panda_moveit2_interface/include/dual_panda_moveit2_interface/dual_panda_moveit2_interface/action/move.h
-- Installing: /home/kptal/humanoid_ws/install/dual_panda_moveit2_interface/include/dual_panda_moveit2_interface/dual_panda_moveit2_interface/action/detail
-- Installing: /home/kptal/humanoid_ws/install/dual_panda_moveit2_interface/include/dual_panda_moveit2_interface/dual_panda_moveit2_interface/action/detail/move__struct.h
-- Installing: /home/kptal/humanoid_ws/install/dual_panda_moveit2_interface/include/dual_panda_moveit2_interface/dual_panda_moveit2_interface/action/detail/move__functions.h
-- Installing: /home/kptal/humanoid_ws/install/dual_panda_moveit2_interface/include/dual_panda_moveit2_interface/dual_panda_moveit2_interface/action/detail/move__type_support.h
-- Installing: /home/kptal/humanoid_ws/install/dual_panda_moveit2_interface/include/dual_panda_moveit2_interface/dual_panda_moveit2_interface/action/detail/move__functions.c
-- Installing: /home/kptal/humanoid_ws/install/dual_panda_moveit2_interface/include/dual_panda_moveit2_interface/dual_panda_moveit2_interface/srv
-- Installing: /home/kptal/humanoid_ws/install/dual_panda_moveit2_interface/include/dual_panda_moveit2_interface/dual_panda_moveit2_interface/srv/gripper_control.h
-- Installing: /home/kptal/humanoid_ws/install/dual_panda_moveit2_interface/include/dual_panda_moveit2_interface/dual_panda_moveit2_interface/srv/spawn_object.h
-- Installing: /home/kptal/humanoid_ws/install/dual_panda_moveit2_interface/include/dual_panda_moveit2_interface/dual_panda_moveit2_interface/srv/attach_object.h
-- Installing: /home/kptal/humanoid_ws/install/dual_panda_moveit2_interface/include/dual_panda_moveit2_interface/dual_panda_moveit2_interface/srv/detail
-- Installing: /home/kptal/humanoid_ws/install/dual_panda_moveit2_interface/include/dual_panda_moveit2_interface/dual_panda_moveit2_interface/srv/detail/detach_object__functions.c
-- Installing: /home/kptal/humanoid_ws/install/dual_panda_moveit2_interface/include/dual_panda_moveit2_interface/dual_panda_moveit2_interface/srv/detail/spawn_object__struct.h
-- Installing: /home/kptal/humanoid_ws/install/dual_panda_moveit2_interface/include/dual_panda_moveit2_interface/dual_panda_moveit2_interface/srv/detail/gripper_control__functions.c
-- Installing: /home/kptal/humanoid_ws/install/dual_panda_moveit2_interface/include/dual_panda_moveit2_interface/dual_panda_moveit2_interface/srv/detail/detach_object__functions.h
-- Installing: /home/kptal/humanoid_ws/install/dual_panda_moveit2_interface/include/dual_panda_moveit2_interface/dual_panda_moveit2_interface/srv/detail/gripper_control__struct.h
-- Installing: /home/kptal/humanoid_ws/install/dual_panda_moveit2_interface/include/dual_panda_moveit2_interface/dual_panda_moveit2_interface/srv/detail/gripper_control__functions.h
-- Installing: /home/kptal/humanoid_ws/install/dual_panda_moveit2_interface/include/dual_panda_moveit2_interface/dual_panda_moveit2_interface/srv/detail/attach_object__functions.h
-- Installing: /home/kptal/humanoid_ws/install/dual_panda_moveit2_interface/include/dual_panda_moveit2_interface/dual_panda_moveit2_interface/srv/detail/detach_object__struct.h
-- Installing: /home/kptal/humanoid_ws/install/dual_panda_moveit2_interface/include/dual_panda_moveit2_interface/dual_panda_moveit2_interface/srv/detail/attach_object__functions.c
-- Installing: /home/kptal/humanoid_ws/install/dual_panda_moveit2_interface/include/dual_panda_moveit2_interface/dual_panda_moveit2_interface/srv/detail/spawn_object__type_support.h
-- Installing: /home/kptal/humanoid_ws/install/dual_panda_moveit2_interface/include/dual_panda_moveit2_interface/dual_panda_moveit2_interface/srv/detail/remove_object__type_support.h
-- Installing: /home/kptal/humanoid_ws/install/dual_panda_moveit2_interface/include/dual_panda_moveit2_interface/dual_panda_moveit2_interface/srv/detail/attach_object__struct.h
-- Installing: /home/kptal/humanoid_ws/install/dual_panda_moveit2_interface/include/dual_panda_moveit2_interface/dual_panda_moveit2_interface/srv/detail/gripper_control__type_support.h
-- Installing: /home/kptal/humanoid_ws/install/dual_panda_moveit2_interface/include/dual_panda_moveit2_interface/dual_panda_moveit2_interface/srv/detail/spawn_object__functions.c
-- Installing: /home/kptal/humanoid_ws/install/dual_panda_moveit2_interface/include/dual_panda_moveit2_interface/dual_panda_moveit2_interface/srv/detail/attach_object__type_support.h
-- Installing: /home/kptal/humanoid_ws/install/dual_panda_moveit2_interface/include/dual_panda_moveit2_interface/dual_panda_moveit2_interface/srv/detail/remove_object__functions.h
-- Installing: /home/kptal/humanoid_ws/install/dual_panda_moveit2_interface/include/dual_panda_moveit2_interface/dual_panda_moveit2_interface/srv/detail/remove_object__struct.h
-- Installing: /home/kptal/humanoid_ws/install/dual_panda_moveit2_interface/include/dual_panda_moveit2_interface/dual_panda_moveit2_interface/srv/detail/detach_object__type_support.h
-- Installing: /home/kptal/humanoid_ws/install/dual_panda_moveit2_interface/include/dual_panda_moveit2_interface/dual_panda_moveit2_interface/srv/detail/spawn_object__functions.h
-- Installing: /home/kptal/humanoid_ws/install/dual_panda_moveit2_interface/include/dual_panda_moveit2_interface/dual_panda_moveit2_interface/srv/detail/remove_object__functions.c
-- Installing: /home/kptal/humanoid_ws/install/dual_panda_moveit2_interface/include/dual_panda_moveit2_interface/dual_panda_moveit2_interface/srv/remove_object.h
-- Installing: /home/kptal/humanoid_ws/install/dual_panda_moveit2_interface/include/dual_panda_moveit2_interface/dual_panda_moveit2_interface/srv/detach_object.h
-- Installing: /home/kptal/humanoid_ws/install/dual_panda_moveit2_interface/share/dual_panda_moveit2_interface/environment/library_path.sh
-- Installing: /home/kptal/humanoid_ws/install/dual_panda_moveit2_interface/share/dual_panda_moveit2_interface/environment/library_path.dsv
-- Installing: /home/kptal/humanoid_ws/install/dual_panda_moveit2_interface/lib/libdual_panda_moveit2_interface__rosidl_generator_c.so
-- Set runtime path of "/home/kptal/humanoid_ws/install/dual_panda_moveit2_interface/lib/libdual_panda_moveit2_interface__rosidl_generator_c.so" to ""
-- Up-to-date: /home/kptal/humanoid_ws/install/dual_panda_moveit2_interface/include/dual_panda_moveit2_interface/dual_panda_moveit2_interface
-- Up-to-date: /home/kptal/humanoid_ws/install/dual_panda_moveit2_interface/include/dual_panda_moveit2_interface/dual_panda_moveit2_interface/msg
-- Installing: /home/kptal/humanoid_ws/install/dual_panda_moveit2_interface/include/dual_panda_moveit2_interface/dual_panda_moveit2_interface/msg/rosidl_typesupport_fastrtps_c__visibility_control.h
-- Up-to-date: /home/kptal/humanoid_ws/install/dual_panda_moveit2_interface/include/dual_panda_moveit2_interface/dual_panda_moveit2_interface/msg/detail
-- Installing: /home/kptal/humanoid_ws/install/dual_panda_moveit2_interface/include/dual_panda_moveit2_interface/dual_panda_moveit2_interface/msg/detail/object_spec__rosidl_typesupport_fastrtps_c.h
-- Installing: /home/kptal/humanoid_ws/install/dual_panda_moveit2_interface/include/dual_panda_moveit2_interface/dual_panda_moveit2_interface/msg/detail/spawn_batch__rosidl_typesupport_fastrtps_c.h
-- Installing: /home/kptal/humanoid_ws/install/dual_panda_moveit2_interface/include/dual_panda_moveit2_interface/dual_panda_moveit2_interface/msg/detail/robot_pose__rosidl_typesupport_fastrtps_c.h
-- Up-to-date: /home/kptal/humanoid_ws/install/dual_panda_moveit2_interface/include/dual_panda_moveit2_interface/dual_panda_moveit2_interface/action
-- Up-to-date: /home/kptal/humanoid_ws/install/dual_panda_moveit2_interface/include/dual_panda_moveit2_interface/dual_panda_moveit2_interface/action/detail
-- Installing: /home/kptal/humanoid_ws/install/dual_panda_moveit2_interface/include/dual_panda_moveit2_interface/dual_panda_moveit2_interface/action/detail/move__rosidl_typesupport_fastrtps_c.h
-- Up-to-date: /home/kptal/humanoid_ws/install/dual_panda_moveit2_interface/include/dual_panda_moveit2_interface/dual_panda_moveit2_interface/srv
-- Up-to-date: /home/kptal/humanoid_ws/install/dual_panda_moveit2_interface/include/dual_panda_moveit2_interface/dual_panda_moveit2_interface/srv/detail
-- Installing: /home/kptal/humanoid_ws/install/dual_panda_moveit2_interface/include/dual_panda_moveit2_interface/dual_panda_moveit2_interface/srv/detail/spawn_object__rosidl_typesupport_fastrtps_c.h
-- Installing: /home/kptal/humanoid_ws/install/dual_panda_moveit2_interface/include/dual_panda_moveit2_interface/dual_panda_moveit2_interface/srv/detail/detach_object__rosidl_typesupport_fastrtps_c.h
-- Installing: /home/kptal/humanoid_ws/install/dual_panda_moveit2_interface/include/dual_panda_moveit2_interface/dual_panda_moveit2_interface/srv/detail/remove_object__rosidl_typesupport_fastrtps_c.h
-- Installing: /home/kptal/humanoid_ws/install/dual_panda_moveit2_interface/include/dual_panda_moveit2_interface/dual_panda_moveit2_interface/srv/detail/attach_object__rosidl_typesupport_fastrtps_c.h
-- Installing: /home/kptal/humanoid_ws/install/dual_panda_moveit2_interface/include/dual_panda_moveit2_interface/dual_panda_moveit2_interface/srv/detail/gripper_control__rosidl_typesupport_fastrtps_c.h
-- Installing: /home/kptal/humanoid_ws/install/dual_panda_moveit2_interface/lib/libdual_panda_moveit2_interface__rosidl_typesupport_fastrtps_c.so
-- Set runtime path of "/home/kptal/humanoid_ws/install/dual_panda_moveit2_interface/lib/libdual_panda_moveit2_interface__rosidl_typesupport_fastrtps_c.so" to ""
-- Up-to-date: /home/kptal/humanoid_ws/install/dual_panda_moveit2_interface/include/dual_panda_moveit2_interface/dual_panda_moveit2_interface
-- Up-to-date: /home/kptal/humanoid_ws/install/dual_panda_moveit2_interface/include/dual_panda_moveit2_interface/dual_panda_moveit2_interface/msg
-- Installing: /home/kptal/humanoid_ws/install/dual_panda_moveit2_interface/include/dual_panda_moveit2_interface/dual_panda_moveit2_interface/msg/object_spec.hpp
-- Installing: /home/kptal/humanoid_ws/install/dual_panda_moveit2_interface/include/dual_panda_moveit2_interface/dual_panda_moveit2_interface/msg/spawn_batch.hpp
-- Installing: /home/kptal/humanoid_ws/install/dual_panda_moveit2_interface/include/dual_panda_moveit2_interface/dual_panda_moveit2_interface/msg/rosidl_generator_cpp__visibility_control.hpp
-- Up-to-date: /home/kptal/humanoid_ws/install/dual_panda_moveit2_interface/include/dual_panda_moveit2_interface/dual_panda_moveit2_interface/msg/detail
-- Installing: /home/kptal/humanoid_ws/install/dual_panda_moveit2_interface/include/dual_panda_moveit2_interface/dual_panda_moveit2_interface/msg/detail/spawn_batch__type_support.hpp
-- Installing: /home/kptal/humanoid_ws/install/dual_panda_moveit2_interface/include/dual_panda_moveit2_interface/dual_panda_moveit2_interface/msg/detail/spawn_batch__struct.hpp
-- Installing: /home/kptal/humanoid_ws/install/dual_panda_moveit2_interface/include/dual_panda_moveit2_interface/dual_panda_moveit2_interface/msg/detail/spawn_batch__builder.hpp
-- Installing: /home/kptal/humanoid_ws/install/dual_panda_moveit2_interface/include/dual_panda_moveit2_interface/dual_panda_moveit2_interface/msg/detail/robot_pose__builder.hpp
-- Installing: /home/kptal/humanoid_ws/install/dual_panda_moveit2_interface/include/dual_panda_moveit2_interface/dual_panda_moveit2_interface/msg/detail/robot_pose__traits.hpp
-- Installing: /home/kptal/humanoid_ws/install/dual_panda_moveit2_interface/include/dual_panda_moveit2_interface/dual_panda_moveit2_interface/msg/detail/object_spec__struct.hpp
-- Installing: /home/kptal/humanoid_ws/install/dual_panda_moveit2_interface/include/dual_panda_moveit2_interface/dual_panda_moveit2_interface/msg/detail/object_spec__builder.hpp
-- Installing: /home/kptal/humanoid_ws/install/dual_panda_moveit2_interface/include/dual_panda_moveit2_interface/dual_panda_moveit2_interface/msg/detail/robot_pose__struct.hpp
-- Installing: /home/kptal/humanoid_ws/install/dual_panda_moveit2_interface/include/dual_panda_moveit2_interface/dual_panda_moveit2_interface/msg/detail/spawn_batch__traits.hpp
-- Installing: /home/kptal/humanoid_ws/install/dual_panda_moveit2_interface/include/dual_panda_moveit2_interface/dual_panda_moveit2_interface/msg/detail/robot_pose__type_support.hpp
-- Installing: /home/kptal/humanoid_ws/install/dual_panda_moveit2_interface/include/dual_panda_moveit2_interface/dual_panda_moveit2_interface/msg/detail/object_spec__traits.hpp
-- Installing: /home/kptal/humanoid_ws/install/dual_panda_moveit2_interface/include/dual_panda_moveit2_interface/dual_panda_moveit2_interface/msg/detail/object_spec__type_support.hpp
-- Installing: /home/kptal/humanoid_ws/install/dual_panda_moveit2_interface/include/dual_panda_moveit2_interface/dual_panda_moveit2_interface/msg/robot_pose.hpp
-- Up-to-date: /home/kptal/humanoid_ws/install/dual_panda_moveit2_interface/include/dual_panda_moveit2_interface/dual_panda_moveit2_interface/action
-- Installing: /home/kptal/humanoid_ws/install/dual_panda_moveit2_interface/include/dual_panda_moveit2_interface/dual_panda_moveit2_interface/action/move.hpp
-- Up-to-date: /home/kptal/humanoid_ws/install/dual_panda_moveit2_interface/include/dual_panda_moveit2_interface/dual_panda_moveit2_interface/action/detail
-- Installing: /home/kptal/humanoid_ws/install/dual_panda_moveit2_interface/include/dual_panda_moveit2_interface/dual_panda_moveit2_interface/action/detail/move__traits.hpp
-- Installing: /home/kptal/humanoid_ws/install/dual_panda_moveit2_interface/include/dual_panda_moveit2_interface/dual_panda_moveit2_interface/action/detail/move__struct.hpp
-- Installing: /home/kptal/humanoid_ws/install/dual_panda_moveit2_interface/include/dual_panda_moveit2_interface/dual_panda_moveit2_interface/action/detail/move__type_support.hpp
-- Installing: /home/kptal/humanoid_ws/install/dual_panda_moveit2_interface/include/dual_panda_moveit2_interface/dual_panda_moveit2_interface/action/detail/move__builder.hpp
-- Up-to-date: /home/kptal/humanoid_ws/install/dual_panda_moveit2_interface/include/dual_panda_moveit2_interface/dual_panda_moveit2_interface/srv
-- Installing: /home/kptal/humanoid_ws/install/dual_panda_moveit2_interface/include/dual_panda_moveit2_interface/dual_panda_moveit2_interface/srv/spawn_object.hpp
-- Installing: /home/kptal/humanoid_ws/install/dual_panda_moveit2_interface/include/dual_panda_moveit2_interface/dual_panda_moveit2_interface/srv/gripper_control.hpp
-- Up-to-date: /home/kptal/humanoid_ws/install/dual_panda_moveit2_interface/include/dual_panda_moveit2_interface/dual_panda_moveit2_interface/srv/detail
-- Installing: /home/kptal/humanoid_ws/install/dual_panda_moveit2_interface/include/dual_panda_moveit2_interface/dual_panda_moveit2_interface/srv/detail/attach_object__builder.hpp
-- Installing: /home/kptal/humanoid_ws/install/dual_panda_moveit2_interface/include/dual_panda_moveit2_interface/dual_panda_moveit2_interface/srv/detail/remove_object__struct.hpp
-- Installing: /home/kptal/humanoid_ws/install/dual_panda_moveit2_interface/include/dual_panda_moveit2_interface/dual_panda_moveit2_interface/srv/detail/gripper_control__type_support.hpp
-- Installing: /home/kptal/humanoid_ws/install/dual_panda_moveit2_interface/include/dual_panda_moveit2_interface/dual_panda_moveit2_interface/srv/detail/spawn_object__struct.hpp
-- Installing: /home/kptal/humanoid_ws/install/dual_panda_moveit2_interface/include/dual_panda_moveit2_interface/dual_panda_moveit2_interface/srv/detail/remove_object__traits.hpp
-- Installing: /home/kptal/humanoid_ws/install/dual_panda_moveit2_interface/include/dual_panda_moveit2_interface/dual_panda_moveit2_interface/srv/detail/attach_object__traits.hpp
-- Installing: /home/kptal/humanoid_ws/install/dual_panda_moveit2_interface/include/dual_panda_moveit2_interface/dual_panda_moveit2_interface/srv/detail/spawn_object__type_support.hpp
-- Installing: /home/kptal/humanoid_ws/install/dual_panda_moveit2_interface/include/dual_panda_moveit2_interface/dual_panda_moveit2_interface/srv/detail/detach_object__traits.hpp
-- Installing: /home/kptal/humanoid_ws/install/dual_panda_moveit2_interface/include/dual_panda_moveit2_interface/dual_panda_moveit2_interface/srv/detail/detach_object__type_support.hpp
-- Installing: /home/kptal/humanoid_ws/install/dual_panda_moveit2_interface/include/dual_panda_moveit2_interface/dual_panda_moveit2_interface/srv/detail/attach_object__struct.hpp
-- Installing: /home/kptal/humanoid_ws/install/dual_panda_moveit2_interface/include/dual_panda_moveit2_interface/dual_panda_moveit2_interface/srv/detail/detach_object__builder.hpp
-- Installing: /home/kptal/humanoid_ws/install/dual_panda_moveit2_interface/include/dual_panda_moveit2_interface/dual_panda_moveit2_interface/srv/detail/gripper_control__builder.hpp
-- Installing: /home/kptal/humanoid_ws/install/dual_panda_moveit2_interface/include/dual_panda_moveit2_interface/dual_panda_moveit2_interface/srv/detail/gripper_control__traits.hpp
-- Installing: /home/kptal/humanoid_ws/install/dual_panda_moveit2_interface/include/dual_panda_moveit2_interface/dual_panda_moveit2_interface/srv/detail/attach_object__type_support.hpp
-- Installing: /home/kptal/humanoid_ws/install/dual_panda_moveit2_interface/include/dual_panda_moveit2_interface/dual_panda_moveit2_interface/srv/detail/detach_object__struct.hpp
-- Installing: /home/kptal/humanoid_ws/install/dual_panda_moveit2_interface/include/dual_panda_moveit2_interface/dual_panda_moveit2_interface/srv/detail/remove_object__builder.hpp
-- Installing: /home/kptal/humanoid_ws/install/dual_panda_moveit2_interface/include/dual_panda_moveit2_interface/dual_panda_moveit2_interface/srv/detail/gripper_control__struct.hpp
-- Installing: /home/kptal/humanoid_ws/install/dual_panda_moveit2_interface/include/dual_panda_moveit2_interface/dual_panda_moveit2_interface/srv/detail/remove_object__type_support.hpp
-- Installing: /home/kptal/humanoid_ws/install/dual_panda_moveit2_interface/include/dual_panda_moveit2_interface/dual_panda_moveit2_interface/srv/detail/spawn_object__builder.hpp
-- Installing: /home/kptal/humanoid_ws/install/dual_panda_moveit2_interface/include/dual_panda_moveit2_interface/dual_panda_moveit2_interface/srv/detail/spawn_object__traits.hpp
-- Installing: /home/kptal/humanoid_ws/install/dual_panda_moveit2_interface/include/dual_panda_moveit2_interface/dual_panda_moveit2_interface/srv/remove_object.hpp
-- Installing: /home/kptal/humanoid_ws/install/dual_panda_moveit2_interface/include/dual_panda_moveit2_interface/dual_panda_moveit2_interface/srv/attach_object.hpp
-- Installing: /home/kptal/humanoid_ws/install/dual_panda_moveit2_interface/include/dual_panda_moveit2_interface/dual_panda_moveit2_interface/srv/detach_object.hpp
-- Up-to-date: /home/kptal/humanoid_ws/install/dual_panda_moveit2_interface/include/dual_panda_moveit2_interface/dual_panda_moveit2_interface
-- Up-to-date: /home/kptal/humanoid_ws/install/dual_panda_moveit2_interface/include/dual_panda_moveit2_interface/dual_panda_moveit2_interface/msg
-- Up-to-date: /home/kptal/humanoid_ws/install/dual_panda_moveit2_interface/include/dual_panda_moveit2_interface/dual_panda_moveit2_interface/msg/detail
-- Installing: /home/kptal/humanoid_ws/install/dual_panda_moveit2_interface/include/dual_panda_moveit2_interface/dual_panda_moveit2_interface/msg/detail/object_spec__rosidl_typesupport_fastrtps_cpp.hpp
-- Installing: /home/kptal/humanoid_ws/install/dual_panda_moveit2_interface/include/dual_panda_moveit2_interface/dual_panda_moveit2_interface/msg/detail/dds_fastrtps
-- Installing: /home/kptal/humanoid_ws/install/dual_panda_moveit2_interface/include/dual_panda_moveit2_interface/dual_panda_moveit2_interface/msg/detail/robot_pose__rosidl_typesupport_fastrtps_cpp.hpp
-- Installing: /home/kptal/humanoid_ws/install/dual_panda_moveit2_interface/include/dual_panda_moveit2_interface/dual_panda_moveit2_interface/msg/detail/spawn_batch__rosidl_typesupport_fastrtps_cpp.hpp
-- Installing: /home/kptal/humanoid_ws/install/dual_panda_moveit2_interface/include/dual_panda_moveit2_interface/dual_panda_moveit2_interface/msg/rosidl_typesupport_fastrtps_cpp__visibility_control.h
-- Up-to-date: /home/kptal/humanoid_ws/install/dual_panda_moveit2_interface/include/dual_panda_moveit2_interface/dual_panda_moveit2_interface/action
-- Up-to-date: /home/kptal/humanoid_ws/install/dual_panda_moveit2_interface/include/dual_panda_moveit2_interface/dual_panda_moveit2_interface/action/detail
-- Installing: /home/kptal/humanoid_ws/install/dual_panda_moveit2_interface/include/dual_panda_moveit2_interface/dual_panda_moveit2_interface/action/detail/dds_fastrtps
-- Installing: /home/kptal/humanoid_ws/install/dual_panda_moveit2_interface/include/dual_panda_moveit2_interface/dual_panda_moveit2_interface/action/detail/move__rosidl_typesupport_fastrtps_cpp.hpp
-- Up-to-date: /home/kptal/humanoid_ws/install/dual_panda_moveit2_interface/include/dual_panda_moveit2_interface/dual_panda_moveit2_interface/srv
-- Up-to-date: /home/kptal/humanoid_ws/install/dual_panda_moveit2_interface/include/dual_panda_moveit2_interface/dual_panda_moveit2_interface/srv/detail
-- Installing: /home/kptal/humanoid_ws/install/dual_panda_moveit2_interface/include/dual_panda_moveit2_interface/dual_panda_moveit2_interface/srv/detail/attach_object__rosidl_typesupport_fastrtps_cpp.hpp
-- Installing: /home/kptal/humanoid_ws/install/dual_panda_moveit2_interface/include/dual_panda_moveit2_interface/dual_panda_moveit2_interface/srv/detail/gripper_control__rosidl_typesupport_fastrtps_cpp.hpp
-- Installing: /home/kptal/humanoid_ws/install/dual_panda_moveit2_interface/include/dual_panda_moveit2_interface/dual_panda_moveit2_interface/srv/detail/detach_object__rosidl_typesupport_fastrtps_cpp.hpp
-- Installing: /home/kptal/humanoid_ws/install/dual_panda_moveit2_interface/include/dual_panda_moveit2_interface/dual_panda_moveit2_interface/srv/detail/remove_object__rosidl_typesupport_fastrtps_cpp.hpp
-- Installing: /home/kptal/humanoid_ws/install/dual_panda_moveit2_interface/include/dual_panda_moveit2_interface/dual_panda_moveit2_interface/srv/detail/spawn_object__rosidl_typesupport_fastrtps_cpp.hpp
-- Installing: /home/kptal/humanoid_ws/install/dual_panda_moveit2_interface/include/dual_panda_moveit2_interface/dual_panda_moveit2_interface/srv/detail/dds_fastrtps
-- Installing: /home/kptal/humanoid_ws/install/dual_panda_moveit2_interface/lib/libdual_panda_moveit2_interface__rosidl_typesupport_fastrtps_cpp.so
-- Set runtime path of "/home/kptal/humanoid_ws/install/dual_panda_moveit2_interface/lib/libdual_panda_moveit2_interface__rosidl_typesupport_fastrtps_cpp.so" to ""
-- Up-to-date: /home/kptal/humanoid_ws/install/dual_panda_moveit2_interface/include/dual_panda_moveit2_interface/dual_panda_moveit2_interface
-- Up-to-date: /home/kptal/humanoid_ws/install/dual_panda_moveit2_interface/include/dual_panda_moveit2_interface/dual_panda_moveit2_interface/msg
-- Installing: /home/kptal/humanoid_ws/install/dual_panda_moveit2_interface/include/dual_panda_moveit2_interface/dual_panda_moveit2_interface/msg/rosidl_typesupport_introspection_c__visibility_control.h
-- Up-to-date: /home/kptal/humanoid_ws/install/dual_panda_moveit2_interface/include/dual_panda_moveit2_interface/dual_panda_moveit2_interface/msg/detail
-- Installing: /home/kptal/humanoid_ws/install/dual_panda_moveit2_interface/include/dual_panda_moveit2_interface/dual_panda_moveit2_interface/msg/detail/robot_pose__rosidl_typesupport_introspection_c.h
-- Installing: /home/kptal/humanoid_ws/install/dual_panda_moveit2_interface/include/dual_panda_moveit2_interface/dual_panda_moveit2_interface/msg/detail/object_spec__rosidl_typesupport_introspection_c.h
-- Installing: /home/kptal/humanoid_ws/install/dual_panda_moveit2_interface/include/dual_panda_moveit2_interface/dual_panda_moveit2_interface/msg/detail/spawn_batch__type_support.c
-- Installing: /home/kptal/humanoid_ws/install/dual_panda_moveit2_interface/include/dual_panda_moveit2_interface/dual_panda_moveit2_interface/msg/detail/spawn_batch__rosidl_typesupport_introspection_c.h
-- Installing: /home/kptal/humanoid_ws/install/dual_panda_moveit2_interface/include/dual_panda_moveit2_interface/dual_panda_moveit2_interface/msg/detail/object_spec__type_support.c
-- Installing: /home/kptal/humanoid_ws/install/dual_panda_moveit2_interface/include/dual_panda_moveit2_interface/dual_panda_moveit2_interface/msg/detail/robot_pose__type_support.c
-- Up-to-date: /home/kptal/humanoid_ws/install/dual_panda_moveit2_interface/include/dual_panda_moveit2_interface/dual_panda_moveit2_interface/action
-- Up-to-date: /home/kptal/humanoid_ws/install/dual_panda_moveit2_interface/include/dual_panda_moveit2_interface/dual_panda_moveit2_interface/action/detail
-- Installing: /home/kptal/humanoid_ws/install/dual_panda_moveit2_interface/include/dual_panda_moveit2_interface/dual_panda_moveit2_interface/action/detail/move__type_support.c
-- Installing: /home/kptal/humanoid_ws/install/dual_panda_moveit2_interface/include/dual_panda_moveit2_interface/dual_panda_moveit2_interface/action/detail/move__rosidl_typesupport_introspection_c.h
-- Up-to-date: /home/kptal/humanoid_ws/install/dual_panda_moveit2_interface/include/dual_panda_moveit2_interface/dual_panda_moveit2_interface/srv
-- Up-to-date: /home/kptal/humanoid_ws/install/dual_panda_moveit2_interface/include/dual_panda_moveit2_interface/dual_panda_moveit2_interface/srv/detail
-- Installing: /home/kptal/humanoid_ws/install/dual_panda_moveit2_interface/include/dual_panda_moveit2_interface/dual_panda_moveit2_interface/srv/detail/remove_object__type_support.c
-- Installing: /home/kptal/humanoid_ws/install/dual_panda_moveit2_interface/include/dual_panda_moveit2_interface/dual_panda_moveit2_interface/srv/detail/gripper_control__rosidl_typesupport_introspection_c.h
-- Installing: /home/kptal/humanoid_ws/install/dual_panda_moveit2_interface/include/dual_panda_moveit2_interface/dual_panda_moveit2_interface/srv/detail/detach_object__rosidl_typesupport_introspection_c.h
-- Installing: /home/kptal/humanoid_ws/install/dual_panda_moveit2_interface/include/dual_panda_moveit2_interface/dual_panda_moveit2_interface/srv/detail/spawn_object__type_support.c
-- Installing: /home/kptal/humanoid_ws/install/dual_panda_moveit2_interface/include/dual_panda_moveit2_interface/dual_panda_moveit2_interface/srv/detail/remove_object__rosidl_typesupport_introspection_c.h
-- Installing: /home/kptal/humanoid_ws/install/dual_panda_moveit2_interface/include/dual_panda_moveit2_interface/dual_panda_moveit2_interface/srv/detail/gripper_control__type_support.c
-- Installing: /home/kptal/humanoid_ws/install/dual_panda_moveit2_interface/include/dual_panda_moveit2_interface/dual_panda_moveit2_interface/srv/detail/attach_object__rosidl_typesupport_introspection_c.h
-- Installing: /home/kptal/humanoid_ws/install/dual_panda_moveit2_interface/include/dual_panda_moveit2_interface/dual_panda_moveit2_interface/srv/detail/detach_object__type_support.c
-- Installing: /home/kptal/humanoid_ws/install/dual_panda_moveit2_interface/include/dual_panda_moveit2_interface/dual_panda_moveit2_interface/srv/detail/spawn_object__rosidl_typesupport_introspection_c.h
-- Installing: /home/kptal/humanoid_ws/install/dual_panda_moveit2_interface/include/dual_panda_moveit2_interface/dual_panda_moveit2_interface/srv/detail/attach_object__type_support.c
-- Installing: /home/kptal/humanoid_ws/install/dual_panda_moveit2_interface/lib/libdual_panda_moveit2_interface__rosidl_typesupport_introspection_c.so
-- Set runtime path of "/home/kptal/humanoid_ws/install/dual_panda_moveit2_interface/lib/libdual_panda_moveit2_interface__rosidl_typesupport_introspection_c.so" to ""
-- Installing: /home/kptal/humanoid_ws/install/dual_panda_moveit2_interface/lib/libdual_panda_moveit2_interface__rosidl_typesupport_c.so
-- Set runtime path of "/home/kptal/humanoid_ws/install/dual_panda_moveit2_interface/lib/libdual_panda_moveit2_interface__rosidl_typesupport_c.so" to ""
-- Up-to-date: /home/kptal/humanoid_ws/install/dual_panda_moveit2_interface/include/dual_panda_moveit2_interface/dual_panda_moveit2_interface
-- Up-to-date: /home/kptal/humanoid_ws/install/dual_panda_moveit2_interface/include/dual_panda_moveit2_interface/dual_panda_moveit2_interface/msg
-- Up-to-date: /home/kptal/humanoid_ws/install/dual_panda_moveit2_interface/include/dual_panda_moveit2_interface/dual_panda_moveit2_interface/msg/detail
-- Installing: /home/kptal/humanoid_ws/install/dual_panda_moveit2_interface/include/dual_panda_moveit2_interface/dual_panda_moveit2_interface/msg/detail/object_spec__rosidl_typesupport_introspection_cpp.hpp
-- Installing: /home/kptal/humanoid_ws/install/dual_panda_moveit2_interface/include/dual_panda_moveit2_interface/dual_panda_moveit2_interface/msg/detail/spawn_batch__type_support.cpp
-- Installing: /home/kptal/humanoid_ws/install/dual_panda_moveit2_interface/include/dual_panda_moveit2_interface/dual_panda_moveit2_interface/msg/detail/robot_pose__rosidl_typesupport_introspection_cpp.hpp
-- Installing: /home/kptal/humanoid_ws/install/dual_panda_moveit2_interface/include/dual_panda_moveit2_interface/dual_panda_moveit2_interface/msg/detail/spawn_batch__rosidl_typesupport_introspection_cpp.hpp
-- Installing: /home/kptal/humanoid_ws/install/dual_panda_moveit2_interface/include/dual_panda_moveit2_interface/dual_panda_moveit2_interface/msg/detail/object_spec__type_support.cpp
-- Installing: /home/kptal/humanoid_ws/install/dual_panda_moveit2_interface/include/dual_panda_moveit2_interface/dual_panda_moveit2_interface/msg/detail/robot_pose__type_support.cpp
-- Up-to-date: /home/kptal/humanoid_ws/install/dual_panda_moveit2_interface/include/dual_panda_moveit2_interface/dual_panda_moveit2_interface/action
-- Up-to-date: /home/kptal/humanoid_ws/install/dual_panda_moveit2_interface/include/dual_panda_moveit2_interface/dual_panda_moveit2_interface/action/detail
-- Installing: /home/kptal/humanoid_ws/install/dual_panda_moveit2_interface/include/dual_panda_moveit2_interface/dual_panda_moveit2_interface/action/detail/move__rosidl_typesupport_introspection_cpp.hpp
-- Installing: /home/kptal/humanoid_ws/install/dual_panda_moveit2_interface/include/dual_panda_moveit2_interface/dual_panda_moveit2_interface/action/detail/move__type_support.cpp
-- Up-to-date: /home/kptal/humanoid_ws/install/dual_panda_moveit2_interface/include/dual_panda_moveit2_interface/dual_panda_moveit2_interface/srv
-- Up-to-date: /home/kptal/humanoid_ws/install/dual_panda_moveit2_interface/include/dual_panda_moveit2_interface/dual_panda_moveit2_interface/srv/detail
-- Installing: /home/kptal/humanoid_ws/install/dual_panda_moveit2_interface/include/dual_panda_moveit2_interface/dual_panda_moveit2_interface/srv/detail/spawn_object__rosidl_typesupport_introspection_cpp.hpp
-- Installing: /home/kptal/humanoid_ws/install/dual_panda_moveit2_interface/include/dual_panda_moveit2_interface/dual_panda_moveit2_interface/srv/detail/attach_object__rosidl_typesupport_introspection_cpp.hpp
-- Installing: /home/kptal/humanoid_ws/install/dual_panda_moveit2_interface/include/dual_panda_moveit2_interface/dual_panda_moveit2_interface/srv/detail/gripper_control__type_support.cpp
-- Installing: /home/kptal/humanoid_ws/install/dual_panda_moveit2_interface/include/dual_panda_moveit2_interface/dual_panda_moveit2_interface/srv/detail/detach_object__rosidl_typesupport_introspection_cpp.hpp
-- Installing: /home/kptal/humanoid_ws/install/dual_panda_moveit2_interface/include/dual_panda_moveit2_interface/dual_panda_moveit2_interface/srv/detail/spawn_object__type_support.cpp
-- Installing: /home/kptal/humanoid_ws/install/dual_panda_moveit2_interface/include/dual_panda_moveit2_interface/dual_panda_moveit2_interface/srv/detail/attach_object__type_support.cpp
-- Installing: /home/kptal/humanoid_ws/install/dual_panda_moveit2_interface/include/dual_panda_moveit2_interface/dual_panda_moveit2_interface/srv/detail/detach_object__type_support.cpp
-- Installing: /home/kptal/humanoid_ws/install/dual_panda_moveit2_interface/include/dual_panda_moveit2_interface/dual_panda_moveit2_interface/srv/detail/remove_object__type_support.cpp
-- Installing: /home/kptal/humanoid_ws/install/dual_panda_moveit2_interface/include/dual_panda_moveit2_interface/dual_panda_moveit2_interface/srv/detail/gripper_control__rosidl_typesupport_introspection_cpp.hpp
-- Installing: /home/kptal/humanoid_ws/install/dual_panda_moveit2_interface/include/dual_panda_moveit2_interface/dual_panda_moveit2_interface/srv/detail/remove_object__rosidl_typesupport_introspection_cpp.hpp
-- Installing: /home/kptal/humanoid_ws/install/dual_panda_moveit2_interface/lib/libdual_panda_moveit2_interface__rosidl_typesupport_introspection_cpp.so
-- Set runtime path of "/home/kptal/humanoid_ws/install/dual_panda_moveit2_interface/lib/libdual_panda_moveit2_interface__rosidl_typesupport_introspection_cpp.so" to ""
-- Installing: /home/kptal/humanoid_ws/install/dual_panda_moveit2_interface/lib/libdual_panda_moveit2_interface__rosidl_typesupport_cpp.so
-- Set runtime path of "/home/kptal/humanoid_ws/install/dual_panda_moveit2_interface/lib/libdual_panda_moveit2_interface__rosidl_typesupport_cpp.so" to ""
-- Installing: /home/kptal/humanoid_ws/install/dual_panda_moveit2_interface/share/dual_panda_moveit2_interface/environment/pythonpath.sh
-- Installing: /home/kptal/humanoid_ws/install/dual_panda_moveit2_interface/share/dual_panda_moveit2_interface/environment/pythonpath.dsv
-- Installing: /home/kptal/humanoid_ws/install/dual_panda_moveit2_interface/local/lib/python3.10/dist-packages/dual_panda_moveit2_interface-0.0.0-py3.10.egg-info
-- Installing: /home/kptal/humanoid_ws/install/dual_panda_moveit2_interface/local/lib/python3.10/dist-packages/dual_panda_moveit2_interface-0.0.0-py3.10.egg-info/SOURCES.txt
-- Installing: /home/kptal/humanoid_ws/install/dual_panda_moveit2_interface/local/lib/python3.10/dist-packages/dual_panda_moveit2_interface-0.0.0-py3.10.egg-info/PKG-INFO
-- Installing: /home/kptal/humanoid_ws/install/dual_panda_moveit2_interface/local/lib/python3.10/dist-packages/dual_panda_moveit2_interface-0.0.0-py3.10.egg-info/dependency_links.txt
-- Installing: /home/kptal/humanoid_ws/install/dual_panda_moveit2_interface/local/lib/python3.10/dist-packages/dual_panda_moveit2_interface-0.0.0-py3.10.egg-info/top_level.txt
-- Installing: /home/kptal/humanoid_ws/install/dual_panda_moveit2_interface/local/lib/python3.10/dist-packages/dual_panda_moveit2_interface
-- Installing: /home/kptal/humanoid_ws/install/dual_panda_moveit2_interface/local/lib/python3.10/dist-packages/dual_panda_moveit2_interface/msg
-- Installing: /home/kptal/humanoid_ws/install/dual_panda_moveit2_interface/local/lib/python3.10/dist-packages/dual_panda_moveit2_interface/msg/_object_spec.py
-- Installing: /home/kptal/humanoid_ws/install/dual_panda_moveit2_interface/local/lib/python3.10/dist-packages/dual_panda_moveit2_interface/msg/_robot_pose.py
-- Installing: /home/kptal/humanoid_ws/install/dual_panda_moveit2_interface/local/lib/python3.10/dist-packages/dual_panda_moveit2_interface/msg/_robot_pose_s.c
-- Installing: /home/kptal/humanoid_ws/install/dual_panda_moveit2_interface/local/lib/python3.10/dist-packages/dual_panda_moveit2_interface/msg/_object_spec_s.c
-- Installing: /home/kptal/humanoid_ws/install/dual_panda_moveit2_interface/local/lib/python3.10/dist-packages/dual_panda_moveit2_interface/msg/_spawn_batch_s.c
-- Installing: /home/kptal/humanoid_ws/install/dual_panda_moveit2_interface/local/lib/python3.10/dist-packages/dual_panda_moveit2_interface/msg/__init__.py
-- Installing: /home/kptal/humanoid_ws/install/dual_panda_moveit2_interface/local/lib/python3.10/dist-packages/dual_panda_moveit2_interface/msg/_spawn_batch.py
-- Installing: /home/kptal/humanoid_ws/install/dual_panda_moveit2_interface/local/lib/python3.10/dist-packages/dual_panda_moveit2_interface/_dual_panda_moveit2_interface_s.ep.rosidl_typesupport_c.c
-- Installing: /home/kptal/humanoid_ws/install/dual_panda_moveit2_interface/local/lib/python3.10/dist-packages/dual_panda_moveit2_interface/_dual_panda_moveit2_interface_s.ep.rosidl_typesupport_fastrtps_c.c
-- Installing: /home/kptal/humanoid_ws/install/dual_panda_moveit2_interface/local/lib/python3.10/dist-packages/dual_panda_moveit2_interface/_dual_panda_moveit2_interface_s.ep.rosidl_typesupport_introspection_c.c
-- Installing: /home/kptal/humanoid_ws/install/dual_panda_moveit2_interface/local/lib/python3.10/dist-packages/dual_panda_moveit2_interface/dual_panda_moveit2_interface_s__rosidl_typesupport_c.cpython-310-x86_64-linux-gnu.so
-- Installing: /home/kptal/humanoid_ws/install/dual_panda_moveit2_interface/local/lib/python3.10/dist-packages/dual_panda_moveit2_interface/dual_panda_moveit2_interface_s__rosidl_typesupport_fastrtps_c.cpython-310-x86_64-linux-gnu.so
-- Installing: /home/kptal/humanoid_ws/install/dual_panda_moveit2_interface/local/lib/python3.10/dist-packages/dual_panda_moveit2_interface/dual_panda_moveit2_interface_s__rosidl_typesupport_introspection_c.cpython-310-x86_64-linux-gnu.so
-- Installing: /home/kptal/humanoid_ws/install/dual_panda_moveit2_interface/local/lib/python3.10/dist-packages/dual_panda_moveit2_interface/action
-- Installing: /home/kptal/humanoid_ws/install/dual_panda_moveit2_interface/local/lib/python3.10/dist-packages/dual_panda_moveit2_interface/action/_move.py
-- Installing: /home/kptal/humanoid_ws/install/dual_panda_moveit2_interface/local/lib/python3.10/dist-packages/dual_panda_moveit2_interface/action/_move_s.c
-- Installing: /home/kptal/humanoid_ws/install/dual_panda_moveit2_interface/local/lib/python3.10/dist-packages/dual_panda_moveit2_interface/action/__init__.py
-- Installing: /home/kptal/humanoid_ws/install/dual_panda_moveit2_interface/local/lib/python3.10/dist-packages/dual_panda_moveit2_interface/libdual_panda_moveit2_interface__rosidl_generator_py.so
-- Installing: /home/kptal/humanoid_ws/install/dual_panda_moveit2_interface/local/lib/python3.10/dist-packages/dual_panda_moveit2_interface/srv
-- Installing: /home/kptal/humanoid_ws/install/dual_panda_moveit2_interface/local/lib/python3.10/dist-packages/dual_panda_moveit2_interface/srv/_attach_object.py
-- Installing: /home/kptal/humanoid_ws/install/dual_panda_moveit2_interface/local/lib/python3.10/dist-packages/dual_panda_moveit2_interface/srv/_spawn_object.py
-- Installing: /home/kptal/humanoid_ws/install/dual_panda_moveit2_interface/local/lib/python3.10/dist-packages/dual_panda_moveit2_interface/srv/_gripper_control_s.c
-- Installing: /home/kptal/humanoid_ws/install/dual_panda_moveit2_interface/local/lib/python3.10/dist-packages/dual_panda_moveit2_interface/srv/_spawn_object_s.c
-- Installing: /home/kptal/humanoid_ws/install/dual_panda_moveit2_interface/local/lib/python3.10/dist-packages/dual_panda_moveit2_interface/srv/_detach_object.py
-- Installing: /home/kptal/humanoid_ws/install/dual_panda_moveit2_interface/local/lib/python3.10/dist-packages/dual_panda_moveit2_interface/srv/_remove_object_s.c
-- Installing: /home/kptal/humanoid_ws/install/dual_panda_moveit2_interface/local/lib/python3.10/dist-packages/dual_panda_moveit2_interface/srv/_attach_object_s.c
-- Installing: /home/kptal/humanoid_ws/install/dual_panda_moveit2_interface/local/lib/python3.10/dist-packages/dual_panda_moveit2_interface/srv/_gripper_control.py
-- Installing: /home/kptal/humanoid_ws/install/dual_panda_moveit2_interface/local/lib/python3.10/dist-packages/dual_panda_moveit2_interface/srv/_detach_object_s.c
-- Installing: /home/kptal/humanoid_ws/install/dual_panda_moveit2_interface/local/lib/python3.10/dist-packages/dual_panda_moveit2_interface/srv/_remove_object.py
-- Installing: /home/kptal/humanoid_ws/install/dual_panda_moveit2_interface/local/lib/python3.10/dist-packages/dual_panda_moveit2_interface/srv/__init__.py
-- Installing: /home/kptal/humanoid_ws/install/dual_panda_moveit2_interface/local/lib/python3.10/dist-packages/dual_panda_moveit2_interface/__init__.py
Listing '/home/kptal/humanoid_ws/install/dual_panda_moveit2_interface/local/lib/python3.10/dist-packages/dual_panda_moveit2_interface'...
Compiling '/home/kptal/humanoid_ws/install/dual_panda_moveit2_interface/local/lib/python3.10/dist-packages/dual_panda_moveit2_interface/__init__.py'...
Listing '/home/kptal/humanoid_ws/install/dual_panda_moveit2_interface/local/lib/python3.10/dist-packages/dual_panda_moveit2_interface/action'...
Compiling '/home/kptal/humanoid_ws/install/dual_panda_moveit2_interface/local/lib/python3.10/dist-packages/dual_panda_moveit2_interface/action/__init__.py'...
Compiling '/home/kptal/humanoid_ws/install/dual_panda_moveit2_interface/local/lib/python3.10/dist-packages/dual_panda_moveit2_interface/action/_move.py'...
Listing '/home/kptal/humanoid_ws/install/dual_panda_moveit2_interface/local/lib/python3.10/dist-packages/dual_panda_moveit2_interface/msg'...
Compiling '/home/kptal/humanoid_ws/install/dual_panda_moveit2_interface/local/lib/python3.10/dist-packages/dual_panda_moveit2_interface/msg/__init__.py'...
Compiling '/home/kptal/humanoid_ws/install/dual_panda_moveit2_interface/local/lib/python3.10/dist-packages/dual_panda_moveit2_interface/msg/_object_spec.py'...
Compiling '/home/kptal/humanoid_ws/install/dual_panda_moveit2_interface/local/lib/python3.10/dist-packages/dual_panda_moveit2_interface/msg/_robot_pose.py'...
Compiling '/home/kptal/humanoid_ws/install/dual_panda_moveit2_interface/local/lib/python3.10/dist-packages/dual_panda_moveit2_interface/msg/_spawn_batch.py'...
Listing '/home/kptal/humanoid_ws/install/dual_panda_moveit2_interface/local/lib/python3.10/dist-packages/dual_panda_moveit2_interface/srv'...
Compiling '/home/kptal/humanoid_ws/install/dual_panda_moveit2_interface/local/lib/python3.10/dist-packages/dual_panda_moveit2_interface/srv/__init__.py'...
Compiling '/home/kptal/humanoid_ws/install/dual_panda_moveit2_interface/local/lib/python3.10/dist-packages/dual_panda_moveit2_interface/srv/_attach_object.py'...
Compiling '/home/kptal/humanoid_ws/install/dual_panda_moveit2_interface/local/lib/python3.10/dist-packages/dual_panda_moveit2_interface/srv/_detach_object.py'...
Compiling '/home/kptal/humanoid_ws/install/dual_panda_moveit2_interface/local/lib/python3.10/dist-packages/dual_panda_moveit2_interface/srv/_gripper_control.py'...
Compiling '/home/kptal/humanoid_ws/install/dual_panda_moveit2_interface/local/lib/python3.10/dist-packages/dual_panda_moveit2_interface/srv/_remove_object.py'...
Compiling '/home/kptal/humanoid_ws/install/dual_panda_moveit2_interface/local/lib/python3.10/dist-packages/dual_panda_moveit2_interface/srv/_spawn_object.py'...
-- Installing: /home/kptal/humanoid_ws/install/dual_panda_moveit2_interface/local/lib/python3.10/dist-packages/dual_panda_moveit2_interface/dual_panda_moveit2_interface_s__rosidl_typesupport_fastrtps_c.cpython-310-x86_64-linux-gnu.so
-- Set runtime path of "/home/kptal/humanoid_ws/install/dual_panda_moveit2_interface/local/lib/python3.10/dist-packages/dual_panda_moveit2_interface/dual_panda_moveit2_interface_s__rosidl_typesupport_fastrtps_c.cpython-310-x86_64-linux-gnu.so" to ""
-- Installing: /home/kptal/humanoid_ws/install/dual_panda_moveit2_interface/local/lib/python3.10/dist-packages/dual_panda_moveit2_interface/dual_panda_moveit2_interface_s__rosidl_typesupport_introspection_c.cpython-310-x86_64-linux-gnu.so
-- Set runtime path of "/home/kptal/humanoid_ws/install/dual_panda_moveit2_interface/local/lib/python3.10/dist-packages/dual_panda_moveit2_interface/dual_panda_moveit2_interface_s__rosidl_typesupport_introspection_c.cpython-310-x86_64-linux-gnu.so" to ""
-- Installing: /home/kptal/humanoid_ws/install/dual_panda_moveit2_interface/local/lib/python3.10/dist-packages/dual_panda_moveit2_interface/dual_panda_moveit2_interface_s__rosidl_typesupport_c.cpython-310-x86_64-linux-gnu.so
-- Set runtime path of "/home/kptal/humanoid_ws/install/dual_panda_moveit2_interface/local/lib/python3.10/dist-packages/dual_panda_moveit2_interface/dual_panda_moveit2_interface_s__rosidl_typesupport_c.cpython-310-x86_64-linux-gnu.so" to ""
-- Installing: /home/kptal/humanoid_ws/install/dual_panda_moveit2_interface/lib/libdual_panda_moveit2_interface__rosidl_generator_py.so
-- Set runtime path of "/home/kptal/humanoid_ws/install/dual_panda_moveit2_interface/lib/libdual_panda_moveit2_interface__rosidl_generator_py.so" to ""
-- Installing: /home/kptal/humanoid_ws/install/dual_panda_moveit2_interface/share/dual_panda_moveit2_interface/msg/ObjectSpec.idl
-- Installing: /home/kptal/humanoid_ws/install/dual_panda_moveit2_interface/share/dual_panda_moveit2_interface/msg/RobotPose.idl
-- Installing: /home/kptal/humanoid_ws/install/dual_panda_moveit2_interface/share/dual_panda_moveit2_interface/msg/SpawnBatch.idl
-- Installing: /home/kptal/humanoid_ws/install/dual_panda_moveit2_interface/share/dual_panda_moveit2_interface/action/Move.idl
-- Installing: /home/kptal/humanoid_ws/install/dual_panda_moveit2_interface/share/dual_panda_moveit2_interface/srv/GripperControl.idl
-- Installing: /home/kptal/humanoid_ws/install/dual_panda_moveit2_interface/share/dual_panda_moveit2_interface/srv/SpawnObject.idl
-- Installing: /home/kptal/humanoid_ws/install/dual_panda_moveit2_interface/share/dual_panda_moveit2_interface/srv/RemoveObject.idl
-- Installing: /home/kptal/humanoid_ws/install/dual_panda_moveit2_interface/share/dual_panda_moveit2_interface/srv/AttachObject.idl
-- Installing: /home/kptal/humanoid_ws/install/dual_panda_moveit2_interface/share/dual_panda_moveit2_interface/srv/DetachObject.idl
-- Installing: /home/kptal/humanoid_ws/install/dual_panda_moveit2_interface/share/dual_panda_moveit2_interface/msg/ObjectSpec.msg
-- Installing: /home/kptal/humanoid_ws/install/dual_panda_moveit2_interface/share/dual_panda_moveit2_interface/msg/RobotPose.msg
-- Installing: /home/kptal/humanoid_ws/install/dual_panda_moveit2_interface/share/dual_panda_moveit2_interface/msg/SpawnBatch.msg
-- Installing: /home/kptal/humanoid_ws/install/dual_panda_moveit2_interface/share/dual_panda_moveit2_interface/action/Move.action
-- Installing: /home/kptal/humanoid_ws/install/dual_panda_moveit2_interface/share/dual_panda_moveit2_interface/srv/GripperControl.srv
-- Installing: /home/kptal/humanoid_ws/install/dual_panda_moveit2_interface/share/dual_panda_moveit2_interface/srv/GripperControl_Request.msg
-- Installing: /home/kptal/humanoid_ws/install/dual_panda_moveit2_interface/share/dual_panda_moveit2_interface/srv/GripperControl_Response.msg
-- Installing: /home/kptal/humanoid_ws/install/dual_panda_moveit2_interface/share/dual_panda_moveit2_interface/srv/SpawnObject.srv
-- Installing: /home/kptal/humanoid_ws/install/dual_panda_moveit2_interface/share/dual_panda_moveit2_interface/srv/SpawnObject_Request.msg
-- Installing: /home/kptal/humanoid_ws/install/dual_panda_moveit2_interface/share/dual_panda_moveit2_interface/srv/SpawnObject_Response.msg
-- Installing: /home/kptal/humanoid_ws/install/dual_panda_moveit2_interface/share/dual_panda_moveit2_interface/srv/RemoveObject.srv
-- Installing: /home/kptal/humanoid_ws/install/dual_panda_moveit2_interface/share/dual_panda_moveit2_interface/srv/RemoveObject_Request.msg
-- Installing: /home/kptal/humanoid_ws/install/dual_panda_moveit2_interface/share/dual_panda_moveit2_interface/srv/RemoveObject_Response.msg
-- Installing: /home/kptal/humanoid_ws/install/dual_panda_moveit2_interface/share/dual_panda_moveit2_interface/srv/AttachObject.srv
-- Installing: /home/kptal/humanoid_ws/install/dual_panda_moveit2_interface/share/dual_panda_moveit2_interface/srv/AttachObject_Request.msg
-- Installing: /home/kptal/humanoid_ws/install/dual_panda_moveit2_interface/share/dual_panda_moveit2_interface/srv/AttachObject_Response.msg
-- Installing: /home/kptal/humanoid_ws/install/dual_panda_moveit2_interface/share/dual_panda_moveit2_interface/srv/DetachObject.srv
-- Installing: /home/kptal/humanoid_ws/install/dual_panda_moveit2_interface/share/dual_panda_moveit2_interface/srv/DetachObject_Request.msg
-- Installing: /home/kptal/humanoid_ws/install/dual_panda_moveit2_interface/share/dual_panda_moveit2_interface/srv/DetachObject_Response.msg
-- Installing: /home/kptal/humanoid_ws/install/dual_panda_moveit2_interface/share/ament_index/resource_index/package_run_dependencies/dual_panda_moveit2_interface
-- Installing: /home/kptal/humanoid_ws/install/dual_panda_moveit2_interface/share/ament_index/resource_index/parent_prefix_path/dual_panda_moveit2_interface
-- Installing: /home/kptal/humanoid_ws/install/dual_panda_moveit2_interface/share/dual_panda_moveit2_interface/environment/ament_prefix_path.sh
-- Installing: /home/kptal/humanoid_ws/install/dual_panda_moveit2_interface/share/dual_panda_moveit2_interface/environment/ament_prefix_path.dsv
-- Installing: /home/kptal/humanoid_ws/install/dual_panda_moveit2_interface/share/dual_panda_moveit2_interface/environment/path.sh
-- Installing: /home/kptal/humanoid_ws/install/dual_panda_moveit2_interface/share/dual_panda_moveit2_interface/environment/path.dsv
-- Installing: /home/kptal/humanoid_ws/install/dual_panda_moveit2_interface/share/dual_panda_moveit2_interface/local_setup.bash
-- Installing: /home/kptal/humanoid_ws/install/dual_panda_moveit2_interface/share/dual_panda_moveit2_interface/local_setup.sh
-- Installing: /home/kptal/humanoid_ws/install/dual_panda_moveit2_interface/share/dual_panda_moveit2_interface/local_setup.zsh
-- Installing: /home/kptal/humanoid_ws/install/dual_panda_moveit2_interface/share/dual_panda_moveit2_interface/local_setup.dsv
-- Installing: /home/kptal/humanoid_ws/install/dual_panda_moveit2_interface/share/dual_panda_moveit2_interface/package.dsv
-- Installing: /home/kptal/humanoid_ws/install/dual_panda_moveit2_interface/share/ament_index/resource_index/packages/dual_panda_moveit2_interface
-- Installing: /home/kptal/humanoid_ws/install/dual_panda_moveit2_interface/share/dual_panda_moveit2_interface/cmake/export_dual_panda_moveit2_interface__rosidl_generator_cExport.cmake
-- Installing: /home/kptal/humanoid_ws/install/dual_panda_moveit2_interface/share/dual_panda_moveit2_interface/cmake/export_dual_panda_moveit2_interface__rosidl_generator_cExport-noconfig.cmake
-- Installing: /home/kptal/humanoid_ws/install/dual_panda_moveit2_interface/share/dual_panda_moveit2_interface/cmake/export_dual_panda_moveit2_interface__rosidl_typesupport_fastrtps_cExport.cmake
-- Installing: /home/kptal/humanoid_ws/install/dual_panda_moveit2_interface/share/dual_panda_moveit2_interface/cmake/export_dual_panda_moveit2_interface__rosidl_typesupport_fastrtps_cExport-noconfig.cmake
-- Installing: /home/kptal/humanoid_ws/install/dual_panda_moveit2_interface/share/dual_panda_moveit2_interface/cmake/export_dual_panda_moveit2_interface__rosidl_generator_cppExport.cmake
-- Installing: /home/kptal/humanoid_ws/install/dual_panda_moveit2_interface/share/dual_panda_moveit2_interface/cmake/export_dual_panda_moveit2_interface__rosidl_typesupport_fastrtps_cppExport.cmake
-- Installing: /home/kptal/humanoid_ws/install/dual_panda_moveit2_interface/share/dual_panda_moveit2_interface/cmake/export_dual_panda_moveit2_interface__rosidl_typesupport_fastrtps_cppExport-noconfig.cmake
-- Installing: /home/kptal/humanoid_ws/install/dual_panda_moveit2_interface/share/dual_panda_moveit2_interface/cmake/dual_panda_moveit2_interface__rosidl_typesupport_introspection_cExport.cmake
-- Installing: /home/kptal/humanoid_ws/install/dual_panda_moveit2_interface/share/dual_panda_moveit2_interface/cmake/dual_panda_moveit2_interface__rosidl_typesupport_introspection_cExport-noconfig.cmake
-- Installing: /home/kptal/humanoid_ws/install/dual_panda_moveit2_interface/share/dual_panda_moveit2_interface/cmake/dual_panda_moveit2_interface__rosidl_typesupport_cExport.cmake
-- Installing: /home/kptal/humanoid_ws/install/dual_panda_moveit2_interface/share/dual_panda_moveit2_interface/cmake/dual_panda_moveit2_interface__rosidl_typesupport_cExport-noconfig.cmake
-- Installing: /home/kptal/humanoid_ws/install/dual_panda_moveit2_interface/share/dual_panda_moveit2_interface/cmake/dual_panda_moveit2_interface__rosidl_typesupport_introspection_cppExport.cmake
-- Installing: /home/kptal/humanoid_ws/install/dual_panda_moveit2_interface/share/dual_panda_moveit2_interface/cmake/dual_panda_moveit2_interface__rosidl_typesupport_introspection_cppExport-noconfig.cmake
-- Installing: /home/kptal/humanoid_ws/install/dual_panda_moveit2_interface/share/dual_panda_moveit2_interface/cmake/dual_panda_moveit2_interface__rosidl_typesupport_cppExport.cmake
-- Installing: /home/kptal/humanoid_ws/install/dual_panda_moveit2_interface/share/dual_panda_moveit2_interface/cmake/dual_panda_moveit2_interface__rosidl_typesupport_cppExport-noconfig.cmake
-- Installing: /home/kptal/humanoid_ws/install/dual_panda_moveit2_interface/share/dual_panda_moveit2_interface/cmake/export_dual_panda_moveit2_interface__rosidl_generator_pyExport.cmake
-- Installing: /home/kptal/humanoid_ws/install/dual_panda_moveit2_interface/share/dual_panda_moveit2_interface/cmake/export_dual_panda_moveit2_interface__rosidl_generator_pyExport-noconfig.cmake
-- Installing: /home/kptal/humanoid_ws/install/dual_panda_moveit2_interface/share/dual_panda_moveit2_interface/cmake/rosidl_cmake-extras.cmake
-- Installing: /home/kptal/humanoid_ws/install/dual_panda_moveit2_interface/share/dual_panda_moveit2_interface/cmake/ament_cmake_export_dependencies-extras.cmake
-- Installing: /home/kptal/humanoid_ws/install/dual_panda_moveit2_interface/share/dual_panda_moveit2_interface/cmake/ament_cmake_export_include_directories-extras.cmake
-- Installing: /home/kptal/humanoid_ws/install/dual_panda_moveit2_interface/share/dual_panda_moveit2_interface/cmake/ament_cmake_export_libraries-extras.cmake
-- Installing: /home/kptal/humanoid_ws/install/dual_panda_moveit2_interface/share/dual_panda_moveit2_interface/cmake/ament_cmake_export_targets-extras.cmake
-- Installing: /home/kptal/humanoid_ws/install/dual_panda_moveit2_interface/share/dual_panda_moveit2_interface/cmake/rosidl_cmake_export_typesupport_targets-extras.cmake
-- Installing: /home/kptal/humanoid_ws/install/dual_panda_moveit2_interface/share/dual_panda_moveit2_interface/cmake/rosidl_cmake_export_typesupport_libraries-extras.cmake
-- Installing: /home/kptal/humanoid_ws/install/dual_panda_moveit2_interface/share/dual_panda_moveit2_interface/cmake/dual_panda_moveit2_interfaceConfig.cmake
-- Installing: /home/kptal/humanoid_ws/install/dual_panda_moveit2_interface/share/dual_panda_moveit2_interface/cmake/dual_panda_moveit2_interfaceConfig-version.cmake
-- Installing: /home/kptal/humanoid_ws/install/dual_panda_moveit2_interface/share/dual_panda_moveit2_interface/package.xml
