running egg_info
writing ../../build/ik_pick_place/ik_pick_place.egg-info/PKG-INFO
writing dependency_links to ../../build/ik_pick_place/ik_pick_place.egg-info/dependency_links.txt
writing entry points to ../../build/ik_pick_place/ik_pick_place.egg-info/entry_points.txt
writing requirements to ../../build/ik_pick_place/ik_pick_place.egg-info/requires.txt
writing top-level names to ../../build/ik_pick_place/ik_pick_place.egg-info/top_level.txt
reading manifest file '../../build/ik_pick_place/ik_pick_place.egg-info/SOURCES.txt'
writing manifest file '../../build/ik_pick_place/ik_pick_place.egg-info/SOURCES.txt'
running build
running build_py
copying ik_pick_place/ik_pick_place_node.py -> /home/kptal/humanoid_ws/build/ik_pick_place/build/lib/ik_pick_place
running install
running install_lib
copying /home/kptal/humanoid_ws/build/ik_pick_place/build/lib/ik_pick_place/ik_pick_place_node.py -> /home/kptal/humanoid_ws/install/ik_pick_place/lib/python3.10/site-packages/ik_pick_place
byte-compiling /home/kptal/humanoid_ws/install/ik_pick_place/lib/python3.10/site-packages/ik_pick_place/ik_pick_place_node.py to ik_pick_place_node.cpython-310.pyc
running install_data
running install_egg_info
removing '/home/kptal/humanoid_ws/install/ik_pick_place/lib/python3.10/site-packages/ik_pick_place-0.0.0-py3.10.egg-info' (and everything under it)
Copying ../../build/ik_pick_place/ik_pick_place.egg-info to /home/kptal/humanoid_ws/install/ik_pick_place/lib/python3.10/site-packages/ik_pick_place-0.0.0-py3.10.egg-info
running install_scripts
Installing debug_ik_node script to /home/kptal/humanoid_ws/install/ik_pick_place/lib/ik_pick_place
Installing ik_pick_place_node script to /home/kptal/humanoid_ws/install/ik_pick_place/lib/ik_pick_place
Installing simple_ik_test script to /home/kptal/humanoid_ws/install/ik_pick_place/lib/ik_pick_place
writing list of installed files to '/home/kptal/humanoid_ws/build/ik_pick_place/install.log'
