[0.031s] Invoking command in '/home/kptal/humanoid_ws/build/myrobot_description': CMAKE_PREFIX_PATH=${CMAKE_PREFIX_PATH}:/home/kptal/humanoid_ws/install/moveit_configs_utils:/home/kptal/humanoid_ws/install/launch_param_builder:/home/kptal/humanoid_ws/install/ik_pick_place:/home/kptal/humanoid_ws/install/half_humanoid_control_actions:/home/kptal/humanoid_ws/install/dynamixel_test_utils:/home/kptal/ws_moveit2/install/moveit_configs_utils:/home/kptal/ws_moveit2/install/launch_param_builder:/opt/ros/humble /usr/bin/cmake --build /home/kptal/humanoid_ws/build/myrobot_description -- -j18 -l18
[0.168s] Invoked command in '/home/kptal/humanoid_ws/build/myrobot_description' returned '0': CMAKE_PREFIX_PATH=${CMAKE_PREFIX_PATH}:/home/kptal/humanoid_ws/install/moveit_configs_utils:/home/kptal/humanoid_ws/install/launch_param_builder:/home/kptal/humanoid_ws/install/ik_pick_place:/home/kptal/humanoid_ws/install/half_humanoid_control_actions:/home/kptal/humanoid_ws/install/dynamixel_test_utils:/home/kptal/ws_moveit2/install/moveit_configs_utils:/home/kptal/ws_moveit2/install/launch_param_builder:/opt/ros/humble /usr/bin/cmake --build /home/kptal/humanoid_ws/build/myrobot_description -- -j18 -l18
[0.170s] Invoking command in '/home/kptal/humanoid_ws/build/myrobot_description': CMAKE_PREFIX_PATH=${CMAKE_PREFIX_PATH}:/home/kptal/humanoid_ws/install/moveit_configs_utils:/home/kptal/humanoid_ws/install/launch_param_builder:/home/kptal/humanoid_ws/install/ik_pick_place:/home/kptal/humanoid_ws/install/half_humanoid_control_actions:/home/kptal/humanoid_ws/install/dynamixel_test_utils:/home/kptal/ws_moveit2/install/moveit_configs_utils:/home/kptal/ws_moveit2/install/launch_param_builder:/opt/ros/humble /usr/bin/cmake --install /home/kptal/humanoid_ws/build/myrobot_description
[0.194s] -- Install configuration: ""
[0.195s] -- Up-to-date: /home/kptal/humanoid_ws/install/myrobot_description/share/myrobot_description/urdf
[0.195s] -- Up-to-date: /home/kptal/humanoid_ws/install/myrobot_description/share/myrobot_description/urdf/right_arm_URDF.urdf
[0.195s] -- Up-to-date: /home/kptal/humanoid_ws/install/myrobot_description/share/myrobot_description/urdf/myrobot.urdf.xacro
[0.196s] -- Up-to-date: /home/kptal/humanoid_ws/install/myrobot_description/share/myrobot_description/urdf/ros2_control_wrapper.urdf.xacro
[0.196s] -- Up-to-date: /home/kptal/humanoid_ws/install/myrobot_description/share/myrobot_description/urdf/v5_URDF.urdf
[0.196s] -- Up-to-date: /home/kptal/humanoid_ws/install/myrobot_description/share/myrobot_description/urdf/v5_URDF.csv
[0.196s] -- Up-to-date: /home/kptal/humanoid_ws/install/myrobot_description/share/myrobot_description/urdf/test_robot.urdf.xacro
[0.196s] -- Up-to-date: /home/kptal/humanoid_ws/install/myrobot_description/share/myrobot_description/urdf/left_arm_URDF.urdf
[0.196s] -- Up-to-date: /home/kptal/humanoid_ws/install/myrobot_description/share/myrobot_description/meshes
[0.197s] -- Up-to-date: /home/kptal/humanoid_ws/install/myrobot_description/share/myrobot_description/meshes/left_wrist_2.STL
[0.197s] -- Up-to-date: /home/kptal/humanoid_ws/install/myrobot_description/share/myrobot_description/meshes/left_shoulder_1.STL
[0.197s] -- Up-to-date: /home/kptal/humanoid_ws/install/myrobot_description/share/myrobot_description/meshes/right_finger_1.STL
[0.197s] -- Up-to-date: /home/kptal/humanoid_ws/install/myrobot_description/share/myrobot_description/meshes/left_shoulder_2.STL
[0.197s] -- Up-to-date: /home/kptal/humanoid_ws/install/myrobot_description/share/myrobot_description/meshes/right_shoulder_2.STL
[0.197s] -- Up-to-date: /home/kptal/humanoid_ws/install/myrobot_description/share/myrobot_description/meshes/left_finger_2.STL
[0.198s] -- Up-to-date: /home/kptal/humanoid_ws/install/myrobot_description/share/myrobot_description/meshes/right_shoulder_1.STL
[0.198s] -- Up-to-date: /home/kptal/humanoid_ws/install/myrobot_description/share/myrobot_description/meshes/right_wrist_2.STL
[0.198s] -- Up-to-date: /home/kptal/humanoid_ws/install/myrobot_description/share/myrobot_description/meshes/left_elbow_1.STL
[0.198s] -- Up-to-date: /home/kptal/humanoid_ws/install/myrobot_description/share/myrobot_description/meshes/right_shoulder_3.STL
[0.199s] -- Up-to-date: /home/kptal/humanoid_ws/install/myrobot_description/share/myrobot_description/meshes/camera.STL
[0.200s] -- Up-to-date: /home/kptal/humanoid_ws/install/myrobot_description/share/myrobot_description/meshes/left_wrist_1.STL
[0.200s] -- Up-to-date: /home/kptal/humanoid_ws/install/myrobot_description/share/myrobot_description/meshes/right_elbow_2.STL
[0.200s] -- Up-to-date: /home/kptal/humanoid_ws/install/myrobot_description/share/myrobot_description/meshes/right_elbow_1.STL
[0.200s] -- Up-to-date: /home/kptal/humanoid_ws/install/myrobot_description/share/myrobot_description/meshes/base_link.STL
[0.201s] -- Up-to-date: /home/kptal/humanoid_ws/install/myrobot_description/share/myrobot_description/meshes/neck_pitch.STL
[0.202s] -- Up-to-date: /home/kptal/humanoid_ws/install/myrobot_description/share/myrobot_description/meshes/left_finger_1.STL
[0.202s] -- Up-to-date: /home/kptal/humanoid_ws/install/myrobot_description/share/myrobot_description/meshes/right_finger_2.STL
[0.203s] -- Up-to-date: /home/kptal/humanoid_ws/install/myrobot_description/share/myrobot_description/meshes/left_shoulder_3.STL
[0.203s] -- Up-to-date: /home/kptal/humanoid_ws/install/myrobot_description/share/myrobot_description/meshes/right_wrist_1.STL
[0.203s] -- Up-to-date: /home/kptal/humanoid_ws/install/myrobot_description/share/myrobot_description/meshes/left_elbow_2.STL
[0.204s] -- Up-to-date: /home/kptal/humanoid_ws/install/myrobot_description/share/myrobot_description/meshes/neck_yaw.STL
[0.204s] -- Up-to-date: /home/kptal/humanoid_ws/install/myrobot_description/share/ament_index/resource_index/package_run_dependencies/myrobot_description
[0.204s] -- Up-to-date: /home/kptal/humanoid_ws/install/myrobot_description/share/ament_index/resource_index/parent_prefix_path/myrobot_description
[0.204s] -- Up-to-date: /home/kptal/humanoid_ws/install/myrobot_description/share/myrobot_description/environment/ament_prefix_path.sh
[0.204s] -- Up-to-date: /home/kptal/humanoid_ws/install/myrobot_description/share/myrobot_description/environment/ament_prefix_path.dsv
[0.205s] -- Up-to-date: /home/kptal/humanoid_ws/install/myrobot_description/share/myrobot_description/environment/path.sh
[0.205s] -- Up-to-date: /home/kptal/humanoid_ws/install/myrobot_description/share/myrobot_description/environment/path.dsv
[0.205s] -- Up-to-date: /home/kptal/humanoid_ws/install/myrobot_description/share/myrobot_description/local_setup.bash
[0.206s] -- Up-to-date: /home/kptal/humanoid_ws/install/myrobot_description/share/myrobot_description/local_setup.sh
[0.206s] -- Up-to-date: /home/kptal/humanoid_ws/install/myrobot_description/share/myrobot_description/local_setup.zsh
[0.206s] -- Up-to-date: /home/kptal/humanoid_ws/install/myrobot_description/share/myrobot_description/local_setup.dsv
[0.206s] -- Installing: /home/kptal/humanoid_ws/install/myrobot_description/share/myrobot_description/package.dsv
[0.207s] -- Up-to-date: /home/kptal/humanoid_ws/install/myrobot_description/share/ament_index/resource_index/packages/myrobot_description
[0.207s] -- Up-to-date: /home/kptal/humanoid_ws/install/myrobot_description/share/myrobot_description/cmake/myrobot_descriptionConfig.cmake
[0.207s] -- Up-to-date: /home/kptal/humanoid_ws/install/myrobot_description/share/myrobot_description/cmake/myrobot_descriptionConfig-version.cmake
[0.207s] -- Up-to-date: /home/kptal/humanoid_ws/install/myrobot_description/share/myrobot_description/package.xml
[0.208s] Invoked command in '/home/kptal/humanoid_ws/build/myrobot_description' returned '0': CMAKE_PREFIX_PATH=${CMAKE_PREFIX_PATH}:/home/kptal/humanoid_ws/install/moveit_configs_utils:/home/kptal/humanoid_ws/install/launch_param_builder:/home/kptal/humanoid_ws/install/ik_pick_place:/home/kptal/humanoid_ws/install/half_humanoid_control_actions:/home/kptal/humanoid_ws/install/dynamixel_test_utils:/home/kptal/ws_moveit2/install/moveit_configs_utils:/home/kptal/ws_moveit2/install/launch_param_builder:/opt/ros/humble /usr/bin/cmake --install /home/kptal/humanoid_ws/build/myrobot_description
