[0.018s] Invoking command in '/home/kptal/humanoid_ws/build/dynamixel_sdk': CMAKE_PREFIX_PATH=${CMAKE_PREFIX_PATH}:/home/kptal/humanoid_ws/install/moveit_configs_utils:/home/kptal/humanoid_ws/install/launch_param_builder:/home/kptal/humanoid_ws/install/ik_pick_place:/home/kptal/humanoid_ws/install/half_humanoid_control_actions:/home/kptal/humanoid_ws/install/dynamixel_test_utils:/home/kptal/ws_moveit2/install/moveit_configs_utils:/home/kptal/ws_moveit2/install/launch_param_builder:/opt/ros/humble /usr/bin/cmake --build /home/kptal/humanoid_ws/build/dynamixel_sdk -- -j18 -l18
[0.093s] [100%] Built target dynamixel_sdk
[0.097s] [100%] Built target ament_cmake_python_copy_dynamixel_sdk
[0.271s] running egg_info
[0.272s] writing dynamixel_sdk.egg-info/PKG-INFO
[0.272s] writing dependency_links to dynamixel_sdk.egg-info/dependency_links.txt
[0.272s] writing top-level names to dynamixel_sdk.egg-info/top_level.txt
[0.273s] reading manifest file 'dynamixel_sdk.egg-info/SOURCES.txt'
[0.273s] writing manifest file 'dynamixel_sdk.egg-info/SOURCES.txt'
[0.302s] [100%] Built target ament_cmake_python_build_dynamixel_sdk_egg
[0.316s] Invoked command in '/home/kptal/humanoid_ws/build/dynamixel_sdk' returned '0': CMAKE_PREFIX_PATH=${CMAKE_PREFIX_PATH}:/home/kptal/humanoid_ws/install/moveit_configs_utils:/home/kptal/humanoid_ws/install/launch_param_builder:/home/kptal/humanoid_ws/install/ik_pick_place:/home/kptal/humanoid_ws/install/half_humanoid_control_actions:/home/kptal/humanoid_ws/install/dynamixel_test_utils:/home/kptal/ws_moveit2/install/moveit_configs_utils:/home/kptal/ws_moveit2/install/launch_param_builder:/opt/ros/humble /usr/bin/cmake --build /home/kptal/humanoid_ws/build/dynamixel_sdk -- -j18 -l18
[0.319s] Invoking command in '/home/kptal/humanoid_ws/build/dynamixel_sdk': CMAKE_PREFIX_PATH=${CMAKE_PREFIX_PATH}:/home/kptal/humanoid_ws/install/moveit_configs_utils:/home/kptal/humanoid_ws/install/launch_param_builder:/home/kptal/humanoid_ws/install/ik_pick_place:/home/kptal/humanoid_ws/install/half_humanoid_control_actions:/home/kptal/humanoid_ws/install/dynamixel_test_utils:/home/kptal/ws_moveit2/install/moveit_configs_utils:/home/kptal/ws_moveit2/install/launch_param_builder:/opt/ros/humble /usr/bin/cmake --install /home/kptal/humanoid_ws/build/dynamixel_sdk
[0.332s] -- Install configuration: ""
[0.332s] -- Up-to-date: /home/kptal/humanoid_ws/install/dynamixel_sdk/include/
[0.332s] -- Up-to-date: /home/kptal/humanoid_ws/install/dynamixel_sdk/include//dynamixel_sdk
[0.332s] -- Up-to-date: /home/kptal/humanoid_ws/install/dynamixel_sdk/include//dynamixel_sdk/group_bulk_write.h
[0.332s] -- Up-to-date: /home/kptal/humanoid_ws/install/dynamixel_sdk/include//dynamixel_sdk/group_bulk_read.h
[0.332s] -- Up-to-date: /home/kptal/humanoid_ws/install/dynamixel_sdk/include//dynamixel_sdk/packet_handler.h
[0.332s] -- Up-to-date: /home/kptal/humanoid_ws/install/dynamixel_sdk/include//dynamixel_sdk/port_handler_arduino.h
[0.332s] -- Up-to-date: /home/kptal/humanoid_ws/install/dynamixel_sdk/include//dynamixel_sdk/protocol1_packet_handler.h
[0.332s] -- Up-to-date: /home/kptal/humanoid_ws/install/dynamixel_sdk/include//dynamixel_sdk/group_fast_sync_read.h
[0.332s] -- Up-to-date: /home/kptal/humanoid_ws/install/dynamixel_sdk/include//dynamixel_sdk/dynamixel_sdk.h
[0.332s] -- Up-to-date: /home/kptal/humanoid_ws/install/dynamixel_sdk/include//dynamixel_sdk/group_handler.h
[0.332s] -- Up-to-date: /home/kptal/humanoid_ws/install/dynamixel_sdk/include//dynamixel_sdk/port_handler_mac.h
[0.332s] -- Up-to-date: /home/kptal/humanoid_ws/install/dynamixel_sdk/include//dynamixel_sdk/protocol2_packet_handler.h
[0.333s] -- Up-to-date: /home/kptal/humanoid_ws/install/dynamixel_sdk/include//dynamixel_sdk/group_sync_read.h
[0.333s] -- Up-to-date: /home/kptal/humanoid_ws/install/dynamixel_sdk/include//dynamixel_sdk/port_handler.h
[0.333s] -- Up-to-date: /home/kptal/humanoid_ws/install/dynamixel_sdk/include//dynamixel_sdk/group_fast_bulk_read.h
[0.333s] -- Up-to-date: /home/kptal/humanoid_ws/install/dynamixel_sdk/include//dynamixel_sdk/port_handler_linux.h
[0.333s] -- Up-to-date: /home/kptal/humanoid_ws/install/dynamixel_sdk/include//dynamixel_sdk/port_handler_windows.h
[0.333s] -- Up-to-date: /home/kptal/humanoid_ws/install/dynamixel_sdk/include//dynamixel_sdk/group_sync_write.h
[0.333s] -- Up-to-date: /home/kptal/humanoid_ws/install/dynamixel_sdk/lib/libdynamixel_sdk.so
[0.333s] -- Up-to-date: /home/kptal/humanoid_ws/install/dynamixel_sdk/share/dynamixel_sdk/environment/pythonpath.sh
[0.333s] -- Up-to-date: /home/kptal/humanoid_ws/install/dynamixel_sdk/share/dynamixel_sdk/environment/pythonpath.dsv
[0.333s] -- Up-to-date: /home/kptal/humanoid_ws/install/dynamixel_sdk/local/lib/python3.10/dist-packages/dynamixel_sdk-3.8.2-py3.10.egg-info
[0.333s] -- Installing: /home/kptal/humanoid_ws/install/dynamixel_sdk/local/lib/python3.10/dist-packages/dynamixel_sdk-3.8.2-py3.10.egg-info/SOURCES.txt
[0.333s] -- Installing: /home/kptal/humanoid_ws/install/dynamixel_sdk/local/lib/python3.10/dist-packages/dynamixel_sdk-3.8.2-py3.10.egg-info/PKG-INFO
[0.333s] -- Installing: /home/kptal/humanoid_ws/install/dynamixel_sdk/local/lib/python3.10/dist-packages/dynamixel_sdk-3.8.2-py3.10.egg-info/dependency_links.txt
[0.333s] -- Installing: /home/kptal/humanoid_ws/install/dynamixel_sdk/local/lib/python3.10/dist-packages/dynamixel_sdk-3.8.2-py3.10.egg-info/top_level.txt
[0.333s] -- Up-to-date: /home/kptal/humanoid_ws/install/dynamixel_sdk/local/lib/python3.10/dist-packages/dynamixel_sdk
[0.333s] -- Up-to-date: /home/kptal/humanoid_ws/install/dynamixel_sdk/local/lib/python3.10/dist-packages/dynamixel_sdk/port_handler_windows.cpp
[0.333s] -- Up-to-date: /home/kptal/humanoid_ws/install/dynamixel_sdk/local/lib/python3.10/dist-packages/dynamixel_sdk/protocol1_packet_handler.cpp
[0.333s] -- Up-to-date: /home/kptal/humanoid_ws/install/dynamixel_sdk/local/lib/python3.10/dist-packages/dynamixel_sdk/group_bulk_write.py
[0.333s] -- Up-to-date: /home/kptal/humanoid_ws/install/dynamixel_sdk/local/lib/python3.10/dist-packages/dynamixel_sdk/group_bulk_read.py
[0.333s] -- Up-to-date: /home/kptal/humanoid_ws/install/dynamixel_sdk/local/lib/python3.10/dist-packages/dynamixel_sdk/group_bulk_write.cpp
[0.333s] -- Up-to-date: /home/kptal/humanoid_ws/install/dynamixel_sdk/local/lib/python3.10/dist-packages/dynamixel_sdk/port_handler_mac.cpp
[0.334s] -- Up-to-date: /home/kptal/humanoid_ws/install/dynamixel_sdk/local/lib/python3.10/dist-packages/dynamixel_sdk/group_bulk_read.cpp
[0.334s] -- Up-to-date: /home/kptal/humanoid_ws/install/dynamixel_sdk/local/lib/python3.10/dist-packages/dynamixel_sdk/protocol2_packet_handler.cpp
[0.334s] -- Up-to-date: /home/kptal/humanoid_ws/install/dynamixel_sdk/local/lib/python3.10/dist-packages/dynamixel_sdk/group_fast_bulk_read.cpp
[0.334s] -- Up-to-date: /home/kptal/humanoid_ws/install/dynamixel_sdk/local/lib/python3.10/dist-packages/dynamixel_sdk/port_handler.cpp
[0.334s] -- Up-to-date: /home/kptal/humanoid_ws/install/dynamixel_sdk/local/lib/python3.10/dist-packages/dynamixel_sdk/protocol2_packet_handler.py
[0.334s] -- Up-to-date: /home/kptal/humanoid_ws/install/dynamixel_sdk/local/lib/python3.10/dist-packages/dynamixel_sdk/group_sync_read.cpp
[0.334s] -- Up-to-date: /home/kptal/humanoid_ws/install/dynamixel_sdk/local/lib/python3.10/dist-packages/dynamixel_sdk/group_fast_sync_read.cpp
[0.334s] -- Up-to-date: /home/kptal/humanoid_ws/install/dynamixel_sdk/local/lib/python3.10/dist-packages/dynamixel_sdk/group_sync_read.py
[0.334s] -- Up-to-date: /home/kptal/humanoid_ws/install/dynamixel_sdk/local/lib/python3.10/dist-packages/dynamixel_sdk/port_handler_linux.cpp
[0.334s] -- Up-to-date: /home/kptal/humanoid_ws/install/dynamixel_sdk/local/lib/python3.10/dist-packages/dynamixel_sdk/protocol1_packet_handler.py
[0.334s] -- Up-to-date: /home/kptal/humanoid_ws/install/dynamixel_sdk/local/lib/python3.10/dist-packages/dynamixel_sdk/group_sync_write.cpp
[0.334s] -- Up-to-date: /home/kptal/humanoid_ws/install/dynamixel_sdk/local/lib/python3.10/dist-packages/dynamixel_sdk/port_handler.py
[0.334s] -- Up-to-date: /home/kptal/humanoid_ws/install/dynamixel_sdk/local/lib/python3.10/dist-packages/dynamixel_sdk/port_handler_arduino.cpp
[0.334s] -- Up-to-date: /home/kptal/humanoid_ws/install/dynamixel_sdk/local/lib/python3.10/dist-packages/dynamixel_sdk/packet_handler.py
[0.334s] -- Up-to-date: /home/kptal/humanoid_ws/install/dynamixel_sdk/local/lib/python3.10/dist-packages/dynamixel_sdk/group_sync_write.py
[0.334s] -- Up-to-date: /home/kptal/humanoid_ws/install/dynamixel_sdk/local/lib/python3.10/dist-packages/dynamixel_sdk/robotis_def.py
[0.334s] -- Up-to-date: /home/kptal/humanoid_ws/install/dynamixel_sdk/local/lib/python3.10/dist-packages/dynamixel_sdk/group_handler.cpp
[0.334s] -- Up-to-date: /home/kptal/humanoid_ws/install/dynamixel_sdk/local/lib/python3.10/dist-packages/dynamixel_sdk/__init__.py
[0.334s] -- Up-to-date: /home/kptal/humanoid_ws/install/dynamixel_sdk/local/lib/python3.10/dist-packages/dynamixel_sdk/packet_handler.cpp
[0.363s] Listing '/home/kptal/humanoid_ws/install/dynamixel_sdk/local/lib/python3.10/dist-packages/dynamixel_sdk'...
[0.366s] -- Up-to-date: /home/kptal/humanoid_ws/install/dynamixel_sdk/share/dynamixel_sdk/environment/library_path.sh
[0.366s] -- Up-to-date: /home/kptal/humanoid_ws/install/dynamixel_sdk/share/dynamixel_sdk/environment/library_path.dsv
[0.366s] -- Up-to-date: /home/kptal/humanoid_ws/install/dynamixel_sdk/share/ament_index/resource_index/package_run_dependencies/dynamixel_sdk
[0.366s] -- Up-to-date: /home/kptal/humanoid_ws/install/dynamixel_sdk/share/ament_index/resource_index/parent_prefix_path/dynamixel_sdk
[0.366s] -- Up-to-date: /home/kptal/humanoid_ws/install/dynamixel_sdk/share/dynamixel_sdk/environment/ament_prefix_path.sh
[0.367s] -- Up-to-date: /home/kptal/humanoid_ws/install/dynamixel_sdk/share/dynamixel_sdk/environment/ament_prefix_path.dsv
[0.367s] -- Up-to-date: /home/kptal/humanoid_ws/install/dynamixel_sdk/share/dynamixel_sdk/environment/path.sh
[0.367s] -- Up-to-date: /home/kptal/humanoid_ws/install/dynamixel_sdk/share/dynamixel_sdk/environment/path.dsv
[0.367s] -- Up-to-date: /home/kptal/humanoid_ws/install/dynamixel_sdk/share/dynamixel_sdk/local_setup.bash
[0.367s] -- Up-to-date: /home/kptal/humanoid_ws/install/dynamixel_sdk/share/dynamixel_sdk/local_setup.sh
[0.367s] -- Up-to-date: /home/kptal/humanoid_ws/install/dynamixel_sdk/share/dynamixel_sdk/local_setup.zsh
[0.367s] -- Up-to-date: /home/kptal/humanoid_ws/install/dynamixel_sdk/share/dynamixel_sdk/local_setup.dsv
[0.367s] -- Installing: /home/kptal/humanoid_ws/install/dynamixel_sdk/share/dynamixel_sdk/package.dsv
[0.367s] -- Up-to-date: /home/kptal/humanoid_ws/install/dynamixel_sdk/share/ament_index/resource_index/packages/dynamixel_sdk
[0.367s] -- Up-to-date: /home/kptal/humanoid_ws/install/dynamixel_sdk/share/dynamixel_sdk/cmake/ament_cmake_export_include_directories-extras.cmake
[0.367s] -- Up-to-date: /home/kptal/humanoid_ws/install/dynamixel_sdk/share/dynamixel_sdk/cmake/ament_cmake_export_libraries-extras.cmake
[0.367s] -- Up-to-date: /home/kptal/humanoid_ws/install/dynamixel_sdk/share/dynamixel_sdk/cmake/dynamixel_sdkConfig.cmake
[0.368s] -- Up-to-date: /home/kptal/humanoid_ws/install/dynamixel_sdk/share/dynamixel_sdk/cmake/dynamixel_sdkConfig-version.cmake
[0.368s] -- Up-to-date: /home/kptal/humanoid_ws/install/dynamixel_sdk/share/dynamixel_sdk/package.xml
[0.369s] Invoked command in '/home/kptal/humanoid_ws/build/dynamixel_sdk' returned '0': CMAKE_PREFIX_PATH=${CMAKE_PREFIX_PATH}:/home/kptal/humanoid_ws/install/moveit_configs_utils:/home/kptal/humanoid_ws/install/launch_param_builder:/home/kptal/humanoid_ws/install/ik_pick_place:/home/kptal/humanoid_ws/install/half_humanoid_control_actions:/home/kptal/humanoid_ws/install/dynamixel_test_utils:/home/kptal/ws_moveit2/install/moveit_configs_utils:/home/kptal/ws_moveit2/install/launch_param_builder:/opt/ros/humble /usr/bin/cmake --install /home/kptal/humanoid_ws/build/dynamixel_sdk
