[0.015s] Invoking command in '/home/kptal/humanoid_ws/build/moveit_resources_panda_description': CMAKE_PREFIX_PATH=${CMAKE_PREFIX_PATH}:/home/kptal/humanoid_ws/install/moveit_configs_utils:/home/kptal/humanoid_ws/install/launch_param_builder:/home/kptal/humanoid_ws/install/ik_pick_place:/home/kptal/humanoid_ws/install/half_humanoid_control_actions:/home/kptal/humanoid_ws/install/dynamixel_test_utils:/home/kptal/ws_moveit2/install/moveit_configs_utils:/home/kptal/ws_moveit2/install/launch_param_builder:/opt/ros/humble /usr/bin/cmake --build /home/kptal/humanoid_ws/build/moveit_resources_panda_description -- -j18 -l18
[0.066s] Invoked command in '/home/kptal/humanoid_ws/build/moveit_resources_panda_description' returned '0': CMAKE_PREFIX_PATH=${CMAKE_PREFIX_PATH}:/home/kptal/humanoid_ws/install/moveit_configs_utils:/home/kptal/humanoid_ws/install/launch_param_builder:/home/kptal/humanoid_ws/install/ik_pick_place:/home/kptal/humanoid_ws/install/half_humanoid_control_actions:/home/kptal/humanoid_ws/install/dynamixel_test_utils:/home/kptal/ws_moveit2/install/moveit_configs_utils:/home/kptal/ws_moveit2/install/launch_param_builder:/opt/ros/humble /usr/bin/cmake --build /home/kptal/humanoid_ws/build/moveit_resources_panda_description -- -j18 -l18
[0.078s] Invoking command in '/home/kptal/humanoid_ws/build/moveit_resources_panda_description': CMAKE_PREFIX_PATH=${CMAKE_PREFIX_PATH}:/home/kptal/humanoid_ws/install/moveit_configs_utils:/home/kptal/humanoid_ws/install/launch_param_builder:/home/kptal/humanoid_ws/install/ik_pick_place:/home/kptal/humanoid_ws/install/half_humanoid_control_actions:/home/kptal/humanoid_ws/install/dynamixel_test_utils:/home/kptal/ws_moveit2/install/moveit_configs_utils:/home/kptal/ws_moveit2/install/launch_param_builder:/opt/ros/humble /usr/bin/cmake --install /home/kptal/humanoid_ws/build/moveit_resources_panda_description
[0.086s] -- Install configuration: ""
[0.086s] -- Up-to-date: /home/kptal/humanoid_ws/install/moveit_resources_panda_description/share/ament_index/resource_index/package_run_dependencies/moveit_resources_panda_description
[0.086s] -- Up-to-date: /home/kptal/humanoid_ws/install/moveit_resources_panda_description/share/ament_index/resource_index/parent_prefix_path/moveit_resources_panda_description
[0.086s] -- Up-to-date: /home/kptal/humanoid_ws/install/moveit_resources_panda_description/share/moveit_resources_panda_description/environment/ament_prefix_path.sh
[0.086s] -- Up-to-date: /home/kptal/humanoid_ws/install/moveit_resources_panda_description/share/moveit_resources_panda_description/environment/ament_prefix_path.dsv
[0.087s] -- Up-to-date: /home/kptal/humanoid_ws/install/moveit_resources_panda_description/share/moveit_resources_panda_description/environment/path.sh
[0.087s] -- Up-to-date: /home/kptal/humanoid_ws/install/moveit_resources_panda_description/share/moveit_resources_panda_description/environment/path.dsv
[0.087s] -- Up-to-date: /home/kptal/humanoid_ws/install/moveit_resources_panda_description/share/moveit_resources_panda_description/local_setup.bash
[0.087s] -- Up-to-date: /home/kptal/humanoid_ws/install/moveit_resources_panda_description/share/moveit_resources_panda_description/local_setup.sh
[0.087s] -- Up-to-date: /home/kptal/humanoid_ws/install/moveit_resources_panda_description/share/moveit_resources_panda_description/local_setup.zsh
[0.087s] -- Up-to-date: /home/kptal/humanoid_ws/install/moveit_resources_panda_description/share/moveit_resources_panda_description/local_setup.dsv
[0.087s] -- Installing: /home/kptal/humanoid_ws/install/moveit_resources_panda_description/share/moveit_resources_panda_description/package.dsv
[0.087s] -- Up-to-date: /home/kptal/humanoid_ws/install/moveit_resources_panda_description/share/ament_index/resource_index/packages/moveit_resources_panda_description
[0.087s] -- Up-to-date: /home/kptal/humanoid_ws/install/moveit_resources_panda_description/share/moveit_resources_panda_description/cmake/moveit_resources_panda_descriptionConfig.cmake
[0.087s] -- Up-to-date: /home/kptal/humanoid_ws/install/moveit_resources_panda_description/share/moveit_resources_panda_description/cmake/moveit_resources_panda_descriptionConfig-version.cmake
[0.087s] -- Up-to-date: /home/kptal/humanoid_ws/install/moveit_resources_panda_description/share/moveit_resources_panda_description/package.xml
[0.088s] -- Up-to-date: /home/kptal/humanoid_ws/install/moveit_resources_panda_description/share/moveit_resources_panda_description/meshes
[0.088s] -- Up-to-date: /home/kptal/humanoid_ws/install/moveit_resources_panda_description/share/moveit_resources_panda_description/meshes/collision
[0.088s] -- Up-to-date: /home/kptal/humanoid_ws/install/moveit_resources_panda_description/share/moveit_resources_panda_description/meshes/collision/link4.stl
[0.088s] -- Up-to-date: /home/kptal/humanoid_ws/install/moveit_resources_panda_description/share/moveit_resources_panda_description/meshes/collision/finger.stl
[0.088s] -- Up-to-date: /home/kptal/humanoid_ws/install/moveit_resources_panda_description/share/moveit_resources_panda_description/meshes/collision/link0.stl
[0.088s] -- Up-to-date: /home/kptal/humanoid_ws/install/moveit_resources_panda_description/share/moveit_resources_panda_description/meshes/collision/link1.stl
[0.088s] -- Up-to-date: /home/kptal/humanoid_ws/install/moveit_resources_panda_description/share/moveit_resources_panda_description/meshes/collision/link7.stl
[0.088s] -- Up-to-date: /home/kptal/humanoid_ws/install/moveit_resources_panda_description/share/moveit_resources_panda_description/meshes/collision/link2.stl
[0.088s] -- Up-to-date: /home/kptal/humanoid_ws/install/moveit_resources_panda_description/share/moveit_resources_panda_description/meshes/collision/link3.stl
[0.088s] -- Up-to-date: /home/kptal/humanoid_ws/install/moveit_resources_panda_description/share/moveit_resources_panda_description/meshes/collision/hand.stl
[0.088s] -- Up-to-date: /home/kptal/humanoid_ws/install/moveit_resources_panda_description/share/moveit_resources_panda_description/meshes/collision/link6.stl
[0.088s] -- Up-to-date: /home/kptal/humanoid_ws/install/moveit_resources_panda_description/share/moveit_resources_panda_description/meshes/collision/link5.stl
[0.088s] -- Up-to-date: /home/kptal/humanoid_ws/install/moveit_resources_panda_description/share/moveit_resources_panda_description/meshes/visual
[0.088s] -- Up-to-date: /home/kptal/humanoid_ws/install/moveit_resources_panda_description/share/moveit_resources_panda_description/meshes/visual/finger.dae
[0.088s] -- Up-to-date: /home/kptal/humanoid_ws/install/moveit_resources_panda_description/share/moveit_resources_panda_description/meshes/visual/link1.dae
[0.088s] -- Up-to-date: /home/kptal/humanoid_ws/install/moveit_resources_panda_description/share/moveit_resources_panda_description/meshes/visual/hand.dae
[0.088s] -- Up-to-date: /home/kptal/humanoid_ws/install/moveit_resources_panda_description/share/moveit_resources_panda_description/meshes/visual/link5.dae
[0.089s] -- Up-to-date: /home/kptal/humanoid_ws/install/moveit_resources_panda_description/share/moveit_resources_panda_description/meshes/visual/link4.dae
[0.089s] -- Up-to-date: /home/kptal/humanoid_ws/install/moveit_resources_panda_description/share/moveit_resources_panda_description/meshes/visual/link3.dae
[0.089s] -- Up-to-date: /home/kptal/humanoid_ws/install/moveit_resources_panda_description/share/moveit_resources_panda_description/meshes/visual/link2.dae
[0.089s] -- Up-to-date: /home/kptal/humanoid_ws/install/moveit_resources_panda_description/share/moveit_resources_panda_description/meshes/visual/link7.dae
[0.089s] -- Up-to-date: /home/kptal/humanoid_ws/install/moveit_resources_panda_description/share/moveit_resources_panda_description/meshes/visual/link0.dae
[0.089s] -- Up-to-date: /home/kptal/humanoid_ws/install/moveit_resources_panda_description/share/moveit_resources_panda_description/meshes/visual/link6.dae
[0.089s] -- Up-to-date: /home/kptal/humanoid_ws/install/moveit_resources_panda_description/share/moveit_resources_panda_description/urdf
[0.089s] -- Up-to-date: /home/kptal/humanoid_ws/install/moveit_resources_panda_description/share/moveit_resources_panda_description/urdf/panda.urdf
[0.089s] -- Up-to-date: /home/kptal/humanoid_ws/install/moveit_resources_panda_description/share/moveit_resources_panda_description/urdf/dual_panda.urdf
[0.089s] Invoked command in '/home/kptal/humanoid_ws/build/moveit_resources_panda_description' returned '0': CMAKE_PREFIX_PATH=${CMAKE_PREFIX_PATH}:/home/kptal/humanoid_ws/install/moveit_configs_utils:/home/kptal/humanoid_ws/install/launch_param_builder:/home/kptal/humanoid_ws/install/ik_pick_place:/home/kptal/humanoid_ws/install/half_humanoid_control_actions:/home/kptal/humanoid_ws/install/dynamixel_test_utils:/home/kptal/ws_moveit2/install/moveit_configs_utils:/home/kptal/ws_moveit2/install/launch_param_builder:/opt/ros/humble /usr/bin/cmake --install /home/kptal/humanoid_ws/build/moveit_resources_panda_description
