-- The C compiler identification is GNU 11.4.0
-- The CXX compiler identification is GNU 11.4.0
-- Detecting C compiler ABI info
-- Detecting C compiler ABI info - done
-- Check for working C compiler: /usr/bin/cc - skipped
-- Detecting C compile features
-- Detecting C compile features - done
-- Detecting CXX compiler ABI info
-- Detecting CXX compiler ABI info - done
-- Check for working CXX compiler: /usr/bin/c++ - skipped
-- Detecting CXX compile features
-- Detecting CXX compile features - done
-- Found ament_cmake: 1.3.11 (/opt/ros/humble/share/ament_cmake/cmake)
-- Found Python3: /usr/bin/python3 (found version "3.10.12") found components: Interpreter 
-- Found moveit_ros_planning_interface: 2.5.7 (/home/kptal/humanoid_ws/install/moveit_ros_planning_interface/share/moveit_ros_planning_interface/cmake)
-- Found Boost: /usr/lib/x86_64-linux-gnu/cmake/Boost-1.74.0/BoostConfig.cmake (found version "1.74.0") found components: date_time filesystem program_options system thread 
-- Found rosidl_generator_c: 3.1.6 (/opt/ros/humble/share/rosidl_generator_c/cmake)
-- Found rosidl_adapter: 3.1.6 (/opt/ros/humble/share/rosidl_adapter/cmake)
-- Found rosidl_generator_cpp: 3.1.6 (/opt/ros/humble/share/rosidl_generator_cpp/cmake)
-- Using all available rosidl_typesupport_c: rosidl_typesupport_fastrtps_c;rosidl_typesupport_introspection_c
-- Using all available rosidl_typesupport_cpp: rosidl_typesupport_fastrtps_cpp;rosidl_typesupport_introspection_cpp
-- Found Boost: /usr/lib/x86_64-linux-gnu/cmake/Boost-1.74.0/BoostConfig.cmake (found version "1.74.0") found components: chrono date_time filesystem iostreams program_options regex serialization system thread 
-- Found parameter_traits: 0.4.0 (/opt/ros/humble/share/parameter_traits/cmake)
-- Found rmw_implementation_cmake: 6.1.2 (/opt/ros/humble/share/rmw_implementation_cmake/cmake)
-- Found rmw_fastrtps_cpp: 6.2.7 (/opt/ros/humble/share/rmw_fastrtps_cpp/cmake)
-- Found OpenSSL: /usr/lib/x86_64-linux-gnu/libcrypto.so (found version "3.0.2")  
-- Found FastRTPS: /opt/ros/humble/include  
-- Using RMW implementation 'rmw_fastrtps_cpp' as default
-- Found Threads: TRUE  
-- Found Eigen3: TRUE (found version "3.4.0") 
-- Found rclcpp_lifecycle: 16.0.12 (/opt/ros/humble/share/rclcpp_lifecycle/cmake)
-- Found Boost: /usr/lib/x86_64-linux-gnu/cmake/Boost-1.74.0/BoostConfig.cmake (found version "1.74.0") found components: filesystem 
-- library: /usr/lib/x86_64-linux-gnu/libcurl.so
-- Ensuring Eigen3 include directory is part of orocos-kdl CMake target
-- Found Boost: /usr/lib/x86_64-linux-gnu/cmake/Boost-1.74.0/BoostConfig.cmake (found version "1.74.0") found components: system filesystem date_time program_options thread chrono 
-- Found Boost: /usr/lib/x86_64-linux-gnu/cmake/Boost-1.74.0/BoostConfig.cmake (found version "1.74.0") found components: thread system filesystem regex date_time program_options 
-- Found Boost: /usr/lib/x86_64-linux-gnu/cmake/Boost-1.74.0/BoostConfig.cmake (found version "1.74.0") found components: system filesystem date_time program_options thread 
-- Found moveit_task_constructor_core: 0.1.3 (/home/kptal/humanoid_ws/install/moveit_task_constructor_core/share/moveit_task_constructor_core/cmake)
-- Found moveit_visual_tools: 4.1.2 (/home/kptal/humanoid_ws/install/moveit_visual_tools/share/moveit_visual_tools/cmake)
-- Setting assimp_DIR to: '/opt/ros/humble/share/rviz_assimp_vendor/cmake/../../../opt/rviz_assimp_vendor/lib/cmake/assimp-4.1'
-- Setting OGRE_DIR to: '/opt/ros/humble/share/rviz_ogre_vendor/cmake/../../../opt/rviz_ogre_vendor/lib/OGRE/cmake'
-- Found OGRE
--   static     : OFF
--   components : HLMS;MeshLodGenerator;Overlay;Paging;Property;RTShaderSystem;Terrain;Volume
--   plugins    : Plugin_BSPSceneManager;Plugin_OctreeSceneManager;Plugin_PCZSceneManager;Plugin_ParticleFX;RenderSystem_GL;RenderSystem_GL3Plus;Codec_STBI
--   media      : /opt/ros/humble/opt/rviz_ogre_vendor/share/OGRE/Media
-- OGRE_LIBRARIES: OgreHLMS;OgreMeshLodGenerator;OgreOverlay;OgrePaging;OgreProperty;OgreRTShaderSystem;OgreTerrain;OgreVolume;OgreMain
-- OGRE_LIBRARY_DIRS: /opt/ros/humble/opt/rviz_ogre_vendor/lib
-- OGRE_PLUGINS: Plugin_BSPSceneManager;Plugin_OctreeSceneManager;Plugin_PCZSceneManager;Plugin_ParticleFX;RenderSystem_GL;RenderSystem_GL3Plus;Codec_STBI
-- OGRE_PLUGIN_DIR: /opt/ros/humble/opt/rviz_ogre_vendor/lib/OGRE
-- rviz_ogre_vendor::OgreOverlay for IMPORTED_LOCATION_RELEASE: /opt/ros/humble/opt/rviz_ogre_vendor/lib/libOgreOverlay.so
-- rviz_ogre_vendor::OgreOverlay for IMPORTED_LOCATION_DEBUG: /opt/ros/humble/opt/rviz_ogre_vendor/lib/libOgreOverlay.so
-- rviz_ogre_vendor::OgreMain for IMPORTED_LOCATION_RELEASE: /opt/ros/humble/opt/rviz_ogre_vendor/lib/libOgreMain.so
-- rviz_ogre_vendor::OgreMain for IMPORTED_LOCATION_DEBUG: /opt/ros/humble/opt/rviz_ogre_vendor/lib/libOgreMain.so
-- Could not find freeimage library
-- Found ZLIB: /usr/lib/x86_64-linux-gnu/libz.so (found version "1.2.11") 
-- Found OpenGL: /usr/lib/x86_64-linux-gnu/libOpenGL.so   
-- Found X11: /usr/include   
-- Looking for XOpenDisplay in /usr/lib/x86_64-linux-gnu/libX11.so;/usr/lib/x86_64-linux-gnu/libXext.so
-- Looking for XOpenDisplay in /usr/lib/x86_64-linux-gnu/libX11.so;/usr/lib/x86_64-linux-gnu/libXext.so - found
-- Looking for gethostbyname
-- Looking for gethostbyname - found
-- Looking for connect
-- Looking for connect - found
-- Looking for remove
-- Looking for remove - found
-- Looking for shmat
-- Looking for shmat - found
-- Looking for IceConnectionNumber in ICE
-- Looking for IceConnectionNumber in ICE - found
-- Found dynamixel_sdk_custom_interfaces: 3.8.2 (/home/kptal/humanoid_ws/install/dynamixel_sdk_custom_interfaces/share/dynamixel_sdk_custom_interfaces/cmake)
-- Found dual_panda_moveit2_interface: 0.0.0 (/home/kptal/humanoid_ws/install/dual_panda_moveit2_interface/share/dual_panda_moveit2_interface/cmake)
-- Found ament_lint_auto: 0.12.12 (/opt/ros/humble/share/ament_lint_auto/cmake)
-- Added test 'cppcheck' to perform static code analysis on C / C++ code
-- Configured cppcheck include dirs: $<BUILD_INTERFACE:/home/kptal/humanoid_ws/src/dual_panda_moveit2/include>
-- Configured cppcheck exclude dirs and/or files: 
-- Added test 'lint_cmake' to check CMake code style
-- Added test 'uncrustify' to check C / C++ code style
-- Configured uncrustify additional arguments: 
-- Added test 'xmllint' to check XML markup files
-- Configuring done
-- Generating done
-- Build files have been written to: /home/kptal/humanoid_ws/build/dual_panda_moveit2
[  8%] [32mBuilding CXX object CMakeFiles/dual_panda_sdk.dir/src/dual_panda_sdk.cpp.o[0m
[ 25%] [32mBuilding CXX object CMakeFiles/demo.dir/src/demo.cpp.o[0m
[ 25%] [32mBuilding CXX object CMakeFiles/reachy_sdk.dir/src/reachy_sdk.cpp.o[0m
[ 33%] [32mBuilding CXX object CMakeFiles/reachy_task_constructor.dir/src/reachy_task_constructor.cpp.o[0m
[ 41%] [32mBuilding CXX object CMakeFiles/simultaneous.dir/src/simultaneous.cpp.o[0m
[ 50%] [32mBuilding CXX object CMakeFiles/temp.dir/src/temp.cpp.o[0m
[ 58%] [32m[1mLinking CXX executable reachy_task_constructor[0m
[ 66%] [32m[1mLinking CXX executable reachy_sdk[0m
[ 75%] [32m[1mLinking CXX executable dual_panda_sdk[0m
[ 75%] Built target reachy_sdk
[ 83%] [32m[1mLinking CXX executable demo[0m
[ 83%] Built target dual_panda_sdk
[ 83%] Built target demo
[ 91%] [32m[1mLinking CXX executable simultaneous[0m
[ 91%] Built target simultaneous
[ 91%] Built target reachy_task_constructor
[100%] [32m[1mLinking CXX executable temp[0m
[100%] Built target temp
-- Install configuration: ""
-- Installing: /home/kptal/humanoid_ws/install/dual_panda_moveit2/lib/dual_panda_moveit2/demo
-- Set runtime path of "/home/kptal/humanoid_ws/install/dual_panda_moveit2/lib/dual_panda_moveit2/demo" to ""
-- Installing: /home/kptal/humanoid_ws/install/dual_panda_moveit2/lib/dual_panda_moveit2/dual_panda_sdk
-- Set runtime path of "/home/kptal/humanoid_ws/install/dual_panda_moveit2/lib/dual_panda_moveit2/dual_panda_sdk" to ""
-- Installing: /home/kptal/humanoid_ws/install/dual_panda_moveit2/lib/dual_panda_moveit2/reachy_sdk
-- Set runtime path of "/home/kptal/humanoid_ws/install/dual_panda_moveit2/lib/dual_panda_moveit2/reachy_sdk" to ""
-- Installing: /home/kptal/humanoid_ws/install/dual_panda_moveit2/lib/dual_panda_moveit2/reachy_task_constructor
-- Set runtime path of "/home/kptal/humanoid_ws/install/dual_panda_moveit2/lib/dual_panda_moveit2/reachy_task_constructor" to ""
-- Installing: /home/kptal/humanoid_ws/install/dual_panda_moveit2/lib/dual_panda_moveit2/simultaneous
-- Set runtime path of "/home/kptal/humanoid_ws/install/dual_panda_moveit2/lib/dual_panda_moveit2/simultaneous" to ""
-- Installing: /home/kptal/humanoid_ws/install/dual_panda_moveit2/lib/dual_panda_moveit2/temp
-- Set runtime path of "/home/kptal/humanoid_ws/install/dual_panda_moveit2/lib/dual_panda_moveit2/temp" to ""
-- Installing: /home/kptal/humanoid_ws/install/dual_panda_moveit2/share/dual_panda_moveit2/launch
-- Installing: /home/kptal/humanoid_ws/install/dual_panda_moveit2/share/dual_panda_moveit2/launch/temp.txt
-- Installing: /home/kptal/humanoid_ws/install/dual_panda_moveit2/share/ament_index/resource_index/package_run_dependencies/dual_panda_moveit2
-- Installing: /home/kptal/humanoid_ws/install/dual_panda_moveit2/share/ament_index/resource_index/parent_prefix_path/dual_panda_moveit2
-- Installing: /home/kptal/humanoid_ws/install/dual_panda_moveit2/share/dual_panda_moveit2/environment/ament_prefix_path.sh
-- Installing: /home/kptal/humanoid_ws/install/dual_panda_moveit2/share/dual_panda_moveit2/environment/ament_prefix_path.dsv
-- Installing: /home/kptal/humanoid_ws/install/dual_panda_moveit2/share/dual_panda_moveit2/environment/path.sh
-- Installing: /home/kptal/humanoid_ws/install/dual_panda_moveit2/share/dual_panda_moveit2/environment/path.dsv
-- Installing: /home/kptal/humanoid_ws/install/dual_panda_moveit2/share/dual_panda_moveit2/local_setup.bash
-- Installing: /home/kptal/humanoid_ws/install/dual_panda_moveit2/share/dual_panda_moveit2/local_setup.sh
-- Installing: /home/kptal/humanoid_ws/install/dual_panda_moveit2/share/dual_panda_moveit2/local_setup.zsh
-- Installing: /home/kptal/humanoid_ws/install/dual_panda_moveit2/share/dual_panda_moveit2/local_setup.dsv
-- Installing: /home/kptal/humanoid_ws/install/dual_panda_moveit2/share/dual_panda_moveit2/package.dsv
-- Installing: /home/kptal/humanoid_ws/install/dual_panda_moveit2/share/ament_index/resource_index/packages/dual_panda_moveit2
-- Installing: /home/kptal/humanoid_ws/install/dual_panda_moveit2/share/dual_panda_moveit2/cmake/dual_panda_moveit2Config.cmake
-- Installing: /home/kptal/humanoid_ws/install/dual_panda_moveit2/share/dual_panda_moveit2/cmake/dual_panda_moveit2Config-version.cmake
-- Installing: /home/kptal/humanoid_ws/install/dual_panda_moveit2/share/dual_panda_moveit2/package.xml
