[0.441s] Invoking command in '/home/kptal/humanoid_ws/src/dual_arm_ik_solver': PYTHONPATH=/home/kptal/humanoid_ws/build/dual_arm_ik_solver/prefix_override:/usr/lib/python3/dist-packages/colcon_core/task/python/colcon_distutils_commands:/home/kptal/humanoid_ws/install/dual_arm_ik_solver/lib/python3.10/site-packages:${PYTHONPATH} /usr/bin/python3 -W ignore:setup.py install is deprecated -W ignore:easy_install command is deprecated setup.py egg_info --egg-base ../../build/dual_arm_ik_solver build --build-base /home/kptal/humanoid_ws/build/dual_arm_ik_solver/build install --record /home/kptal/humanoid_ws/build/dual_arm_ik_solver/install.log --single-version-externally-managed install_data
[0.607s] running egg_info
[0.608s] writing ../../build/dual_arm_ik_solver/dual_arm_ik_solver.egg-info/PKG-INFO
[0.608s] writing dependency_links to ../../build/dual_arm_ik_solver/dual_arm_ik_solver.egg-info/dependency_links.txt
[0.608s] writing entry points to ../../build/dual_arm_ik_solver/dual_arm_ik_solver.egg-info/entry_points.txt
[0.608s] writing requirements to ../../build/dual_arm_ik_solver/dual_arm_ik_solver.egg-info/requires.txt
[0.608s] writing top-level names to ../../build/dual_arm_ik_solver/dual_arm_ik_solver.egg-info/top_level.txt
[0.609s] reading manifest file '../../build/dual_arm_ik_solver/dual_arm_ik_solver.egg-info/SOURCES.txt'
[0.609s] writing manifest file '../../build/dual_arm_ik_solver/dual_arm_ik_solver.egg-info/SOURCES.txt'
[0.610s] running build
[0.610s] running build_py
[0.610s] running install
[0.610s] running install_lib
[0.611s] running install_data
[0.611s] running install_egg_info
[0.612s] removing '/home/kptal/humanoid_ws/install/dual_arm_ik_solver/lib/python3.10/site-packages/dual_arm_ik_solver-0.0.0-py3.10.egg-info' (and everything under it)
[0.612s] Copying ../../build/dual_arm_ik_solver/dual_arm_ik_solver.egg-info to /home/kptal/humanoid_ws/install/dual_arm_ik_solver/lib/python3.10/site-packages/dual_arm_ik_solver-0.0.0-py3.10.egg-info
[0.612s] running install_scripts
[0.626s] Installing dual_arm_ik_solver script to /home/kptal/humanoid_ws/install/dual_arm_ik_solver/lib/dual_arm_ik_solver
[0.627s] writing list of installed files to '/home/kptal/humanoid_ws/build/dual_arm_ik_solver/install.log'
[0.644s] Invoked command in '/home/kptal/humanoid_ws/src/dual_arm_ik_solver' returned '0': PYTHONPATH=/home/kptal/humanoid_ws/build/dual_arm_ik_solver/prefix_override:/usr/lib/python3/dist-packages/colcon_core/task/python/colcon_distutils_commands:/home/kptal/humanoid_ws/install/dual_arm_ik_solver/lib/python3.10/site-packages:${PYTHONPATH} /usr/bin/python3 -W ignore:setup.py install is deprecated -W ignore:easy_install command is deprecated setup.py egg_info --egg-base ../../build/dual_arm_ik_solver build --build-base /home/kptal/humanoid_ws/build/dual_arm_ik_solver/build install --record /home/kptal/humanoid_ws/build/dual_arm_ik_solver/install.log --single-version-externally-managed install_data
