/home/kptal/humanoid_ws/install/half_humanoid_control_actions/lib/python3.10/site-packages/half_humanoid_control_actions/obstacle_publisher.py
/home/kptal/humanoid_ws/install/half_humanoid_control_actions/lib/python3.10/site-packages/half_humanoid_control_actions/humanoid_command_listener.py
/home/kptal/humanoid_ws/install/half_humanoid_control_actions/lib/python3.10/site-packages/half_humanoid_control_actions/humanoid_action_client.py
/home/kptal/humanoid_ws/install/half_humanoid_control_actions/lib/python3.10/site-packages/half_humanoid_control_actions/humanoid_command_publisher.py
/home/kptal/humanoid_ws/install/half_humanoid_control_actions/lib/python3.10/site-packages/half_humanoid_control_actions/__init__.py
/home/kptal/humanoid_ws/install/half_humanoid_control_actions/lib/python3.10/site-packages/half_humanoid_control_actions/__pycache__/obstacle_publisher.cpython-310.pyc
/home/kptal/humanoid_ws/install/half_humanoid_control_actions/lib/python3.10/site-packages/half_humanoid_control_actions/__pycache__/humanoid_command_listener.cpython-310.pyc
/home/kptal/humanoid_ws/install/half_humanoid_control_actions/lib/python3.10/site-packages/half_humanoid_control_actions/__pycache__/humanoid_action_client.cpython-310.pyc
/home/kptal/humanoid_ws/install/half_humanoid_control_actions/lib/python3.10/site-packages/half_humanoid_control_actions/__pycache__/humanoid_command_publisher.cpython-310.pyc
/home/kptal/humanoid_ws/install/half_humanoid_control_actions/lib/python3.10/site-packages/half_humanoid_control_actions/__pycache__/__init__.cpython-310.pyc
/home/kptal/humanoid_ws/install/half_humanoid_control_actions/share/ament_index/resource_index/packages/half_humanoid_control_actions
/home/kptal/humanoid_ws/install/half_humanoid_control_actions/share/half_humanoid_control_actions/package.xml
/home/kptal/humanoid_ws/install/half_humanoid_control_actions/lib/python3.10/site-packages/half_humanoid_control_actions-0.0.0-py3.10.egg-info/SOURCES.txt
/home/kptal/humanoid_ws/install/half_humanoid_control_actions/lib/python3.10/site-packages/half_humanoid_control_actions-0.0.0-py3.10.egg-info/requires.txt
/home/kptal/humanoid_ws/install/half_humanoid_control_actions/lib/python3.10/site-packages/half_humanoid_control_actions-0.0.0-py3.10.egg-info/PKG-INFO
/home/kptal/humanoid_ws/install/half_humanoid_control_actions/lib/python3.10/site-packages/half_humanoid_control_actions-0.0.0-py3.10.egg-info/dependency_links.txt
/home/kptal/humanoid_ws/install/half_humanoid_control_actions/lib/python3.10/site-packages/half_humanoid_control_actions-0.0.0-py3.10.egg-info/entry_points.txt
/home/kptal/humanoid_ws/install/half_humanoid_control_actions/lib/python3.10/site-packages/half_humanoid_control_actions-0.0.0-py3.10.egg-info/top_level.txt
/home/kptal/humanoid_ws/install/half_humanoid_control_actions/lib/python3.10/site-packages/half_humanoid_control_actions-0.0.0-py3.10.egg-info/zip-safe
/home/kptal/humanoid_ws/install/half_humanoid_control_actions/lib/half_humanoid_control_actions/humanoid_action_client
/home/kptal/humanoid_ws/install/half_humanoid_control_actions/lib/half_humanoid_control_actions/humanoid_command_listener
/home/kptal/humanoid_ws/install/half_humanoid_control_actions/lib/half_humanoid_control_actions/humanoid_command_publisher
/home/kptal/humanoid_ws/install/half_humanoid_control_actions/lib/half_humanoid_control_actions/obstacle_publisher
