[0.026s] Invoking command in '/home/kptal/humanoid_ws/build/myrobot_description': CMAKE_PREFIX_PATH=${CMAKE_PREFIX_PATH}:/home/kptal/humanoid_ws/install/moveit_configs_utils:/home/kptal/humanoid_ws/install/launch_param_builder:/home/kptal/humanoid_ws/install/ik_pick_place:/home/kptal/humanoid_ws/install/half_humanoid_control_actions:/home/kptal/humanoid_ws/install/dynamixel_test_utils:/home/kptal/ws_moveit2/install/moveit_configs_utils:/home/kptal/ws_moveit2/install/launch_param_builder:/opt/ros/humble /usr/bin/cmake /home/kptal/humanoid_ws/src/myrobot_description -DCMAKE_INSTALL_PREFIX=/home/kptal/humanoid_ws/install/myrobot_description
[0.146s] -- The C compiler identification is GNU 11.4.0
[0.267s] -- The CXX compiler identification is GNU 11.4.0
[0.282s] -- Detecting C compiler ABI info
[0.448s] -- Detecting C compiler ABI info - done
[0.463s] -- Check for working C compiler: /usr/bin/cc - skipped
[0.464s] -- Detecting C compile features
[0.464s] -- Detecting C compile features - done
[0.468s] -- Detecting CXX compiler ABI info
[0.638s] -- Detecting CXX compiler ABI info - done
[0.648s] -- Check for working CXX compiler: /usr/bin/c++ - skipped
[0.648s] -- Detecting CXX compile features
[0.649s] -- Detecting CXX compile features - done
[0.658s] -- Found ament_cmake: 1.3.11 (/opt/ros/humble/share/ament_cmake/cmake)
[0.931s] -- Found Python3: /usr/bin/python3 (found version "3.10.12") found components: Interpreter 
[1.217s] -- Found urdf: 2.6.1 (/opt/ros/humble/share/urdf/cmake)
[1.358s] -- Found xacro: 2.0.13 (/opt/ros/humble/share/xacro/cmake)
[1.447s] -- Configuring done
[1.450s] -- Generating done
[1.452s] -- Build files have been written to: /home/kptal/humanoid_ws/build/myrobot_description
[1.461s] Invoked command in '/home/kptal/humanoid_ws/build/myrobot_description' returned '0': CMAKE_PREFIX_PATH=${CMAKE_PREFIX_PATH}:/home/kptal/humanoid_ws/install/moveit_configs_utils:/home/kptal/humanoid_ws/install/launch_param_builder:/home/kptal/humanoid_ws/install/ik_pick_place:/home/kptal/humanoid_ws/install/half_humanoid_control_actions:/home/kptal/humanoid_ws/install/dynamixel_test_utils:/home/kptal/ws_moveit2/install/moveit_configs_utils:/home/kptal/ws_moveit2/install/launch_param_builder:/opt/ros/humble /usr/bin/cmake /home/kptal/humanoid_ws/src/myrobot_description -DCMAKE_INSTALL_PREFIX=/home/kptal/humanoid_ws/install/myrobot_description
[1.464s] Invoking command in '/home/kptal/humanoid_ws/build/myrobot_description': CMAKE_PREFIX_PATH=${CMAKE_PREFIX_PATH}:/home/kptal/humanoid_ws/install/moveit_configs_utils:/home/kptal/humanoid_ws/install/launch_param_builder:/home/kptal/humanoid_ws/install/ik_pick_place:/home/kptal/humanoid_ws/install/half_humanoid_control_actions:/home/kptal/humanoid_ws/install/dynamixel_test_utils:/home/kptal/ws_moveit2/install/moveit_configs_utils:/home/kptal/ws_moveit2/install/launch_param_builder:/opt/ros/humble /usr/bin/cmake --build /home/kptal/humanoid_ws/build/myrobot_description -- -j18 -l18
[1.538s] Invoked command in '/home/kptal/humanoid_ws/build/myrobot_description' returned '0': CMAKE_PREFIX_PATH=${CMAKE_PREFIX_PATH}:/home/kptal/humanoid_ws/install/moveit_configs_utils:/home/kptal/humanoid_ws/install/launch_param_builder:/home/kptal/humanoid_ws/install/ik_pick_place:/home/kptal/humanoid_ws/install/half_humanoid_control_actions:/home/kptal/humanoid_ws/install/dynamixel_test_utils:/home/kptal/ws_moveit2/install/moveit_configs_utils:/home/kptal/ws_moveit2/install/launch_param_builder:/opt/ros/humble /usr/bin/cmake --build /home/kptal/humanoid_ws/build/myrobot_description -- -j18 -l18
[1.541s] Invoking command in '/home/kptal/humanoid_ws/build/myrobot_description': CMAKE_PREFIX_PATH=${CMAKE_PREFIX_PATH}:/home/kptal/humanoid_ws/install/moveit_configs_utils:/home/kptal/humanoid_ws/install/launch_param_builder:/home/kptal/humanoid_ws/install/ik_pick_place:/home/kptal/humanoid_ws/install/half_humanoid_control_actions:/home/kptal/humanoid_ws/install/dynamixel_test_utils:/home/kptal/ws_moveit2/install/moveit_configs_utils:/home/kptal/ws_moveit2/install/launch_param_builder:/opt/ros/humble /usr/bin/cmake --install /home/kptal/humanoid_ws/build/myrobot_description
[1.558s] -- Install configuration: ""
[1.558s] -- Installing: /home/kptal/humanoid_ws/install/myrobot_description/share/myrobot_description/urdf
[1.558s] -- Installing: /home/kptal/humanoid_ws/install/myrobot_description/share/myrobot_description/urdf/myrobot.urdf.xacro
[1.562s] -- Installing: /home/kptal/humanoid_ws/install/myrobot_description/share/myrobot_description/urdf/ros2_control_wrapper.urdf.xacro
[1.562s] -- Installing: /home/kptal/humanoid_ws/install/myrobot_description/share/myrobot_description/urdf/v5_URDF.urdf
[1.562s] -- Installing: /home/kptal/humanoid_ws/install/myrobot_description/share/myrobot_description/urdf/v5_URDF.csv
[1.562s] -- Installing: /home/kptal/humanoid_ws/install/myrobot_description/share/myrobot_description/urdf/test_robot.urdf.xacro
[1.563s] -- Installing: /home/kptal/humanoid_ws/install/myrobot_description/share/myrobot_description/meshes
[1.563s] -- Installing: /home/kptal/humanoid_ws/install/myrobot_description/share/myrobot_description/meshes/left_wrist_2.STL
[1.566s] -- Installing: /home/kptal/humanoid_ws/install/myrobot_description/share/myrobot_description/meshes/left_shoulder_1.STL
[1.568s] -- Installing: /home/kptal/humanoid_ws/install/myrobot_description/share/myrobot_description/meshes/right_finger_1.STL
[1.568s] -- Installing: /home/kptal/humanoid_ws/install/myrobot_description/share/myrobot_description/meshes/left_shoulder_2.STL
[1.573s] -- Installing: /home/kptal/humanoid_ws/install/myrobot_description/share/myrobot_description/meshes/right_shoulder_2.STL
[1.578s] -- Installing: /home/kptal/humanoid_ws/install/myrobot_description/share/myrobot_description/meshes/left_finger_2.STL
[1.578s] -- Installing: /home/kptal/humanoid_ws/install/myrobot_description/share/myrobot_description/meshes/right_shoulder_1.STL
[1.580s] -- Installing: /home/kptal/humanoid_ws/install/myrobot_description/share/myrobot_description/meshes/right_wrist_2.STL
[1.583s] -- Installing: /home/kptal/humanoid_ws/install/myrobot_description/share/myrobot_description/meshes/left_elbow_1.STL
[1.586s] -- Installing: /home/kptal/humanoid_ws/install/myrobot_description/share/myrobot_description/meshes/right_shoulder_3.STL
[1.589s] -- Installing: /home/kptal/humanoid_ws/install/myrobot_description/share/myrobot_description/meshes/camera.STL
[1.591s] -- Installing: /home/kptal/humanoid_ws/install/myrobot_description/share/myrobot_description/meshes/left_wrist_1.STL
[1.592s] -- Installing: /home/kptal/humanoid_ws/install/myrobot_description/share/myrobot_description/meshes/right_elbow_2.STL
[1.594s] -- Installing: /home/kptal/humanoid_ws/install/myrobot_description/share/myrobot_description/meshes/right_elbow_1.STL
[1.597s] -- Installing: /home/kptal/humanoid_ws/install/myrobot_description/share/myrobot_description/meshes/base_link.STL
[1.612s] -- Installing: /home/kptal/humanoid_ws/install/myrobot_description/share/myrobot_description/meshes/neck_pitch.STL
[1.616s] -- Installing: /home/kptal/humanoid_ws/install/myrobot_description/share/myrobot_description/meshes/left_finger_1.STL
[1.617s] -- Installing: /home/kptal/humanoid_ws/install/myrobot_description/share/myrobot_description/meshes/right_finger_2.STL
[1.617s] -- Installing: /home/kptal/humanoid_ws/install/myrobot_description/share/myrobot_description/meshes/left_shoulder_3.STL
[1.622s] -- Installing: /home/kptal/humanoid_ws/install/myrobot_description/share/myrobot_description/meshes/right_wrist_1.STL
[1.627s] -- Installing: /home/kptal/humanoid_ws/install/myrobot_description/share/myrobot_description/meshes/left_elbow_2.STL
[1.631s] -- Installing: /home/kptal/humanoid_ws/install/myrobot_description/share/myrobot_description/meshes/neck_yaw.STL
[1.633s] -- Installing: /home/kptal/humanoid_ws/install/myrobot_description/share/ament_index/resource_index/package_run_dependencies/myrobot_description
[1.633s] -- Installing: /home/kptal/humanoid_ws/install/myrobot_description/share/ament_index/resource_index/parent_prefix_path/myrobot_description
[1.633s] -- Installing: /home/kptal/humanoid_ws/install/myrobot_description/share/myrobot_description/environment/ament_prefix_path.sh
[1.633s] -- Installing: /home/kptal/humanoid_ws/install/myrobot_description/share/myrobot_description/environment/ament_prefix_path.dsv
[1.633s] -- Installing: /home/kptal/humanoid_ws/install/myrobot_description/share/myrobot_description/environment/path.sh
[1.634s] -- Installing: /home/kptal/humanoid_ws/install/myrobot_description/share/myrobot_description/environment/path.dsv
[1.634s] -- Installing: /home/kptal/humanoid_ws/install/myrobot_description/share/myrobot_description/local_setup.bash
[1.634s] -- Installing: /home/kptal/humanoid_ws/install/myrobot_description/share/myrobot_description/local_setup.sh
[1.634s] -- Installing: /home/kptal/humanoid_ws/install/myrobot_description/share/myrobot_description/local_setup.zsh
[1.634s] -- Installing: /home/kptal/humanoid_ws/install/myrobot_description/share/myrobot_description/local_setup.dsv
[1.635s] -- Installing: /home/kptal/humanoid_ws/install/myrobot_description/share/myrobot_description/package.dsv
[1.635s] -- Installing: /home/kptal/humanoid_ws/install/myrobot_description/share/ament_index/resource_index/packages/myrobot_description
[1.636s] -- Installing: /home/kptal/humanoid_ws/install/myrobot_description/share/myrobot_description/cmake/myrobot_descriptionConfig.cmake
[1.636s] -- Installing: /home/kptal/humanoid_ws/install/myrobot_description/share/myrobot_description/cmake/myrobot_descriptionConfig-version.cmake
[1.636s] -- Installing: /home/kptal/humanoid_ws/install/myrobot_description/share/myrobot_description/package.xml
[1.641s] Invoked command in '/home/kptal/humanoid_ws/build/myrobot_description' returned '0': CMAKE_PREFIX_PATH=${CMAKE_PREFIX_PATH}:/home/kptal/humanoid_ws/install/moveit_configs_utils:/home/kptal/humanoid_ws/install/launch_param_builder:/home/kptal/humanoid_ws/install/ik_pick_place:/home/kptal/humanoid_ws/install/half_humanoid_control_actions:/home/kptal/humanoid_ws/install/dynamixel_test_utils:/home/kptal/ws_moveit2/install/moveit_configs_utils:/home/kptal/ws_moveit2/install/launch_param_builder:/opt/ros/humble /usr/bin/cmake --install /home/kptal/humanoid_ws/build/myrobot_description
