[0.012s] Invoking command in '/home/kptal/humanoid_ws/build/moveit_resources_panda_description': CMAKE_PREFIX_PATH=${CMAKE_PREFIX_PATH}:/home/kptal/humanoid_ws/install/moveit_configs_utils:/home/kptal/humanoid_ws/install/launch_param_builder:/home/kptal/humanoid_ws/install/ik_pick_place:/home/kptal/humanoid_ws/install/half_humanoid_control_actions:/home/kptal/humanoid_ws/install/dynamixel_test_utils:/home/kptal/ws_moveit2/install/moveit_configs_utils:/home/kptal/ws_moveit2/install/launch_param_builder:/opt/ros/humble /usr/bin/cmake /home/kptal/humanoid_ws/src/moveit_resources/panda_description -DCMAKE_INSTALL_PREFIX=/home/kptal/humanoid_ws/install/moveit_resources_panda_description
[0.129s] -- The C compiler identification is GNU 11.4.0
[0.213s] -- The CXX compiler identification is GNU 11.4.0
[0.224s] -- Detecting C compiler ABI info
[0.307s] -- Detecting C compiler ABI info - done
[0.311s] -- Check for working C compiler: /usr/bin/cc - skipped
[0.312s] -- Detecting C compile features
[0.313s] -- Detecting C compile features - done
[0.316s] -- Detecting CXX compiler ABI info
[0.402s] -- Detecting CXX compiler ABI info - done
[0.409s] -- Check for working CXX compiler: /usr/bin/c++ - skipped
[0.409s] -- Detecting CXX compile features
[0.409s] -- Detecting CXX compile features - done
[0.413s] -- Found ament_cmake: 1.3.11 (/opt/ros/humble/share/ament_cmake/cmake)
[0.566s] -- Found Python3: /usr/bin/python3 (found version "3.10.12") found components: Interpreter 
[0.728s] -- Configuring done
[0.729s] -- Generating done
[0.730s] -- Build files have been written to: /home/kptal/humanoid_ws/build/moveit_resources_panda_description
[0.735s] Invoked command in '/home/kptal/humanoid_ws/build/moveit_resources_panda_description' returned '0': CMAKE_PREFIX_PATH=${CMAKE_PREFIX_PATH}:/home/kptal/humanoid_ws/install/moveit_configs_utils:/home/kptal/humanoid_ws/install/launch_param_builder:/home/kptal/humanoid_ws/install/ik_pick_place:/home/kptal/humanoid_ws/install/half_humanoid_control_actions:/home/kptal/humanoid_ws/install/dynamixel_test_utils:/home/kptal/ws_moveit2/install/moveit_configs_utils:/home/kptal/ws_moveit2/install/launch_param_builder:/opt/ros/humble /usr/bin/cmake /home/kptal/humanoid_ws/src/moveit_resources/panda_description -DCMAKE_INSTALL_PREFIX=/home/kptal/humanoid_ws/install/moveit_resources_panda_description
[0.737s] Invoking command in '/home/kptal/humanoid_ws/build/moveit_resources_panda_description': CMAKE_PREFIX_PATH=${CMAKE_PREFIX_PATH}:/home/kptal/humanoid_ws/install/moveit_configs_utils:/home/kptal/humanoid_ws/install/launch_param_builder:/home/kptal/humanoid_ws/install/ik_pick_place:/home/kptal/humanoid_ws/install/half_humanoid_control_actions:/home/kptal/humanoid_ws/install/dynamixel_test_utils:/home/kptal/ws_moveit2/install/moveit_configs_utils:/home/kptal/ws_moveit2/install/launch_param_builder:/opt/ros/humble /usr/bin/cmake --build /home/kptal/humanoid_ws/build/moveit_resources_panda_description -- -j18 -l18
[0.788s] Invoked command in '/home/kptal/humanoid_ws/build/moveit_resources_panda_description' returned '0': CMAKE_PREFIX_PATH=${CMAKE_PREFIX_PATH}:/home/kptal/humanoid_ws/install/moveit_configs_utils:/home/kptal/humanoid_ws/install/launch_param_builder:/home/kptal/humanoid_ws/install/ik_pick_place:/home/kptal/humanoid_ws/install/half_humanoid_control_actions:/home/kptal/humanoid_ws/install/dynamixel_test_utils:/home/kptal/ws_moveit2/install/moveit_configs_utils:/home/kptal/ws_moveit2/install/launch_param_builder:/opt/ros/humble /usr/bin/cmake --build /home/kptal/humanoid_ws/build/moveit_resources_panda_description -- -j18 -l18
[0.790s] Invoking command in '/home/kptal/humanoid_ws/build/moveit_resources_panda_description': CMAKE_PREFIX_PATH=${CMAKE_PREFIX_PATH}:/home/kptal/humanoid_ws/install/moveit_configs_utils:/home/kptal/humanoid_ws/install/launch_param_builder:/home/kptal/humanoid_ws/install/ik_pick_place:/home/kptal/humanoid_ws/install/half_humanoid_control_actions:/home/kptal/humanoid_ws/install/dynamixel_test_utils:/home/kptal/ws_moveit2/install/moveit_configs_utils:/home/kptal/ws_moveit2/install/launch_param_builder:/opt/ros/humble /usr/bin/cmake --install /home/kptal/humanoid_ws/build/moveit_resources_panda_description
[0.798s] -- Install configuration: ""
[0.798s] -- Installing: /home/kptal/humanoid_ws/install/moveit_resources_panda_description/share/ament_index/resource_index/package_run_dependencies/moveit_resources_panda_description
[0.798s] -- Installing: /home/kptal/humanoid_ws/install/moveit_resources_panda_description/share/ament_index/resource_index/parent_prefix_path/moveit_resources_panda_description
[0.798s] -- Installing: /home/kptal/humanoid_ws/install/moveit_resources_panda_description/share/moveit_resources_panda_description/environment/ament_prefix_path.sh
[0.799s] -- Installing: /home/kptal/humanoid_ws/install/moveit_resources_panda_description/share/moveit_resources_panda_description/environment/ament_prefix_path.dsv
[0.799s] -- Installing: /home/kptal/humanoid_ws/install/moveit_resources_panda_description/share/moveit_resources_panda_description/environment/path.sh
[0.799s] -- Installing: /home/kptal/humanoid_ws/install/moveit_resources_panda_description/share/moveit_resources_panda_description/environment/path.dsv
[0.799s] -- Installing: /home/kptal/humanoid_ws/install/moveit_resources_panda_description/share/moveit_resources_panda_description/local_setup.bash
[0.799s] -- Installing: /home/kptal/humanoid_ws/install/moveit_resources_panda_description/share/moveit_resources_panda_description/local_setup.sh
[0.799s] -- Installing: /home/kptal/humanoid_ws/install/moveit_resources_panda_description/share/moveit_resources_panda_description/local_setup.zsh
[0.799s] -- Installing: /home/kptal/humanoid_ws/install/moveit_resources_panda_description/share/moveit_resources_panda_description/local_setup.dsv
[0.799s] -- Installing: /home/kptal/humanoid_ws/install/moveit_resources_panda_description/share/moveit_resources_panda_description/package.dsv
[0.799s] -- Installing: /home/kptal/humanoid_ws/install/moveit_resources_panda_description/share/ament_index/resource_index/packages/moveit_resources_panda_description
[0.800s] -- Installing: /home/kptal/humanoid_ws/install/moveit_resources_panda_description/share/moveit_resources_panda_description/cmake/moveit_resources_panda_descriptionConfig.cmake
[0.800s] -- Installing: /home/kptal/humanoid_ws/install/moveit_resources_panda_description/share/moveit_resources_panda_description/cmake/moveit_resources_panda_descriptionConfig-version.cmake
[0.800s] -- Installing: /home/kptal/humanoid_ws/install/moveit_resources_panda_description/share/moveit_resources_panda_description/package.xml
[0.800s] -- Installing: /home/kptal/humanoid_ws/install/moveit_resources_panda_description/share/moveit_resources_panda_description/meshes
[0.800s] -- Installing: /home/kptal/humanoid_ws/install/moveit_resources_panda_description/share/moveit_resources_panda_description/meshes/collision
[0.800s] -- Installing: /home/kptal/humanoid_ws/install/moveit_resources_panda_description/share/moveit_resources_panda_description/meshes/collision/link4.stl
[0.800s] -- Installing: /home/kptal/humanoid_ws/install/moveit_resources_panda_description/share/moveit_resources_panda_description/meshes/collision/finger.stl
[0.800s] -- Installing: /home/kptal/humanoid_ws/install/moveit_resources_panda_description/share/moveit_resources_panda_description/meshes/collision/link0.stl
[0.801s] -- Installing: /home/kptal/humanoid_ws/install/moveit_resources_panda_description/share/moveit_resources_panda_description/meshes/collision/link1.stl
[0.801s] -- Installing: /home/kptal/humanoid_ws/install/moveit_resources_panda_description/share/moveit_resources_panda_description/meshes/collision/link7.stl
[0.801s] -- Installing: /home/kptal/humanoid_ws/install/moveit_resources_panda_description/share/moveit_resources_panda_description/meshes/collision/link2.stl
[0.801s] -- Installing: /home/kptal/humanoid_ws/install/moveit_resources_panda_description/share/moveit_resources_panda_description/meshes/collision/link3.stl
[0.801s] -- Installing: /home/kptal/humanoid_ws/install/moveit_resources_panda_description/share/moveit_resources_panda_description/meshes/collision/hand.stl
[0.801s] -- Installing: /home/kptal/humanoid_ws/install/moveit_resources_panda_description/share/moveit_resources_panda_description/meshes/collision/link6.stl
[0.802s] -- Installing: /home/kptal/humanoid_ws/install/moveit_resources_panda_description/share/moveit_resources_panda_description/meshes/collision/link5.stl
[0.802s] -- Installing: /home/kptal/humanoid_ws/install/moveit_resources_panda_description/share/moveit_resources_panda_description/meshes/visual
[0.802s] -- Installing: /home/kptal/humanoid_ws/install/moveit_resources_panda_description/share/moveit_resources_panda_description/meshes/visual/finger.dae
[0.802s] -- Installing: /home/kptal/humanoid_ws/install/moveit_resources_panda_description/share/moveit_resources_panda_description/meshes/visual/link1.dae
[0.804s] -- Installing: /home/kptal/humanoid_ws/install/moveit_resources_panda_description/share/moveit_resources_panda_description/meshes/visual/hand.dae
[0.805s] -- Installing: /home/kptal/humanoid_ws/install/moveit_resources_panda_description/share/moveit_resources_panda_description/meshes/visual/link5.dae
[0.810s] -- Installing: /home/kptal/humanoid_ws/install/moveit_resources_panda_description/share/moveit_resources_panda_description/meshes/visual/link4.dae
[0.812s] -- Installing: /home/kptal/humanoid_ws/install/moveit_resources_panda_description/share/moveit_resources_panda_description/meshes/visual/link3.dae
[0.813s] -- Installing: /home/kptal/humanoid_ws/install/moveit_resources_panda_description/share/moveit_resources_panda_description/meshes/visual/link2.dae
[0.814s] -- Installing: /home/kptal/humanoid_ws/install/moveit_resources_panda_description/share/moveit_resources_panda_description/meshes/visual/link7.dae
[0.816s] -- Installing: /home/kptal/humanoid_ws/install/moveit_resources_panda_description/share/moveit_resources_panda_description/meshes/visual/link0.dae
[0.818s] -- Installing: /home/kptal/humanoid_ws/install/moveit_resources_panda_description/share/moveit_resources_panda_description/meshes/visual/link6.dae
[0.821s] -- Installing: /home/kptal/humanoid_ws/install/moveit_resources_panda_description/share/moveit_resources_panda_description/urdf
[0.821s] -- Installing: /home/kptal/humanoid_ws/install/moveit_resources_panda_description/share/moveit_resources_panda_description/urdf/panda.urdf
[0.821s] -- Installing: /home/kptal/humanoid_ws/install/moveit_resources_panda_description/share/moveit_resources_panda_description/urdf/dual_panda.urdf
[0.825s] Invoked command in '/home/kptal/humanoid_ws/build/moveit_resources_panda_description' returned '0': CMAKE_PREFIX_PATH=${CMAKE_PREFIX_PATH}:/home/kptal/humanoid_ws/install/moveit_configs_utils:/home/kptal/humanoid_ws/install/launch_param_builder:/home/kptal/humanoid_ws/install/ik_pick_place:/home/kptal/humanoid_ws/install/half_humanoid_control_actions:/home/kptal/humanoid_ws/install/dynamixel_test_utils:/home/kptal/ws_moveit2/install/moveit_configs_utils:/home/kptal/ws_moveit2/install/launch_param_builder:/opt/ros/humble /usr/bin/cmake --install /home/kptal/humanoid_ws/build/moveit_resources_panda_description
