[0.615s] Invoking command in '/home/kptal/humanoid_ws/src/ik_pick_place': PYTHONPATH=/home/kptal/humanoid_ws/build/ik_pick_place/prefix_override:/usr/lib/python3/dist-packages/colcon_core/task/python/colcon_distutils_commands:/home/kptal/humanoid_ws/install/ik_pick_place/lib/python3.10/site-packages:${PYTHONPATH} /usr/bin/python3 -W ignore:setup.py install is deprecated -W ignore:easy_install command is deprecated setup.py egg_info --egg-base ../../build/ik_pick_place build --build-base /home/kptal/humanoid_ws/build/ik_pick_place/build install --record /home/kptal/humanoid_ws/build/ik_pick_place/install.log --single-version-externally-managed install_data
[0.847s] running egg_info
[0.848s] writing ../../build/ik_pick_place/ik_pick_place.egg-info/PKG-INFO
[0.848s] writing dependency_links to ../../build/ik_pick_place/ik_pick_place.egg-info/dependency_links.txt
[0.848s] writing entry points to ../../build/ik_pick_place/ik_pick_place.egg-info/entry_points.txt
[0.848s] writing requirements to ../../build/ik_pick_place/ik_pick_place.egg-info/requires.txt
[0.848s] writing top-level names to ../../build/ik_pick_place/ik_pick_place.egg-info/top_level.txt
[0.850s] reading manifest file '../../build/ik_pick_place/ik_pick_place.egg-info/SOURCES.txt'
[0.851s] writing manifest file '../../build/ik_pick_place/ik_pick_place.egg-info/SOURCES.txt'
[0.851s] running build
[0.851s] running build_py
[0.851s] running install
[0.851s] running install_lib
[0.852s] running install_data
[0.853s] running install_egg_info
[0.854s] removing '/home/kptal/humanoid_ws/install/ik_pick_place/lib/python3.10/site-packages/ik_pick_place-0.0.0-py3.10.egg-info' (and everything under it)
[0.855s] Copying ../../build/ik_pick_place/ik_pick_place.egg-info to /home/kptal/humanoid_ws/install/ik_pick_place/lib/python3.10/site-packages/ik_pick_place-0.0.0-py3.10.egg-info
[0.855s] running install_scripts
[0.876s] Installing debug_ik_node script to /home/kptal/humanoid_ws/install/ik_pick_place/lib/ik_pick_place
[0.876s] Installing ik_pick_place_node script to /home/kptal/humanoid_ws/install/ik_pick_place/lib/ik_pick_place
[0.876s] Installing simple_ik_test script to /home/kptal/humanoid_ws/install/ik_pick_place/lib/ik_pick_place
[0.876s] writing list of installed files to '/home/kptal/humanoid_ws/build/ik_pick_place/install.log'
[0.899s] Invoked command in '/home/kptal/humanoid_ws/src/ik_pick_place' returned '0': PYTHONPATH=/home/kptal/humanoid_ws/build/ik_pick_place/prefix_override:/usr/lib/python3/dist-packages/colcon_core/task/python/colcon_distutils_commands:/home/kptal/humanoid_ws/install/ik_pick_place/lib/python3.10/site-packages:${PYTHONPATH} /usr/bin/python3 -W ignore:setup.py install is deprecated -W ignore:easy_install command is deprecated setup.py egg_info --egg-base ../../build/ik_pick_place build --build-base /home/kptal/humanoid_ws/build/ik_pick_place/build install --record /home/kptal/humanoid_ws/build/ik_pick_place/install.log --single-version-externally-managed install_data
