[0.756s] Invoking command in '/home/kptal/humanoid_ws/src/moveit2/moveit_configs_utils': AMENT_PREFIX_PATH=/home/kptal/humanoid_ws/install/launch_param_builder:${AMENT_PREFIX_PATH} PYTHONPATH=/home/kptal/humanoid_ws/build/moveit_configs_utils/prefix_override:/usr/lib/python3/dist-packages/colcon_core/task/python/colcon_distutils_commands:/home/kptal/humanoid_ws/install/moveit_configs_utils/lib/python3.10/site-packages:/home/kptal/humanoid_ws/install/launch_param_builder/lib/python3.10/site-packages:${PYTHONPATH} /usr/bin/python3 -W ignore:setup.py install is deprecated -W ignore:easy_install command is deprecated setup.py egg_info --egg-base ../../../build/moveit_configs_utils build --build-base /home/kptal/humanoid_ws/build/moveit_configs_utils/build install --record /home/kptal/humanoid_ws/build/moveit_configs_utils/install.log --single-version-externally-managed install_data
[0.997s] running egg_info
[0.997s] writing ../../../build/moveit_configs_utils/moveit_configs_utils.egg-info/PKG-INFO
[0.997s] writing dependency_links to ../../../build/moveit_configs_utils/moveit_configs_utils.egg-info/dependency_links.txt
[0.997s] writing entry points to ../../../build/moveit_configs_utils/moveit_configs_utils.egg-info/entry_points.txt
[0.998s] writing requirements to ../../../build/moveit_configs_utils/moveit_configs_utils.egg-info/requires.txt
[0.998s] writing top-level names to ../../../build/moveit_configs_utils/moveit_configs_utils.egg-info/top_level.txt
[1.000s] reading manifest file '../../../build/moveit_configs_utils/moveit_configs_utils.egg-info/SOURCES.txt'
[1.001s] writing manifest file '../../../build/moveit_configs_utils/moveit_configs_utils.egg-info/SOURCES.txt'
[1.002s] running build
[1.002s] running build_py
[1.002s] running install
[1.002s] running install_lib
[1.004s] running install_data
[1.004s] running install_egg_info
[1.005s] removing '/home/kptal/humanoid_ws/install/moveit_configs_utils/lib/python3.10/site-packages/moveit_configs_utils-2.5.7-py3.10.egg-info' (and everything under it)
[1.005s] Copying ../../../build/moveit_configs_utils/moveit_configs_utils.egg-info to /home/kptal/humanoid_ws/install/moveit_configs_utils/lib/python3.10/site-packages/moveit_configs_utils-2.5.7-py3.10.egg-info
[1.006s] running install_scripts
[1.027s] writing list of installed files to '/home/kptal/humanoid_ws/build/moveit_configs_utils/install.log'
[1.049s] Invoked command in '/home/kptal/humanoid_ws/src/moveit2/moveit_configs_utils' returned '0': AMENT_PREFIX_PATH=/home/kptal/humanoid_ws/install/launch_param_builder:${AMENT_PREFIX_PATH} PYTHONPATH=/home/kptal/humanoid_ws/build/moveit_configs_utils/prefix_override:/usr/lib/python3/dist-packages/colcon_core/task/python/colcon_distutils_commands:/home/kptal/humanoid_ws/install/moveit_configs_utils/lib/python3.10/site-packages:/home/kptal/humanoid_ws/install/launch_param_builder/lib/python3.10/site-packages:${PYTHONPATH} /usr/bin/python3 -W ignore:setup.py install is deprecated -W ignore:easy_install command is deprecated setup.py egg_info --egg-base ../../../build/moveit_configs_utils build --build-base /home/kptal/humanoid_ws/build/moveit_configs_utils/build install --record /home/kptal/humanoid_ws/build/moveit_configs_utils/install.log --single-version-externally-managed install_data
