[0.907s] Invoking command in '/home/kptal/humanoid_ws/src/launch_param_builder': PYTHONPATH=/home/kptal/humanoid_ws/build/launch_param_builder/prefix_override:/usr/lib/python3/dist-packages/colcon_core/task/python/colcon_distutils_commands:/home/kptal/humanoid_ws/install/launch_param_builder/lib/python3.10/site-packages:${PYTHONPATH} /usr/bin/python3 -W ignore:setup.py install is deprecated -W ignore:easy_install command is deprecated setup.py egg_info --egg-base ../../build/launch_param_builder build --build-base /home/kptal/humanoid_ws/build/launch_param_builder/build install --record /home/kptal/humanoid_ws/build/launch_param_builder/install.log --single-version-externally-managed install_data
[1.167s] running egg_info
[1.167s] writing ../../build/launch_param_builder/launch_param_builder.egg-info/PKG-INFO
[1.168s] writing dependency_links to ../../build/launch_param_builder/launch_param_builder.egg-info/dependency_links.txt
[1.168s] writing entry points to ../../build/launch_param_builder/launch_param_builder.egg-info/entry_points.txt
[1.168s] writing requirements to ../../build/launch_param_builder/launch_param_builder.egg-info/requires.txt
[1.168s] writing top-level names to ../../build/launch_param_builder/launch_param_builder.egg-info/top_level.txt
[1.170s] reading manifest file '../../build/launch_param_builder/launch_param_builder.egg-info/SOURCES.txt'
[1.171s] adding license file 'LICENSE'
[1.172s] writing manifest file '../../build/launch_param_builder/launch_param_builder.egg-info/SOURCES.txt'
[1.172s] running build
[1.172s] running build_py
[1.172s] running install
[1.173s] running install_lib
[1.174s] running install_data
[1.174s] running install_egg_info
[1.176s] removing '/home/kptal/humanoid_ws/install/launch_param_builder/lib/python3.10/site-packages/launch_param_builder-0.1.1-py3.10.egg-info' (and everything under it)
[1.177s] Copying ../../build/launch_param_builder/launch_param_builder.egg-info to /home/kptal/humanoid_ws/install/launch_param_builder/lib/python3.10/site-packages/launch_param_builder-0.1.1-py3.10.egg-info
[1.178s] running install_scripts
[1.200s] writing list of installed files to '/home/kptal/humanoid_ws/build/launch_param_builder/install.log'
[1.222s] Invoked command in '/home/kptal/humanoid_ws/src/launch_param_builder' returned '0': PYTHONPATH=/home/kptal/humanoid_ws/build/launch_param_builder/prefix_override:/usr/lib/python3/dist-packages/colcon_core/task/python/colcon_distutils_commands:/home/kptal/humanoid_ws/install/launch_param_builder/lib/python3.10/site-packages:${PYTHONPATH} /usr/bin/python3 -W ignore:setup.py install is deprecated -W ignore:easy_install command is deprecated setup.py egg_info --egg-base ../../build/launch_param_builder build --build-base /home/kptal/humanoid_ws/build/launch_param_builder/build install --record /home/kptal/humanoid_ws/build/launch_param_builder/install.log --single-version-externally-managed install_data
